

================================================================
== Vitis HLS Report for 'lenet_w4a4_top'
================================================================
* Date:           Mon Sep 14 14:56:24 2026

* Version:        2022.2 (Build 3670227 on Oct 13 2022)
* Project:        w4a4_pe5_hls
* Solution:       solution1 (Vivado IP Flow Target)
* Product family: zynq
* Target device:  xc7z020-clg400-1


================================================================
== Performance Estimates
================================================================
+ Timing: 
    * Summary: 
    +--------+----------+----------+------------+
    |  Clock |  Target  | Estimated| Uncertainty|
    +--------+----------+----------+------------+
    |ap_clk  |  10.00 ns|  7.300 ns|     2.70 ns|
    +--------+----------+----------+------------+

+ Latency: 
    * Summary: 
    +---------+---------+----------+----------+--------+--------+---------+
    |  Latency (cycles) |  Latency (absolute) |     Interval    | Pipeline|
    |   min   |   max   |    min   |    max   |   min  |   max  |   Type  |
    +---------+---------+----------+----------+--------+--------+---------+
    |   452148|   452148|  4.521 ms|  4.521 ms|  452149|  452149|       no|
    +---------+---------+----------+----------+--------+--------+---------+

    + Detail: 
        * Instance: 
        +----------------------------------------------------------------------------+-----------------------------------------------------------------+---------+---------+-----------+-----------+--------+--------+---------+
        |                                                                            |                                                                 |  Latency (cycles) |   Latency (absolute)  |     Interval    | Pipeline|
        |                                  Instance                                  |                              Module                             |   min   |   max   |    min    |    max    |   min  |   max  |   Type  |
        +----------------------------------------------------------------------------+-----------------------------------------------------------------+---------+---------+-----------+-----------+--------+--------+---------+
        |grp_lenet_w4a4_top_Pipeline_UNPACK_INPUT_fu_282                             |lenet_w4a4_top_Pipeline_UNPACK_INPUT                             |     1034|     1034|  10.340 us|  10.340 us|    1034|    1034|       no|
        |grp_lenet_w4a4_top_Pipeline_OUT_CHANNEL_OUT_ROW_OUT_COL_fu_292              |lenet_w4a4_top_Pipeline_OUT_CHANNEL_OUT_ROW_OUT_COL              |   117619|   117619|   1.176 ms|   1.176 ms|  117619|  117619|       no|
        |grp_lenet_w4a4_top_Pipeline_POOL_CHANNEL_POOL_ROW_POOL_COL_fu_301           |lenet_w4a4_top_Pipeline_POOL_CHANNEL_POOL_ROW_POOL_COL           |     1184|     1184|  11.840 us|  11.840 us|    1184|    1184|       no|
        |grp_lenet_w4a4_top_Pipeline_IN_CHANNEL_KERNEL_ROW_VITIS_LOOP_148_1_fu_307   |lenet_w4a4_top_Pipeline_IN_CHANNEL_KERNEL_ROW_VITIS_LOOP_148_1   |      166|      166|   1.660 us|   1.660 us|     166|     166|       no|
        |grp_lenet_w4a4_top_Pipeline_POOL_CHANNEL_POOL_ROW_POOL_COL1_fu_320          |lenet_w4a4_top_Pipeline_POOL_CHANNEL_POOL_ROW_POOL_COL1          |      409|      409|   4.090 us|   4.090 us|     409|     409|       no|
        |grp_lenet_w4a4_top_Pipeline_IN_CHANNEL_KERNEL_ROW_VITIS_LOOP_148_12_fu_326  |lenet_w4a4_top_Pipeline_IN_CHANNEL_KERNEL_ROW_VITIS_LOOP_148_12  |      416|      416|   4.160 us|   4.160 us|     416|     416|       no|
        |grp_lenet_w4a4_top_Pipeline_REQUANT_VECTOR_fu_336                           |lenet_w4a4_top_Pipeline_REQUANT_VECTOR                           |      126|      126|   1.260 us|   1.260 us|     126|     126|       no|
        |grp_lenet_w4a4_top_Pipeline_DENSE_OUTPUT_DENSE_INPUT_fu_342                 |lenet_w4a4_top_Pipeline_DENSE_OUTPUT_DENSE_INPUT                 |    10095|    10095|   0.101 ms|   0.101 ms|   10095|   10095|       no|
        |grp_lenet_w4a4_top_Pipeline_REQUANT_VECTOR3_fu_351                          |lenet_w4a4_top_Pipeline_REQUANT_VECTOR3                          |       90|       90|   0.900 us|   0.900 us|      90|      90|       no|
        |grp_lenet_w4a4_top_Pipeline_DENSE_OUTPUT_DENSE_INPUT4_fu_357                |lenet_w4a4_top_Pipeline_DENSE_OUTPUT_DENSE_INPUT4                |      857|      857|   8.570 us|   8.570 us|     857|     857|       no|
        |grp_lenet_w4a4_top_Pipeline_REQUANT_VECTOR5_fu_366                          |lenet_w4a4_top_Pipeline_REQUANT_VECTOR5                          |       17|       17|   0.170 us|   0.170 us|      17|      17|       no|
        |grp_lenet_w4a4_top_Pipeline_WRITE_LOGITS_fu_372                             |lenet_w4a4_top_Pipeline_WRITE_LOGITS                             |       13|       13|   0.130 us|   0.130 us|      13|      13|       no|
        +----------------------------------------------------------------------------+-----------------------------------------------------------------+---------+---------+-----------+-----------+--------+--------+---------+

        * Loop: 
        +-------------------------------+---------+---------+----------+-----------+-----------+------+----------+
        |                               |  Latency (cycles) | Iteration|  Initiation Interval  | Trip |          |
        |           Loop Name           |   min   |   max   |  Latency |  achieved |   target  | Count| Pipelined|
        +-------------------------------+---------+---------+----------+-----------+-----------+------+----------+
        |- OUT_CHANNEL_OUT_ROW_OUT_COL  |   270400|   270400|       169|          -|          -|  1600|        no|
        |- OUT_CHANNEL                  |    50280|    50280|       419|          -|          -|   120|        no|
        +-------------------------------+---------+---------+----------+-----------+-----------+------+----------+



================================================================
== Utilization Estimates
================================================================
* Summary: 
+-----------------+---------+-----+--------+-------+-----+
|       Name      | BRAM_18K| DSP |   FF   |  LUT  | URAM|
+-----------------+---------+-----+--------+-------+-----+
|DSP              |        -|    -|       -|      -|    -|
|Expression       |        -|    -|       0|    317|    -|
|FIFO             |        -|    -|       -|      -|    -|
|Instance         |        0|   57|   11415|  16142|    -|
|Memory           |       29|    -|      24|     14|    0|
|Multiplexer      |        -|    -|       -|    925|    -|
|Register         |        -|    -|     398|      -|    -|
+-----------------+---------+-----+--------+-------+-----+
|Total            |       29|   57|   11837|  17398|    0|
+-----------------+---------+-----+--------+-------+-----+
|Available        |      280|  220|  106400|  53200|    0|
+-----------------+---------+-----+--------+-------+-----+
|Utilization (%)  |       10|   25|      11|     32|    0|
+-----------------+---------+-----+--------+-------+-----+

+ Detail: 
    * Instance: 
    +----------------------------------------------------------------------------+-----------------------------------------------------------------+---------+----+------+------+-----+
    |                                  Instance                                  |                              Module                             | BRAM_18K| DSP|  FF  |  LUT | URAM|
    +----------------------------------------------------------------------------+-----------------------------------------------------------------+---------+----+------+------+-----+
    |control_s_axi_U                                                             |control_s_axi                                                    |        0|   0|   246|   424|    0|
    |gmem0_m_axi_U                                                               |gmem0_m_axi                                                      |        0|   0|   754|  1438|    0|
    |gmem1_m_axi_U                                                               |gmem1_m_axi                                                      |        0|   0|   754|  1438|    0|
    |gmem2_m_axi_U                                                               |gmem2_m_axi                                                      |        0|   0|   718|  1318|    0|
    |grp_lenet_w4a4_top_Pipeline_DENSE_OUTPUT_DENSE_INPUT_fu_342                 |lenet_w4a4_top_Pipeline_DENSE_OUTPUT_DENSE_INPUT                 |        0|   1|   509|   537|    0|
    |grp_lenet_w4a4_top_Pipeline_DENSE_OUTPUT_DENSE_INPUT4_fu_357                |lenet_w4a4_top_Pipeline_DENSE_OUTPUT_DENSE_INPUT4                |        0|   2|   484|   460|    0|
    |grp_lenet_w4a4_top_Pipeline_IN_CHANNEL_KERNEL_ROW_VITIS_LOOP_148_1_fu_307   |lenet_w4a4_top_Pipeline_IN_CHANNEL_KERNEL_ROW_VITIS_LOOP_148_1   |        0|   1|   592|   878|    0|
    |grp_lenet_w4a4_top_Pipeline_IN_CHANNEL_KERNEL_ROW_VITIS_LOOP_148_12_fu_326  |lenet_w4a4_top_Pipeline_IN_CHANNEL_KERNEL_ROW_VITIS_LOOP_148_12  |        0|   1|   419|   704|    0|
    |grp_lenet_w4a4_top_Pipeline_OUT_CHANNEL_OUT_ROW_OUT_COL_fu_292              |lenet_w4a4_top_Pipeline_OUT_CHANNEL_OUT_ROW_OUT_COL              |        0|  16|  2398|  4343|    0|
    |grp_lenet_w4a4_top_Pipeline_POOL_CHANNEL_POOL_ROW_POOL_COL_fu_301           |lenet_w4a4_top_Pipeline_POOL_CHANNEL_POOL_ROW_POOL_COL           |        0|  16|  1599|  1631|    0|
    |grp_lenet_w4a4_top_Pipeline_POOL_CHANNEL_POOL_ROW_POOL_COL1_fu_320          |lenet_w4a4_top_Pipeline_POOL_CHANNEL_POOL_ROW_POOL_COL1          |        0|  12|  1478|  1554|    0|
    |grp_lenet_w4a4_top_Pipeline_REQUANT_VECTOR_fu_336                           |lenet_w4a4_top_Pipeline_REQUANT_VECTOR                           |        0|   0|   246|   240|    0|
    |grp_lenet_w4a4_top_Pipeline_REQUANT_VECTOR3_fu_351                          |lenet_w4a4_top_Pipeline_REQUANT_VECTOR3                          |        0|   4|   460|   398|    0|
    |grp_lenet_w4a4_top_Pipeline_REQUANT_VECTOR5_fu_366                          |lenet_w4a4_top_Pipeline_REQUANT_VECTOR5                          |        0|   0|   359|   399|    0|
    |grp_lenet_w4a4_top_Pipeline_UNPACK_INPUT_fu_282                             |lenet_w4a4_top_Pipeline_UNPACK_INPUT                             |        0|   0|   177|   189|    0|
    |grp_lenet_w4a4_top_Pipeline_WRITE_LOGITS_fu_372                             |lenet_w4a4_top_Pipeline_WRITE_LOGITS                             |        0|   0|    14|    71|    0|
    |mul_32ns_37ns_68_2_1_U93                                                    |mul_32ns_37ns_68_2_1                                             |        0|   4|   208|   120|    0|
    +----------------------------------------------------------------------------+-----------------------------------------------------------------+---------+----+------+------+-----+
    |Total                                                                       |                                                                 |        0|  57| 11415| 16142|    0|
    +----------------------------------------------------------------------------+-----------------------------------------------------------------+---------+----+------+------+-----+

    * DSP: 
    N/A

    * Memory: 
    +----------------+--------------------------------+---------+----+----+-----+------+-----+------+-------------+
    |     Memory     |             Module             | BRAM_18K| FF | LUT| URAM| Words| Bits| Banks| W*Bits*Banks|
    +----------------+--------------------------------+---------+----+----+-----+------+-----+------+-------------+
    |conv1_acc_V_U   |conv1_acc_V_RAM_1WNR_AUTO_1R1W  |       18|   0|   0|    0|  4704|   12|     1|        56448|
    |conv2_acc_V_U   |conv2_acc_V_RAM_1WNR_AUTO_1R1W  |        6|   0|   0|    0|  1600|   15|     1|        24000|
    |conv3_acc_V_U   |conv3_acc_V_RAM_AUTO_1R1W       |        1|   0|   0|    0|   120|   16|     1|         1920|
    |conv3_relu_V_U  |conv3_relu_V_RAM_AUTO_1R1W      |        0|   3|   6|    0|   120|    3|     1|          360|
    |fc1_acc_V_U     |fc1_acc_V_RAM_AUTO_1R1W         |        1|   0|   0|    0|    84|   14|     1|         1176|
    |fc1_relu_V_U    |fc1_relu_V_RAM_AUTO_1R1W        |        0|   3|   4|    0|    84|    3|     1|          252|
    |fc2_acc_V_U     |fc2_acc_V_RAM_AUTO_1R1W         |        0|  14|   3|    0|    10|   14|     1|          140|
    |fc2_quant_V_U   |fc2_quant_V_RAM_AUTO_1R1W       |        0|   4|   1|    0|    10|    4|     1|           40|
    |input_V_U       |input_V_RAM_1WNR_AUTO_1R1W      |        1|   0|   0|    0|  1024|    4|     1|         4096|
    |pool1_V_U       |pool1_V_RAM_AUTO_1R1W           |        1|   0|   0|    0|  1176|    3|     1|         3528|
    |pool2_V_U       |pool2_V_RAM_AUTO_1R1W           |        1|   0|   0|    0|   400|    3|     1|         1200|
    +----------------+--------------------------------+---------+----+----+-----+------+-----+------+-------------+
    |Total           |                                |       29|  24|  14|    0|  9332|   91|    11|        93160|
    +----------------+--------------------------------+---------+----+----+-----+------+-----+------+-------------+

    * FIFO: 
    N/A

    * Expression: 
    +---------------------------+----------+----+---+----+------------+------------+
    |       Variable Name       | Operation| DSP| FF| LUT| Bitwidth P0| Bitwidth P1|
    +---------------------------+----------+----+---+----+------------+------------+
    |add_ln125_27_fu_502_p2     |         +|   0|  0|  13|           5|           1|
    |add_ln125_2_fu_767_p2      |         +|   0|  0|  14|           7|           1|
    |add_ln125_fu_476_p2        |         +|   0|  0|  12|          11|           1|
    |add_ln128_1_fu_593_p2      |         +|   0|  0|  13|           4|           1|
    |add_ln128_fu_640_p2        |         +|   0|  0|  15|           8|           1|
    |add_ln131_fu_634_p2        |         +|   0|  0|  13|           4|           1|
    |add_ln190_1_fu_743_p2      |         +|   0|  0|  12|          11|          11|
    |add_ln190_fu_733_p2        |         +|   0|  0|  14|           9|           9|
    |empty_104_fu_464_p2        |         +|   0|  0|  15|           8|           8|
    |p_mid1288_fu_701_p2        |         +|   0|  0|  15|           8|           8|
    |p_mid1309_fu_561_p2        |         +|   0|  0|  15|           8|           8|
    |tmp58_fu_454_p2            |         +|   0|  0|  14|           6|           6|
    |tmp58_mid1_fu_618_p2       |         +|   0|  0|  14|           6|           6|
    |empty_103_fu_444_p2        |         -|   0|  0|  15|           8|           8|
    |p_mid1301_fu_546_p2        |         -|   0|  0|  15|           8|           8|
    |and_ln125_fu_579_p2        |       and|   0|  0|   2|           1|           1|
    |icmp_ln125_1_fu_761_p2     |      icmp|   0|  0|  10|           7|           5|
    |icmp_ln125_fu_470_p2       |      icmp|   0|  0|  11|          11|          10|
    |icmp_ln128_fu_488_p2       |      icmp|   0|  0|  11|           8|           7|
    |icmp_ln131_fu_573_p2       |      icmp|   0|  0|   9|           4|           4|
    |or_ln128_fu_599_p2         |        or|   0|  0|   2|           1|           1|
    |select_ln125_39_fu_684_p3  |    select|   0|  0|   7|           1|           7|
    |select_ln125_40_fu_530_p3  |    select|   0|  0|   5|           1|           5|
    |select_ln125_41_fu_552_p3  |    select|   0|  0|   8|           1|           8|
    |select_ln125_42_fu_693_p3  |    select|   0|  0|   8|           1|           8|
    |select_ln125_43_fu_585_p3  |    select|   0|  0|   5|           1|           5|
    |select_ln125_fu_494_p3     |    select|   0|  0|   4|           1|           1|
    |select_ln128_10_fu_646_p3  |    select|   0|  0|   8|           1|           1|
    |select_ln128_8_fu_707_p3   |    select|   0|  0|   8|           1|           8|
    |select_ln128_9_fu_624_p3   |    select|   0|  0|   4|           1|           4|
    |select_ln128_fu_605_p3     |    select|   0|  0|   4|           1|           1|
    |xor_ln125_fu_567_p2        |       xor|   0|  0|   2|           1|           2|
    +---------------------------+----------+----+---+----+------------+------------+
    |Total                      |          |   0|  0| 317|         154|         156|
    +---------------------------+----------+----+---+----+------------+------------+

    * Multiplexer: 
    +--------------------------+-----+-----------+-----+-----------+
    |           Name           | LUT | Input Size| Bits| Total Bits|
    +--------------------------+-----+-----------+-----+-----------+
    |ap_NS_fsm                 |  134|         30|    1|         30|
    |conv1_acc_V_address0      |   14|          3|   13|         39|
    |conv1_acc_V_ce0           |   14|          3|    1|          3|
    |conv1_acc_V_ce1           |    9|          2|    1|          2|
    |conv1_acc_V_ce2           |    9|          2|    1|          2|
    |conv1_acc_V_ce3           |    9|          2|    1|          2|
    |conv1_acc_V_we0           |    9|          2|    1|          2|
    |conv2_acc_V_address0      |   14|          3|   11|         33|
    |conv2_acc_V_ce0           |   14|          3|    1|          3|
    |conv2_acc_V_ce1           |    9|          2|    1|          2|
    |conv2_acc_V_ce2           |    9|          2|    1|          2|
    |conv2_acc_V_ce3           |    9|          2|    1|          2|
    |conv3_acc_V_address0      |   14|          3|    7|         21|
    |conv3_acc_V_ce0           |   14|          3|    1|          3|
    |conv3_relu_V_address0     |   14|          3|    7|         21|
    |conv3_relu_V_ce0          |   14|          3|    1|          3|
    |conv3_relu_V_we0          |    9|          2|    1|          2|
    |fc1_acc_V_address0        |   14|          3|    7|         21|
    |fc1_acc_V_ce0             |   14|          3|    1|          3|
    |fc1_acc_V_we0             |    9|          2|    1|          2|
    |fc1_relu_V_address0       |   14|          3|    7|         21|
    |fc1_relu_V_ce0            |   14|          3|    1|          3|
    |fc1_relu_V_we0            |    9|          2|    1|          2|
    |fc2_acc_V_address0        |   14|          3|    4|         12|
    |fc2_acc_V_ce0             |   14|          3|    1|          3|
    |fc2_acc_V_we0             |    9|          2|    1|          2|
    |fc2_quant_V_address0      |   14|          3|    4|         12|
    |fc2_quant_V_ce0           |   14|          3|    1|          3|
    |fc2_quant_V_we0           |    9|          2|    1|          2|
    |gmem0_ARVALID             |    9|          2|    1|          2|
    |gmem0_RREADY              |    9|          2|    1|          2|
    |gmem1_ARADDR              |   31|          6|   64|        384|
    |gmem1_ARLEN               |   31|          6|   32|        192|
    |gmem1_ARVALID             |   31|          6|    1|          6|
    |gmem1_RREADY              |   31|          6|    1|          6|
    |gmem2_AWADDR              |   14|          3|   64|        192|
    |gmem2_AWLEN               |   14|          3|   32|         96|
    |gmem2_AWVALID             |   14|          3|    1|          3|
    |gmem2_BREADY              |   14|          3|    1|          3|
    |gmem2_WVALID              |    9|          2|    1|          2|
    |gmem2_blk_n_AW            |    9|          2|    1|          2|
    |gmem2_blk_n_B             |    9|          2|    1|          2|
    |grp_fu_959_ce             |   20|          4|    1|          4|
    |grp_fu_959_p0             |   20|          4|   32|        128|
    |grp_fu_959_p1             |   20|          4|   37|        148|
    |indvar_flatten290_fu_164  |    9|          2|    8|         16|
    |indvar_flatten321_fu_172  |    9|          2|   11|         22|
    |input_V_address0          |   14|          3|   10|         30|
    |input_V_ce0               |   14|          3|    1|          3|
    |input_V_ce1               |    9|          2|    1|          2|
    |input_V_we0               |    9|          2|    1|          2|
    |oc_1_fu_168               |    9|          2|    5|         10|
    |oh_1_fu_160               |    9|          2|    4|          8|
    |output_index_fu_228       |    9|          2|    7|         14|
    |ow_fu_156                 |    9|          2|    4|          8|
    |pool1_V_address0          |   14|          3|   11|         33|
    |pool1_V_ce0               |   14|          3|    1|          3|
    |pool1_V_we0               |    9|          2|    1|          2|
    |pool2_V_address0          |   14|          3|    9|         27|
    |pool2_V_ce0               |   14|          3|    1|          3|
    |pool2_V_we0               |    9|          2|    1|          2|
    +--------------------------+-----+-----------+-----+-----------+
    |Total                     |  925|        198|  428|       1615|
    +--------------------------+-----+-----------+-----+-----------+

    * Register: 
    +-----------------------------------------------------------------------------------------+----+----+-----+-----------+
    |                                           Name                                          | FF | LUT| Bits| Const Bits|
    +-----------------------------------------------------------------------------------------+----+----+-----+-----------+
    |add_ln190_1_reg_934                                                                      |  11|   0|   11|          0|
    |and_ln125_reg_905                                                                        |   1|   0|    1|          0|
    |ap_CS_fsm                                                                                |  29|   0|   29|          0|
    |empty_104_reg_876                                                                        |   8|   0|    8|          0|
    |feature_in_read_reg_854                                                                  |  64|   0|   64|          0|
    |grp_lenet_w4a4_top_Pipeline_DENSE_OUTPUT_DENSE_INPUT4_fu_357_ap_start_reg                |   1|   0|    1|          0|
    |grp_lenet_w4a4_top_Pipeline_DENSE_OUTPUT_DENSE_INPUT_fu_342_ap_start_reg                 |   1|   0|    1|          0|
    |grp_lenet_w4a4_top_Pipeline_IN_CHANNEL_KERNEL_ROW_VITIS_LOOP_148_12_fu_326_ap_start_reg  |   1|   0|    1|          0|
    |grp_lenet_w4a4_top_Pipeline_IN_CHANNEL_KERNEL_ROW_VITIS_LOOP_148_1_fu_307_ap_start_reg   |   1|   0|    1|          0|
    |grp_lenet_w4a4_top_Pipeline_OUT_CHANNEL_OUT_ROW_OUT_COL_fu_292_ap_start_reg              |   1|   0|    1|          0|
    |grp_lenet_w4a4_top_Pipeline_POOL_CHANNEL_POOL_ROW_POOL_COL1_fu_320_ap_start_reg          |   1|   0|    1|          0|
    |grp_lenet_w4a4_top_Pipeline_POOL_CHANNEL_POOL_ROW_POOL_COL_fu_301_ap_start_reg           |   1|   0|    1|          0|
    |grp_lenet_w4a4_top_Pipeline_REQUANT_VECTOR3_fu_351_ap_start_reg                          |   1|   0|    1|          0|
    |grp_lenet_w4a4_top_Pipeline_REQUANT_VECTOR5_fu_366_ap_start_reg                          |   1|   0|    1|          0|
    |grp_lenet_w4a4_top_Pipeline_REQUANT_VECTOR_fu_336_ap_start_reg                           |   1|   0|    1|          0|
    |grp_lenet_w4a4_top_Pipeline_UNPACK_INPUT_fu_282_ap_start_reg                             |   1|   0|    1|          0|
    |grp_lenet_w4a4_top_Pipeline_WRITE_LOGITS_fu_372_ap_start_reg                             |   1|   0|    1|          0|
    |icmp_ln128_reg_884                                                                       |   1|   0|    1|          0|
    |indvar_flatten290_fu_164                                                                 |   8|   0|    8|          0|
    |indvar_flatten321_fu_172                                                                 |  11|   0|   11|          0|
    |logits_read_reg_840                                                                      |  64|   0|   64|          0|
    |oc_1_fu_168                                                                              |   5|   0|    5|          0|
    |oc_3_reg_939                                                                             |   7|   0|    7|          0|
    |oh_1_fu_160                                                                              |   4|   0|    4|          0|
    |output_index_fu_228                                                                      |   7|   0|    7|          0|
    |ow_fu_156                                                                                |   4|   0|    4|          0|
    |p_mid1309_reg_900                                                                        |   7|   0|    8|          1|
    |p_shl16_mid1_reg_890                                                                     |   4|   0|    7|          3|
    |p_shl_reg_871                                                                            |   4|   0|    7|          3|
    |select_ln125_41_reg_895                                                                  |   7|   0|    8|          1|
    |select_ln128_9_reg_921                                                                   |   4|   0|    4|          0|
    |select_ln128_reg_910                                                                     |   4|   0|    4|          0|
    |tmp58_mid1_reg_916                                                                       |   6|   0|    6|          0|
    |trunc_ln4_reg_948                                                                        |  62|   0|   62|          0|
    |weight_read_reg_845                                                                      |  64|   0|   64|          0|
    +-----------------------------------------------------------------------------------------+----+----+-----+-----------+
    |Total                                                                                    | 398|   0|  406|          8|
    +-----------------------------------------------------------------------------------------+----+----+-----+-----------+



================================================================
== Interface
================================================================
* Summary: 
+-----------------------+-----+-----+------------+----------------+--------------+
|       RTL Ports       | Dir | Bits|  Protocol  |  Source Object |    C Type    |
+-----------------------+-----+-----+------------+----------------+--------------+
|s_axi_control_AWVALID  |   in|    1|       s_axi|         control|        scalar|
|s_axi_control_AWREADY  |  out|    1|       s_axi|         control|        scalar|
|s_axi_control_AWADDR   |   in|    6|       s_axi|         control|        scalar|
|s_axi_control_WVALID   |   in|    1|       s_axi|         control|        scalar|
|s_axi_control_WREADY   |  out|    1|       s_axi|         control|        scalar|
|s_axi_control_WDATA    |   in|   32|       s_axi|         control|        scalar|
|s_axi_control_WSTRB    |   in|    4|       s_axi|         control|        scalar|
|s_axi_control_ARVALID  |   in|    1|       s_axi|         control|        scalar|
|s_axi_control_ARREADY  |  out|    1|       s_axi|         control|        scalar|
|s_axi_control_ARADDR   |   in|    6|       s_axi|         control|        scalar|
|s_axi_control_RVALID   |  out|    1|       s_axi|         control|        scalar|
|s_axi_control_RREADY   |   in|    1|       s_axi|         control|        scalar|
|s_axi_control_RDATA    |  out|   32|       s_axi|         control|        scalar|
|s_axi_control_RRESP    |  out|    2|       s_axi|         control|        scalar|
|s_axi_control_BVALID   |  out|    1|       s_axi|         control|        scalar|
|s_axi_control_BREADY   |   in|    1|       s_axi|         control|        scalar|
|s_axi_control_BRESP    |  out|    2|       s_axi|         control|        scalar|
|ap_clk                 |   in|    1|  ap_ctrl_hs|  lenet_w4a4_top|  return value|
|ap_rst_n               |   in|    1|  ap_ctrl_hs|  lenet_w4a4_top|  return value|
|interrupt              |  out|    1|  ap_ctrl_hs|  lenet_w4a4_top|  return value|
|m_axi_gmem0_AWVALID    |  out|    1|       m_axi|           gmem0|       pointer|
|m_axi_gmem0_AWREADY    |   in|    1|       m_axi|           gmem0|       pointer|
|m_axi_gmem0_AWADDR     |  out|   64|       m_axi|           gmem0|       pointer|
|m_axi_gmem0_AWID       |  out|    1|       m_axi|           gmem0|       pointer|
|m_axi_gmem0_AWLEN      |  out|    8|       m_axi|           gmem0|       pointer|
|m_axi_gmem0_AWSIZE     |  out|    3|       m_axi|           gmem0|       pointer|
|m_axi_gmem0_AWBURST    |  out|    2|       m_axi|           gmem0|       pointer|
|m_axi_gmem0_AWLOCK     |  out|    2|       m_axi|           gmem0|       pointer|
|m_axi_gmem0_AWCACHE    |  out|    4|       m_axi|           gmem0|       pointer|
|m_axi_gmem0_AWPROT     |  out|    3|       m_axi|           gmem0|       pointer|
|m_axi_gmem0_AWQOS      |  out|    4|       m_axi|           gmem0|       pointer|
|m_axi_gmem0_AWREGION   |  out|    4|       m_axi|           gmem0|       pointer|
|m_axi_gmem0_AWUSER     |  out|    1|       m_axi|           gmem0|       pointer|
|m_axi_gmem0_WVALID     |  out|    1|       m_axi|           gmem0|       pointer|
|m_axi_gmem0_WREADY     |   in|    1|       m_axi|           gmem0|       pointer|
|m_axi_gmem0_WDATA      |  out|   32|       m_axi|           gmem0|       pointer|
|m_axi_gmem0_WSTRB      |  out|    4|       m_axi|           gmem0|       pointer|
|m_axi_gmem0_WLAST      |  out|    1|       m_axi|           gmem0|       pointer|
|m_axi_gmem0_WID        |  out|    1|       m_axi|           gmem0|       pointer|
|m_axi_gmem0_WUSER      |  out|    1|       m_axi|           gmem0|       pointer|
|m_axi_gmem0_ARVALID    |  out|    1|       m_axi|           gmem0|       pointer|
|m_axi_gmem0_ARREADY    |   in|    1|       m_axi|           gmem0|       pointer|
|m_axi_gmem0_ARADDR     |  out|   64|       m_axi|           gmem0|       pointer|
|m_axi_gmem0_ARID       |  out|    1|       m_axi|           gmem0|       pointer|
|m_axi_gmem0_ARLEN      |  out|    8|       m_axi|           gmem0|       pointer|
|m_axi_gmem0_ARSIZE     |  out|    3|       m_axi|           gmem0|       pointer|
|m_axi_gmem0_ARBURST    |  out|    2|       m_axi|           gmem0|       pointer|
|m_axi_gmem0_ARLOCK     |  out|    2|       m_axi|           gmem0|       pointer|
|m_axi_gmem0_ARCACHE    |  out|    4|       m_axi|           gmem0|       pointer|
|m_axi_gmem0_ARPROT     |  out|    3|       m_axi|           gmem0|       pointer|
|m_axi_gmem0_ARQOS      |  out|    4|       m_axi|           gmem0|       pointer|
|m_axi_gmem0_ARREGION   |  out|    4|       m_axi|           gmem0|       pointer|
|m_axi_gmem0_ARUSER     |  out|    1|       m_axi|           gmem0|       pointer|
|m_axi_gmem0_RVALID     |   in|    1|       m_axi|           gmem0|       pointer|
|m_axi_gmem0_RREADY     |  out|    1|       m_axi|           gmem0|       pointer|
|m_axi_gmem0_RDATA      |   in|   32|       m_axi|           gmem0|       pointer|
|m_axi_gmem0_RLAST      |   in|    1|       m_axi|           gmem0|       pointer|
|m_axi_gmem0_RID        |   in|    1|       m_axi|           gmem0|       pointer|
|m_axi_gmem0_RUSER      |   in|    1|       m_axi|           gmem0|       pointer|
|m_axi_gmem0_RRESP      |   in|    2|       m_axi|           gmem0|       pointer|
|m_axi_gmem0_BVALID     |   in|    1|       m_axi|           gmem0|       pointer|
|m_axi_gmem0_BREADY     |  out|    1|       m_axi|           gmem0|       pointer|
|m_axi_gmem0_BRESP      |   in|    2|       m_axi|           gmem0|       pointer|
|m_axi_gmem0_BID        |   in|    1|       m_axi|           gmem0|       pointer|
|m_axi_gmem0_BUSER      |   in|    1|       m_axi|           gmem0|       pointer|
|m_axi_gmem1_AWVALID    |  out|    1|       m_axi|           gmem1|       pointer|
|m_axi_gmem1_AWREADY    |   in|    1|       m_axi|           gmem1|       pointer|
|m_axi_gmem1_AWADDR     |  out|   64|       m_axi|           gmem1|       pointer|
|m_axi_gmem1_AWID       |  out|    1|       m_axi|           gmem1|       pointer|
|m_axi_gmem1_AWLEN      |  out|    8|       m_axi|           gmem1|       pointer|
|m_axi_gmem1_AWSIZE     |  out|    3|       m_axi|           gmem1|       pointer|
|m_axi_gmem1_AWBURST    |  out|    2|       m_axi|           gmem1|       pointer|
|m_axi_gmem1_AWLOCK     |  out|    2|       m_axi|           gmem1|       pointer|
|m_axi_gmem1_AWCACHE    |  out|    4|       m_axi|           gmem1|       pointer|
|m_axi_gmem1_AWPROT     |  out|    3|       m_axi|           gmem1|       pointer|
|m_axi_gmem1_AWQOS      |  out|    4|       m_axi|           gmem1|       pointer|
|m_axi_gmem1_AWREGION   |  out|    4|       m_axi|           gmem1|       pointer|
|m_axi_gmem1_AWUSER     |  out|    1|       m_axi|           gmem1|       pointer|
|m_axi_gmem1_WVALID     |  out|    1|       m_axi|           gmem1|       pointer|
|m_axi_gmem1_WREADY     |   in|    1|       m_axi|           gmem1|       pointer|
|m_axi_gmem1_WDATA      |  out|   32|       m_axi|           gmem1|       pointer|
|m_axi_gmem1_WSTRB      |  out|    4|       m_axi|           gmem1|       pointer|
|m_axi_gmem1_WLAST      |  out|    1|       m_axi|           gmem1|       pointer|
|m_axi_gmem1_WID        |  out|    1|       m_axi|           gmem1|       pointer|
|m_axi_gmem1_WUSER      |  out|    1|       m_axi|           gmem1|       pointer|
|m_axi_gmem1_ARVALID    |  out|    1|       m_axi|           gmem1|       pointer|
|m_axi_gmem1_ARREADY    |   in|    1|       m_axi|           gmem1|       pointer|
|m_axi_gmem1_ARADDR     |  out|   64|       m_axi|           gmem1|       pointer|
|m_axi_gmem1_ARID       |  out|    1|       m_axi|           gmem1|       pointer|
|m_axi_gmem1_ARLEN      |  out|    8|       m_axi|           gmem1|       pointer|
|m_axi_gmem1_ARSIZE     |  out|    3|       m_axi|           gmem1|       pointer|
|m_axi_gmem1_ARBURST    |  out|    2|       m_axi|           gmem1|       pointer|
|m_axi_gmem1_ARLOCK     |  out|    2|       m_axi|           gmem1|       pointer|
|m_axi_gmem1_ARCACHE    |  out|    4|       m_axi|           gmem1|       pointer|
|m_axi_gmem1_ARPROT     |  out|    3|       m_axi|           gmem1|       pointer|
|m_axi_gmem1_ARQOS      |  out|    4|       m_axi|           gmem1|       pointer|
|m_axi_gmem1_ARREGION   |  out|    4|       m_axi|           gmem1|       pointer|
|m_axi_gmem1_ARUSER     |  out|    1|       m_axi|           gmem1|       pointer|
|m_axi_gmem1_RVALID     |   in|    1|       m_axi|           gmem1|       pointer|
|m_axi_gmem1_RREADY     |  out|    1|       m_axi|           gmem1|       pointer|
|m_axi_gmem1_RDATA      |   in|   32|       m_axi|           gmem1|       pointer|
|m_axi_gmem1_RLAST      |   in|    1|       m_axi|           gmem1|       pointer|
|m_axi_gmem1_RID        |   in|    1|       m_axi|           gmem1|       pointer|
|m_axi_gmem1_RUSER      |   in|    1|       m_axi|           gmem1|       pointer|
|m_axi_gmem1_RRESP      |   in|    2|       m_axi|           gmem1|       pointer|
|m_axi_gmem1_BVALID     |   in|    1|       m_axi|           gmem1|       pointer|
|m_axi_gmem1_BREADY     |  out|    1|       m_axi|           gmem1|       pointer|
|m_axi_gmem1_BRESP      |   in|    2|       m_axi|           gmem1|       pointer|
|m_axi_gmem1_BID        |   in|    1|       m_axi|           gmem1|       pointer|
|m_axi_gmem1_BUSER      |   in|    1|       m_axi|           gmem1|       pointer|
|m_axi_gmem2_AWVALID    |  out|    1|       m_axi|           gmem2|       pointer|
|m_axi_gmem2_AWREADY    |   in|    1|       m_axi|           gmem2|       pointer|
|m_axi_gmem2_AWADDR     |  out|   64|       m_axi|           gmem2|       pointer|
|m_axi_gmem2_AWID       |  out|    1|       m_axi|           gmem2|       pointer|
|m_axi_gmem2_AWLEN      |  out|    8|       m_axi|           gmem2|       pointer|
|m_axi_gmem2_AWSIZE     |  out|    3|       m_axi|           gmem2|       pointer|
|m_axi_gmem2_AWBURST    |  out|    2|       m_axi|           gmem2|       pointer|
|m_axi_gmem2_AWLOCK     |  out|    2|       m_axi|           gmem2|       pointer|
|m_axi_gmem2_AWCACHE    |  out|    4|       m_axi|           gmem2|       pointer|
|m_axi_gmem2_AWPROT     |  out|    3|       m_axi|           gmem2|       pointer|
|m_axi_gmem2_AWQOS      |  out|    4|       m_axi|           gmem2|       pointer|
|m_axi_gmem2_AWREGION   |  out|    4|       m_axi|           gmem2|       pointer|
|m_axi_gmem2_AWUSER     |  out|    1|       m_axi|           gmem2|       pointer|
|m_axi_gmem2_WVALID     |  out|    1|       m_axi|           gmem2|       pointer|
|m_axi_gmem2_WREADY     |   in|    1|       m_axi|           gmem2|       pointer|
|m_axi_gmem2_WDATA      |  out|   32|       m_axi|           gmem2|       pointer|
|m_axi_gmem2_WSTRB      |  out|    4|       m_axi|           gmem2|       pointer|
|m_axi_gmem2_WLAST      |  out|    1|       m_axi|           gmem2|       pointer|
|m_axi_gmem2_WID        |  out|    1|       m_axi|           gmem2|       pointer|
|m_axi_gmem2_WUSER      |  out|    1|       m_axi|           gmem2|       pointer|
|m_axi_gmem2_ARVALID    |  out|    1|       m_axi|           gmem2|       pointer|
|m_axi_gmem2_ARREADY    |   in|    1|       m_axi|           gmem2|       pointer|
|m_axi_gmem2_ARADDR     |  out|   64|       m_axi|           gmem2|       pointer|
|m_axi_gmem2_ARID       |  out|    1|       m_axi|           gmem2|       pointer|
|m_axi_gmem2_ARLEN      |  out|    8|       m_axi|           gmem2|       pointer|
|m_axi_gmem2_ARSIZE     |  out|    3|       m_axi|           gmem2|       pointer|
|m_axi_gmem2_ARBURST    |  out|    2|       m_axi|           gmem2|       pointer|
|m_axi_gmem2_ARLOCK     |  out|    2|       m_axi|           gmem2|       pointer|
|m_axi_gmem2_ARCACHE    |  out|    4|       m_axi|           gmem2|       pointer|
|m_axi_gmem2_ARPROT     |  out|    3|       m_axi|           gmem2|       pointer|
|m_axi_gmem2_ARQOS      |  out|    4|       m_axi|           gmem2|       pointer|
|m_axi_gmem2_ARREGION   |  out|    4|       m_axi|           gmem2|       pointer|
|m_axi_gmem2_ARUSER     |  out|    1|       m_axi|           gmem2|       pointer|
|m_axi_gmem2_RVALID     |   in|    1|       m_axi|           gmem2|       pointer|
|m_axi_gmem2_RREADY     |  out|    1|       m_axi|           gmem2|       pointer|
|m_axi_gmem2_RDATA      |   in|   32|       m_axi|           gmem2|       pointer|
|m_axi_gmem2_RLAST      |   in|    1|       m_axi|           gmem2|       pointer|
|m_axi_gmem2_RID        |   in|    1|       m_axi|           gmem2|       pointer|
|m_axi_gmem2_RUSER      |   in|    1|       m_axi|           gmem2|       pointer|
|m_axi_gmem2_RRESP      |   in|    2|       m_axi|           gmem2|       pointer|
|m_axi_gmem2_BVALID     |   in|    1|       m_axi|           gmem2|       pointer|
|m_axi_gmem2_BREADY     |  out|    1|       m_axi|           gmem2|       pointer|
|m_axi_gmem2_BRESP      |   in|    2|       m_axi|           gmem2|       pointer|
|m_axi_gmem2_BID        |   in|    1|       m_axi|           gmem2|       pointer|
|m_axi_gmem2_BUSER      |   in|    1|       m_axi|           gmem2|       pointer|
+-----------------------+-----+-----+------------+----------------+--------------+

