

================================================================
== Vivado HLS Report for 'p_anonymous_namespace'
================================================================
* Date:           Wed Sep  2 22:53:00 2026

* Version:        2019.1 (Build 2552052 on Fri May 24 15:28:33 MDT 2019)
* Project:        conv2_hls
* Solution:       solution1
* Product family: zynq
* Target device:  xc7z020-clg400-1


================================================================
== Performance Estimates
================================================================
+ Timing (ns): 
    * Summary: 
    +--------+-------+----------+------------+
    |  Clock | Target| Estimated| Uncertainty|
    +--------+-------+----------+------------+
    |ap_clk  |  10.00|     8.750|        1.25|
    +--------+-------+----------+------------+

+ Latency (clock cycles): 
    * Summary: 
    +---------+---------+---------+---------+---------+
    |      Latency      |      Interval     | Pipeline|
    |   min   |   max   |   min   |   max   |   Type  |
    +---------+---------+---------+---------+---------+
    |  3405953|  3405953|  3405953|  3405953|   none  |
    +---------+---------+---------+---------+---------+

    + Detail: 
        * Instance: 
        N/A

        * Loop: 
        +-----------------------+---------+---------+----------+-----------+-----------+------+----------+
        |                       |      Latency      | Iteration|  Initiation Interval  | Trip |          |
        |       Loop Name       |   min   |   max   |  Latency |  achieved |   target  | Count| Pipelined|
        +-----------------------+---------+---------+----------+-----------+-----------+------+----------+
        |- OUTPUT_CHANNEL       |  3405952|  3405952|    212872|          -|          -|    16|    no    |
        | + OUTPUT_ROW          |   212870|   212870|     21287|          -|          -|    10|    no    |
        |  ++ OUTPUT_COL        |    21280|    21280|      2128|          -|          -|    10|    no    |
        |   +++ INPUT_CHANNEL   |     2118|     2118|       353|          -|          -|     6|    no    |
        |    ++++ WINDOW_ROW    |      100|      100|        20|          -|          -|     5|    no    |
        |     +++++ WINDOW_COL  |       10|       10|         2|          -|          -|     5|    no    |
        |    ++++ MAC_LOOP      |      250|      250|        10|          -|          -|    25|    no    |
        +-----------------------+---------+---------+----------+-----------+-----------+------+----------+



================================================================
== Utilization Estimates
================================================================
* Summary: 
+-----------------+---------+-------+--------+-------+-----+
|       Name      | BRAM_18K| DSP48E|   FF   |  LUT  | URAM|
+-----------------+---------+-------+--------+-------+-----+
|DSP              |        -|      -|       -|      -|    -|
|Expression       |        -|      0|       0|    511|    -|
|FIFO             |        -|      -|       -|      -|    -|
|Instance         |        -|      5|     348|    711|    -|
|Memory           |        0|      -|      64|     13|    0|
|Multiplexer      |        -|      -|       -|    354|    -|
|Register         |        -|      -|     576|      -|    -|
+-----------------+---------+-------+--------+-------+-----+
|Total            |        0|      5|     988|   1589|    0|
+-----------------+---------+-------+--------+-------+-----+
|Available        |      280|    220|  106400|  53200|    0|
+-----------------+---------+-------+--------+-------+-----+
|Utilization (%)  |        0|      2|   ~0   |      2|    0|
+-----------------+---------+-------+--------+-------+-----+

+ Detail: 
    * Instance: 
    +-------------------------+----------------------+---------+-------+-----+-----+-----+
    |         Instance        |        Module        | BRAM_18K| DSP48E|  FF | LUT | URAM|
    +-------------------------+----------------------+---------+-------+-----+-----+-----+
    |lenet_conv2_top_fcud_U1  |lenet_conv2_top_fcud  |        0|      2|  205|  390|    0|
    |lenet_conv2_top_fdEe_U2  |lenet_conv2_top_fdEe  |        0|      3|  143|  321|    0|
    +-------------------------+----------------------+---------+-------+-----+-----+-----+
    |Total                    |                      |        0|      5|  348|  711|    0|
    +-------------------------+----------------------+---------+-------+-----+-----+-----+

    * DSP48E: 
    N/A

    * Memory: 
    +----------+----------------------+---------+----+----+-----+------+-----+------+-------------+
    |  Memory  |        Module        | BRAM_18K| FF | LUT| URAM| Words| Bits| Banks| W*Bits*Banks|
    +----------+----------------------+---------+----+----+-----+------+-----+------+-------------+
    |window_U  |p_anonymous_namesbkb  |        0|  64|  13|    0|    25|   32|     1|          800|
    +----------+----------------------+---------+----+----+-----+------+-----+------+-------------+
    |Total     |                      |        0|  64|  13|    0|    25|   32|     1|          800|
    +----------+----------------------+---------+----+----+-----+------+-----+------+-------------+

    * FIFO: 
    N/A

    * Expression: 
    +--------------------------+----------+-------+---+----+------------+------------+
    |       Variable Name      | Operation| DSP48E| FF| LUT| Bitwidth P0| Bitwidth P1|
    +--------------------------+----------+-------+---+----+------------+------------+
    |mul_ln31_fu_439_p2        |     *    |      0|  0|  41|           5|           8|
    |add_ln21_1_fu_626_p2      |     +    |      0|  0|  12|           8|           8|
    |add_ln21_2_fu_657_p2      |     +    |      0|  0|  12|          12|          12|
    |add_ln21_fu_621_p2        |     +    |      0|  0|  12|           8|           8|
    |add_ln22_1_fu_708_p2      |     +    |      0|  0|  13|           4|           4|
    |add_ln22_2_fu_669_p2      |     +    |      0|  0|  40|          33|          33|
    |add_ln22_fu_717_p2        |     +    |      0|  0|  15|           5|           5|
    |add_ln36_fu_449_p2        |     +    |      0|  0|  38|          31|          31|
    |add_ln56_fu_384_p2        |     +    |      0|  0|  38|          31|          31|
    |add_ln76_1_fu_484_p2      |     +    |      0|  0|  15|           6|           6|
    |add_ln76_2_fu_518_p2      |     +    |      0|  0|  13|          11|          11|
    |add_ln76_fu_493_p2        |     +    |      0|  0|  15|           8|           8|
    |add_ln77_fu_528_p2        |     +    |      0|  0|  38|          31|          31|
    |index_fu_732_p2           |     +    |      0|  0|  15|           5|           1|
    |input_channel_fu_565_p2   |     +    |      0|  0|  12|           3|           1|
    |kernel_col_fu_702_p2      |     +    |      0|  0|  12|           3|           1|
    |kernel_row_fu_615_p2      |     +    |      0|  0|  12|           3|           1|
    |output_channel_fu_374_p2  |     +    |      0|  0|  15|           5|           1|
    |output_col_fu_553_p2      |     +    |      0|  0|  13|           4|           1|
    |output_row_fu_478_p2      |     +    |      0|  0|  13|           4|           1|
    |sub_ln21_1_fu_651_p2      |     -    |      0|  0|  12|          12|          12|
    |sub_ln21_fu_595_p2        |     -    |      0|  0|  15|           8|           8|
    |sub_ln70_fu_429_p2        |     -    |      0|  0|  15|           8|           8|
    |ap_block_state14_io       |    and   |      0|  0|   2|           1|           1|
    |ap_block_state24          |    and   |      0|  0|   2|           1|           1|
    |ap_block_state26          |    and   |      0|  0|   2|           1|           1|
    |icmp_ln16_fu_609_p2       |   icmp   |      0|  0|   9|           3|           3|
    |icmp_ln18_fu_696_p2       |   icmp   |      0|  0|   9|           3|           3|
    |icmp_ln35_fu_726_p2       |   icmp   |      0|  0|  11|           5|           4|
    |icmp_ln51_fu_368_p2       |   icmp   |      0|  0|  11|           5|           6|
    |icmp_ln53_fu_472_p2       |   icmp   |      0|  0|   9|           4|           4|
    |icmp_ln55_fu_547_p2       |   icmp   |      0|  0|   9|           4|           4|
    |icmp_ln59_fu_559_p2       |   icmp   |      0|  0|   9|           3|           3|
    |ap_block_state5_io        |    or    |      0|  0|   2|           1|           1|
    +--------------------------+----------+-------+---+----+------------+------------+
    |Total                     |          |      0|  0| 511|         279|         262|
    +--------------------------+----------+-------+---+----+------------+------------+

    * Multiplexer: 
    +------------------------------+-----+-----------+-----+-----------+
    |             Name             | LUT | Input Size| Bits| Total Bits|
    +------------------------------+-----+-----------+-----+-----------+
    |accumulator_1_reg_319         |    9|          2|   32|         64|
    |accumulator_assign_reg_274    |    9|          2|   32|         64|
    |ap_NS_fsm                     |  177|         40|    1|         40|
    |bias_blk_n_AR                 |    9|          2|    1|          2|
    |bias_blk_n_R                  |    9|          2|    1|          2|
    |feature_in_blk_n_AR           |    9|          2|    1|          2|
    |feature_in_blk_n_R            |    9|          2|    1|          2|
    |feature_out_blk_n_AW          |    9|          2|    1|          2|
    |feature_out_blk_n_B           |    9|          2|    1|          2|
    |feature_out_blk_n_W           |    9|          2|    1|          2|
    |index_0_i_reg_331             |    9|          2|    5|         10|
    |input_channel_assign_reg_285  |    9|          2|    3|          6|
    |kernel_col_0_i_reg_308        |    9|          2|    3|          6|
    |kernel_row_0_i_reg_296        |    9|          2|    3|          6|
    |output_channel_0_reg_241      |    9|          2|    5|         10|
    |output_col_assign_reg_263     |    9|          2|    4|          8|
    |output_row_assign_reg_252     |    9|          2|    4|          8|
    |weight_blk_n_AR               |    9|          2|    1|          2|
    |weight_blk_n_R                |    9|          2|    1|          2|
    |window_address0               |   15|          3|    5|         15|
    +------------------------------+-----+-----------+-----+-----------+
    |Total                         |  354|         79|  106|        255|
    +------------------------------+-----+-----------+-----+-----------+

    * Register: 
    +------------------------------+----+----+-----+-----------+
    |             Name             | FF | LUT| Bits| Const Bits|
    +------------------------------+----+----+-----+-----------+
    |accumulator_1_reg_319         |  32|   0|   32|          0|
    |accumulator_assign_reg_274    |  32|   0|   32|          0|
    |accumulator_reg_830           |  32|   0|   32|          0|
    |add_ln21_2_reg_861            |  12|   0|   12|          0|
    |add_ln22_reg_890              |   5|   0|    5|          0|
    |add_ln77_reg_806              |  31|   0|   31|          0|
    |ap_CS_fsm                     |  39|   0|   39|          0|
    |bias_addr_reg_771             |  31|   0|   32|          1|
    |feature_in_addr_read_reg_885  |  32|   0|   32|          0|
    |feature_in_addr_reg_866       |  32|   0|   32|          0|
    |index_0_i_reg_331             |   5|   0|    5|          0|
    |index_reg_898                 |   5|   0|    5|          0|
    |input_channel_assign_reg_285  |   3|   0|    3|          0|
    |input_channel_reg_838         |   3|   0|    3|          0|
    |kernel_col_0_i_reg_308        |   3|   0|    3|          0|
    |kernel_col_reg_880            |   3|   0|    3|          0|
    |kernel_row_0_i_reg_296        |   3|   0|    3|          0|
    |kernel_row_reg_856            |   3|   0|    3|          0|
    |output_channel_0_reg_241      |   5|   0|    5|          0|
    |output_channel_reg_766        |   5|   0|    5|          0|
    |output_col_assign_reg_263     |   4|   0|    4|          0|
    |output_col_reg_825            |   4|   0|    4|          0|
    |output_row_assign_reg_252     |   4|   0|    4|          0|
    |output_row_reg_801            |   4|   0|    4|          0|
    |shl_ln3_reg_872               |   3|   0|    5|          2|
    |sub_ln21_reg_843              |   7|   0|    8|          1|
    |tmp_reg_918                   |  32|   0|   32|          0|
    |weight_addr_read_reg_908      |  32|   0|   32|          0|
    |weight_addr_reg_787           |  31|   0|   32|          1|
    |zext_ln16_reg_848             |   3|   0|    4|          1|
    |zext_ln22_reg_753             |  30|   0|   31|          1|
    |zext_ln36_1_reg_743           |  30|   0|   31|          1|
    |zext_ln51_reg_758             |  30|   0|   33|          3|
    |zext_ln53_reg_793             |   4|   0|    8|          4|
    |zext_ln55_reg_817             |   4|   0|   12|          8|
    |zext_ln70_1_reg_782           |   4|   0|    6|          2|
    |zext_ln70_reg_777             |   4|   0|    8|          4|
    |zext_ln77_reg_748             |  30|   0|   31|          1|
    +------------------------------+----+----+-----+-----------+
    |Total                         | 576|   0|  606|         30|
    +------------------------------+----+----+-----+-----------+



================================================================
== Interface
================================================================
* Summary: 
+----------------------------+-----+-----+------------+----------------------+--------------+
|          RTL Ports         | Dir | Bits|  Protocol  |     Source Object    |    C Type    |
+----------------------------+-----+-----+------------+----------------------+--------------+
|ap_clk                      |  in |    1| ap_ctrl_hs | (anonymous namespace | return value |
|ap_rst                      |  in |    1| ap_ctrl_hs | (anonymous namespace | return value |
|ap_start                    |  in |    1| ap_ctrl_hs | (anonymous namespace | return value |
|ap_done                     | out |    1| ap_ctrl_hs | (anonymous namespace | return value |
|ap_idle                     | out |    1| ap_ctrl_hs | (anonymous namespace | return value |
|ap_ready                    | out |    1| ap_ctrl_hs | (anonymous namespace | return value |
|m_axi_feature_in_AWVALID    | out |    1|    m_axi   |      feature_in      |    pointer   |
|m_axi_feature_in_AWREADY    |  in |    1|    m_axi   |      feature_in      |    pointer   |
|m_axi_feature_in_AWADDR     | out |   32|    m_axi   |      feature_in      |    pointer   |
|m_axi_feature_in_AWID       | out |    1|    m_axi   |      feature_in      |    pointer   |
|m_axi_feature_in_AWLEN      | out |   32|    m_axi   |      feature_in      |    pointer   |
|m_axi_feature_in_AWSIZE     | out |    3|    m_axi   |      feature_in      |    pointer   |
|m_axi_feature_in_AWBURST    | out |    2|    m_axi   |      feature_in      |    pointer   |
|m_axi_feature_in_AWLOCK     | out |    2|    m_axi   |      feature_in      |    pointer   |
|m_axi_feature_in_AWCACHE    | out |    4|    m_axi   |      feature_in      |    pointer   |
|m_axi_feature_in_AWPROT     | out |    3|    m_axi   |      feature_in      |    pointer   |
|m_axi_feature_in_AWQOS      | out |    4|    m_axi   |      feature_in      |    pointer   |
|m_axi_feature_in_AWREGION   | out |    4|    m_axi   |      feature_in      |    pointer   |
|m_axi_feature_in_AWUSER     | out |    1|    m_axi   |      feature_in      |    pointer   |
|m_axi_feature_in_WVALID     | out |    1|    m_axi   |      feature_in      |    pointer   |
|m_axi_feature_in_WREADY     |  in |    1|    m_axi   |      feature_in      |    pointer   |
|m_axi_feature_in_WDATA      | out |   32|    m_axi   |      feature_in      |    pointer   |
|m_axi_feature_in_WSTRB      | out |    4|    m_axi   |      feature_in      |    pointer   |
|m_axi_feature_in_WLAST      | out |    1|    m_axi   |      feature_in      |    pointer   |
|m_axi_feature_in_WID        | out |    1|    m_axi   |      feature_in      |    pointer   |
|m_axi_feature_in_WUSER      | out |    1|    m_axi   |      feature_in      |    pointer   |
|m_axi_feature_in_ARVALID    | out |    1|    m_axi   |      feature_in      |    pointer   |
|m_axi_feature_in_ARREADY    |  in |    1|    m_axi   |      feature_in      |    pointer   |
|m_axi_feature_in_ARADDR     | out |   32|    m_axi   |      feature_in      |    pointer   |
|m_axi_feature_in_ARID       | out |    1|    m_axi   |      feature_in      |    pointer   |
|m_axi_feature_in_ARLEN      | out |   32|    m_axi   |      feature_in      |    pointer   |
|m_axi_feature_in_ARSIZE     | out |    3|    m_axi   |      feature_in      |    pointer   |
|m_axi_feature_in_ARBURST    | out |    2|    m_axi   |      feature_in      |    pointer   |
|m_axi_feature_in_ARLOCK     | out |    2|    m_axi   |      feature_in      |    pointer   |
|m_axi_feature_in_ARCACHE    | out |    4|    m_axi   |      feature_in      |    pointer   |
|m_axi_feature_in_ARPROT     | out |    3|    m_axi   |      feature_in      |    pointer   |
|m_axi_feature_in_ARQOS      | out |    4|    m_axi   |      feature_in      |    pointer   |
|m_axi_feature_in_ARREGION   | out |    4|    m_axi   |      feature_in      |    pointer   |
|m_axi_feature_in_ARUSER     | out |    1|    m_axi   |      feature_in      |    pointer   |
|m_axi_feature_in_RVALID     |  in |    1|    m_axi   |      feature_in      |    pointer   |
|m_axi_feature_in_RREADY     | out |    1|    m_axi   |      feature_in      |    pointer   |
|m_axi_feature_in_RDATA      |  in |   32|    m_axi   |      feature_in      |    pointer   |
|m_axi_feature_in_RLAST      |  in |    1|    m_axi   |      feature_in      |    pointer   |
|m_axi_feature_in_RID        |  in |    1|    m_axi   |      feature_in      |    pointer   |
|m_axi_feature_in_RUSER      |  in |    1|    m_axi   |      feature_in      |    pointer   |
|m_axi_feature_in_RRESP      |  in |    2|    m_axi   |      feature_in      |    pointer   |
|m_axi_feature_in_BVALID     |  in |    1|    m_axi   |      feature_in      |    pointer   |
|m_axi_feature_in_BREADY     | out |    1|    m_axi   |      feature_in      |    pointer   |
|m_axi_feature_in_BRESP      |  in |    2|    m_axi   |      feature_in      |    pointer   |
|m_axi_feature_in_BID        |  in |    1|    m_axi   |      feature_in      |    pointer   |
|m_axi_feature_in_BUSER      |  in |    1|    m_axi   |      feature_in      |    pointer   |
|feature_in_offset           |  in |   30|   ap_none  |   feature_in_offset  |    scalar    |
|m_axi_weight_AWVALID        | out |    1|    m_axi   |        weight        |    pointer   |
|m_axi_weight_AWREADY        |  in |    1|    m_axi   |        weight        |    pointer   |
|m_axi_weight_AWADDR         | out |   32|    m_axi   |        weight        |    pointer   |
|m_axi_weight_AWID           | out |    1|    m_axi   |        weight        |    pointer   |
|m_axi_weight_AWLEN          | out |   32|    m_axi   |        weight        |    pointer   |
|m_axi_weight_AWSIZE         | out |    3|    m_axi   |        weight        |    pointer   |
|m_axi_weight_AWBURST        | out |    2|    m_axi   |        weight        |    pointer   |
|m_axi_weight_AWLOCK         | out |    2|    m_axi   |        weight        |    pointer   |
|m_axi_weight_AWCACHE        | out |    4|    m_axi   |        weight        |    pointer   |
|m_axi_weight_AWPROT         | out |    3|    m_axi   |        weight        |    pointer   |
|m_axi_weight_AWQOS          | out |    4|    m_axi   |        weight        |    pointer   |
|m_axi_weight_AWREGION       | out |    4|    m_axi   |        weight        |    pointer   |
|m_axi_weight_AWUSER         | out |    1|    m_axi   |        weight        |    pointer   |
|m_axi_weight_WVALID         | out |    1|    m_axi   |        weight        |    pointer   |
|m_axi_weight_WREADY         |  in |    1|    m_axi   |        weight        |    pointer   |
|m_axi_weight_WDATA          | out |   32|    m_axi   |        weight        |    pointer   |
|m_axi_weight_WSTRB          | out |    4|    m_axi   |        weight        |    pointer   |
|m_axi_weight_WLAST          | out |    1|    m_axi   |        weight        |    pointer   |
|m_axi_weight_WID            | out |    1|    m_axi   |        weight        |    pointer   |
|m_axi_weight_WUSER          | out |    1|    m_axi   |        weight        |    pointer   |
|m_axi_weight_ARVALID        | out |    1|    m_axi   |        weight        |    pointer   |
|m_axi_weight_ARREADY        |  in |    1|    m_axi   |        weight        |    pointer   |
|m_axi_weight_ARADDR         | out |   32|    m_axi   |        weight        |    pointer   |
|m_axi_weight_ARID           | out |    1|    m_axi   |        weight        |    pointer   |
|m_axi_weight_ARLEN          | out |   32|    m_axi   |        weight        |    pointer   |
|m_axi_weight_ARSIZE         | out |    3|    m_axi   |        weight        |    pointer   |
|m_axi_weight_ARBURST        | out |    2|    m_axi   |        weight        |    pointer   |
|m_axi_weight_ARLOCK         | out |    2|    m_axi   |        weight        |    pointer   |
|m_axi_weight_ARCACHE        | out |    4|    m_axi   |        weight        |    pointer   |
|m_axi_weight_ARPROT         | out |    3|    m_axi   |        weight        |    pointer   |
|m_axi_weight_ARQOS          | out |    4|    m_axi   |        weight        |    pointer   |
|m_axi_weight_ARREGION       | out |    4|    m_axi   |        weight        |    pointer   |
|m_axi_weight_ARUSER         | out |    1|    m_axi   |        weight        |    pointer   |
|m_axi_weight_RVALID         |  in |    1|    m_axi   |        weight        |    pointer   |
|m_axi_weight_RREADY         | out |    1|    m_axi   |        weight        |    pointer   |
|m_axi_weight_RDATA          |  in |   32|    m_axi   |        weight        |    pointer   |
|m_axi_weight_RLAST          |  in |    1|    m_axi   |        weight        |    pointer   |
|m_axi_weight_RID            |  in |    1|    m_axi   |        weight        |    pointer   |
|m_axi_weight_RUSER          |  in |    1|    m_axi   |        weight        |    pointer   |
|m_axi_weight_RRESP          |  in |    2|    m_axi   |        weight        |    pointer   |
|m_axi_weight_BVALID         |  in |    1|    m_axi   |        weight        |    pointer   |
|m_axi_weight_BREADY         | out |    1|    m_axi   |        weight        |    pointer   |
|m_axi_weight_BRESP          |  in |    2|    m_axi   |        weight        |    pointer   |
|m_axi_weight_BID            |  in |    1|    m_axi   |        weight        |    pointer   |
|m_axi_weight_BUSER          |  in |    1|    m_axi   |        weight        |    pointer   |
|weight_offset               |  in |   30|   ap_none  |     weight_offset    |    scalar    |
|m_axi_bias_AWVALID          | out |    1|    m_axi   |         bias         |    pointer   |
|m_axi_bias_AWREADY          |  in |    1|    m_axi   |         bias         |    pointer   |
|m_axi_bias_AWADDR           | out |   32|    m_axi   |         bias         |    pointer   |
|m_axi_bias_AWID             | out |    1|    m_axi   |         bias         |    pointer   |
|m_axi_bias_AWLEN            | out |   32|    m_axi   |         bias         |    pointer   |
|m_axi_bias_AWSIZE           | out |    3|    m_axi   |         bias         |    pointer   |
|m_axi_bias_AWBURST          | out |    2|    m_axi   |         bias         |    pointer   |
|m_axi_bias_AWLOCK           | out |    2|    m_axi   |         bias         |    pointer   |
|m_axi_bias_AWCACHE          | out |    4|    m_axi   |         bias         |    pointer   |
|m_axi_bias_AWPROT           | out |    3|    m_axi   |         bias         |    pointer   |
|m_axi_bias_AWQOS            | out |    4|    m_axi   |         bias         |    pointer   |
|m_axi_bias_AWREGION         | out |    4|    m_axi   |         bias         |    pointer   |
|m_axi_bias_AWUSER           | out |    1|    m_axi   |         bias         |    pointer   |
|m_axi_bias_WVALID           | out |    1|    m_axi   |         bias         |    pointer   |
|m_axi_bias_WREADY           |  in |    1|    m_axi   |         bias         |    pointer   |
|m_axi_bias_WDATA            | out |   32|    m_axi   |         bias         |    pointer   |
|m_axi_bias_WSTRB            | out |    4|    m_axi   |         bias         |    pointer   |
|m_axi_bias_WLAST            | out |    1|    m_axi   |         bias         |    pointer   |
|m_axi_bias_WID              | out |    1|    m_axi   |         bias         |    pointer   |
|m_axi_bias_WUSER            | out |    1|    m_axi   |         bias         |    pointer   |
|m_axi_bias_ARVALID          | out |    1|    m_axi   |         bias         |    pointer   |
|m_axi_bias_ARREADY          |  in |    1|    m_axi   |         bias         |    pointer   |
|m_axi_bias_ARADDR           | out |   32|    m_axi   |         bias         |    pointer   |
|m_axi_bias_ARID             | out |    1|    m_axi   |         bias         |    pointer   |
|m_axi_bias_ARLEN            | out |   32|    m_axi   |         bias         |    pointer   |
|m_axi_bias_ARSIZE           | out |    3|    m_axi   |         bias         |    pointer   |
|m_axi_bias_ARBURST          | out |    2|    m_axi   |         bias         |    pointer   |
|m_axi_bias_ARLOCK           | out |    2|    m_axi   |         bias         |    pointer   |
|m_axi_bias_ARCACHE          | out |    4|    m_axi   |         bias         |    pointer   |
|m_axi_bias_ARPROT           | out |    3|    m_axi   |         bias         |    pointer   |
|m_axi_bias_ARQOS            | out |    4|    m_axi   |         bias         |    pointer   |
|m_axi_bias_ARREGION         | out |    4|    m_axi   |         bias         |    pointer   |
|m_axi_bias_ARUSER           | out |    1|    m_axi   |         bias         |    pointer   |
|m_axi_bias_RVALID           |  in |    1|    m_axi   |         bias         |    pointer   |
|m_axi_bias_RREADY           | out |    1|    m_axi   |         bias         |    pointer   |
|m_axi_bias_RDATA            |  in |   32|    m_axi   |         bias         |    pointer   |
|m_axi_bias_RLAST            |  in |    1|    m_axi   |         bias         |    pointer   |
|m_axi_bias_RID              |  in |    1|    m_axi   |         bias         |    pointer   |
|m_axi_bias_RUSER            |  in |    1|    m_axi   |         bias         |    pointer   |
|m_axi_bias_RRESP            |  in |    2|    m_axi   |         bias         |    pointer   |
|m_axi_bias_BVALID           |  in |    1|    m_axi   |         bias         |    pointer   |
|m_axi_bias_BREADY           | out |    1|    m_axi   |         bias         |    pointer   |
|m_axi_bias_BRESP            |  in |    2|    m_axi   |         bias         |    pointer   |
|m_axi_bias_BID              |  in |    1|    m_axi   |         bias         |    pointer   |
|m_axi_bias_BUSER            |  in |    1|    m_axi   |         bias         |    pointer   |
|bias_offset                 |  in |   30|   ap_none  |      bias_offset     |    scalar    |
|m_axi_feature_out_AWVALID   | out |    1|    m_axi   |      feature_out     |    pointer   |
|m_axi_feature_out_AWREADY   |  in |    1|    m_axi   |      feature_out     |    pointer   |
|m_axi_feature_out_AWADDR    | out |   32|    m_axi   |      feature_out     |    pointer   |
|m_axi_feature_out_AWID      | out |    1|    m_axi   |      feature_out     |    pointer   |
|m_axi_feature_out_AWLEN     | out |   32|    m_axi   |      feature_out     |    pointer   |
|m_axi_feature_out_AWSIZE    | out |    3|    m_axi   |      feature_out     |    pointer   |
|m_axi_feature_out_AWBURST   | out |    2|    m_axi   |      feature_out     |    pointer   |
|m_axi_feature_out_AWLOCK    | out |    2|    m_axi   |      feature_out     |    pointer   |
|m_axi_feature_out_AWCACHE   | out |    4|    m_axi   |      feature_out     |    pointer   |
|m_axi_feature_out_AWPROT    | out |    3|    m_axi   |      feature_out     |    pointer   |
|m_axi_feature_out_AWQOS     | out |    4|    m_axi   |      feature_out     |    pointer   |
|m_axi_feature_out_AWREGION  | out |    4|    m_axi   |      feature_out     |    pointer   |
|m_axi_feature_out_AWUSER    | out |    1|    m_axi   |      feature_out     |    pointer   |
|m_axi_feature_out_WVALID    | out |    1|    m_axi   |      feature_out     |    pointer   |
|m_axi_feature_out_WREADY    |  in |    1|    m_axi   |      feature_out     |    pointer   |
|m_axi_feature_out_WDATA     | out |   32|    m_axi   |      feature_out     |    pointer   |
|m_axi_feature_out_WSTRB     | out |    4|    m_axi   |      feature_out     |    pointer   |
|m_axi_feature_out_WLAST     | out |    1|    m_axi   |      feature_out     |    pointer   |
|m_axi_feature_out_WID       | out |    1|    m_axi   |      feature_out     |    pointer   |
|m_axi_feature_out_WUSER     | out |    1|    m_axi   |      feature_out     |    pointer   |
|m_axi_feature_out_ARVALID   | out |    1|    m_axi   |      feature_out     |    pointer   |
|m_axi_feature_out_ARREADY   |  in |    1|    m_axi   |      feature_out     |    pointer   |
|m_axi_feature_out_ARADDR    | out |   32|    m_axi   |      feature_out     |    pointer   |
|m_axi_feature_out_ARID      | out |    1|    m_axi   |      feature_out     |    pointer   |
|m_axi_feature_out_ARLEN     | out |   32|    m_axi   |      feature_out     |    pointer   |
|m_axi_feature_out_ARSIZE    | out |    3|    m_axi   |      feature_out     |    pointer   |
|m_axi_feature_out_ARBURST   | out |    2|    m_axi   |      feature_out     |    pointer   |
|m_axi_feature_out_ARLOCK    | out |    2|    m_axi   |      feature_out     |    pointer   |
|m_axi_feature_out_ARCACHE   | out |    4|    m_axi   |      feature_out     |    pointer   |
|m_axi_feature_out_ARPROT    | out |    3|    m_axi   |      feature_out     |    pointer   |
|m_axi_feature_out_ARQOS     | out |    4|    m_axi   |      feature_out     |    pointer   |
|m_axi_feature_out_ARREGION  | out |    4|    m_axi   |      feature_out     |    pointer   |
|m_axi_feature_out_ARUSER    | out |    1|    m_axi   |      feature_out     |    pointer   |
|m_axi_feature_out_RVALID    |  in |    1|    m_axi   |      feature_out     |    pointer   |
|m_axi_feature_out_RREADY    | out |    1|    m_axi   |      feature_out     |    pointer   |
|m_axi_feature_out_RDATA     |  in |   32|    m_axi   |      feature_out     |    pointer   |
|m_axi_feature_out_RLAST     |  in |    1|    m_axi   |      feature_out     |    pointer   |
|m_axi_feature_out_RID       |  in |    1|    m_axi   |      feature_out     |    pointer   |
|m_axi_feature_out_RUSER     |  in |    1|    m_axi   |      feature_out     |    pointer   |
|m_axi_feature_out_RRESP     |  in |    2|    m_axi   |      feature_out     |    pointer   |
|m_axi_feature_out_BVALID    |  in |    1|    m_axi   |      feature_out     |    pointer   |
|m_axi_feature_out_BREADY    | out |    1|    m_axi   |      feature_out     |    pointer   |
|m_axi_feature_out_BRESP     |  in |    2|    m_axi   |      feature_out     |    pointer   |
|m_axi_feature_out_BID       |  in |    1|    m_axi   |      feature_out     |    pointer   |
|m_axi_feature_out_BUSER     |  in |    1|    m_axi   |      feature_out     |    pointer   |
|feature_out_offset          |  in |   30|   ap_none  |  feature_out_offset  |    scalar    |
+----------------------------+-----+-----+------------+----------------------+--------------+

