INFO: [COSIM-47] Using XSIM for RTL simulation.
INFO: [COSIM-14] Instrumenting C test bench ...
WARNING: [COSIM-369] AXI_master port 'gmem0' has a depth of '120'. Insufficient depth may result in simulation mismatch or freeze.
WARNING: [COSIM-369] AXI_master port 'gmem1' has a depth of '10080'. Insufficient depth may result in simulation mismatch or freeze.
WARNING: [COSIM-369] AXI_master port 'gmem2' has a depth of '84'. Insufficient depth may result in simulation mismatch or freeze.
WARNING: [COSIM-369] AXI_master port 'gmem3' has a depth of '84'. Insufficient depth may result in simulation mismatch or freeze.
   Build using "E:/Vivado/Vivado/2019.1/msys64/mingw64/bin/g++"
   Compiling tb_lenet_conv.cpp_pre.cpp.tb.cpp
   Compiling lenet_conv.cpp_pre.cpp.tb.cpp
   Compiling apatb_lenet_fc1_top.cpp
   Generating cosim.tv.exe
INFO: [COSIM-302] Starting C TB testing ... 
INFO: [COSIM-333] Generating C post check test bench ...
INFO: [COSIM-12] Generating RTL test bench ...
INFO: [COSIM-1] *** C/RTL co-simulation file generation completed. ***
INFO: [COSIM-323] Starting verilog simulation. 
INFO: [COSIM-15] Starting XSIM ...
INFO: [COSIM-316] Starting C post checking ...
LeNet-5 model-V2 HLS verification
Data layout: CHW feature maps, OIHW weights
Input preprocessing: (pixel/255 - 0.1307) / 0.3081
Golden Conv/FC maps are before ReLU; all biases are zero.

Vivado HLS testbench mode: FC1

FC1 isolated             max_abs=2.86102295e-006 mean_abs=4.43132151e-007 rmse=6.93039413e-007 tolerance=1.00000000e-002 max_index=24 [PASS]

Overall result: PASS

D:\lenet_project\member_c_conv_hls\build\fc1_hls\solution1\sim\verilog>set PATH= 

D:\lenet_project\member_c_conv_hls\build\fc1_hls\solution1\sim\verilog>call E:/Vivado/Vivado/2019.1/bin/xelab xil_defaultlib.apatb_lenet_fc1_top_top glbl -prj lenet_fc1_top.prj -L smartconnect_v1_0 -L axi_protocol_checker_v1_1_12 -L axi_protocol_checker_v1_1_13 -L axis_protocol_checker_v1_1_11 -L axis_protocol_checker_v1_1_12 -L xil_defaultlib -L unisims_ver -L xpm --initfile "E:/Vivado/Vivado/2019.1/data/xsim/ip/xsim_ip.ini" --lib "ieee_proposed=./ieee_proposed" -s lenet_fc1_top  
INFO: [XSIM 43-3496] Using init file passed via -initfile option "E:/Vivado/Vivado/2019.1/data/xsim/ip/xsim_ip.ini".
Vivado Simulator 2019.1
Copyright 1986-1999, 2001-2019 Xilinx, Inc. All Rights Reserved.
Running: E:/Vivado/Vivado/2019.1/bin/unwrapped/win64.o/xelab.exe xil_defaultlib.apatb_lenet_fc1_top_top glbl -prj lenet_fc1_top.prj -L smartconnect_v1_0 -L axi_protocol_checker_v1_1_12 -L axi_protocol_checker_v1_1_13 -L axis_protocol_checker_v1_1_11 -L axis_protocol_checker_v1_1_12 -L xil_defaultlib -L unisims_ver -L xpm --initfile E:/Vivado/Vivado/2019.1/data/xsim/ip/xsim_ip.ini --lib ieee_proposed=./ieee_proposed -s lenet_fc1_top 
Multi-threading is on. Using 30 slave threads.
Determining compilation order of HDL files.
INFO: [VRFC 10-2263] Analyzing SystemVerilog file "D:/lenet_project/member_c_conv_hls/build/fc1_hls/solution1/sim/verilog/glbl.v" into library work
INFO: [VRFC 10-311] analyzing module glbl
INFO: [VRFC 10-2263] Analyzing SystemVerilog file "D:/lenet_project/member_c_conv_hls/build/fc1_hls/solution1/sim/verilog/AESL_axi_master_gmem0.v" into library xil_defaultlib
INFO: [VRFC 10-311] analyzing module AESL_axi_master_gmem0
INFO: [VRFC 10-2263] Analyzing SystemVerilog file "D:/lenet_project/member_c_conv_hls/build/fc1_hls/solution1/sim/verilog/AESL_axi_master_gmem1.v" into library xil_defaultlib
INFO: [VRFC 10-311] analyzing module AESL_axi_master_gmem1
INFO: [VRFC 10-2263] Analyzing SystemVerilog file "D:/lenet_project/member_c_conv_hls/build/fc1_hls/solution1/sim/verilog/AESL_axi_master_gmem2.v" into library xil_defaultlib
INFO: [VRFC 10-311] analyzing module AESL_axi_master_gmem2
INFO: [VRFC 10-2263] Analyzing SystemVerilog file "D:/lenet_project/member_c_conv_hls/build/fc1_hls/solution1/sim/verilog/AESL_axi_master_gmem3.v" into library xil_defaultlib
INFO: [VRFC 10-311] analyzing module AESL_axi_master_gmem3
INFO: [VRFC 10-2263] Analyzing SystemVerilog file "D:/lenet_project/member_c_conv_hls/build/fc1_hls/solution1/sim/verilog/lenet_fc1_top.autotb.v" into library xil_defaultlib
INFO: [VRFC 10-311] analyzing module apatb_lenet_fc1_top_top
INFO: [VRFC 10-2263] Analyzing SystemVerilog file "D:/lenet_project/member_c_conv_hls/build/fc1_hls/solution1/sim/verilog/lenet_fc1_top.v" into library xil_defaultlib
INFO: [VRFC 10-311] analyzing module lenet_fc1_top
INFO: [VRFC 10-2263] Analyzing SystemVerilog file "D:/lenet_project/member_c_conv_hls/build/fc1_hls/solution1/sim/verilog/lenet_fc1_top_fadbkb.v" into library xil_defaultlib
INFO: [VRFC 10-311] analyzing module lenet_fc1_top_fadbkb
INFO: [VRFC 10-2263] Analyzing SystemVerilog file "D:/lenet_project/member_c_conv_hls/build/fc1_hls/solution1/sim/verilog/lenet_fc1_top_fmucud.v" into library xil_defaultlib
INFO: [VRFC 10-311] analyzing module lenet_fc1_top_fmucud
INFO: [VRFC 10-2263] Analyzing SystemVerilog file "D:/lenet_project/member_c_conv_hls/build/fc1_hls/solution1/sim/verilog/lenet_fc1_top_gmem0_m_axi.v" into library xil_defaultlib
INFO: [VRFC 10-311] analyzing module lenet_fc1_top_gmem0_m_axi
INFO: [VRFC 10-311] analyzing module lenet_fc1_top_gmem0_m_axi_reg_slice
INFO: [VRFC 10-311] analyzing module lenet_fc1_top_gmem0_m_axi_fifo
INFO: [VRFC 10-311] analyzing module lenet_fc1_top_gmem0_m_axi_buffer
INFO: [VRFC 10-311] analyzing module lenet_fc1_top_gmem0_m_axi_decoder
INFO: [VRFC 10-311] analyzing module lenet_fc1_top_gmem0_m_axi_throttl
INFO: [VRFC 10-311] analyzing module lenet_fc1_top_gmem0_m_axi_read
INFO: [VRFC 10-311] analyzing module lenet_fc1_top_gmem0_m_axi_write
INFO: [VRFC 10-2263] Analyzing SystemVerilog file "D:/lenet_project/member_c_conv_hls/build/fc1_hls/solution1/sim/verilog/lenet_fc1_top_gmem1_m_axi.v" into library xil_defaultlib
INFO: [VRFC 10-311] analyzing module lenet_fc1_top_gmem1_m_axi
INFO: [VRFC 10-311] analyzing module lenet_fc1_top_gmem1_m_axi_reg_slice
INFO: [VRFC 10-311] analyzing module lenet_fc1_top_gmem1_m_axi_fifo
INFO: [VRFC 10-311] analyzing module lenet_fc1_top_gmem1_m_axi_buffer
INFO: [VRFC 10-311] analyzing module lenet_fc1_top_gmem1_m_axi_decoder
INFO: [VRFC 10-311] analyzing module lenet_fc1_top_gmem1_m_axi_throttl
INFO: [VRFC 10-311] analyzing module lenet_fc1_top_gmem1_m_axi_read
INFO: [VRFC 10-311] analyzing module lenet_fc1_top_gmem1_m_axi_write
INFO: [VRFC 10-2263] Analyzing SystemVerilog file "D:/lenet_project/member_c_conv_hls/build/fc1_hls/solution1/sim/verilog/lenet_fc1_top_gmem2_m_axi.v" into library xil_defaultlib
INFO: [VRFC 10-311] analyzing module lenet_fc1_top_gmem2_m_axi
INFO: [VRFC 10-311] analyzing module lenet_fc1_top_gmem2_m_axi_reg_slice
INFO: [VRFC 10-311] analyzing module lenet_fc1_top_gmem2_m_axi_fifo
INFO: [VRFC 10-311] analyzing module lenet_fc1_top_gmem2_m_axi_buffer
INFO: [VRFC 10-311] analyzing module lenet_fc1_top_gmem2_m_axi_decoder
INFO: [VRFC 10-311] analyzing module lenet_fc1_top_gmem2_m_axi_throttl
INFO: [VRFC 10-311] analyzing module lenet_fc1_top_gmem2_m_axi_read
INFO: [VRFC 10-311] analyzing module lenet_fc1_top_gmem2_m_axi_write
INFO: [VRFC 10-2263] Analyzing SystemVerilog file "D:/lenet_project/member_c_conv_hls/build/fc1_hls/solution1/sim/verilog/lenet_fc1_top_gmem3_m_axi.v" into library xil_defaultlib
INFO: [VRFC 10-311] analyzing module lenet_fc1_top_gmem3_m_axi
INFO: [VRFC 10-311] analyzing module lenet_fc1_top_gmem3_m_axi_reg_slice
INFO: [VRFC 10-311] analyzing module lenet_fc1_top_gmem3_m_axi_fifo
INFO: [VRFC 10-311] analyzing module lenet_fc1_top_gmem3_m_axi_buffer
INFO: [VRFC 10-311] analyzing module lenet_fc1_top_gmem3_m_axi_decoder
INFO: [VRFC 10-311] analyzing module lenet_fc1_top_gmem3_m_axi_throttl
INFO: [VRFC 10-311] analyzing module lenet_fc1_top_gmem3_m_axi_read
INFO: [VRFC 10-311] analyzing module lenet_fc1_top_gmem3_m_axi_write
INFO: [VRFC 10-2263] Analyzing SystemVerilog file "D:/lenet_project/member_c_conv_hls/build/fc1_hls/solution1/sim/verilog/p_anonymous_namespace.v" into library xil_defaultlib
INFO: [VRFC 10-311] analyzing module p_anonymous_namespace
INFO: [VRFC 10-163] Analyzing VHDL file "D:/lenet_project/member_c_conv_hls/build/fc1_hls/solution1/sim/verilog/ip/xil_defaultlib/lenet_fc1_top_ap_fadd_3_full_dsp_32.vhd" into library xil_defaultlib
INFO: [VRFC 10-3107] analyzing entity 'lenet_fc1_top_ap_fadd_3_full_dsp_32'
INFO: [VRFC 10-163] Analyzing VHDL file "D:/lenet_project/member_c_conv_hls/build/fc1_hls/solution1/sim/verilog/ip/xil_defaultlib/lenet_fc1_top_ap_fmul_2_max_dsp_32.vhd" into library xil_defaultlib
INFO: [VRFC 10-3107] analyzing entity 'lenet_fc1_top_ap_fmul_2_max_dsp_32'
Starting static elaboration
WARNING: [VRFC 10-3499] library name 'floating_point_v7_1_8' of instantiated unit conflicts with visible identifier [ip/xil_defaultlib/lenet_fc1_top_ap_fadd_3_full_dsp_32.vhd:201]
WARNING: [VRFC 10-3499] library name 'floating_point_v7_1_8' of instantiated unit conflicts with visible identifier [ip/xil_defaultlib/lenet_fc1_top_ap_fmul_2_max_dsp_32.vhd:201]
Completed static elaboration
Starting simulation data flow analysis
Completed simulation data flow analysis
Time Resolution for simulation is 1ps
Compiling package std.standard
Compiling package std.textio
Compiling package ieee.std_logic_1164
Compiling package ieee.numeric_std
Compiling package floating_point_v7_1_8.floating_point_v7_1_8_viv_comp
Compiling package xbip_utils_v3_0_10.xbip_utils_v3_0_10_pkg
Compiling package axi_utils_v2_0_6.axi_utils_v2_0_6_pkg
Compiling package floating_point_v7_1_8.floating_point_v7_1_8_consts
Compiling package ieee.math_real
Compiling package floating_point_v7_1_8.floating_point_v7_1_8_exp_table_...
Compiling package mult_gen_v12_0_15.mult_gen_v12_0_15_pkg
Compiling package ieee.std_logic_arith
Compiling package ieee.std_logic_signed
Compiling package floating_point_v7_1_8.floating_point_v7_1_8_pkg
Compiling package floating_point_v7_1_8.flt_utils
Compiling package xbip_pipe_v3_0_6.xbip_pipe_v3_0_6_viv_comp
Compiling package unisim.vcomponents
Compiling package ieee.vital_timing
Compiling package ieee.vital_primitives
Compiling package unisim.vpkg
Compiling module xil_defaultlib.lenet_fc1_top_gmem0_m_axi_thrott...
Compiling module xil_defaultlib.lenet_fc1_top_gmem0_m_axi_reg_sl...
Compiling module xil_defaultlib.lenet_fc1_top_gmem0_m_axi_fifo(D...
Compiling module xil_defaultlib.lenet_fc1_top_gmem0_m_axi_buffer...
Compiling module xil_defaultlib.lenet_fc1_top_gmem0_m_axi_fifo(D...
Compiling module xil_defaultlib.lenet_fc1_top_gmem0_m_axi_fifo(D...
Compiling module xil_defaultlib.lenet_fc1_top_gmem0_m_axi_fifo(D...
Compiling module xil_defaultlib.lenet_fc1_top_gmem0_m_axi_write(...
Compiling module xil_defaultlib.lenet_fc1_top_gmem0_m_axi_buffer...
Compiling module xil_defaultlib.lenet_fc1_top_gmem0_m_axi_reg_sl...
Compiling module xil_defaultlib.lenet_fc1_top_gmem0_m_axi_read(N...
Compiling module xil_defaultlib.lenet_fc1_top_gmem0_m_axi(NUM_RE...
Compiling module xil_defaultlib.lenet_fc1_top_gmem1_m_axi_thrott...
Compiling module xil_defaultlib.lenet_fc1_top_gmem1_m_axi_reg_sl...
Compiling module xil_defaultlib.lenet_fc1_top_gmem1_m_axi_fifo(D...
Compiling module xil_defaultlib.lenet_fc1_top_gmem1_m_axi_buffer...
Compiling module xil_defaultlib.lenet_fc1_top_gmem1_m_axi_fifo(D...
Compiling module xil_defaultlib.lenet_fc1_top_gmem1_m_axi_fifo(D...
Compiling module xil_defaultlib.lenet_fc1_top_gmem1_m_axi_fifo(D...
Compiling module xil_defaultlib.lenet_fc1_top_gmem1_m_axi_write(...
Compiling module xil_defaultlib.lenet_fc1_top_gmem1_m_axi_buffer...
Compiling module xil_defaultlib.lenet_fc1_top_gmem1_m_axi_reg_sl...
Compiling module xil_defaultlib.lenet_fc1_top_gmem1_m_axi_read(N...
Compiling module xil_defaultlib.lenet_fc1_top_gmem1_m_axi(NUM_RE...
Compiling module xil_defaultlib.lenet_fc1_top_gmem2_m_axi_thrott...
Compiling module xil_defaultlib.lenet_fc1_top_gmem2_m_axi_reg_sl...
Compiling module xil_defaultlib.lenet_fc1_top_gmem2_m_axi_fifo(D...
Compiling module xil_defaultlib.lenet_fc1_top_gmem2_m_axi_buffer...
Compiling module xil_defaultlib.lenet_fc1_top_gmem2_m_axi_fifo(D...
Compiling module xil_defaultlib.lenet_fc1_top_gmem2_m_axi_fifo(D...
Compiling module xil_defaultlib.lenet_fc1_top_gmem2_m_axi_fifo(D...
Compiling module xil_defaultlib.lenet_fc1_top_gmem2_m_axi_write(...
Compiling module xil_defaultlib.lenet_fc1_top_gmem2_m_axi_buffer...
Compiling module xil_defaultlib.lenet_fc1_top_gmem2_m_axi_reg_sl...
Compiling module xil_defaultlib.lenet_fc1_top_gmem2_m_axi_read(N...
Compiling module xil_defaultlib.lenet_fc1_top_gmem2_m_axi(NUM_RE...
Compiling module xil_defaultlib.lenet_fc1_top_gmem3_m_axi_thrott...
Compiling module xil_defaultlib.lenet_fc1_top_gmem3_m_axi_reg_sl...
Compiling module xil_defaultlib.lenet_fc1_top_gmem3_m_axi_fifo(D...
Compiling module xil_defaultlib.lenet_fc1_top_gmem3_m_axi_buffer...
Compiling module xil_defaultlib.lenet_fc1_top_gmem3_m_axi_fifo(D...
Compiling module xil_defaultlib.lenet_fc1_top_gmem3_m_axi_fifo(D...
Compiling module xil_defaultlib.lenet_fc1_top_gmem3_m_axi_fifo(D...
Compiling module xil_defaultlib.lenet_fc1_top_gmem3_m_axi_write(...
Compiling module xil_defaultlib.lenet_fc1_top_gmem3_m_axi_buffer...
Compiling module xil_defaultlib.lenet_fc1_top_gmem3_m_axi_reg_sl...
Compiling module xil_defaultlib.lenet_fc1_top_gmem3_m_axi_read(N...
Compiling module xil_defaultlib.lenet_fc1_top_gmem3_m_axi(NUM_RE...
Compiling architecture muxcy_v of entity unisim.MUXCY [muxcy_default]
Compiling architecture synth of entity xbip_pipe_v3_0_6.xbip_pipe_v3_0_6_viv [\xbip_pipe_v3_0_6_viv(c_has_ce=1...]
Compiling architecture rtl of entity floating_point_v7_1_8.delay [\delay(width=7,length=0)\]
Compiling architecture struct of entity floating_point_v7_1_8.carry_chain [\carry_chain(c_xdevicefamily="zy...]
Compiling architecture synth of entity floating_point_v7_1_8.compare_eq_im [\compare_eq_im(c_xdevicefamily="...]
Compiling architecture xorcy_v of entity unisim.XORCY [xorcy_default]
Compiling architecture struct of entity floating_point_v7_1_8.carry_chain [\carry_chain(c_xdevicefamily="zy...]
Compiling architecture synth of entity xbip_pipe_v3_0_6.xbip_pipe_v3_0_6_viv [\xbip_pipe_v3_0_6_viv(c_has_ce=1...]
Compiling architecture rtl of entity floating_point_v7_1_8.delay [\delay(length=0)\]
Compiling architecture synth of entity xbip_pipe_v3_0_6.xbip_pipe_v3_0_6_viv [\xbip_pipe_v3_0_6_viv(c_has_ce=1...]
Compiling architecture rtl of entity floating_point_v7_1_8.delay [\delay(width=24,length=0,fast_in...]
Compiling architecture synth of entity xbip_pipe_v3_0_6.xbip_pipe_v3_0_6_viv [\xbip_pipe_v3_0_6_viv(c_has_ce=1...]
Compiling architecture rtl of entity floating_point_v7_1_8.delay [\delay(width=16,length=0)\]
Compiling architecture synth of entity xbip_pipe_v3_0_6.xbip_pipe_v3_0_6_viv [\xbip_pipe_v3_0_6_viv(c_has_ce=1...]
Compiling architecture rtl of entity floating_point_v7_1_8.delay [\delay(width=4,length=0)\]
Compiling architecture synth of entity xbip_pipe_v3_0_6.xbip_pipe_v3_0_6_viv [\xbip_pipe_v3_0_6_viv(c_has_ce=1...]
Compiling architecture rtl of entity floating_point_v7_1_8.delay [\delay(width=48,length=0)\]
Compiling architecture synth of entity xbip_pipe_v3_0_6.xbip_pipe_v3_0_6_viv [\xbip_pipe_v3_0_6_viv(c_has_ce=1...]
Compiling architecture rtl of entity floating_point_v7_1_8.delay [\delay(width=24,length=0)\]
Compiling architecture dsp48e1_v of entity unisim.DSP48E1 [\DSP48E1(acascreg=0,adreg=0,alum...]
Compiling architecture rtl of entity floating_point_v7_1_8.dsp48e1_wrapper [\dsp48e1_wrapper(a_width=24,c_wi...]
Compiling architecture synth of entity xbip_pipe_v3_0_6.xbip_pipe_v3_0_6_viv [\xbip_pipe_v3_0_6_viv(c_latency=...]
Compiling architecture rtl of entity floating_point_v7_1_8.delay [delay_default]
Compiling architecture synth of entity xbip_pipe_v3_0_6.xbip_pipe_v3_0_6_viv [\xbip_pipe_v3_0_6_viv(c_has_ce=1...]
Compiling architecture rtl of entity floating_point_v7_1_8.delay [\delay(width=13,length=0)\]
Compiling architecture synth of entity xbip_pipe_v3_0_6.xbip_pipe_v3_0_6_viv [\xbip_pipe_v3_0_6_viv(c_has_ce=1...]
Compiling architecture rtl of entity floating_point_v7_1_8.delay [\delay(width=27,length=0)\]
Compiling architecture synth of entity floating_point_v7_1_8.align_add_dsp48e1_sgl [\align_add_dsp48e1_sgl(c_xdevice...]
Compiling architecture lut5_v of entity unisim.LUT5 [\LUT5(init="00000000000000001111...]
Compiling architecture lut5_v of entity unisim.LUT5 [\LUT5(init="00000000000000000000...]
Compiling architecture synth of entity xbip_pipe_v3_0_6.xbip_pipe_v3_0_6_viv [\xbip_pipe_v3_0_6_viv(c_has_ce=1...]
Compiling architecture rtl of entity floating_point_v7_1_8.delay [\delay(width=5,length=0)\]
Compiling architecture rtl of entity floating_point_v7_1_8.lead_zero_encode_shift [\lead_zero_encode_shift(ab_fw=24...]
Compiling architecture synth of entity xbip_pipe_v3_0_6.xbip_pipe_v3_0_6_viv [\xbip_pipe_v3_0_6_viv(c_has_ce=1...]
Compiling architecture rtl of entity floating_point_v7_1_8.delay [\delay(width=3,length=0)\]
Compiling architecture lut6_v of entity unisim.LUT6 [\LUT6(init="11111110010101001011...]
Compiling architecture lut5_v of entity unisim.LUT5 [\LUT5(init="00010001010111110000...]
Compiling architecture lut5_v of entity unisim.LUT5 [\LUT5(init="11101110101000001111...]
Compiling architecture synth of entity xbip_pipe_v3_0_6.xbip_pipe_v3_0_6_viv [\xbip_pipe_v3_0_6_viv(c_latency=...]
Compiling architecture rtl of entity floating_point_v7_1_8.delay [\delay(width=2)\]
Compiling architecture synth of entity xbip_pipe_v3_0_6.xbip_pipe_v3_0_6_viv [\xbip_pipe_v3_0_6_viv(c_has_ce=1...]
Compiling architecture rtl of entity floating_point_v7_1_8.delay [\delay(width=25,length=0)\]
Compiling architecture dsp48e1_v of entity unisim.DSP48E1 [\DSP48E1(adreg=0,alumodereg=0,ca...]
Compiling architecture rtl of entity floating_point_v7_1_8.dsp48e1_wrapper [\dsp48e1_wrapper(a_width=24,c_wi...]
Compiling architecture rtl of entity floating_point_v7_1_8.norm_and_round_dsp48e1_sgl [\norm_and_round_dsp48e1_sgl(c_mu...]
Compiling architecture lut5_v of entity unisim.LUT5 [\LUT5(init="10011001100110011001...]
Compiling architecture lut5_v of entity unisim.LUT5 [\LUT5(init="11111111000000001111...]
Compiling architecture synth of entity xbip_pipe_v3_0_6.xbip_pipe_v3_0_6_viv [\xbip_pipe_v3_0_6_viv(c_has_ce=1...]
Compiling architecture rtl of entity floating_point_v7_1_8.delay [\delay(width=9,length=0)\]
Compiling architecture struct of entity floating_point_v7_1_8.carry_chain [\carry_chain(c_xdevicefamily="zy...]
Compiling architecture synth of entity xbip_pipe_v3_0_6.xbip_pipe_v3_0_6_viv [\xbip_pipe_v3_0_6_viv(c_has_ce=1...]
Compiling architecture rtl of entity floating_point_v7_1_8.delay [\delay(width=8,length=0)\]
Compiling architecture synth of entity xbip_pipe_v3_0_6.xbip_pipe_v3_0_6_viv [\xbip_pipe_v3_0_6_viv(c_latency=...]
Compiling architecture rtl of entity floating_point_v7_1_8.delay [\delay(width=10)\]
Compiling architecture synth of entity xbip_pipe_v3_0_6.xbip_pipe_v3_0_6_viv [\xbip_pipe_v3_0_6_viv(c_has_ce=1...]
Compiling architecture rtl of entity floating_point_v7_1_8.delay [\delay(width=4,length=0,fast_inp...]
Compiling architecture fdre_v of entity unisim.FDRE [fdre_default]
Compiling architecture fde_v of entity unisim.FDE [fde_default]
Compiling architecture struct of entity floating_point_v7_1_8.carry_chain [\carry_chain(c_xdevicefamily="zy...]
Compiling architecture synth of entity floating_point_v7_1_8.compare_eq_im [\compare_eq_im(c_xdevicefamily="...]
Compiling architecture synth of entity xbip_pipe_v3_0_6.xbip_pipe_v3_0_6_viv [\xbip_pipe_v3_0_6_viv(c_latency=...]
Compiling architecture rtl of entity floating_point_v7_1_8.delay [\delay(fast_input=true)\]
Compiling architecture rtl of entity floating_point_v7_1_8.special_detect [\special_detect(c_xdevicefamily=...]
Compiling architecture struct of entity floating_point_v7_1_8.carry_chain [\carry_chain(c_xdevicefamily="zy...]
Compiling architecture synth of entity floating_point_v7_1_8.compare_gt [\compare_gt(c_xdevicefamily="zyn...]
Compiling architecture synth of entity floating_point_v7_1_8.compare [\compare(c_xdevicefamily="zynq",...]
Compiling architecture synth of entity xbip_pipe_v3_0_6.xbip_pipe_v3_0_6_viv [\xbip_pipe_v3_0_6_viv(c_latency=...]
Compiling architecture rtl of entity floating_point_v7_1_8.delay [\delay(width=8)\]
Compiling architecture synth of entity xbip_pipe_v3_0_6.xbip_pipe_v3_0_6_viv [\xbip_pipe_v3_0_6_viv(c_latency=...]
Compiling architecture rtl of entity floating_point_v7_1_8.delay [\delay(width=9)\]
Compiling architecture synth of entity xbip_pipe_v3_0_6.xbip_pipe_v3_0_6_viv [\xbip_pipe_v3_0_6_viv(c_latency=...]
Compiling architecture rtl of entity floating_point_v7_1_8.delay [\delay(width=2,length=2,fast_inp...]
Compiling architecture synth of entity xbip_pipe_v3_0_6.xbip_pipe_v3_0_6_viv [\xbip_pipe_v3_0_6_viv(c_latency=...]
Compiling architecture rtl of entity floating_point_v7_1_8.delay [\delay(length=2,fast_input=true)...]
Compiling architecture synth of entity xbip_pipe_v3_0_6.xbip_pipe_v3_0_6_viv [\xbip_pipe_v3_0_6_viv(c_has_ce=1...]
Compiling architecture rtl of entity floating_point_v7_1_8.delay [\delay(length=0,fast_input=true)...]
Compiling architecture synth of entity xbip_pipe_v3_0_6.xbip_pipe_v3_0_6_viv [\xbip_pipe_v3_0_6_viv(c_has_ce=1...]
Compiling architecture rtl of entity floating_point_v7_1_8.delay [\delay(width=2,length=0,fast_inp...]
Compiling architecture synth of entity xbip_pipe_v3_0_6.xbip_pipe_v3_0_6_viv [\xbip_pipe_v3_0_6_viv(c_has_ce=1...]
Compiling architecture rtl of entity floating_point_v7_1_8.delay [\delay(width=12,length=0)\]
Compiling architecture rtl of entity floating_point_v7_1_8.flt_add_exp_sp [\flt_add_exp_sp(c_xdevicefamily=...]
Compiling architecture synth of entity xbip_pipe_v3_0_6.xbip_pipe_v3_0_6_viv [\xbip_pipe_v3_0_6_viv(c_latency=...]
Compiling architecture rtl of entity floating_point_v7_1_8.delay [\delay(width=23)\]
Compiling architecture synth of entity floating_point_v7_1_8.flt_dec_op [\flt_dec_op(c_xdevicefamily="zyn...]
Compiling architecture rtl of entity floating_point_v7_1_8.flt_add_dsp [\flt_add_dsp(c_xdevicefamily="zy...]
Compiling architecture rtl of entity floating_point_v7_1_8.flt_add [\flt_add(c_xdevicefamily="zynq",...]
Compiling architecture synth of entity xbip_pipe_v3_0_6.xbip_pipe_v3_0_6_viv [\xbip_pipe_v3_0_6_viv(c_latency=...]
Compiling architecture synth of entity xbip_pipe_v3_0_6.xbip_pipe_v3_0_6_viv [\xbip_pipe_v3_0_6_viv(c_has_ce=1...]
Compiling architecture rtl of entity floating_point_v7_1_8.delay [\delay(width=32,length=0)\]
Compiling architecture xilinx of entity floating_point_v7_1_8.floating_point_v7_1_8_viv [\floating_point_v7_1_8_viv(c_xde...]
Compiling architecture xilinx of entity floating_point_v7_1_8.floating_point_v7_1_8 [\floating_point_v7_1_8(c_xdevice...]
Compiling architecture lenet_fc1_top_ap_fadd_3_full_dsp_32_arch of entity xil_defaultlib.lenet_fc1_top_ap_fadd_3_full_dsp_32 [lenet_fc1_top_ap_fadd_3_full_dsp...]
Compiling module xil_defaultlib.lenet_fc1_top_fadbkb
Compiling architecture synth of entity xbip_pipe_v3_0_6.xbip_pipe_v3_0_6_viv [\xbip_pipe_v3_0_6_viv(c_has_ce=1...]
Compiling architecture rtl of entity floating_point_v7_1_8.delay [\delay(width=17,length=0)\]
Compiling architecture dsp48e1_v of entity unisim.DSP48E1 [\DSP48E1(acascreg=0,adreg=0,alum...]
Compiling architecture rtl of entity floating_point_v7_1_8.dsp48e1_wrapper [\dsp48e1_wrapper(a_width=24,b_wi...]
Compiling architecture dsp48e1_v of entity unisim.DSP48E1 [\DSP48E1(acascreg=0,adreg=0,alum...]
Compiling architecture rtl of entity floating_point_v7_1_8.dsp48e1_wrapper [\dsp48e1_wrapper(a_width=24,b_wi...]
Compiling architecture struct of entity floating_point_v7_1_8.fix_mult_dsp48e1_sgl [\fix_mult_dsp48e1_sgl(registers=...]
Compiling architecture rtl of entity floating_point_v7_1_8.fix_mult [\fix_mult(c_xdevicefamily="zynq"...]
Compiling architecture synth of entity xbip_pipe_v3_0_6.xbip_pipe_v3_0_6_viv [\xbip_pipe_v3_0_6_viv(c_has_ce=1...]
Compiling architecture rtl of entity floating_point_v7_1_8.delay [\delay(width=8,length=0,fast_inp...]
Compiling architecture struct of entity floating_point_v7_1_8.carry_chain [\carry_chain(c_xdevicefamily="zy...]
Compiling architecture struct of entity floating_point_v7_1_8.carry_chain [\carry_chain(c_xdevicefamily="zy...]
Compiling architecture synth of entity floating_point_v7_1_8.compare_eq_im [\compare_eq_im(c_xdevicefamily="...]
Compiling architecture rtl of entity floating_point_v7_1_8.special_detect [\special_detect(c_xdevicefamily=...]
Compiling architecture synth of entity xbip_pipe_v3_0_6.xbip_pipe_v3_0_6_viv [\xbip_pipe_v3_0_6_viv(c_latency=...]
Compiling architecture rtl of entity floating_point_v7_1_8.delay [\delay(width=2,fast_input=true)\]
Compiling architecture synth of entity xbip_pipe_v3_0_6.xbip_pipe_v3_0_6_viv [\xbip_pipe_v3_0_6_viv(c_latency=...]
Compiling architecture rtl of entity floating_point_v7_1_8.delay [\delay(width=4,fast_input=true)\]
Compiling architecture synth of entity xbip_pipe_v3_0_6.xbip_pipe_v3_0_6_viv [\xbip_pipe_v3_0_6_viv(c_has_ce=1...]
Compiling architecture rtl of entity floating_point_v7_1_8.delay [\delay(width=3,length=0,fast_inp...]
Compiling architecture synth of entity xbip_pipe_v3_0_6.xbip_pipe_v3_0_6_viv [\xbip_pipe_v3_0_6_viv(c_has_ce=1...]
Compiling architecture rtl of entity floating_point_v7_1_8.delay [\delay(width=14,length=0)\]
Compiling architecture rtl of entity floating_point_v7_1_8.flt_mult_exp [\flt_mult_exp(c_xdevicefamily="z...]
Compiling architecture synth of entity xbip_pipe_v3_0_6.xbip_pipe_v3_0_6_viv [\xbip_pipe_v3_0_6_viv(c_has_ce=1...]
Compiling architecture rtl of entity floating_point_v7_1_8.delay [\delay(width=30,length=0)\]
Compiling architecture synth of entity xbip_pipe_v3_0_6.xbip_pipe_v3_0_6_viv [\xbip_pipe_v3_0_6_viv(c_has_ce=1...]
Compiling architecture rtl of entity floating_point_v7_1_8.delay [\delay(width=18,length=0)\]
Compiling architecture dsp48e1_v of entity unisim.DSP48E1 [\DSP48E1(acascreg=0,adreg=0,alum...]
Compiling architecture rtl of entity floating_point_v7_1_8.dsp48e1_wrapper [\dsp48e1_wrapper(a_width=30,b_wi...]
Compiling architecture struct of entity floating_point_v7_1_8.flt_round_dsp_opt_full [\flt_round_dsp_opt_full(c_xdevic...]
Compiling architecture rtl of entity floating_point_v7_1_8.flt_mult_round [\flt_mult_round(c_xdevicefamily=...]
Compiling architecture synth of entity floating_point_v7_1_8.flt_dec_op_lat [\flt_dec_op_lat(c_xdevicefamily=...]
Compiling architecture rtl of entity floating_point_v7_1_8.flt_mult [\flt_mult(c_xdevicefamily="zynq"...]
Compiling architecture xilinx of entity floating_point_v7_1_8.floating_point_v7_1_8_viv [\floating_point_v7_1_8_viv(c_xde...]
Compiling architecture xilinx of entity floating_point_v7_1_8.floating_point_v7_1_8 [\floating_point_v7_1_8(c_xdevice...]
Compiling architecture lenet_fc1_top_ap_fmul_2_max_dsp_32_arch of entity xil_defaultlib.lenet_fc1_top_ap_fmul_2_max_dsp_32 [lenet_fc1_top_ap_fmul_2_max_dsp_...]
Compiling module xil_defaultlib.lenet_fc1_top_fmucud(ID=1)
Compiling module xil_defaultlib.p_anonymous_namespace
Compiling module xil_defaultlib.lenet_fc1_top
Compiling module xil_defaultlib.AESL_axi_master_gmem0
Compiling module xil_defaultlib.AESL_axi_master_gmem1
Compiling module xil_defaultlib.AESL_axi_master_gmem2
Compiling module xil_defaultlib.AESL_axi_master_gmem3
Compiling module xil_defaultlib.apatb_lenet_fc1_top_top
Compiling module work.glbl
Built simulation snapshot lenet_fc1_top

****** Webtalk v2019.1 (64-bit)
  **** SW Build 2552052 on Fri May 24 14:49:42 MDT 2019
  **** IP Build 2548770 on Fri May 24 18:01:18 MDT 2019
    ** Copyright 1986-2019 Xilinx, Inc. All Rights Reserved.

source D:/lenet_project/member_c_conv_hls/build/fc1_hls/solution1/sim/verilog/xsim.dir/lenet_fc1_top/webtalk/xsim_webtalk.tcl -notrace
INFO: [Common 17-206] Exiting Webtalk at Wed Sep  2 23:01:49 2026...

****** xsim v2019.1 (64-bit)
  **** SW Build 2552052 on Fri May 24 14:49:42 MDT 2019
  **** IP Build 2548770 on Fri May 24 18:01:18 MDT 2019
    ** Copyright 1986-2019 Xilinx, Inc. All Rights Reserved.

source xsim.dir/lenet_fc1_top/xsim_script.tcl
# xsim {lenet_fc1_top} -autoloadwcfg -tclbatch {lenet_fc1_top.tcl}
Vivado Simulator 2019.1
Time resolution is 1 ps
source lenet_fc1_top.tcl
## run all
Warning: OPMODE Input Warning : The OPMODE 0110X0X with CARRYINSEL  000 to DSP48E1 instance is invalid.
Time: 100010 ps  Iteration: 0  Process: /apatb_lenet_fc1_top_top/AESL_inst_lenet_fc1_top/grp_p_anonymous_namespace_fu_84/lenet_fc1_top_fadbkb_U1/lenet_fc1_top_ap_fadd_3_full_dsp_32_u/U0/i_synth/addsub_op/ADDSUB/dsp/OP/dsp48e1_body/ALIGN_ADD/DSP2/DSP/prcs_opmode_drc  File: E:\Vivado\Vivado\2019.1\data/vhdl/src/unisims/primitive/DSP48E1.vhd
////////////////////////////////////////////////////////////////////////////////////
// Inter-Transaction Progress: Completed Transaction / Total Transaction
// Intra-Transaction Progress: Measured Latency / Latency Estimation * 100%
//
// RTL Simulation : "Inter-Transaction Progress" ["Intra-Transaction Progress"] @ "Simulation Time"
////////////////////////////////////////////////////////////////////////////////////
// RTL Simulation : 0 / 1 [0.00%] @ "125000"
// RTL Simulation : 1 / 1 [100.00%] @ "1020905000"
////////////////////////////////////////////////////////////////////////////////////
$finish called at time : 1020945 ns : File "D:/lenet_project/member_c_conv_hls/build/fc1_hls/solution1/sim/verilog/lenet_fc1_top.autotb.v" Line 793
run: Time (s): cpu = 00:00:00 ; elapsed = 00:00:09 . Memory (MB): peak = 234.801 ; gain = 0.000
## quit
INFO: [Common 17-206] Exiting xsim at Wed Sep  2 23:02:02 2026...
LeNet-5 model-V2 HLS verification
Data layout: CHW feature maps, OIHW weights
Input preprocessing: (pixel/255 - 0.1307) / 0.3081
Golden Conv/FC maps are before ReLU; all biases are zero.

Vivado HLS testbench mode: FC1

FC1 isolated             max_abs=2.86102295e-006 mean_abs=4.43132151e-007 rmse=6.93039413e-007 tolerance=1.00000000e-002 max_index=24 [PASS]

Overall result: PASS
INFO: [COSIM-1000] *** C/RTL co-simulation finished: PASS ***
INFO: [COSIM-211] II is measurable only when transaction number is greater than 1 in RTL simulation. Otherwise, they will be marked as all NA. If user wants to calculate them, please make sure there are at least 2 transactions in RTL simulation.
