

================================================================
== Vitis HLS Report for 'lenet_full_top_Pipeline_POOL_CHANNEL_POOL_ROW_POOL_COL1'
================================================================
* Date:           Sun Sep  6 00:04:19 2026

* Version:        2022.2 (Build 3670227 on Oct 13 2022)
* Project:        lenet_full_hls
* Solution:       solution1 (Vivado IP Flow Target)
* Product family: zynq
* Target device:  xc7z020-clg400-1


================================================================
== Performance Estimates
================================================================
+ Timing: 
    * Summary: 
    +--------+----------+----------+------------+
    |  Clock |  Target  | Estimated| Uncertainty|
    +--------+----------+----------+------------+
    |ap_clk  |  10.00 ns|  7.107 ns|     2.70 ns|
    +--------+----------+----------+------------+

+ Latency: 
    * Summary: 
    +---------+---------+----------+----------+-----+-----+---------+
    |  Latency (cycles) |  Latency (absolute) |  Interval | Pipeline|
    |   min   |   max   |    min   |    max   | min | max |   Type  |
    +---------+---------+----------+----------+-----+-----+---------+
    |      413|      413|  4.130 us|  4.130 us|  413|  413|       no|
    +---------+---------+----------+----------+-----+-----+---------+

    + Detail: 
        * Instance: 
        N/A

        * Loop: 
        +----------------------------------+---------+---------+----------+-----------+-----------+------+----------+
        |                                  |  Latency (cycles) | Iteration|  Initiation Interval  | Trip |          |
        |             Loop Name            |   min   |   max   |  Latency |  achieved |   target  | Count| Pipelined|
        +----------------------------------+---------+---------+----------+-----------+-----------+------+----------+
        |- POOL_CHANNEL_POOL_ROW_POOL_COL  |      411|      411|        13|          1|          1|   400|       yes|
        +----------------------------------+---------+---------+----------+-----------+-----------+------+----------+

============================================================
+ Verbose Summary: Synthesis Manager
============================================================
InlineROM: 1
ExposeGlobal: 0
============================================================
+ Verbose Summary: CDFG Model
============================================================
IsTopModel: 0
ResetActiveHigh: 1
IsCombinational: 0
IsDatapathOnly: 0
HasWiredReturn: 1
HasMFsm: 2
HasVarLatency: 1
IsPipeline: 0
IsRtlPipelined: 0
IsInstanceOverlapped: 0
IsDontTouch: 0
HasImplIP: 0
IsGatedGlobalClock: 0

+ Individual pipeline summary: 
  * Pipeline-0: initiation interval (II) = 1, depth = 13


============================================================
+ Verbose Summary: Schedule
============================================================
* Number of FSM states : 13
* Pipeline : 1
  Pipeline-0 : II = 1, D = 13, States = { 1 2 3 4 5 6 7 8 9 10 11 12 13 }
* Dataflow Pipeline: 0

* FSM state transitions: 
1 --> 2 
2 --> 3 
3 --> 4 
4 --> 5 
5 --> 6 
6 --> 7 
7 --> 8 
8 --> 9 
9 --> 10 
10 --> 11 
11 --> 12 
12 --> 13 
13 --> 

* FSM state operations: 

State 1 <SV = 0> <Delay = 6.62>
ST_1 : Operation 16 [1/1] (0.00ns)   --->   "%output_col = alloca i32 1"   --->   Operation 16 'alloca' 'output_col' <Predicate = true> <Delay = 0.00>
ST_1 : Operation 17 [1/1] (0.00ns)   --->   "%output_row = alloca i32 1"   --->   Operation 17 'alloca' 'output_row' <Predicate = true> <Delay = 0.00>
ST_1 : Operation 18 [1/1] (0.00ns)   --->   "%indvar_flatten127 = alloca i32 1"   --->   Operation 18 'alloca' 'indvar_flatten127' <Predicate = true> <Delay = 0.00>
ST_1 : Operation 19 [1/1] (0.00ns)   --->   "%channel = alloca i32 1"   --->   Operation 19 'alloca' 'channel' <Predicate = true> <Delay = 0.00>
ST_1 : Operation 20 [1/1] (0.00ns)   --->   "%indvar_flatten183 = alloca i32 1"   --->   Operation 20 'alloca' 'indvar_flatten183' <Predicate = true> <Delay = 0.00>
ST_1 : Operation 21 [1/1] (1.58ns)   --->   "%store_ln0 = store i9 0, i9 %indvar_flatten183"   --->   Operation 21 'store' 'store_ln0' <Predicate = true> <Delay = 1.58>
ST_1 : Operation 22 [1/1] (1.58ns)   --->   "%store_ln0 = store i5 0, i5 %channel"   --->   Operation 22 'store' 'store_ln0' <Predicate = true> <Delay = 1.58>
ST_1 : Operation 23 [1/1] (1.58ns)   --->   "%store_ln0 = store i6 0, i6 %indvar_flatten127"   --->   Operation 23 'store' 'store_ln0' <Predicate = true> <Delay = 1.58>
ST_1 : Operation 24 [1/1] (1.58ns)   --->   "%store_ln0 = store i3 0, i3 %output_row"   --->   Operation 24 'store' 'store_ln0' <Predicate = true> <Delay = 1.58>
ST_1 : Operation 25 [1/1] (1.58ns)   --->   "%store_ln0 = store i3 0, i3 %output_col"   --->   Operation 25 'store' 'store_ln0' <Predicate = true> <Delay = 1.58>
ST_1 : Operation 26 [1/1] (0.00ns)   --->   "%br_ln0 = br void %POOL_KERNEL_ROW.i81"   --->   Operation 26 'br' 'br_ln0' <Predicate = true> <Delay = 0.00>
ST_1 : Operation 27 [1/1] (0.00ns)   --->   "%output_row_1 = load i3 %output_row" [../member_c_conv_hls/src/lenet_conv.cpp:93]   --->   Operation 27 'load' 'output_row_1' <Predicate = true> <Delay = 0.00>
ST_1 : Operation 28 [1/1] (0.00ns)   --->   "%indvar_flatten183_load = load i9 %indvar_flatten183" [../member_c_conv_hls/src/lenet_conv.cpp:91]   --->   Operation 28 'load' 'indvar_flatten183_load' <Predicate = true> <Delay = 0.00>
ST_1 : Operation 29 [1/1] (1.66ns)   --->   "%icmp_ln91 = icmp_eq  i9 %indvar_flatten183_load, i9 400" [../member_c_conv_hls/src/lenet_conv.cpp:91]   --->   Operation 29 'icmp' 'icmp_ln91' <Predicate = true> <Delay = 1.66> <CoreInst = "Cmp">   --->   Core 9 'Cmp' <Latency = 0> <II = 1> <Delay = 1.66> <FuncUnit> <Opcode : 'icmp'> <InPorts = 2> <OutPorts = 1>
ST_1 : Operation 30 [1/1] (1.82ns)   --->   "%add_ln91_1 = add i9 %indvar_flatten183_load, i9 1" [../member_c_conv_hls/src/lenet_conv.cpp:91]   --->   Operation 30 'add' 'add_ln91_1' <Predicate = true> <Delay = 1.82> <CoreInst = "Adder">   --->   Core 1 'Adder' <Latency = 0> <II = 1> <Delay = 1.82> <FuncUnit> <Opcode : 'add' 'sub'> <InPorts = 2> <OutPorts = 1>
ST_1 : Operation 31 [1/1] (0.00ns)   --->   "%br_ln91 = br i1 %icmp_ln91, void %for.inc39.i113, void %_ZN5lenet12_GLOBAL__N_116relu_maxpool_2x2ILi16ELi10ELi10EEEvPKfPf.exit.exitStub" [../member_c_conv_hls/src/lenet_conv.cpp:91]   --->   Operation 31 'br' 'br_ln91' <Predicate = true> <Delay = 0.00>
ST_1 : Operation 32 [1/1] (0.00ns)   --->   "%output_col_load = load i3 %output_col" [../member_c_conv_hls/src/lenet_conv.cpp:95]   --->   Operation 32 'load' 'output_col_load' <Predicate = (!icmp_ln91)> <Delay = 0.00>
ST_1 : Operation 33 [1/1] (0.00ns)   --->   "%indvar_flatten127_load = load i6 %indvar_flatten127" [../member_c_conv_hls/src/lenet_conv.cpp:93]   --->   Operation 33 'load' 'indvar_flatten127_load' <Predicate = (!icmp_ln91)> <Delay = 0.00>
ST_1 : Operation 34 [1/1] (1.42ns)   --->   "%icmp_ln93 = icmp_eq  i6 %indvar_flatten127_load, i6 25" [../member_c_conv_hls/src/lenet_conv.cpp:93]   --->   Operation 34 'icmp' 'icmp_ln93' <Predicate = (!icmp_ln91)> <Delay = 1.42> <CoreInst = "Cmp">   --->   Core 9 'Cmp' <Latency = 0> <II = 1> <Delay = 1.42> <FuncUnit> <Opcode : 'icmp'> <InPorts = 2> <OutPorts = 1>
ST_1 : Operation 35 [1/1] (0.98ns)   --->   "%select_ln91 = select i1 %icmp_ln93, i3 0, i3 %output_row_1" [../member_c_conv_hls/src/lenet_conv.cpp:91]   --->   Operation 35 'select' 'select_ln91' <Predicate = (!icmp_ln91)> <Delay = 0.98> <CoreInst = "Sel">   --->   Core 73 'Sel' <Latency = 0> <II = 1> <Delay = 0.98> <FuncUnit> <Opcode : 'select'> <InPorts = 3> <OutPorts = 1>
ST_1 : Operation 36 [1/1] (0.00ns) (grouped into LUT with out node and_ln91)   --->   "%xor_ln91 = xor i1 %icmp_ln93, i1 1" [../member_c_conv_hls/src/lenet_conv.cpp:91]   --->   Operation 36 'xor' 'xor_ln91' <Predicate = (!icmp_ln91)> <Delay = 0.00> <CoreInst = "LogicGate">   --->   Core 74 'LogicGate' <Latency = 0> <II = 1> <Delay = 0.97> <FuncUnit> <Opcode : 'and' 'or' 'xor'> <InPorts = 2> <OutPorts = 1>
ST_1 : Operation 37 [1/1] (1.13ns)   --->   "%icmp_ln95 = icmp_eq  i3 %output_col_load, i3 5" [../member_c_conv_hls/src/lenet_conv.cpp:95]   --->   Operation 37 'icmp' 'icmp_ln95' <Predicate = (!icmp_ln91)> <Delay = 1.13> <CoreInst = "Cmp">   --->   Core 9 'Cmp' <Latency = 0> <II = 1> <Delay = 1.13> <FuncUnit> <Opcode : 'icmp'> <InPorts = 2> <OutPorts = 1>
ST_1 : Operation 38 [1/1] (0.97ns) (out node of the LUT)   --->   "%and_ln91 = and i1 %icmp_ln95, i1 %xor_ln91" [../member_c_conv_hls/src/lenet_conv.cpp:91]   --->   Operation 38 'and' 'and_ln91' <Predicate = (!icmp_ln91)> <Delay = 0.97> <CoreInst = "LogicGate">   --->   Core 74 'LogicGate' <Latency = 0> <II = 1> <Delay = 0.97> <FuncUnit> <Opcode : 'and' 'or' 'xor'> <InPorts = 2> <OutPorts = 1>
ST_1 : Operation 39 [1/1] (1.65ns)   --->   "%add_ln93 = add i3 %select_ln91, i3 1" [../member_c_conv_hls/src/lenet_conv.cpp:93]   --->   Operation 39 'add' 'add_ln93' <Predicate = (!icmp_ln91)> <Delay = 1.65> <CoreInst = "Adder">   --->   Core 1 'Adder' <Latency = 0> <II = 1> <Delay = 1.65> <FuncUnit> <Opcode : 'add' 'sub'> <InPorts = 2> <OutPorts = 1>
ST_1 : Operation 40 [1/1] (0.00ns) (grouped into LUT with out node select_ln93)   --->   "%or_ln93 = or i1 %and_ln91, i1 %icmp_ln93" [../member_c_conv_hls/src/lenet_conv.cpp:93]   --->   Operation 40 'or' 'or_ln93' <Predicate = (!icmp_ln91)> <Delay = 0.00> <CoreInst = "LogicGate">   --->   Core 74 'LogicGate' <Latency = 0> <II = 1> <Delay = 0.97> <FuncUnit> <Opcode : 'and' 'or' 'xor'> <InPorts = 2> <OutPorts = 1>
ST_1 : Operation 41 [1/1] (0.98ns) (out node of the LUT)   --->   "%select_ln93 = select i1 %or_ln93, i3 0, i3 %output_col_load" [../member_c_conv_hls/src/lenet_conv.cpp:93]   --->   Operation 41 'select' 'select_ln93' <Predicate = (!icmp_ln91)> <Delay = 0.98> <CoreInst = "Sel">   --->   Core 73 'Sel' <Latency = 0> <II = 1> <Delay = 0.98> <FuncUnit> <Opcode : 'select'> <InPorts = 3> <OutPorts = 1>
ST_1 : Operation 42 [1/1] (0.98ns)   --->   "%select_ln93_3 = select i1 %and_ln91, i3 %add_ln93, i3 %select_ln91" [../member_c_conv_hls/src/lenet_conv.cpp:93]   --->   Operation 42 'select' 'select_ln93_3' <Predicate = (!icmp_ln91)> <Delay = 0.98> <CoreInst = "Sel">   --->   Core 73 'Sel' <Latency = 0> <II = 1> <Delay = 0.98> <FuncUnit> <Opcode : 'select'> <InPorts = 3> <OutPorts = 1>
ST_1 : Operation 43 [1/1] (1.65ns)   --->   "%add_ln95 = add i3 %select_ln93, i3 1" [../member_c_conv_hls/src/lenet_conv.cpp:95]   --->   Operation 43 'add' 'add_ln95' <Predicate = (!icmp_ln91)> <Delay = 1.65> <CoreInst = "Adder">   --->   Core 1 'Adder' <Latency = 0> <II = 1> <Delay = 1.65> <FuncUnit> <Opcode : 'add' 'sub'> <InPorts = 2> <OutPorts = 1>
ST_1 : Operation 44 [1/1] (1.82ns)   --->   "%add_ln93_1 = add i6 %indvar_flatten127_load, i6 1" [../member_c_conv_hls/src/lenet_conv.cpp:93]   --->   Operation 44 'add' 'add_ln93_1' <Predicate = (!icmp_ln91)> <Delay = 1.82> <CoreInst = "Adder">   --->   Core 1 'Adder' <Latency = 0> <II = 1> <Delay = 1.82> <FuncUnit> <Opcode : 'add' 'sub'> <InPorts = 2> <OutPorts = 1>
ST_1 : Operation 45 [1/1] (1.18ns)   --->   "%select_ln93_4 = select i1 %icmp_ln93, i6 1, i6 %add_ln93_1" [../member_c_conv_hls/src/lenet_conv.cpp:93]   --->   Operation 45 'select' 'select_ln93_4' <Predicate = (!icmp_ln91)> <Delay = 1.18> <CoreInst = "Sel">   --->   Core 73 'Sel' <Latency = 0> <II = 1> <Delay = 1.18> <FuncUnit> <Opcode : 'select'> <InPorts = 3> <OutPorts = 1>
ST_1 : Operation 46 [1/1] (1.58ns)   --->   "%store_ln95 = store i9 %add_ln91_1, i9 %indvar_flatten183" [../member_c_conv_hls/src/lenet_conv.cpp:95]   --->   Operation 46 'store' 'store_ln95' <Predicate = (!icmp_ln91)> <Delay = 1.58>
ST_1 : Operation 47 [1/1] (1.58ns)   --->   "%store_ln95 = store i6 %select_ln93_4, i6 %indvar_flatten127" [../member_c_conv_hls/src/lenet_conv.cpp:95]   --->   Operation 47 'store' 'store_ln95' <Predicate = (!icmp_ln91)> <Delay = 1.58>
ST_1 : Operation 48 [1/1] (1.58ns)   --->   "%store_ln95 = store i3 %select_ln93_3, i3 %output_row" [../member_c_conv_hls/src/lenet_conv.cpp:95]   --->   Operation 48 'store' 'store_ln95' <Predicate = (!icmp_ln91)> <Delay = 1.58>
ST_1 : Operation 49 [1/1] (1.58ns)   --->   "%store_ln95 = store i3 %add_ln95, i3 %output_col" [../member_c_conv_hls/src/lenet_conv.cpp:95]   --->   Operation 49 'store' 'store_ln95' <Predicate = (!icmp_ln91)> <Delay = 1.58>

State 2 <SV = 1> <Delay = 6.67>
ST_2 : Operation 50 [1/1] (0.00ns)   --->   "%channel_1 = load i5 %channel"   --->   Operation 50 'load' 'channel_1' <Predicate = true> <Delay = 0.00>
ST_2 : Operation 51 [1/1] (0.00ns)   --->   "%empty = trunc i5 %channel_1"   --->   Operation 51 'trunc' 'empty' <Predicate = true> <Delay = 0.00>
ST_2 : Operation 52 [1/1] (0.00ns)   --->   "%p_shl = bitconcatenate i7 @_ssdm_op_BitConcatenate.i7.i4.i3, i4 %empty, i3 0"   --->   Operation 52 'bitconcatenate' 'p_shl' <Predicate = true> <Delay = 0.00>
ST_2 : Operation 53 [1/1] (0.00ns)   --->   "%p_shl25_cast = zext i7 %p_shl"   --->   Operation 53 'zext' 'p_shl25_cast' <Predicate = (!icmp_ln93 & !and_ln91)> <Delay = 0.00>
ST_2 : Operation 54 [1/1] (0.00ns)   --->   "%empty_29 = shl i5 %channel_1, i5 1"   --->   Operation 54 'shl' 'empty_29' <Predicate = true> <Delay = 0.00>
ST_2 : Operation 55 [1/1] (0.00ns)   --->   "%p_shl26_cast = zext i5 %empty_29"   --->   Operation 55 'zext' 'p_shl26_cast' <Predicate = (!icmp_ln93 & !and_ln91)> <Delay = 0.00>
ST_2 : Operation 56 [1/1] (0.00ns)   --->   "%zext_ln93_1 = zext i3 %output_row_1" [../member_c_conv_hls/src/lenet_conv.cpp:93]   --->   Operation 56 'zext' 'zext_ln93_1' <Predicate = (!icmp_ln93 & !and_ln91)> <Delay = 0.00>
ST_2 : Operation 57 [1/1] (0.00ns)   --->   "%tmp_s = bitconcatenate i4 @_ssdm_op_BitConcatenate.i4.i3.i1, i3 %output_row_1, i1 0" [../member_c_conv_hls/src/lenet_conv.cpp:93]   --->   Operation 57 'bitconcatenate' 'tmp_s' <Predicate = (!icmp_ln93 & !and_ln91)> <Delay = 0.00>
ST_2 : Operation 58 [1/1] (0.00ns)   --->   "%p_cast38 = zext i4 %tmp_s" [../member_c_conv_hls/src/lenet_conv.cpp:93]   --->   Operation 58 'zext' 'p_cast38' <Predicate = (!icmp_ln93 & !and_ln91)> <Delay = 0.00>
ST_2 : Operation 59 [1/1] (1.78ns)   --->   "%tmp3 = add i5 %channel_1, i5 %zext_ln93_1" [../member_c_conv_hls/src/lenet_conv.cpp:93]   --->   Operation 59 'add' 'tmp3' <Predicate = (!icmp_ln93 & !and_ln91)> <Delay = 1.78> <CoreInst = "Adder">   --->   Core 1 'Adder' <Latency = 0> <II = 1> <Delay = 1.78> <FuncUnit> <Opcode : 'add' 'sub'> <InPorts = 2> <OutPorts = 1>
ST_2 : Operation 60 [1/1] (1.78ns)   --->   "%tmp4 = add i6 %p_shl26_cast, i6 %p_cast38" [../member_c_conv_hls/src/lenet_conv.cpp:93]   --->   Operation 60 'add' 'tmp4' <Predicate = (!icmp_ln93 & !and_ln91)> <Delay = 1.78> <CoreInst = "Adder">   --->   Core 1 'Adder' <Latency = 0> <II = 1> <Delay = 1.78> <FuncUnit> <Opcode : 'add' 'sub'> <InPorts = 2> <OutPorts = 1>
ST_2 : Operation 61 [1/1] (0.00ns)   --->   "%tmp4_cast = zext i6 %tmp4" [../member_c_conv_hls/src/lenet_conv.cpp:93]   --->   Operation 61 'zext' 'tmp4_cast' <Predicate = (!icmp_ln93 & !and_ln91)> <Delay = 0.00>
ST_2 : Operation 62 [1/1] (1.87ns)   --->   "%empty_31 = add i8 %tmp4_cast, i8 %p_shl25_cast" [../member_c_conv_hls/src/lenet_conv.cpp:93]   --->   Operation 62 'add' 'empty_31' <Predicate = (!icmp_ln93 & !and_ln91)> <Delay = 1.87> <CoreInst = "Adder">   --->   Core 1 'Adder' <Latency = 0> <II = 1> <Delay = 1.87> <FuncUnit> <Opcode : 'add' 'sub'> <InPorts = 2> <OutPorts = 1>
ST_2 : Operation 63 [1/1] (1.78ns)   --->   "%add_ln91 = add i5 %channel_1, i5 1" [../member_c_conv_hls/src/lenet_conv.cpp:91]   --->   Operation 63 'add' 'add_ln91' <Predicate = true> <Delay = 1.78> <CoreInst = "Adder">   --->   Core 1 'Adder' <Latency = 0> <II = 1> <Delay = 1.78> <FuncUnit> <Opcode : 'add' 'sub'> <InPorts = 2> <OutPorts = 1>
ST_2 : Operation 64 [1/1] (0.00ns)   --->   "%empty_33 = trunc i5 %add_ln91" [../member_c_conv_hls/src/lenet_conv.cpp:91]   --->   Operation 64 'trunc' 'empty_33' <Predicate = (!icmp_ln91)> <Delay = 0.00>
ST_2 : Operation 65 [1/1] (0.00ns)   --->   "%p_shl25_mid1 = bitconcatenate i7 @_ssdm_op_BitConcatenate.i7.i4.i3, i4 %empty_33, i3 0" [../member_c_conv_hls/src/lenet_conv.cpp:91]   --->   Operation 65 'bitconcatenate' 'p_shl25_mid1' <Predicate = (!icmp_ln91)> <Delay = 0.00>
ST_2 : Operation 66 [1/1] (0.00ns)   --->   "%p_shl25_cast_mid1 = zext i7 %p_shl25_mid1" [../member_c_conv_hls/src/lenet_conv.cpp:91]   --->   Operation 66 'zext' 'p_shl25_cast_mid1' <Predicate = (!icmp_ln91 & icmp_ln93 & !and_ln91)> <Delay = 0.00>
ST_2 : Operation 67 [1/1] (0.00ns) (grouped into LUT with out node p_mid1123)   --->   "%select_ln91_1 = select i1 %icmp_ln93, i7 %p_shl25_mid1, i7 %p_shl" [../member_c_conv_hls/src/lenet_conv.cpp:91]   --->   Operation 67 'select' 'select_ln91_1' <Predicate = (!icmp_ln91 & and_ln91)> <Delay = 0.00> <CoreInst = "Sel">   --->   Core 73 'Sel' <Latency = 0> <II = 1> <Delay = 0.99> <FuncUnit> <Opcode : 'select'> <InPorts = 3> <OutPorts = 1>
ST_2 : Operation 68 [1/1] (0.00ns) (grouped into LUT with out node p_mid1123)   --->   "%zext_ln91_1 = zext i7 %select_ln91_1" [../member_c_conv_hls/src/lenet_conv.cpp:91]   --->   Operation 68 'zext' 'zext_ln91_1' <Predicate = (!icmp_ln91 & and_ln91)> <Delay = 0.00>
ST_2 : Operation 69 [1/1] (0.00ns)   --->   "%empty_34 = shl i5 %add_ln91, i5 1" [../member_c_conv_hls/src/lenet_conv.cpp:91]   --->   Operation 69 'shl' 'empty_34' <Predicate = (!icmp_ln91)> <Delay = 0.00>
ST_2 : Operation 70 [1/1] (0.00ns) (grouped into LUT with out node tmp4_mid1)   --->   "%select_ln91_2 = select i1 %icmp_ln93, i5 %empty_34, i5 %empty_29" [../member_c_conv_hls/src/lenet_conv.cpp:91]   --->   Operation 70 'select' 'select_ln91_2' <Predicate = (!icmp_ln91 & and_ln91)> <Delay = 0.00> <CoreInst = "Sel">   --->   Core 73 'Sel' <Latency = 0> <II = 1> <Delay = 1.21> <FuncUnit> <Opcode : 'select'> <InPorts = 3> <OutPorts = 1>
ST_2 : Operation 71 [1/1] (0.00ns) (grouped into LUT with out node tmp4_mid1)   --->   "%zext_ln91_2 = zext i5 %select_ln91_2" [../member_c_conv_hls/src/lenet_conv.cpp:91]   --->   Operation 71 'zext' 'zext_ln91_2' <Predicate = (!icmp_ln91 & and_ln91)> <Delay = 0.00>
ST_2 : Operation 72 [1/1] (0.00ns)   --->   "%tmp4_cast_mid1157 = zext i5 %empty_34" [../member_c_conv_hls/src/lenet_conv.cpp:91]   --->   Operation 72 'zext' 'tmp4_cast_mid1157' <Predicate = (!icmp_ln91 & icmp_ln93 & !and_ln91)> <Delay = 0.00>
ST_2 : Operation 73 [1/1] (1.87ns)   --->   "%p_mid1159 = add i8 %tmp4_cast_mid1157, i8 %p_shl25_cast_mid1" [../member_c_conv_hls/src/lenet_conv.cpp:91]   --->   Operation 73 'add' 'p_mid1159' <Predicate = (!icmp_ln91 & icmp_ln93 & !and_ln91)> <Delay = 1.87> <CoreInst = "Adder">   --->   Core 1 'Adder' <Latency = 0> <II = 1> <Delay = 1.87> <FuncUnit> <Opcode : 'add' 'sub'> <InPorts = 2> <OutPorts = 1>
ST_2 : Operation 74 [1/1] (0.00ns) (grouped into LUT with out node select_ln93_2)   --->   "%select_ln91_5 = select i1 %icmp_ln93, i8 %p_mid1159, i8 %empty_31" [../member_c_conv_hls/src/lenet_conv.cpp:91]   --->   Operation 74 'select' 'select_ln91_5' <Predicate = (!icmp_ln91 & !and_ln91)> <Delay = 0.00> <CoreInst = "Sel">   --->   Core 73 'Sel' <Latency = 0> <II = 1> <Delay = 1.24> <FuncUnit> <Opcode : 'select'> <InPorts = 3> <OutPorts = 1>
ST_2 : Operation 75 [1/1] (1.21ns)   --->   "%select_ln91_6 = select i1 %icmp_ln93, i5 %add_ln91, i5 %channel_1" [../member_c_conv_hls/src/lenet_conv.cpp:91]   --->   Operation 75 'select' 'select_ln91_6' <Predicate = (!icmp_ln91)> <Delay = 1.21> <CoreInst = "Sel">   --->   Core 73 'Sel' <Latency = 0> <II = 1> <Delay = 1.21> <FuncUnit> <Opcode : 'select'> <InPorts = 3> <OutPorts = 1>
ST_2 : Operation 76 [1/1] (0.00ns)   --->   "%zext_ln93_3 = zext i3 %add_ln93" [../member_c_conv_hls/src/lenet_conv.cpp:93]   --->   Operation 76 'zext' 'zext_ln93_3' <Predicate = (!icmp_ln91 & and_ln91)> <Delay = 0.00>
ST_2 : Operation 77 [1/1] (0.00ns) (grouped into LUT with out node tmp4_mid1)   --->   "%p_mid2 = bitconcatenate i4 @_ssdm_op_BitConcatenate.i4.i3.i1, i3 %add_ln93, i1 0" [../member_c_conv_hls/src/lenet_conv.cpp:93]   --->   Operation 77 'bitconcatenate' 'p_mid2' <Predicate = (!icmp_ln91 & and_ln91)> <Delay = 0.00>
ST_2 : Operation 78 [1/1] (0.00ns) (grouped into LUT with out node tmp4_mid1)   --->   "%p_cast38_mid1 = zext i4 %p_mid2" [../member_c_conv_hls/src/lenet_conv.cpp:93]   --->   Operation 78 'zext' 'p_cast38_mid1' <Predicate = (!icmp_ln91 & and_ln91)> <Delay = 0.00>
ST_2 : Operation 79 [1/1] (1.78ns)   --->   "%tmp3_mid1 = add i5 %select_ln91_6, i5 %zext_ln93_3" [../member_c_conv_hls/src/lenet_conv.cpp:91]   --->   Operation 79 'add' 'tmp3_mid1' <Predicate = (!icmp_ln91 & and_ln91)> <Delay = 1.78> <CoreInst = "Adder">   --->   Core 1 'Adder' <Latency = 0> <II = 1> <Delay = 1.78> <FuncUnit> <Opcode : 'add' 'sub'> <InPorts = 2> <OutPorts = 1>
ST_2 : Operation 80 [1/1] (1.78ns) (out node of the LUT)   --->   "%tmp4_mid1 = add i6 %zext_ln91_2, i6 %p_cast38_mid1" [../member_c_conv_hls/src/lenet_conv.cpp:91]   --->   Operation 80 'add' 'tmp4_mid1' <Predicate = (!icmp_ln91 & and_ln91)> <Delay = 1.78> <CoreInst = "Adder">   --->   Core 1 'Adder' <Latency = 0> <II = 1> <Delay = 1.78> <FuncUnit> <Opcode : 'add' 'sub'> <InPorts = 2> <OutPorts = 1>
ST_2 : Operation 81 [1/1] (0.00ns) (grouped into LUT with out node p_mid1123)   --->   "%tmp4_cast_mid1 = zext i6 %tmp4_mid1" [../member_c_conv_hls/src/lenet_conv.cpp:91]   --->   Operation 81 'zext' 'tmp4_cast_mid1' <Predicate = (!icmp_ln91 & and_ln91)> <Delay = 0.00>
ST_2 : Operation 82 [1/1] (1.87ns) (out node of the LUT)   --->   "%p_mid1123 = add i8 %tmp4_cast_mid1, i8 %zext_ln91_1" [../member_c_conv_hls/src/lenet_conv.cpp:91]   --->   Operation 82 'add' 'p_mid1123' <Predicate = (!icmp_ln91 & and_ln91)> <Delay = 1.87> <CoreInst = "Adder">   --->   Core 1 'Adder' <Latency = 0> <II = 1> <Delay = 1.87> <FuncUnit> <Opcode : 'add' 'sub'> <InPorts = 2> <OutPorts = 1>
ST_2 : Operation 83 [1/1] (1.24ns) (out node of the LUT)   --->   "%select_ln93_2 = select i1 %and_ln91, i8 %p_mid1123, i8 %select_ln91_5" [../member_c_conv_hls/src/lenet_conv.cpp:93]   --->   Operation 83 'select' 'select_ln93_2' <Predicate = (!icmp_ln91)> <Delay = 1.24> <CoreInst = "Sel">   --->   Core 73 'Sel' <Latency = 0> <II = 1> <Delay = 1.24> <FuncUnit> <Opcode : 'select'> <InPorts = 3> <OutPorts = 1>
ST_2 : Operation 84 [1/1] (1.58ns)   --->   "%store_ln95 = store i5 %select_ln91_6, i5 %channel" [../member_c_conv_hls/src/lenet_conv.cpp:95]   --->   Operation 84 'store' 'store_ln95' <Predicate = (!icmp_ln91)> <Delay = 1.58>

State 3 <SV = 2> <Delay = 6.71>
ST_3 : Operation 85 [1/1] (0.00ns)   --->   "%p_shl1 = bitconcatenate i6 @_ssdm_op_BitConcatenate.i6.i4.i2, i4 %empty, i2 0"   --->   Operation 85 'bitconcatenate' 'p_shl1' <Predicate = true> <Delay = 0.00>
ST_3 : Operation 86 [1/1] (0.00ns)   --->   "%zext_ln93 = zext i6 %p_shl1" [../member_c_conv_hls/src/lenet_conv.cpp:93]   --->   Operation 86 'zext' 'zext_ln93' <Predicate = (!icmp_ln93 & !and_ln91)> <Delay = 0.00>
ST_3 : Operation 87 [1/1] (0.00ns)   --->   "%tmp3_cast = zext i5 %tmp3" [../member_c_conv_hls/src/lenet_conv.cpp:93]   --->   Operation 87 'zext' 'tmp3_cast' <Predicate = (!icmp_ln93 & !and_ln91)> <Delay = 0.00>
ST_3 : Operation 88 [1/1] (1.82ns)   --->   "%empty_30 = add i7 %tmp3_cast, i7 %zext_ln93" [../member_c_conv_hls/src/lenet_conv.cpp:93]   --->   Operation 88 'add' 'empty_30' <Predicate = (!icmp_ln93 & !and_ln91)> <Delay = 1.82> <CoreInst = "Adder">   --->   Core 1 'Adder' <Latency = 0> <II = 1> <Delay = 1.82> <FuncUnit> <Opcode : 'add' 'sub'> <InPorts = 2> <OutPorts = 1>
ST_3 : Operation 89 [1/1] (0.00ns)   --->   "%specpipeline_ln0 = specpipeline void @_ssdm_op_SpecPipeline, i32 4294967295, i32 0, i32 1, i32 0, void @p_str"   --->   Operation 89 'specpipeline' 'specpipeline_ln0' <Predicate = true> <Delay = 0.00>
ST_3 : Operation 90 [1/1] (0.00ns)   --->   "%zext_ln91 = zext i5 %add_ln91" [../member_c_conv_hls/src/lenet_conv.cpp:91]   --->   Operation 90 'zext' 'zext_ln91' <Predicate = (!icmp_ln91 & icmp_ln93 & !and_ln91)> <Delay = 0.00>
ST_3 : Operation 91 [1/1] (0.00ns)   --->   "%p_shl24_mid1 = bitconcatenate i6 @_ssdm_op_BitConcatenate.i6.i4.i2, i4 %empty_33, i2 0" [../member_c_conv_hls/src/lenet_conv.cpp:91]   --->   Operation 91 'bitconcatenate' 'p_shl24_mid1' <Predicate = (!icmp_ln91)> <Delay = 0.00>
ST_3 : Operation 92 [1/1] (0.00ns)   --->   "%zext_ln93_2 = zext i6 %p_shl24_mid1" [../member_c_conv_hls/src/lenet_conv.cpp:93]   --->   Operation 92 'zext' 'zext_ln93_2' <Predicate = (!icmp_ln91 & icmp_ln93 & !and_ln91)> <Delay = 0.00>
ST_3 : Operation 93 [1/1] (0.00ns) (grouped into LUT with out node p_mid1121)   --->   "%select_ln91_3 = select i1 %icmp_ln93, i6 %p_shl24_mid1, i6 %p_shl1" [../member_c_conv_hls/src/lenet_conv.cpp:91]   --->   Operation 93 'select' 'select_ln91_3' <Predicate = (!icmp_ln91 & and_ln91)> <Delay = 0.00> <CoreInst = "Sel">   --->   Core 73 'Sel' <Latency = 0> <II = 1> <Delay = 1.18> <FuncUnit> <Opcode : 'select'> <InPorts = 3> <OutPorts = 1>
ST_3 : Operation 94 [1/1] (0.00ns) (grouped into LUT with out node p_mid1121)   --->   "%zext_ln91_3 = zext i6 %select_ln91_3" [../member_c_conv_hls/src/lenet_conv.cpp:91]   --->   Operation 94 'zext' 'zext_ln91_3' <Predicate = (!icmp_ln91 & and_ln91)> <Delay = 0.00>
ST_3 : Operation 95 [1/1] (1.82ns)   --->   "%p_mid1149 = add i7 %zext_ln91, i7 %zext_ln93_2" [../member_c_conv_hls/src/lenet_conv.cpp:91]   --->   Operation 95 'add' 'p_mid1149' <Predicate = (!icmp_ln91 & icmp_ln93 & !and_ln91)> <Delay = 1.82> <CoreInst = "Adder">   --->   Core 1 'Adder' <Latency = 0> <II = 1> <Delay = 1.82> <FuncUnit> <Opcode : 'add' 'sub'> <InPorts = 2> <OutPorts = 1>
ST_3 : Operation 96 [1/1] (0.00ns) (grouped into LUT with out node select_ln93_1)   --->   "%select_ln91_4 = select i1 %icmp_ln93, i7 %p_mid1149, i7 %empty_30" [../member_c_conv_hls/src/lenet_conv.cpp:91]   --->   Operation 96 'select' 'select_ln91_4' <Predicate = (!icmp_ln91 & !and_ln91)> <Delay = 0.00> <CoreInst = "Sel">   --->   Core 73 'Sel' <Latency = 0> <II = 1> <Delay = 0.99> <FuncUnit> <Opcode : 'select'> <InPorts = 3> <OutPorts = 1>
ST_3 : Operation 97 [1/1] (0.00ns) (grouped into LUT with out node p_mid1121)   --->   "%tmp3_cast_mid1 = zext i5 %tmp3_mid1" [../member_c_conv_hls/src/lenet_conv.cpp:91]   --->   Operation 97 'zext' 'tmp3_cast_mid1' <Predicate = (!icmp_ln91 & and_ln91)> <Delay = 0.00>
ST_3 : Operation 98 [1/1] (1.82ns) (out node of the LUT)   --->   "%p_mid1121 = add i7 %tmp3_cast_mid1, i7 %zext_ln91_3" [../member_c_conv_hls/src/lenet_conv.cpp:91]   --->   Operation 98 'add' 'p_mid1121' <Predicate = (!icmp_ln91 & and_ln91)> <Delay = 1.82> <CoreInst = "Adder">   --->   Core 1 'Adder' <Latency = 0> <II = 1> <Delay = 1.82> <FuncUnit> <Opcode : 'add' 'sub'> <InPorts = 2> <OutPorts = 1>
ST_3 : Operation 99 [1/1] (0.99ns) (out node of the LUT)   --->   "%select_ln93_1 = select i1 %and_ln91, i7 %p_mid1121, i7 %select_ln91_4" [../member_c_conv_hls/src/lenet_conv.cpp:93]   --->   Operation 99 'select' 'select_ln93_1' <Predicate = (!icmp_ln91)> <Delay = 0.99> <CoreInst = "Sel">   --->   Core 73 'Sel' <Latency = 0> <II = 1> <Delay = 0.99> <FuncUnit> <Opcode : 'select'> <InPorts = 3> <OutPorts = 1>
ST_3 : Operation 100 [1/1] (0.00ns)   --->   "%p_shl27_mid2 = bitconcatenate i9 @_ssdm_op_BitConcatenate.i9.i7.i2, i7 %select_ln93_1, i2 0" [../member_c_conv_hls/src/lenet_conv.cpp:93]   --->   Operation 100 'bitconcatenate' 'p_shl27_mid2' <Predicate = (!icmp_ln91)> <Delay = 0.00>
ST_3 : Operation 101 [1/1] (0.00ns)   --->   "%p_shl28_0_mid2 = bitconcatenate i11 @_ssdm_op_BitConcatenate.i11.i8.i3, i8 %select_ln93_2, i3 0" [../member_c_conv_hls/src/lenet_conv.cpp:93]   --->   Operation 101 'bitconcatenate' 'p_shl28_0_mid2' <Predicate = (!icmp_ln91)> <Delay = 0.00>
ST_3 : Operation 102 [1/1] (0.00ns)   --->   "%p_shl29_0_mid2 = bitconcatenate i9 @_ssdm_op_BitConcatenate.i9.i8.i1, i8 %select_ln93_2, i1 0" [../member_c_conv_hls/src/lenet_conv.cpp:93]   --->   Operation 102 'bitconcatenate' 'p_shl29_0_mid2' <Predicate = (!icmp_ln91)> <Delay = 0.00>
ST_3 : Operation 103 [1/1] (0.00ns)   --->   "%or_ln93_1 = or i8 %select_ln93_2, i8 1" [../member_c_conv_hls/src/lenet_conv.cpp:93]   --->   Operation 103 'or' 'or_ln93_1' <Predicate = (!icmp_ln91)> <Delay = 0.00>
ST_3 : Operation 104 [1/1] (0.00ns)   --->   "%p_shl28_1_mid2 = bitconcatenate i11 @_ssdm_op_BitConcatenate.i11.i8.i3, i8 %or_ln93_1, i3 0" [../member_c_conv_hls/src/lenet_conv.cpp:93]   --->   Operation 104 'bitconcatenate' 'p_shl28_1_mid2' <Predicate = (!icmp_ln91)> <Delay = 0.00>
ST_3 : Operation 105 [1/1] (0.00ns)   --->   "%zext_ln95_mid2_v = bitconcatenate i9 @_ssdm_op_BitConcatenate.i9.i8.i1, i8 %or_ln93_1, i1 0" [../member_c_conv_hls/src/lenet_conv.cpp:93]   --->   Operation 105 'bitconcatenate' 'zext_ln95_mid2_v' <Predicate = (!icmp_ln91)> <Delay = 0.00>
ST_3 : Operation 106 [1/1] (0.00ns)   --->   "%zext_ln93_4 = zext i9 %zext_ln95_mid2_v" [../member_c_conv_hls/src/lenet_conv.cpp:93]   --->   Operation 106 'zext' 'zext_ln93_4' <Predicate = (!icmp_ln91)> <Delay = 0.00>
ST_3 : Operation 107 [1/1] (0.00ns)   --->   "%output_col_2_cast51 = zext i3 %select_ln93" [../member_c_conv_hls/src/lenet_conv.cpp:93]   --->   Operation 107 'zext' 'output_col_2_cast51' <Predicate = (!icmp_ln91)> <Delay = 0.00>
ST_3 : Operation 108 [1/1] (0.00ns)   --->   "%tmp_3 = bitconcatenate i4 @_ssdm_op_BitConcatenate.i4.i3.i1, i3 %select_ln93, i1 0" [../member_c_conv_hls/src/lenet_conv.cpp:93]   --->   Operation 108 'bitconcatenate' 'tmp_3' <Predicate = (!icmp_ln91)> <Delay = 0.00>
ST_3 : Operation 109 [1/1] (0.00ns)   --->   "%zext_ln105 = zext i4 %tmp_3" [../member_c_conv_hls/src/lenet_conv.cpp:105]   --->   Operation 109 'zext' 'zext_ln105' <Predicate = (!icmp_ln91)> <Delay = 0.00>
ST_3 : Operation 110 [1/1] (0.00ns)   --->   "%zext_ln105_1 = zext i4 %tmp_3" [../member_c_conv_hls/src/lenet_conv.cpp:105]   --->   Operation 110 'zext' 'zext_ln105_1' <Predicate = (!icmp_ln91)> <Delay = 0.00>
ST_3 : Operation 111 [1/1] (1.82ns)   --->   "%add_ln105 = add i9 %p_shl29_0_mid2, i9 %zext_ln105_1" [../member_c_conv_hls/src/lenet_conv.cpp:105]   --->   Operation 111 'add' 'add_ln105' <Predicate = (!icmp_ln91)> <Delay = 1.82> <CoreInst = "Adder">   --->   Core 1 'Adder' <Latency = 0> <II = 1> <Delay = 1.82> <FuncUnit> <Opcode : 'add' 'sub'> <InPorts = 2> <OutPorts = 1>
ST_3 : Operation 112 [1/1] (0.00ns)   --->   "%zext_ln105_2 = zext i9 %add_ln105" [../member_c_conv_hls/src/lenet_conv.cpp:105]   --->   Operation 112 'zext' 'zext_ln105_2' <Predicate = (!icmp_ln91)> <Delay = 0.00>
ST_3 : Operation 113 [1/1] (1.63ns)   --->   "%add_ln105_1 = add i11 %zext_ln105_2, i11 %p_shl28_0_mid2" [../member_c_conv_hls/src/lenet_conv.cpp:105]   --->   Operation 113 'add' 'add_ln105_1' <Predicate = (!icmp_ln91)> <Delay = 1.63> <CoreInst = "Adder">   --->   Core 1 'Adder' <Latency = 0> <II = 1> <Delay = 1.63> <FuncUnit> <Opcode : 'add' 'sub'> <InPorts = 2> <OutPorts = 1>
ST_3 : Operation 114 [1/1] (0.00ns)   --->   "%zext_ln106 = zext i11 %add_ln105_1" [../member_c_conv_hls/src/lenet_conv.cpp:106]   --->   Operation 114 'zext' 'zext_ln106' <Predicate = (!icmp_ln91)> <Delay = 0.00>
ST_3 : Operation 115 [1/1] (0.00ns)   --->   "%conv2_output_addr = getelementptr i32 %conv2_output, i64 0, i64 %zext_ln106" [../member_c_conv_hls/src/lenet_conv.cpp:106]   --->   Operation 115 'getelementptr' 'conv2_output_addr' <Predicate = (!icmp_ln91)> <Delay = 0.00>
ST_3 : Operation 116 [2/2] (3.25ns)   --->   "%conv2_output_load = load i11 %conv2_output_addr" [../member_c_conv_hls/src/lenet_conv.cpp:106]   --->   Operation 116 'load' 'conv2_output_load' <Predicate = (!icmp_ln91)> <Delay = 3.25> <CoreInst = "RAM_1WnR">   --->   Core 83 'RAM_1WnR' <Latency = 1> <II = 1> <Delay = 3.25> <Storage> <Opcode : 'load' 'store'> <Ports = 17> <Width = 32> <Depth = 1600> <RAM>
ST_3 : Operation 117 [1/1] (0.00ns)   --->   "%or_ln105 = or i11 %add_ln105_1, i11 1" [../member_c_conv_hls/src/lenet_conv.cpp:105]   --->   Operation 117 'or' 'or_ln105' <Predicate = (!icmp_ln91)> <Delay = 0.00>
ST_3 : Operation 118 [1/1] (0.00ns)   --->   "%zext_ln106_1 = zext i11 %or_ln105" [../member_c_conv_hls/src/lenet_conv.cpp:106]   --->   Operation 118 'zext' 'zext_ln106_1' <Predicate = (!icmp_ln91)> <Delay = 0.00>
ST_3 : Operation 119 [1/1] (0.00ns)   --->   "%conv2_output_addr_1 = getelementptr i32 %conv2_output, i64 0, i64 %zext_ln106_1" [../member_c_conv_hls/src/lenet_conv.cpp:106]   --->   Operation 119 'getelementptr' 'conv2_output_addr_1' <Predicate = (!icmp_ln91)> <Delay = 0.00>
ST_3 : Operation 120 [2/2] (3.25ns)   --->   "%conv2_output_load_1 = load i11 %conv2_output_addr_1" [../member_c_conv_hls/src/lenet_conv.cpp:106]   --->   Operation 120 'load' 'conv2_output_load_1' <Predicate = (!icmp_ln91)> <Delay = 3.25> <CoreInst = "RAM_1WnR">   --->   Core 83 'RAM_1WnR' <Latency = 1> <II = 1> <Delay = 3.25> <Storage> <Opcode : 'load' 'store'> <Ports = 17> <Width = 32> <Depth = 1600> <RAM>
ST_3 : Operation 121 [1/1] (1.82ns)   --->   "%add_ln105_2 = add i10 %zext_ln93_4, i10 %zext_ln105" [../member_c_conv_hls/src/lenet_conv.cpp:105]   --->   Operation 121 'add' 'add_ln105_2' <Predicate = (!icmp_ln91)> <Delay = 1.82> <CoreInst = "Adder">   --->   Core 1 'Adder' <Latency = 0> <II = 1> <Delay = 1.82> <FuncUnit> <Opcode : 'add' 'sub'> <InPorts = 2> <OutPorts = 1>
ST_3 : Operation 122 [1/1] (0.00ns)   --->   "%zext_ln105_3 = zext i10 %add_ln105_2" [../member_c_conv_hls/src/lenet_conv.cpp:105]   --->   Operation 122 'zext' 'zext_ln105_3' <Predicate = (!icmp_ln91)> <Delay = 0.00>
ST_3 : Operation 123 [1/1] (1.63ns)   --->   "%add_ln105_3 = add i11 %zext_ln105_3, i11 %p_shl28_1_mid2" [../member_c_conv_hls/src/lenet_conv.cpp:105]   --->   Operation 123 'add' 'add_ln105_3' <Predicate = (!icmp_ln91)> <Delay = 1.63> <CoreInst = "Adder">   --->   Core 1 'Adder' <Latency = 0> <II = 1> <Delay = 1.63> <FuncUnit> <Opcode : 'add' 'sub'> <InPorts = 2> <OutPorts = 1>
ST_3 : Operation 124 [1/1] (0.00ns)   --->   "%zext_ln106_2 = zext i11 %add_ln105_3" [../member_c_conv_hls/src/lenet_conv.cpp:106]   --->   Operation 124 'zext' 'zext_ln106_2' <Predicate = (!icmp_ln91)> <Delay = 0.00>
ST_3 : Operation 125 [1/1] (0.00ns)   --->   "%conv2_output_addr_2 = getelementptr i32 %conv2_output, i64 0, i64 %zext_ln106_2" [../member_c_conv_hls/src/lenet_conv.cpp:106]   --->   Operation 125 'getelementptr' 'conv2_output_addr_2' <Predicate = (!icmp_ln91)> <Delay = 0.00>
ST_3 : Operation 126 [2/2] (3.25ns)   --->   "%conv2_output_load_2 = load i11 %conv2_output_addr_2" [../member_c_conv_hls/src/lenet_conv.cpp:106]   --->   Operation 126 'load' 'conv2_output_load_2' <Predicate = (!icmp_ln91)> <Delay = 3.25> <CoreInst = "RAM_1WnR">   --->   Core 83 'RAM_1WnR' <Latency = 1> <II = 1> <Delay = 3.25> <Storage> <Opcode : 'load' 'store'> <Ports = 17> <Width = 32> <Depth = 1600> <RAM>
ST_3 : Operation 127 [1/1] (0.00ns)   --->   "%or_ln105_1 = or i11 %add_ln105_3, i11 1" [../member_c_conv_hls/src/lenet_conv.cpp:105]   --->   Operation 127 'or' 'or_ln105_1' <Predicate = (!icmp_ln91)> <Delay = 0.00>
ST_3 : Operation 128 [1/1] (0.00ns)   --->   "%zext_ln106_3 = zext i11 %or_ln105_1" [../member_c_conv_hls/src/lenet_conv.cpp:106]   --->   Operation 128 'zext' 'zext_ln106_3' <Predicate = (!icmp_ln91)> <Delay = 0.00>
ST_3 : Operation 129 [1/1] (0.00ns)   --->   "%conv2_output_addr_3 = getelementptr i32 %conv2_output, i64 0, i64 %zext_ln106_3" [../member_c_conv_hls/src/lenet_conv.cpp:106]   --->   Operation 129 'getelementptr' 'conv2_output_addr_3' <Predicate = (!icmp_ln91)> <Delay = 0.00>
ST_3 : Operation 130 [2/2] (3.25ns)   --->   "%conv2_output_load_3 = load i11 %conv2_output_addr_3" [../member_c_conv_hls/src/lenet_conv.cpp:106]   --->   Operation 130 'load' 'conv2_output_load_3' <Predicate = (!icmp_ln91)> <Delay = 3.25> <CoreInst = "RAM_1WnR">   --->   Core 83 'RAM_1WnR' <Latency = 1> <II = 1> <Delay = 3.25> <Storage> <Opcode : 'load' 'store'> <Ports = 17> <Width = 32> <Depth = 1600> <RAM>
ST_3 : Operation 131 [1/1] (1.87ns)   --->   "%add_ln114 = add i7 %select_ln93_1, i7 %output_col_2_cast51" [../member_c_conv_hls/src/lenet_conv.cpp:114]   --->   Operation 131 'add' 'add_ln114' <Predicate = (!icmp_ln91)> <Delay = 1.87> <CoreInst = "Adder">   --->   Core 1 'Adder' <Latency = 0> <II = 1> <Delay = 1.87> <FuncUnit> <Opcode : 'add' 'sub'> <InPorts = 2> <OutPorts = 1>
ST_3 : Operation 132 [1/1] (0.00ns)   --->   "%zext_ln114 = zext i7 %add_ln114" [../member_c_conv_hls/src/lenet_conv.cpp:114]   --->   Operation 132 'zext' 'zext_ln114' <Predicate = (!icmp_ln91)> <Delay = 0.00>
ST_3 : Operation 133 [1/1] (1.82ns)   --->   "%add_ln114_1 = add i9 %zext_ln114, i9 %p_shl27_mid2" [../member_c_conv_hls/src/lenet_conv.cpp:114]   --->   Operation 133 'add' 'add_ln114_1' <Predicate = (!icmp_ln91)> <Delay = 1.82> <CoreInst = "Adder">   --->   Core 1 'Adder' <Latency = 0> <II = 1> <Delay = 1.82> <FuncUnit> <Opcode : 'add' 'sub'> <InPorts = 2> <OutPorts = 1>

State 4 <SV = 3> <Delay = 3.25>
ST_4 : Operation 134 [1/2] (3.25ns)   --->   "%conv2_output_load = load i11 %conv2_output_addr" [../member_c_conv_hls/src/lenet_conv.cpp:106]   --->   Operation 134 'load' 'conv2_output_load' <Predicate = true> <Delay = 3.25> <CoreInst = "RAM_1WnR">   --->   Core 83 'RAM_1WnR' <Latency = 1> <II = 1> <Delay = 3.25> <Storage> <Opcode : 'load' 'store'> <Ports = 17> <Width = 32> <Depth = 1600> <RAM>
ST_4 : Operation 135 [1/2] (3.25ns)   --->   "%conv2_output_load_1 = load i11 %conv2_output_addr_1" [../member_c_conv_hls/src/lenet_conv.cpp:106]   --->   Operation 135 'load' 'conv2_output_load_1' <Predicate = true> <Delay = 3.25> <CoreInst = "RAM_1WnR">   --->   Core 83 'RAM_1WnR' <Latency = 1> <II = 1> <Delay = 3.25> <Storage> <Opcode : 'load' 'store'> <Ports = 17> <Width = 32> <Depth = 1600> <RAM>
ST_4 : Operation 136 [1/2] (3.25ns)   --->   "%conv2_output_load_2 = load i11 %conv2_output_addr_2" [../member_c_conv_hls/src/lenet_conv.cpp:106]   --->   Operation 136 'load' 'conv2_output_load_2' <Predicate = true> <Delay = 3.25> <CoreInst = "RAM_1WnR">   --->   Core 83 'RAM_1WnR' <Latency = 1> <II = 1> <Delay = 3.25> <Storage> <Opcode : 'load' 'store'> <Ports = 17> <Width = 32> <Depth = 1600> <RAM>
ST_4 : Operation 137 [1/2] (3.25ns)   --->   "%conv2_output_load_3 = load i11 %conv2_output_addr_3" [../member_c_conv_hls/src/lenet_conv.cpp:106]   --->   Operation 137 'load' 'conv2_output_load_3' <Predicate = true> <Delay = 3.25> <CoreInst = "RAM_1WnR">   --->   Core 83 'RAM_1WnR' <Latency = 1> <II = 1> <Delay = 3.25> <Storage> <Opcode : 'load' 'store'> <Ports = 17> <Width = 32> <Depth = 1600> <RAM>

State 5 <SV = 4> <Delay = 5.43>
ST_5 : Operation 138 [2/2] (5.43ns)   --->   "%tmp_5 = fcmp_ogt  i32 %conv2_output_load, i32 0" [../member_c_conv_hls/src/lenet_conv.cpp:107]   --->   Operation 138 'fcmp' 'tmp_5' <Predicate = true> <Delay = 5.43> <CoreInst = "FCompare">   --->   Core 19 'FCompare' <Latency = 1> <II = 1> <Delay = 5.43> <FuncUnit> <Opcode : 'fcmp'> <InPorts = 2> <OutPorts = 1>

State 6 <SV = 5> <Delay = 6.40>
ST_6 : Operation 139 [1/1] (0.00ns)   --->   "%bitcast_ln107 = bitcast i32 %conv2_output_load" [../member_c_conv_hls/src/lenet_conv.cpp:107]   --->   Operation 139 'bitcast' 'bitcast_ln107' <Predicate = true> <Delay = 0.00>
ST_6 : Operation 140 [1/1] (0.00ns)   --->   "%tmp_4 = partselect i8 @_ssdm_op_PartSelect.i8.i32.i32.i32, i32 %bitcast_ln107, i32 23, i32 30" [../member_c_conv_hls/src/lenet_conv.cpp:107]   --->   Operation 140 'partselect' 'tmp_4' <Predicate = true> <Delay = 0.00>
ST_6 : Operation 141 [1/1] (0.00ns)   --->   "%trunc_ln107 = trunc i32 %bitcast_ln107" [../member_c_conv_hls/src/lenet_conv.cpp:107]   --->   Operation 141 'trunc' 'trunc_ln107' <Predicate = true> <Delay = 0.00>
ST_6 : Operation 142 [1/1] (1.55ns)   --->   "%icmp_ln107 = icmp_ne  i8 %tmp_4, i8 255" [../member_c_conv_hls/src/lenet_conv.cpp:107]   --->   Operation 142 'icmp' 'icmp_ln107' <Predicate = true> <Delay = 1.55> <CoreInst = "Cmp">   --->   Core 9 'Cmp' <Latency = 0> <II = 1> <Delay = 1.55> <FuncUnit> <Opcode : 'icmp'> <InPorts = 2> <OutPorts = 1>
ST_6 : Operation 143 [1/1] (2.44ns)   --->   "%icmp_ln107_1 = icmp_eq  i23 %trunc_ln107, i23 0" [../member_c_conv_hls/src/lenet_conv.cpp:107]   --->   Operation 143 'icmp' 'icmp_ln107_1' <Predicate = true> <Delay = 2.44> <CoreInst = "Cmp">   --->   Core 9 'Cmp' <Latency = 0> <II = 1> <Delay = 2.44> <FuncUnit> <Opcode : 'icmp'> <InPorts = 2> <OutPorts = 1>
ST_6 : Operation 144 [1/1] (0.00ns) (grouped into LUT with out node select_ln107)   --->   "%or_ln107 = or i1 %icmp_ln107_1, i1 %icmp_ln107" [../member_c_conv_hls/src/lenet_conv.cpp:107]   --->   Operation 144 'or' 'or_ln107' <Predicate = true> <Delay = 0.00> <CoreInst = "LogicGate">   --->   Core 74 'LogicGate' <Latency = 0> <II = 1> <Delay = 0.97> <FuncUnit> <Opcode : 'and' 'or' 'xor'> <InPorts = 2> <OutPorts = 1>
ST_6 : Operation 145 [1/2] (5.43ns)   --->   "%tmp_5 = fcmp_ogt  i32 %conv2_output_load, i32 0" [../member_c_conv_hls/src/lenet_conv.cpp:107]   --->   Operation 145 'fcmp' 'tmp_5' <Predicate = true> <Delay = 5.43> <CoreInst = "FCompare">   --->   Core 19 'FCompare' <Latency = 1> <II = 1> <Delay = 5.43> <FuncUnit> <Opcode : 'fcmp'> <InPorts = 2> <OutPorts = 1>
ST_6 : Operation 146 [1/1] (0.00ns) (grouped into LUT with out node select_ln107)   --->   "%and_ln107 = and i1 %or_ln107, i1 %tmp_5" [../member_c_conv_hls/src/lenet_conv.cpp:107]   --->   Operation 146 'and' 'and_ln107' <Predicate = true> <Delay = 0.00> <CoreInst = "LogicGate">   --->   Core 74 'LogicGate' <Latency = 0> <II = 1> <Delay = 0.97> <FuncUnit> <Opcode : 'and' 'or' 'xor'> <InPorts = 2> <OutPorts = 1>
ST_6 : Operation 147 [1/1] (0.97ns) (out node of the LUT)   --->   "%select_ln107 = select i1 %and_ln107, i32 %conv2_output_load, i32 0" [../member_c_conv_hls/src/lenet_conv.cpp:107]   --->   Operation 147 'select' 'select_ln107' <Predicate = true> <Delay = 0.97> <CoreInst = "Sel">   --->   Core 73 'Sel' <Latency = 0> <II = 1> <Delay = 0.69> <FuncUnit> <Opcode : 'select'> <InPorts = 3> <OutPorts = 1>

State 7 <SV = 6> <Delay = 5.43>
ST_7 : Operation 148 [2/2] (5.43ns)   --->   "%tmp_8 = fcmp_ogt  i32 %conv2_output_load_1, i32 %select_ln107" [../member_c_conv_hls/src/lenet_conv.cpp:107]   --->   Operation 148 'fcmp' 'tmp_8' <Predicate = true> <Delay = 5.43> <CoreInst = "FCompare">   --->   Core 19 'FCompare' <Latency = 1> <II = 1> <Delay = 5.43> <FuncUnit> <Opcode : 'fcmp'> <InPorts = 2> <OutPorts = 1>

State 8 <SV = 7> <Delay = 7.10>
ST_8 : Operation 149 [1/1] (0.00ns)   --->   "%bitcast_ln107_1 = bitcast i32 %conv2_output_load_1" [../member_c_conv_hls/src/lenet_conv.cpp:107]   --->   Operation 149 'bitcast' 'bitcast_ln107_1' <Predicate = true> <Delay = 0.00>
ST_8 : Operation 150 [1/1] (0.00ns)   --->   "%tmp_6 = partselect i8 @_ssdm_op_PartSelect.i8.i32.i32.i32, i32 %bitcast_ln107_1, i32 23, i32 30" [../member_c_conv_hls/src/lenet_conv.cpp:107]   --->   Operation 150 'partselect' 'tmp_6' <Predicate = true> <Delay = 0.00>
ST_8 : Operation 151 [1/1] (0.00ns)   --->   "%trunc_ln107_1 = trunc i32 %bitcast_ln107_1" [../member_c_conv_hls/src/lenet_conv.cpp:107]   --->   Operation 151 'trunc' 'trunc_ln107_1' <Predicate = true> <Delay = 0.00>
ST_8 : Operation 152 [1/1] (0.00ns)   --->   "%bitcast_ln107_2 = bitcast i32 %select_ln107" [../member_c_conv_hls/src/lenet_conv.cpp:107]   --->   Operation 152 'bitcast' 'bitcast_ln107_2' <Predicate = true> <Delay = 0.00>
ST_8 : Operation 153 [1/1] (0.00ns)   --->   "%tmp_7 = partselect i8 @_ssdm_op_PartSelect.i8.i32.i32.i32, i32 %bitcast_ln107_2, i32 23, i32 30" [../member_c_conv_hls/src/lenet_conv.cpp:107]   --->   Operation 153 'partselect' 'tmp_7' <Predicate = true> <Delay = 0.00>
ST_8 : Operation 154 [1/1] (0.00ns)   --->   "%trunc_ln107_2 = trunc i32 %bitcast_ln107_2" [../member_c_conv_hls/src/lenet_conv.cpp:107]   --->   Operation 154 'trunc' 'trunc_ln107_2' <Predicate = true> <Delay = 0.00>
ST_8 : Operation 155 [1/1] (1.55ns)   --->   "%icmp_ln107_2 = icmp_ne  i8 %tmp_6, i8 255" [../member_c_conv_hls/src/lenet_conv.cpp:107]   --->   Operation 155 'icmp' 'icmp_ln107_2' <Predicate = true> <Delay = 1.55> <CoreInst = "Cmp">   --->   Core 9 'Cmp' <Latency = 0> <II = 1> <Delay = 1.55> <FuncUnit> <Opcode : 'icmp'> <InPorts = 2> <OutPorts = 1>
ST_8 : Operation 156 [1/1] (2.44ns)   --->   "%icmp_ln107_3 = icmp_eq  i23 %trunc_ln107_1, i23 0" [../member_c_conv_hls/src/lenet_conv.cpp:107]   --->   Operation 156 'icmp' 'icmp_ln107_3' <Predicate = true> <Delay = 2.44> <CoreInst = "Cmp">   --->   Core 9 'Cmp' <Latency = 0> <II = 1> <Delay = 2.44> <FuncUnit> <Opcode : 'icmp'> <InPorts = 2> <OutPorts = 1>
ST_8 : Operation 157 [1/1] (0.00ns) (grouped into LUT with out node and_ln107_2)   --->   "%or_ln107_1 = or i1 %icmp_ln107_3, i1 %icmp_ln107_2" [../member_c_conv_hls/src/lenet_conv.cpp:107]   --->   Operation 157 'or' 'or_ln107_1' <Predicate = true> <Delay = 0.00> <CoreInst = "LogicGate">   --->   Core 74 'LogicGate' <Latency = 0> <II = 1> <Delay = 0.97> <FuncUnit> <Opcode : 'and' 'or' 'xor'> <InPorts = 2> <OutPorts = 1>
ST_8 : Operation 158 [1/1] (1.55ns)   --->   "%icmp_ln107_4 = icmp_ne  i8 %tmp_7, i8 255" [../member_c_conv_hls/src/lenet_conv.cpp:107]   --->   Operation 158 'icmp' 'icmp_ln107_4' <Predicate = true> <Delay = 1.55> <CoreInst = "Cmp">   --->   Core 9 'Cmp' <Latency = 0> <II = 1> <Delay = 1.55> <FuncUnit> <Opcode : 'icmp'> <InPorts = 2> <OutPorts = 1>
ST_8 : Operation 159 [1/1] (2.44ns)   --->   "%icmp_ln107_5 = icmp_eq  i23 %trunc_ln107_2, i23 0" [../member_c_conv_hls/src/lenet_conv.cpp:107]   --->   Operation 159 'icmp' 'icmp_ln107_5' <Predicate = true> <Delay = 2.44> <CoreInst = "Cmp">   --->   Core 9 'Cmp' <Latency = 0> <II = 1> <Delay = 2.44> <FuncUnit> <Opcode : 'icmp'> <InPorts = 2> <OutPorts = 1>
ST_8 : Operation 160 [1/1] (0.00ns) (grouped into LUT with out node and_ln107_2)   --->   "%or_ln107_2 = or i1 %icmp_ln107_5, i1 %icmp_ln107_4" [../member_c_conv_hls/src/lenet_conv.cpp:107]   --->   Operation 160 'or' 'or_ln107_2' <Predicate = true> <Delay = 0.00> <CoreInst = "LogicGate">   --->   Core 74 'LogicGate' <Latency = 0> <II = 1> <Delay = 0.97> <FuncUnit> <Opcode : 'and' 'or' 'xor'> <InPorts = 2> <OutPorts = 1>
ST_8 : Operation 161 [1/1] (0.00ns) (grouped into LUT with out node and_ln107_2)   --->   "%and_ln107_1 = and i1 %or_ln107_1, i1 %or_ln107_2" [../member_c_conv_hls/src/lenet_conv.cpp:107]   --->   Operation 161 'and' 'and_ln107_1' <Predicate = true> <Delay = 0.00> <CoreInst = "LogicGate">   --->   Core 74 'LogicGate' <Latency = 0> <II = 1> <Delay = 0.97> <FuncUnit> <Opcode : 'and' 'or' 'xor'> <InPorts = 2> <OutPorts = 1>
ST_8 : Operation 162 [1/2] (5.43ns)   --->   "%tmp_8 = fcmp_ogt  i32 %conv2_output_load_1, i32 %select_ln107" [../member_c_conv_hls/src/lenet_conv.cpp:107]   --->   Operation 162 'fcmp' 'tmp_8' <Predicate = true> <Delay = 5.43> <CoreInst = "FCompare">   --->   Core 19 'FCompare' <Latency = 1> <II = 1> <Delay = 5.43> <FuncUnit> <Opcode : 'fcmp'> <InPorts = 2> <OutPorts = 1>
ST_8 : Operation 163 [1/1] (0.97ns) (out node of the LUT)   --->   "%and_ln107_2 = and i1 %and_ln107_1, i1 %tmp_8" [../member_c_conv_hls/src/lenet_conv.cpp:107]   --->   Operation 163 'and' 'and_ln107_2' <Predicate = true> <Delay = 0.97> <CoreInst = "LogicGate">   --->   Core 74 'LogicGate' <Latency = 0> <II = 1> <Delay = 0.97> <FuncUnit> <Opcode : 'and' 'or' 'xor'> <InPorts = 2> <OutPorts = 1>
ST_8 : Operation 164 [1/1] (0.69ns) (out node of the LUT)   --->   "%select_ln107_1 = select i1 %and_ln107_2, i32 %conv2_output_load_1, i32 %select_ln107" [../member_c_conv_hls/src/lenet_conv.cpp:107]   --->   Operation 164 'select' 'select_ln107_1' <Predicate = true> <Delay = 0.69> <CoreInst = "Sel">   --->   Core 73 'Sel' <Latency = 0> <II = 1> <Delay = 0.69> <FuncUnit> <Opcode : 'select'> <InPorts = 3> <OutPorts = 1>

State 9 <SV = 8> <Delay = 5.43>
ST_9 : Operation 165 [2/2] (5.43ns)   --->   "%tmp_11 = fcmp_ogt  i32 %conv2_output_load_2, i32 %select_ln107_1" [../member_c_conv_hls/src/lenet_conv.cpp:107]   --->   Operation 165 'fcmp' 'tmp_11' <Predicate = true> <Delay = 5.43> <CoreInst = "FCompare">   --->   Core 19 'FCompare' <Latency = 1> <II = 1> <Delay = 5.43> <FuncUnit> <Opcode : 'fcmp'> <InPorts = 2> <OutPorts = 1>

State 10 <SV = 9> <Delay = 7.10>
ST_10 : Operation 166 [1/1] (0.00ns)   --->   "%bitcast_ln107_3 = bitcast i32 %conv2_output_load_2" [../member_c_conv_hls/src/lenet_conv.cpp:107]   --->   Operation 166 'bitcast' 'bitcast_ln107_3' <Predicate = true> <Delay = 0.00>
ST_10 : Operation 167 [1/1] (0.00ns)   --->   "%tmp_9 = partselect i8 @_ssdm_op_PartSelect.i8.i32.i32.i32, i32 %bitcast_ln107_3, i32 23, i32 30" [../member_c_conv_hls/src/lenet_conv.cpp:107]   --->   Operation 167 'partselect' 'tmp_9' <Predicate = true> <Delay = 0.00>
ST_10 : Operation 168 [1/1] (0.00ns)   --->   "%trunc_ln107_3 = trunc i32 %bitcast_ln107_3" [../member_c_conv_hls/src/lenet_conv.cpp:107]   --->   Operation 168 'trunc' 'trunc_ln107_3' <Predicate = true> <Delay = 0.00>
ST_10 : Operation 169 [1/1] (0.00ns)   --->   "%bitcast_ln107_4 = bitcast i32 %select_ln107_1" [../member_c_conv_hls/src/lenet_conv.cpp:107]   --->   Operation 169 'bitcast' 'bitcast_ln107_4' <Predicate = true> <Delay = 0.00>
ST_10 : Operation 170 [1/1] (0.00ns)   --->   "%tmp_10 = partselect i8 @_ssdm_op_PartSelect.i8.i32.i32.i32, i32 %bitcast_ln107_4, i32 23, i32 30" [../member_c_conv_hls/src/lenet_conv.cpp:107]   --->   Operation 170 'partselect' 'tmp_10' <Predicate = true> <Delay = 0.00>
ST_10 : Operation 171 [1/1] (0.00ns)   --->   "%trunc_ln107_4 = trunc i32 %bitcast_ln107_4" [../member_c_conv_hls/src/lenet_conv.cpp:107]   --->   Operation 171 'trunc' 'trunc_ln107_4' <Predicate = true> <Delay = 0.00>
ST_10 : Operation 172 [1/1] (1.55ns)   --->   "%icmp_ln107_6 = icmp_ne  i8 %tmp_9, i8 255" [../member_c_conv_hls/src/lenet_conv.cpp:107]   --->   Operation 172 'icmp' 'icmp_ln107_6' <Predicate = true> <Delay = 1.55> <CoreInst = "Cmp">   --->   Core 9 'Cmp' <Latency = 0> <II = 1> <Delay = 1.55> <FuncUnit> <Opcode : 'icmp'> <InPorts = 2> <OutPorts = 1>
ST_10 : Operation 173 [1/1] (2.44ns)   --->   "%icmp_ln107_7 = icmp_eq  i23 %trunc_ln107_3, i23 0" [../member_c_conv_hls/src/lenet_conv.cpp:107]   --->   Operation 173 'icmp' 'icmp_ln107_7' <Predicate = true> <Delay = 2.44> <CoreInst = "Cmp">   --->   Core 9 'Cmp' <Latency = 0> <II = 1> <Delay = 2.44> <FuncUnit> <Opcode : 'icmp'> <InPorts = 2> <OutPorts = 1>
ST_10 : Operation 174 [1/1] (0.00ns) (grouped into LUT with out node and_ln107_4)   --->   "%or_ln107_3 = or i1 %icmp_ln107_7, i1 %icmp_ln107_6" [../member_c_conv_hls/src/lenet_conv.cpp:107]   --->   Operation 174 'or' 'or_ln107_3' <Predicate = true> <Delay = 0.00> <CoreInst = "LogicGate">   --->   Core 74 'LogicGate' <Latency = 0> <II = 1> <Delay = 0.97> <FuncUnit> <Opcode : 'and' 'or' 'xor'> <InPorts = 2> <OutPorts = 1>
ST_10 : Operation 175 [1/1] (1.55ns)   --->   "%icmp_ln107_8 = icmp_ne  i8 %tmp_10, i8 255" [../member_c_conv_hls/src/lenet_conv.cpp:107]   --->   Operation 175 'icmp' 'icmp_ln107_8' <Predicate = true> <Delay = 1.55> <CoreInst = "Cmp">   --->   Core 9 'Cmp' <Latency = 0> <II = 1> <Delay = 1.55> <FuncUnit> <Opcode : 'icmp'> <InPorts = 2> <OutPorts = 1>
ST_10 : Operation 176 [1/1] (2.44ns)   --->   "%icmp_ln107_9 = icmp_eq  i23 %trunc_ln107_4, i23 0" [../member_c_conv_hls/src/lenet_conv.cpp:107]   --->   Operation 176 'icmp' 'icmp_ln107_9' <Predicate = true> <Delay = 2.44> <CoreInst = "Cmp">   --->   Core 9 'Cmp' <Latency = 0> <II = 1> <Delay = 2.44> <FuncUnit> <Opcode : 'icmp'> <InPorts = 2> <OutPorts = 1>
ST_10 : Operation 177 [1/1] (0.00ns) (grouped into LUT with out node and_ln107_4)   --->   "%or_ln107_4 = or i1 %icmp_ln107_9, i1 %icmp_ln107_8" [../member_c_conv_hls/src/lenet_conv.cpp:107]   --->   Operation 177 'or' 'or_ln107_4' <Predicate = true> <Delay = 0.00> <CoreInst = "LogicGate">   --->   Core 74 'LogicGate' <Latency = 0> <II = 1> <Delay = 0.97> <FuncUnit> <Opcode : 'and' 'or' 'xor'> <InPorts = 2> <OutPorts = 1>
ST_10 : Operation 178 [1/1] (0.00ns) (grouped into LUT with out node and_ln107_4)   --->   "%and_ln107_3 = and i1 %or_ln107_3, i1 %or_ln107_4" [../member_c_conv_hls/src/lenet_conv.cpp:107]   --->   Operation 178 'and' 'and_ln107_3' <Predicate = true> <Delay = 0.00> <CoreInst = "LogicGate">   --->   Core 74 'LogicGate' <Latency = 0> <II = 1> <Delay = 0.97> <FuncUnit> <Opcode : 'and' 'or' 'xor'> <InPorts = 2> <OutPorts = 1>
ST_10 : Operation 179 [1/2] (5.43ns)   --->   "%tmp_11 = fcmp_ogt  i32 %conv2_output_load_2, i32 %select_ln107_1" [../member_c_conv_hls/src/lenet_conv.cpp:107]   --->   Operation 179 'fcmp' 'tmp_11' <Predicate = true> <Delay = 5.43> <CoreInst = "FCompare">   --->   Core 19 'FCompare' <Latency = 1> <II = 1> <Delay = 5.43> <FuncUnit> <Opcode : 'fcmp'> <InPorts = 2> <OutPorts = 1>
ST_10 : Operation 180 [1/1] (0.97ns) (out node of the LUT)   --->   "%and_ln107_4 = and i1 %and_ln107_3, i1 %tmp_11" [../member_c_conv_hls/src/lenet_conv.cpp:107]   --->   Operation 180 'and' 'and_ln107_4' <Predicate = true> <Delay = 0.97> <CoreInst = "LogicGate">   --->   Core 74 'LogicGate' <Latency = 0> <II = 1> <Delay = 0.97> <FuncUnit> <Opcode : 'and' 'or' 'xor'> <InPorts = 2> <OutPorts = 1>
ST_10 : Operation 181 [1/1] (0.69ns) (out node of the LUT)   --->   "%select_ln107_2 = select i1 %and_ln107_4, i32 %conv2_output_load_2, i32 %select_ln107_1" [../member_c_conv_hls/src/lenet_conv.cpp:107]   --->   Operation 181 'select' 'select_ln107_2' <Predicate = true> <Delay = 0.69> <CoreInst = "Sel">   --->   Core 73 'Sel' <Latency = 0> <II = 1> <Delay = 0.69> <FuncUnit> <Opcode : 'select'> <InPorts = 3> <OutPorts = 1>

State 11 <SV = 10> <Delay = 5.43>
ST_11 : Operation 182 [2/2] (5.43ns)   --->   "%tmp_14 = fcmp_ogt  i32 %conv2_output_load_3, i32 %select_ln107_2" [../member_c_conv_hls/src/lenet_conv.cpp:107]   --->   Operation 182 'fcmp' 'tmp_14' <Predicate = true> <Delay = 5.43> <CoreInst = "FCompare">   --->   Core 19 'FCompare' <Latency = 1> <II = 1> <Delay = 5.43> <FuncUnit> <Opcode : 'fcmp'> <InPorts = 2> <OutPorts = 1>

State 12 <SV = 11> <Delay = 7.10>
ST_12 : Operation 183 [1/1] (0.00ns)   --->   "%bitcast_ln107_5 = bitcast i32 %conv2_output_load_3" [../member_c_conv_hls/src/lenet_conv.cpp:107]   --->   Operation 183 'bitcast' 'bitcast_ln107_5' <Predicate = true> <Delay = 0.00>
ST_12 : Operation 184 [1/1] (0.00ns)   --->   "%tmp_12 = partselect i8 @_ssdm_op_PartSelect.i8.i32.i32.i32, i32 %bitcast_ln107_5, i32 23, i32 30" [../member_c_conv_hls/src/lenet_conv.cpp:107]   --->   Operation 184 'partselect' 'tmp_12' <Predicate = true> <Delay = 0.00>
ST_12 : Operation 185 [1/1] (0.00ns)   --->   "%trunc_ln107_5 = trunc i32 %bitcast_ln107_5" [../member_c_conv_hls/src/lenet_conv.cpp:107]   --->   Operation 185 'trunc' 'trunc_ln107_5' <Predicate = true> <Delay = 0.00>
ST_12 : Operation 186 [1/1] (0.00ns)   --->   "%bitcast_ln107_6 = bitcast i32 %select_ln107_2" [../member_c_conv_hls/src/lenet_conv.cpp:107]   --->   Operation 186 'bitcast' 'bitcast_ln107_6' <Predicate = true> <Delay = 0.00>
ST_12 : Operation 187 [1/1] (0.00ns)   --->   "%tmp_13 = partselect i8 @_ssdm_op_PartSelect.i8.i32.i32.i32, i32 %bitcast_ln107_6, i32 23, i32 30" [../member_c_conv_hls/src/lenet_conv.cpp:107]   --->   Operation 187 'partselect' 'tmp_13' <Predicate = true> <Delay = 0.00>
ST_12 : Operation 188 [1/1] (0.00ns)   --->   "%trunc_ln107_6 = trunc i32 %bitcast_ln107_6" [../member_c_conv_hls/src/lenet_conv.cpp:107]   --->   Operation 188 'trunc' 'trunc_ln107_6' <Predicate = true> <Delay = 0.00>
ST_12 : Operation 189 [1/1] (1.55ns)   --->   "%icmp_ln107_10 = icmp_ne  i8 %tmp_12, i8 255" [../member_c_conv_hls/src/lenet_conv.cpp:107]   --->   Operation 189 'icmp' 'icmp_ln107_10' <Predicate = true> <Delay = 1.55> <CoreInst = "Cmp">   --->   Core 9 'Cmp' <Latency = 0> <II = 1> <Delay = 1.55> <FuncUnit> <Opcode : 'icmp'> <InPorts = 2> <OutPorts = 1>
ST_12 : Operation 190 [1/1] (2.44ns)   --->   "%icmp_ln107_11 = icmp_eq  i23 %trunc_ln107_5, i23 0" [../member_c_conv_hls/src/lenet_conv.cpp:107]   --->   Operation 190 'icmp' 'icmp_ln107_11' <Predicate = true> <Delay = 2.44> <CoreInst = "Cmp">   --->   Core 9 'Cmp' <Latency = 0> <II = 1> <Delay = 2.44> <FuncUnit> <Opcode : 'icmp'> <InPorts = 2> <OutPorts = 1>
ST_12 : Operation 191 [1/1] (0.00ns) (grouped into LUT with out node and_ln107_6)   --->   "%or_ln107_5 = or i1 %icmp_ln107_11, i1 %icmp_ln107_10" [../member_c_conv_hls/src/lenet_conv.cpp:107]   --->   Operation 191 'or' 'or_ln107_5' <Predicate = true> <Delay = 0.00> <CoreInst = "LogicGate">   --->   Core 74 'LogicGate' <Latency = 0> <II = 1> <Delay = 0.97> <FuncUnit> <Opcode : 'and' 'or' 'xor'> <InPorts = 2> <OutPorts = 1>
ST_12 : Operation 192 [1/1] (1.55ns)   --->   "%icmp_ln107_12 = icmp_ne  i8 %tmp_13, i8 255" [../member_c_conv_hls/src/lenet_conv.cpp:107]   --->   Operation 192 'icmp' 'icmp_ln107_12' <Predicate = true> <Delay = 1.55> <CoreInst = "Cmp">   --->   Core 9 'Cmp' <Latency = 0> <II = 1> <Delay = 1.55> <FuncUnit> <Opcode : 'icmp'> <InPorts = 2> <OutPorts = 1>
ST_12 : Operation 193 [1/1] (2.44ns)   --->   "%icmp_ln107_13 = icmp_eq  i23 %trunc_ln107_6, i23 0" [../member_c_conv_hls/src/lenet_conv.cpp:107]   --->   Operation 193 'icmp' 'icmp_ln107_13' <Predicate = true> <Delay = 2.44> <CoreInst = "Cmp">   --->   Core 9 'Cmp' <Latency = 0> <II = 1> <Delay = 2.44> <FuncUnit> <Opcode : 'icmp'> <InPorts = 2> <OutPorts = 1>
ST_12 : Operation 194 [1/1] (0.00ns) (grouped into LUT with out node and_ln107_6)   --->   "%or_ln107_6 = or i1 %icmp_ln107_13, i1 %icmp_ln107_12" [../member_c_conv_hls/src/lenet_conv.cpp:107]   --->   Operation 194 'or' 'or_ln107_6' <Predicate = true> <Delay = 0.00> <CoreInst = "LogicGate">   --->   Core 74 'LogicGate' <Latency = 0> <II = 1> <Delay = 0.97> <FuncUnit> <Opcode : 'and' 'or' 'xor'> <InPorts = 2> <OutPorts = 1>
ST_12 : Operation 195 [1/1] (0.00ns) (grouped into LUT with out node and_ln107_6)   --->   "%and_ln107_5 = and i1 %or_ln107_5, i1 %or_ln107_6" [../member_c_conv_hls/src/lenet_conv.cpp:107]   --->   Operation 195 'and' 'and_ln107_5' <Predicate = true> <Delay = 0.00> <CoreInst = "LogicGate">   --->   Core 74 'LogicGate' <Latency = 0> <II = 1> <Delay = 0.97> <FuncUnit> <Opcode : 'and' 'or' 'xor'> <InPorts = 2> <OutPorts = 1>
ST_12 : Operation 196 [1/2] (5.43ns)   --->   "%tmp_14 = fcmp_ogt  i32 %conv2_output_load_3, i32 %select_ln107_2" [../member_c_conv_hls/src/lenet_conv.cpp:107]   --->   Operation 196 'fcmp' 'tmp_14' <Predicate = true> <Delay = 5.43> <CoreInst = "FCompare">   --->   Core 19 'FCompare' <Latency = 1> <II = 1> <Delay = 5.43> <FuncUnit> <Opcode : 'fcmp'> <InPorts = 2> <OutPorts = 1>
ST_12 : Operation 197 [1/1] (0.97ns) (out node of the LUT)   --->   "%and_ln107_6 = and i1 %and_ln107_5, i1 %tmp_14" [../member_c_conv_hls/src/lenet_conv.cpp:107]   --->   Operation 197 'and' 'and_ln107_6' <Predicate = true> <Delay = 0.97> <CoreInst = "LogicGate">   --->   Core 74 'LogicGate' <Latency = 0> <II = 1> <Delay = 0.97> <FuncUnit> <Opcode : 'and' 'or' 'xor'> <InPorts = 2> <OutPorts = 1>
ST_12 : Operation 198 [1/1] (0.69ns) (out node of the LUT)   --->   "%select_ln107_3 = select i1 %and_ln107_6, i32 %conv2_output_load_3, i32 %select_ln107_2" [../member_c_conv_hls/src/lenet_conv.cpp:107]   --->   Operation 198 'select' 'select_ln107_3' <Predicate = true> <Delay = 0.69> <CoreInst = "Sel">   --->   Core 73 'Sel' <Latency = 0> <II = 1> <Delay = 0.69> <FuncUnit> <Opcode : 'select'> <InPorts = 3> <OutPorts = 1>
ST_12 : Operation 209 [1/1] (0.00ns)   --->   "%ret_ln0 = ret"   --->   Operation 209 'ret' 'ret_ln0' <Predicate = (icmp_ln91)> <Delay = 0.00>

State 13 <SV = 12> <Delay = 3.25>
ST_13 : Operation 199 [1/1] (0.00ns)   --->   "%specloopname_ln0 = specloopname void @_ssdm_op_SpecLoopName, void @POOL_CHANNEL_POOL_ROW_POOL_COL_str"   --->   Operation 199 'specloopname' 'specloopname_ln0' <Predicate = true> <Delay = 0.00>
ST_13 : Operation 200 [1/1] (0.00ns)   --->   "%empty_32 = speclooptripcount i32 @_ssdm_op_SpecLoopTripCount, i64 400, i64 400, i64 400"   --->   Operation 200 'speclooptripcount' 'empty_32' <Predicate = true> <Delay = 0.00>
ST_13 : Operation 201 [1/1] (0.00ns)   --->   "%specpipeline_ln0 = specpipeline void @_ssdm_op_SpecPipeline, i32 4294967295, i32 0, i32 1, i32 0, void @p_str"   --->   Operation 201 'specpipeline' 'specpipeline_ln0' <Predicate = true> <Delay = 0.00>
ST_13 : Operation 202 [1/1] (0.00ns)   --->   "%specloopname_ln0 = specloopname void @_ssdm_op_SpecLoopName, void @POOL_ROW_POOL_COL_str"   --->   Operation 202 'specloopname' 'specloopname_ln0' <Predicate = true> <Delay = 0.00>
ST_13 : Operation 203 [1/1] (0.00ns)   --->   "%specpipeline_ln0 = specpipeline void @_ssdm_op_SpecPipeline, i32 4294967295, i32 0, i32 1, i32 0, void @p_str"   --->   Operation 203 'specpipeline' 'specpipeline_ln0' <Predicate = true> <Delay = 0.00>
ST_13 : Operation 204 [1/1] (0.00ns)   --->   "%specloopname_ln96 = specloopname void @_ssdm_op_SpecLoopName, void @empty_20" [../member_c_conv_hls/src/lenet_conv.cpp:96]   --->   Operation 204 'specloopname' 'specloopname_ln96' <Predicate = true> <Delay = 0.00>
ST_13 : Operation 205 [1/1] (0.00ns)   --->   "%zext_ln115 = zext i9 %add_ln114_1" [../member_c_conv_hls/src/lenet_conv.cpp:115]   --->   Operation 205 'zext' 'zext_ln115' <Predicate = true> <Delay = 0.00>
ST_13 : Operation 206 [1/1] (0.00ns)   --->   "%pool2_output_addr = getelementptr i32 %pool2_output, i64 0, i64 %zext_ln115" [../member_c_conv_hls/src/lenet_conv.cpp:115]   --->   Operation 206 'getelementptr' 'pool2_output_addr' <Predicate = true> <Delay = 0.00>
ST_13 : Operation 207 [1/1] (3.25ns)   --->   "%store_ln115 = store i32 %select_ln107_3, i9 %pool2_output_addr" [../member_c_conv_hls/src/lenet_conv.cpp:115]   --->   Operation 207 'store' 'store_ln115' <Predicate = true> <Delay = 3.25> <CoreInst = "RAM_1WnR">   --->   Core 83 'RAM_1WnR' <Latency = 1> <II = 1> <Delay = 3.25> <Storage> <Opcode : 'load' 'store'> <Ports = 17> <Width = 32> <Depth = 400> <RAM>
ST_13 : Operation 208 [1/1] (0.00ns)   --->   "%br_ln95 = br void %POOL_KERNEL_ROW.i81" [../member_c_conv_hls/src/lenet_conv.cpp:95]   --->   Operation 208 'br' 'br_ln95' <Predicate = true> <Delay = 0.00>


============================================================
+ Verbose Summary: Timing violations
============================================================
Target clock period: 10ns, clock uncertainty: 2.7ns.

 <State 1>: 6.62ns
The critical path consists of the following:
	'alloca' operation ('indvar_flatten127') [5]  (0 ns)
	'load' operation ('indvar_flatten127_load', ../member_c_conv_hls/src/lenet_conv.cpp:93) on local variable 'indvar_flatten127' [41]  (0 ns)
	'icmp' operation ('icmp_ln93', ../member_c_conv_hls/src/lenet_conv.cpp:93) [44]  (1.43 ns)
	'select' operation ('select_ln91', ../member_c_conv_hls/src/lenet_conv.cpp:91) [45]  (0.98 ns)
	'add' operation ('add_ln93', ../member_c_conv_hls/src/lenet_conv.cpp:93) [69]  (1.65 ns)
	'select' operation ('select_ln93_3', ../member_c_conv_hls/src/lenet_conv.cpp:93) [92]  (0.98 ns)
	'store' operation ('store_ln95', ../member_c_conv_hls/src/lenet_conv.cpp:95) of variable 'select_ln93_3', ../member_c_conv_hls/src/lenet_conv.cpp:93 on local variable 'output_row' [187]  (1.59 ns)

 <State 2>: 6.68ns
The critical path consists of the following:
	'load' operation ('channel') on local variable 'channel' [16]  (0 ns)
	'add' operation ('add_ln91', ../member_c_conv_hls/src/lenet_conv.cpp:91) [35]  (1.78 ns)
	'shl' operation ('empty_34', ../member_c_conv_hls/src/lenet_conv.cpp:91) [52]  (0 ns)
	'select' operation ('select_ln91_2', ../member_c_conv_hls/src/lenet_conv.cpp:91) [53]  (0 ns)
	'add' operation ('tmp4_mid1', ../member_c_conv_hls/src/lenet_conv.cpp:91) [81]  (1.78 ns)
	'add' operation ('p_mid1123', ../member_c_conv_hls/src/lenet_conv.cpp:91) [83]  (1.87 ns)
	'select' operation ('select_ln93_2', ../member_c_conv_hls/src/lenet_conv.cpp:93) [84]  (1.25 ns)

 <State 3>: 6.72ns
The critical path consists of the following:
	'add' operation ('add_ln105', ../member_c_conv_hls/src/lenet_conv.cpp:105) [98]  (1.82 ns)
	'add' operation ('add_ln105_1', ../member_c_conv_hls/src/lenet_conv.cpp:105) [100]  (1.64 ns)
	'getelementptr' operation ('conv2_output_addr', ../member_c_conv_hls/src/lenet_conv.cpp:106) [102]  (0 ns)
	'load' operation ('conv2_output_load', ../member_c_conv_hls/src/lenet_conv.cpp:106) on array 'conv2_output' [103]  (3.25 ns)

 <State 4>: 3.25ns
The critical path consists of the following:
	'load' operation ('conv2_output_load', ../member_c_conv_hls/src/lenet_conv.cpp:106) on array 'conv2_output' [103]  (3.25 ns)

 <State 5>: 5.43ns
The critical path consists of the following:
	'fcmp' operation ('tmp_5', ../member_c_conv_hls/src/lenet_conv.cpp:107) [110]  (5.43 ns)

 <State 6>: 6.41ns
The critical path consists of the following:
	'fcmp' operation ('tmp_5', ../member_c_conv_hls/src/lenet_conv.cpp:107) [110]  (5.43 ns)
	'and' operation ('and_ln107', ../member_c_conv_hls/src/lenet_conv.cpp:107) [111]  (0 ns)
	'select' operation ('select_ln107', ../member_c_conv_hls/src/lenet_conv.cpp:107) [112]  (0.978 ns)

 <State 7>: 5.43ns
The critical path consists of the following:
	'fcmp' operation ('tmp_8', ../member_c_conv_hls/src/lenet_conv.cpp:107) [130]  (5.43 ns)

 <State 8>: 7.11ns
The critical path consists of the following:
	'fcmp' operation ('tmp_8', ../member_c_conv_hls/src/lenet_conv.cpp:107) [130]  (5.43 ns)
	'and' operation ('and_ln107_2', ../member_c_conv_hls/src/lenet_conv.cpp:107) [131]  (0.978 ns)
	'select' operation ('select_ln107_1', ../member_c_conv_hls/src/lenet_conv.cpp:107) [132]  (0.698 ns)

 <State 9>: 5.43ns
The critical path consists of the following:
	'fcmp' operation ('tmp_11', ../member_c_conv_hls/src/lenet_conv.cpp:107) [152]  (5.43 ns)

 <State 10>: 7.11ns
The critical path consists of the following:
	'fcmp' operation ('tmp_11', ../member_c_conv_hls/src/lenet_conv.cpp:107) [152]  (5.43 ns)
	'and' operation ('and_ln107_4', ../member_c_conv_hls/src/lenet_conv.cpp:107) [153]  (0.978 ns)
	'select' operation ('select_ln107_2', ../member_c_conv_hls/src/lenet_conv.cpp:107) [154]  (0.698 ns)

 <State 11>: 5.43ns
The critical path consists of the following:
	'fcmp' operation ('tmp_14', ../member_c_conv_hls/src/lenet_conv.cpp:107) [172]  (5.43 ns)

 <State 12>: 7.11ns
The critical path consists of the following:
	'fcmp' operation ('tmp_14', ../member_c_conv_hls/src/lenet_conv.cpp:107) [172]  (5.43 ns)
	'and' operation ('and_ln107_6', ../member_c_conv_hls/src/lenet_conv.cpp:107) [173]  (0.978 ns)
	'select' operation ('select_ln107_3', ../member_c_conv_hls/src/lenet_conv.cpp:107) [174]  (0.698 ns)

 <State 13>: 3.25ns
The critical path consists of the following:
	'getelementptr' operation ('pool2_output_addr', ../member_c_conv_hls/src/lenet_conv.cpp:115) [179]  (0 ns)
	'store' operation ('store_ln115', ../member_c_conv_hls/src/lenet_conv.cpp:115) of variable 'select_ln107_3', ../member_c_conv_hls/src/lenet_conv.cpp:107 on array 'pool2_output' [180]  (3.25 ns)


============================================================
+ Verbose Summary: Binding
============================================================
N/A
* FSMD analyzer results:
  - Output states:
 - Input state : 
  - Chain level:
	State 1
	State 2
	State 3
	State 4
	State 5
	State 6
	State 7
	State 8
	State 9
	State 10
	State 11
	State 12
	State 13


============================================================
+ Verbose Summary: Datapath Resource usage 
============================================================
N/A
