

================================================================
== Vitis HLS Report for 'lenet_full_top_Pipeline_POOL_CHANNEL_POOL_ROW_POOL_COL'
================================================================
* Date:           Sun Sep  6 21:24:07 2026

* Version:        2022.2 (Build 3670227 on Oct 13 2022)
* Project:        clk_8ns
* Solution:       solution1 (Vivado IP Flow Target)
* Product family: zynq
* Target device:  xc7z020-clg400-1


================================================================
== Performance Estimates
================================================================
+ Timing: 
    * Summary: 
    +--------+---------+----------+------------+
    |  Clock |  Target | Estimated| Uncertainty|
    +--------+---------+----------+------------+
    |ap_clk  |  8.00 ns|  5.431 ns|     2.16 ns|
    +--------+---------+----------+------------+

+ Latency: 
    * Summary: 
    +---------+---------+----------+----------+------+------+---------+
    |  Latency (cycles) |  Latency (absolute) |   Interval  | Pipeline|
    |   min   |   max   |    min   |    max   |  min |  max |   Type  |
    +---------+---------+----------+----------+------+------+---------+
    |     1193|     1193|  9.544 us|  9.544 us|  1193|  1193|       no|
    +---------+---------+----------+----------+------+------+---------+

    + Detail: 
        * Instance: 
        N/A

        * Loop: 
        +----------------------------------+---------+---------+----------+-----------+-----------+------+----------+
        |                                  |  Latency (cycles) | Iteration|  Initiation Interval  | Trip |          |
        |             Loop Name            |   min   |   max   |  Latency |  achieved |   target  | Count| Pipelined|
        +----------------------------------+---------+---------+----------+-----------+-----------+------+----------+
        |- POOL_CHANNEL_POOL_ROW_POOL_COL  |     1191|     1191|        17|          1|          1|  1176|       yes|
        +----------------------------------+---------+---------+----------+-----------+-----------+------+----------+

============================================================
+ Verbose Summary: Synthesis Manager
============================================================
InlineROM: 1
ExposeGlobal: 0
============================================================
+ Verbose Summary: CDFG Model
============================================================
IsTopModel: 0
ResetActiveHigh: 1
IsCombinational: 0
IsDatapathOnly: 0
HasWiredReturn: 1
HasMFsm: 2
HasVarLatency: 1
IsPipeline: 0
IsRtlPipelined: 0
IsInstanceOverlapped: 0
IsDontTouch: 0
HasImplIP: 0
IsGatedGlobalClock: 0

+ Individual pipeline summary: 
  * Pipeline-0: initiation interval (II) = 1, depth = 17


============================================================
+ Verbose Summary: Schedule
============================================================
* Number of FSM states : 17
* Pipeline : 1
  Pipeline-0 : II = 1, D = 17, States = { 1 2 3 4 5 6 7 8 9 10 11 12 13 14 15 16 17 }
* Dataflow Pipeline: 0

* FSM state transitions: 
1 --> 2 
2 --> 3 
3 --> 4 
4 --> 5 
5 --> 6 
6 --> 7 
7 --> 8 
8 --> 9 
9 --> 10 
10 --> 11 
11 --> 12 
12 --> 13 
13 --> 14 
14 --> 15 
15 --> 16 
16 --> 17 
17 --> 

* FSM state operations: 

State 1 <SV = 0> <Delay = 4.75>
ST_1 : Operation 20 [1/1] (0.00ns)   --->   "%output_col = alloca i32 1"   --->   Operation 20 'alloca' 'output_col' <Predicate = true> <Delay = 0.00>
ST_1 : Operation 21 [1/1] (0.00ns)   --->   "%output_row_1 = alloca i32 1"   --->   Operation 21 'alloca' 'output_row_1' <Predicate = true> <Delay = 0.00>
ST_1 : Operation 22 [1/1] (0.00ns)   --->   "%indvar_flatten30 = alloca i32 1"   --->   Operation 22 'alloca' 'indvar_flatten30' <Predicate = true> <Delay = 0.00>
ST_1 : Operation 23 [1/1] (0.00ns)   --->   "%channel = alloca i32 1"   --->   Operation 23 'alloca' 'channel' <Predicate = true> <Delay = 0.00>
ST_1 : Operation 24 [1/1] (0.00ns)   --->   "%indvar_flatten98 = alloca i32 1"   --->   Operation 24 'alloca' 'indvar_flatten98' <Predicate = true> <Delay = 0.00>
ST_1 : Operation 25 [1/1] (1.58ns)   --->   "%store_ln0 = store i11 0, i11 %indvar_flatten98"   --->   Operation 25 'store' 'store_ln0' <Predicate = true> <Delay = 1.58>
ST_1 : Operation 26 [1/1] (1.58ns)   --->   "%store_ln0 = store i3 0, i3 %channel"   --->   Operation 26 'store' 'store_ln0' <Predicate = true> <Delay = 1.58>
ST_1 : Operation 27 [1/1] (1.58ns)   --->   "%store_ln0 = store i8 0, i8 %indvar_flatten30"   --->   Operation 27 'store' 'store_ln0' <Predicate = true> <Delay = 1.58>
ST_1 : Operation 28 [1/1] (1.58ns)   --->   "%store_ln0 = store i4 0, i4 %output_row_1"   --->   Operation 28 'store' 'store_ln0' <Predicate = true> <Delay = 1.58>
ST_1 : Operation 29 [1/1] (1.58ns)   --->   "%store_ln0 = store i4 0, i4 %output_col"   --->   Operation 29 'store' 'store_ln0' <Predicate = true> <Delay = 1.58>
ST_1 : Operation 30 [1/1] (0.00ns)   --->   "%br_ln0 = br void %POOL_KERNEL_ROW.i"   --->   Operation 30 'br' 'br_ln0' <Predicate = true> <Delay = 0.00>
ST_1 : Operation 31 [1/1] (0.00ns)   --->   "%indvar_flatten98_load = load i11 %indvar_flatten98" [D:/lenet_project/handoff/LeNet_DSE_Framework_2022_2/LeNet_DSE_Framework_2022_2/src/lenet_conv.cpp:91]   --->   Operation 31 'load' 'indvar_flatten98_load' <Predicate = true> <Delay = 0.00>
ST_1 : Operation 32 [1/1] (1.88ns)   --->   "%icmp_ln91 = icmp_eq  i11 %indvar_flatten98_load, i11 1176" [D:/lenet_project/handoff/LeNet_DSE_Framework_2022_2/LeNet_DSE_Framework_2022_2/src/lenet_conv.cpp:91]   --->   Operation 32 'icmp' 'icmp_ln91' <Predicate = true> <Delay = 1.88> <CoreInst = "Cmp">   --->   Core 9 'Cmp' <Latency = 0> <II = 1> <Delay = 1.88> <FuncUnit> <Opcode : 'icmp'> <InPorts = 2> <OutPorts = 1>
ST_1 : Operation 33 [1/1] (1.63ns)   --->   "%add_ln91_1 = add i11 %indvar_flatten98_load, i11 1" [D:/lenet_project/handoff/LeNet_DSE_Framework_2022_2/LeNet_DSE_Framework_2022_2/src/lenet_conv.cpp:91]   --->   Operation 33 'add' 'add_ln91_1' <Predicate = true> <Delay = 1.63> <CoreInst = "Adder">   --->   Core 1 'Adder' <Latency = 0> <II = 1> <Delay = 1.63> <FuncUnit> <Opcode : 'add' 'sub'> <InPorts = 2> <OutPorts = 1>
ST_1 : Operation 34 [1/1] (0.00ns)   --->   "%br_ln91 = br i1 %icmp_ln91, void %for.inc39.i, void %_ZN5lenet12_GLOBAL__N_116relu_maxpool_2x2ILi6ELi28ELi28EEEvPKfPf.exit.exitStub" [D:/lenet_project/handoff/LeNet_DSE_Framework_2022_2/LeNet_DSE_Framework_2022_2/src/lenet_conv.cpp:91]   --->   Operation 34 'br' 'br_ln91' <Predicate = true> <Delay = 0.00>
ST_1 : Operation 35 [1/1] (0.00ns)   --->   "%indvar_flatten30_load = load i8 %indvar_flatten30" [D:/lenet_project/handoff/LeNet_DSE_Framework_2022_2/LeNet_DSE_Framework_2022_2/src/lenet_conv.cpp:93]   --->   Operation 35 'load' 'indvar_flatten30_load' <Predicate = (!icmp_ln91)> <Delay = 0.00>
ST_1 : Operation 36 [1/1] (1.55ns)   --->   "%icmp_ln93 = icmp_eq  i8 %indvar_flatten30_load, i8 196" [D:/lenet_project/handoff/LeNet_DSE_Framework_2022_2/LeNet_DSE_Framework_2022_2/src/lenet_conv.cpp:93]   --->   Operation 36 'icmp' 'icmp_ln93' <Predicate = (!icmp_ln91)> <Delay = 1.55> <CoreInst = "Cmp">   --->   Core 9 'Cmp' <Latency = 0> <II = 1> <Delay = 1.55> <FuncUnit> <Opcode : 'icmp'> <InPorts = 2> <OutPorts = 1>
ST_1 : Operation 37 [1/1] (1.91ns)   --->   "%add_ln93_2 = add i8 %indvar_flatten30_load, i8 1" [D:/lenet_project/handoff/LeNet_DSE_Framework_2022_2/LeNet_DSE_Framework_2022_2/src/lenet_conv.cpp:93]   --->   Operation 37 'add' 'add_ln93_2' <Predicate = (!icmp_ln91)> <Delay = 1.91> <CoreInst = "Adder">   --->   Core 1 'Adder' <Latency = 0> <II = 1> <Delay = 1.91> <FuncUnit> <Opcode : 'add' 'sub'> <InPorts = 2> <OutPorts = 1>
ST_1 : Operation 38 [1/1] (1.24ns)   --->   "%select_ln93_5 = select i1 %icmp_ln93, i8 1, i8 %add_ln93_2" [D:/lenet_project/handoff/LeNet_DSE_Framework_2022_2/LeNet_DSE_Framework_2022_2/src/lenet_conv.cpp:93]   --->   Operation 38 'select' 'select_ln93_5' <Predicate = (!icmp_ln91)> <Delay = 1.24> <CoreInst = "Sel">   --->   Core 73 'Sel' <Latency = 0> <II = 1> <Delay = 1.24> <FuncUnit> <Opcode : 'select'> <InPorts = 3> <OutPorts = 1>
ST_1 : Operation 39 [1/1] (1.58ns)   --->   "%store_ln95 = store i11 %add_ln91_1, i11 %indvar_flatten98" [D:/lenet_project/handoff/LeNet_DSE_Framework_2022_2/LeNet_DSE_Framework_2022_2/src/lenet_conv.cpp:95]   --->   Operation 39 'store' 'store_ln95' <Predicate = (!icmp_ln91)> <Delay = 1.58>
ST_1 : Operation 40 [1/1] (1.58ns)   --->   "%store_ln95 = store i8 %select_ln93_5, i8 %indvar_flatten30" [D:/lenet_project/handoff/LeNet_DSE_Framework_2022_2/LeNet_DSE_Framework_2022_2/src/lenet_conv.cpp:95]   --->   Operation 40 'store' 'store_ln95' <Predicate = (!icmp_ln91)> <Delay = 1.58>

State 2 <SV = 1> <Delay = 5.37>
ST_2 : Operation 41 [1/1] (0.00ns)   --->   "%output_row = load i4 %output_row_1" [D:/lenet_project/handoff/LeNet_DSE_Framework_2022_2/LeNet_DSE_Framework_2022_2/src/lenet_conv.cpp:93]   --->   Operation 41 'load' 'output_row' <Predicate = true> <Delay = 0.00>
ST_2 : Operation 42 [1/1] (0.00ns)   --->   "%channel_2 = load i3 %channel" [D:/lenet_project/handoff/LeNet_DSE_Framework_2022_2/LeNet_DSE_Framework_2022_2/src/lenet_conv.cpp:91]   --->   Operation 42 'load' 'channel_2' <Predicate = true> <Delay = 0.00>
ST_2 : Operation 43 [1/1] (0.00ns)   --->   "%p_shl9 = bitconcatenate i8 @_ssdm_op_BitConcatenate.i8.i3.i5, i3 %channel_2, i5 0" [D:/lenet_project/handoff/LeNet_DSE_Framework_2022_2/LeNet_DSE_Framework_2022_2/src/lenet_conv.cpp:91]   --->   Operation 43 'bitconcatenate' 'p_shl9' <Predicate = true> <Delay = 0.00>
ST_2 : Operation 44 [1/1] (0.00ns)   --->   "%p_shl9_cast = zext i8 %p_shl9" [D:/lenet_project/handoff/LeNet_DSE_Framework_2022_2/LeNet_DSE_Framework_2022_2/src/lenet_conv.cpp:91]   --->   Operation 44 'zext' 'p_shl9_cast' <Predicate = true> <Delay = 0.00>
ST_2 : Operation 45 [1/1] (0.00ns)   --->   "%p_shl4 = bitconcatenate i5 @_ssdm_op_BitConcatenate.i5.i3.i2, i3 %channel_2, i2 0" [D:/lenet_project/handoff/LeNet_DSE_Framework_2022_2/LeNet_DSE_Framework_2022_2/src/lenet_conv.cpp:91]   --->   Operation 45 'bitconcatenate' 'p_shl4' <Predicate = true> <Delay = 0.00>
ST_2 : Operation 46 [1/1] (0.00ns)   --->   "%p_shl10_cast = zext i5 %p_shl4" [D:/lenet_project/handoff/LeNet_DSE_Framework_2022_2/LeNet_DSE_Framework_2022_2/src/lenet_conv.cpp:91]   --->   Operation 46 'zext' 'p_shl10_cast' <Predicate = true> <Delay = 0.00>
ST_2 : Operation 47 [1/1] (1.91ns)   --->   "%empty = sub i9 %p_shl9_cast, i9 %p_shl10_cast" [D:/lenet_project/handoff/LeNet_DSE_Framework_2022_2/LeNet_DSE_Framework_2022_2/src/lenet_conv.cpp:91]   --->   Operation 47 'sub' 'empty' <Predicate = true> <Delay = 1.91> <CoreInst = "Adder">   --->   Core 1 'Adder' <Latency = 0> <II = 1> <Delay = 1.91> <FuncUnit> <Opcode : 'add' 'sub'> <InPorts = 2> <OutPorts = 1>
ST_2 : Operation 48 [1/1] (0.00ns)   --->   "%p_shl7 = bitconcatenate i7 @_ssdm_op_BitConcatenate.i7.i3.i4, i3 %channel_2, i4 0" [D:/lenet_project/handoff/LeNet_DSE_Framework_2022_2/LeNet_DSE_Framework_2022_2/src/lenet_conv.cpp:91]   --->   Operation 48 'bitconcatenate' 'p_shl7' <Predicate = true> <Delay = 0.00>
ST_2 : Operation 49 [1/1] (0.00ns)   --->   "%p_shl7_cast = zext i7 %p_shl7" [D:/lenet_project/handoff/LeNet_DSE_Framework_2022_2/LeNet_DSE_Framework_2022_2/src/lenet_conv.cpp:91]   --->   Operation 49 'zext' 'p_shl7_cast' <Predicate = true> <Delay = 0.00>
ST_2 : Operation 50 [1/1] (0.00ns)   --->   "%p_shl8 = bitconcatenate i4 @_ssdm_op_BitConcatenate.i4.i3.i1, i3 %channel_2, i1 0" [D:/lenet_project/handoff/LeNet_DSE_Framework_2022_2/LeNet_DSE_Framework_2022_2/src/lenet_conv.cpp:91]   --->   Operation 50 'bitconcatenate' 'p_shl8' <Predicate = true> <Delay = 0.00>
ST_2 : Operation 51 [1/1] (0.00ns)   --->   "%p_shl8_cast = zext i4 %p_shl8" [D:/lenet_project/handoff/LeNet_DSE_Framework_2022_2/LeNet_DSE_Framework_2022_2/src/lenet_conv.cpp:91]   --->   Operation 51 'zext' 'p_shl8_cast' <Predicate = true> <Delay = 0.00>
ST_2 : Operation 52 [1/1] (1.87ns)   --->   "%empty_35 = sub i8 %p_shl7_cast, i8 %p_shl8_cast" [D:/lenet_project/handoff/LeNet_DSE_Framework_2022_2/LeNet_DSE_Framework_2022_2/src/lenet_conv.cpp:91]   --->   Operation 52 'sub' 'empty_35' <Predicate = true> <Delay = 1.87> <CoreInst = "Adder">   --->   Core 1 'Adder' <Latency = 0> <II = 1> <Delay = 1.87> <FuncUnit> <Opcode : 'add' 'sub'> <InPorts = 2> <OutPorts = 1>
ST_2 : Operation 53 [1/1] (0.00ns)   --->   "%output_col_load = load i4 %output_col" [D:/lenet_project/handoff/LeNet_DSE_Framework_2022_2/LeNet_DSE_Framework_2022_2/src/lenet_conv.cpp:95]   --->   Operation 53 'load' 'output_col_load' <Predicate = (!icmp_ln91)> <Delay = 0.00>
ST_2 : Operation 54 [1/1] (1.02ns)   --->   "%select_ln91 = select i1 %icmp_ln93, i4 0, i4 %output_row" [D:/lenet_project/handoff/LeNet_DSE_Framework_2022_2/LeNet_DSE_Framework_2022_2/src/lenet_conv.cpp:91]   --->   Operation 54 'select' 'select_ln91' <Predicate = (!icmp_ln91)> <Delay = 1.02> <CoreInst = "Sel">   --->   Core 73 'Sel' <Latency = 0> <II = 1> <Delay = 1.02> <FuncUnit> <Opcode : 'select'> <InPorts = 3> <OutPorts = 1>
ST_2 : Operation 55 [1/1] (1.65ns)   --->   "%add_ln91 = add i3 %channel_2, i3 1" [D:/lenet_project/handoff/LeNet_DSE_Framework_2022_2/LeNet_DSE_Framework_2022_2/src/lenet_conv.cpp:91]   --->   Operation 55 'add' 'add_ln91' <Predicate = (!icmp_ln91)> <Delay = 1.65> <CoreInst = "Adder">   --->   Core 1 'Adder' <Latency = 0> <II = 1> <Delay = 1.65> <FuncUnit> <Opcode : 'add' 'sub'> <InPorts = 2> <OutPorts = 1>
ST_2 : Operation 56 [1/1] (0.00ns)   --->   "%p_shl9_mid1 = bitconcatenate i8 @_ssdm_op_BitConcatenate.i8.i3.i5, i3 %add_ln91, i5 0" [D:/lenet_project/handoff/LeNet_DSE_Framework_2022_2/LeNet_DSE_Framework_2022_2/src/lenet_conv.cpp:91]   --->   Operation 56 'bitconcatenate' 'p_shl9_mid1' <Predicate = (!icmp_ln91)> <Delay = 0.00>
ST_2 : Operation 57 [1/1] (0.00ns)   --->   "%p_shl9_cast_mid1 = zext i8 %p_shl9_mid1" [D:/lenet_project/handoff/LeNet_DSE_Framework_2022_2/LeNet_DSE_Framework_2022_2/src/lenet_conv.cpp:91]   --->   Operation 57 'zext' 'p_shl9_cast_mid1' <Predicate = (!icmp_ln91)> <Delay = 0.00>
ST_2 : Operation 58 [1/1] (0.00ns)   --->   "%p_shl10_mid1 = bitconcatenate i5 @_ssdm_op_BitConcatenate.i5.i3.i2, i3 %add_ln91, i2 0" [D:/lenet_project/handoff/LeNet_DSE_Framework_2022_2/LeNet_DSE_Framework_2022_2/src/lenet_conv.cpp:91]   --->   Operation 58 'bitconcatenate' 'p_shl10_mid1' <Predicate = (!icmp_ln91)> <Delay = 0.00>
ST_2 : Operation 59 [1/1] (0.00ns)   --->   "%p_shl10_cast_mid1 = zext i5 %p_shl10_mid1" [D:/lenet_project/handoff/LeNet_DSE_Framework_2022_2/LeNet_DSE_Framework_2022_2/src/lenet_conv.cpp:91]   --->   Operation 59 'zext' 'p_shl10_cast_mid1' <Predicate = (!icmp_ln91)> <Delay = 0.00>
ST_2 : Operation 60 [1/1] (1.91ns)   --->   "%p_mid142 = sub i9 %p_shl9_cast_mid1, i9 %p_shl10_cast_mid1" [D:/lenet_project/handoff/LeNet_DSE_Framework_2022_2/LeNet_DSE_Framework_2022_2/src/lenet_conv.cpp:91]   --->   Operation 60 'sub' 'p_mid142' <Predicate = (!icmp_ln91)> <Delay = 1.91> <CoreInst = "Adder">   --->   Core 1 'Adder' <Latency = 0> <II = 1> <Delay = 1.91> <FuncUnit> <Opcode : 'add' 'sub'> <InPorts = 2> <OutPorts = 1>
ST_2 : Operation 61 [1/1] (0.00ns)   --->   "%p_shl7_mid1 = bitconcatenate i7 @_ssdm_op_BitConcatenate.i7.i3.i4, i3 %add_ln91, i4 0" [D:/lenet_project/handoff/LeNet_DSE_Framework_2022_2/LeNet_DSE_Framework_2022_2/src/lenet_conv.cpp:91]   --->   Operation 61 'bitconcatenate' 'p_shl7_mid1' <Predicate = (!icmp_ln91)> <Delay = 0.00>
ST_2 : Operation 62 [1/1] (0.00ns)   --->   "%p_shl7_cast_mid1 = zext i7 %p_shl7_mid1" [D:/lenet_project/handoff/LeNet_DSE_Framework_2022_2/LeNet_DSE_Framework_2022_2/src/lenet_conv.cpp:91]   --->   Operation 62 'zext' 'p_shl7_cast_mid1' <Predicate = (!icmp_ln91)> <Delay = 0.00>
ST_2 : Operation 63 [1/1] (0.00ns)   --->   "%p_shl8_mid1 = bitconcatenate i4 @_ssdm_op_BitConcatenate.i4.i3.i1, i3 %add_ln91, i1 0" [D:/lenet_project/handoff/LeNet_DSE_Framework_2022_2/LeNet_DSE_Framework_2022_2/src/lenet_conv.cpp:91]   --->   Operation 63 'bitconcatenate' 'p_shl8_mid1' <Predicate = (!icmp_ln91)> <Delay = 0.00>
ST_2 : Operation 64 [1/1] (0.00ns)   --->   "%p_shl8_cast_mid1 = zext i4 %p_shl8_mid1" [D:/lenet_project/handoff/LeNet_DSE_Framework_2022_2/LeNet_DSE_Framework_2022_2/src/lenet_conv.cpp:91]   --->   Operation 64 'zext' 'p_shl8_cast_mid1' <Predicate = (!icmp_ln91)> <Delay = 0.00>
ST_2 : Operation 65 [1/1] (1.87ns)   --->   "%p_mid144 = sub i8 %p_shl7_cast_mid1, i8 %p_shl8_cast_mid1" [D:/lenet_project/handoff/LeNet_DSE_Framework_2022_2/LeNet_DSE_Framework_2022_2/src/lenet_conv.cpp:91]   --->   Operation 65 'sub' 'p_mid144' <Predicate = (!icmp_ln91)> <Delay = 1.87> <CoreInst = "Adder">   --->   Core 1 'Adder' <Latency = 0> <II = 1> <Delay = 1.87> <FuncUnit> <Opcode : 'add' 'sub'> <InPorts = 2> <OutPorts = 1>
ST_2 : Operation 66 [1/1] (0.00ns)   --->   "%empty_46 = trunc i8 %p_mid144" [D:/lenet_project/handoff/LeNet_DSE_Framework_2022_2/LeNet_DSE_Framework_2022_2/src/lenet_conv.cpp:91]   --->   Operation 66 'trunc' 'empty_46' <Predicate = (!icmp_ln91 & icmp_ln93)> <Delay = 0.00>
ST_2 : Operation 67 [1/1] (0.00ns)   --->   "%empty_47 = trunc i9 %p_mid142" [D:/lenet_project/handoff/LeNet_DSE_Framework_2022_2/LeNet_DSE_Framework_2022_2/src/lenet_conv.cpp:91]   --->   Operation 67 'trunc' 'empty_47' <Predicate = (!icmp_ln91 & icmp_ln93)> <Delay = 0.00>
ST_2 : Operation 68 [1/1] (0.00ns) (grouped into LUT with out node and_ln91)   --->   "%xor_ln91 = xor i1 %icmp_ln93, i1 1" [D:/lenet_project/handoff/LeNet_DSE_Framework_2022_2/LeNet_DSE_Framework_2022_2/src/lenet_conv.cpp:91]   --->   Operation 68 'xor' 'xor_ln91' <Predicate = (!icmp_ln91)> <Delay = 0.00> <CoreInst = "LogicGate">   --->   Core 74 'LogicGate' <Latency = 0> <II = 1> <Delay = 0.97> <FuncUnit> <Opcode : 'and' 'or' 'xor'> <InPorts = 2> <OutPorts = 1>
ST_2 : Operation 69 [1/1] (1.30ns)   --->   "%icmp_ln95 = icmp_eq  i4 %output_col_load, i4 14" [D:/lenet_project/handoff/LeNet_DSE_Framework_2022_2/LeNet_DSE_Framework_2022_2/src/lenet_conv.cpp:95]   --->   Operation 69 'icmp' 'icmp_ln95' <Predicate = (!icmp_ln91)> <Delay = 1.30> <CoreInst = "Cmp">   --->   Core 9 'Cmp' <Latency = 0> <II = 1> <Delay = 1.30> <FuncUnit> <Opcode : 'icmp'> <InPorts = 2> <OutPorts = 1>
ST_2 : Operation 70 [1/1] (0.97ns) (out node of the LUT)   --->   "%and_ln91 = and i1 %icmp_ln95, i1 %xor_ln91" [D:/lenet_project/handoff/LeNet_DSE_Framework_2022_2/LeNet_DSE_Framework_2022_2/src/lenet_conv.cpp:91]   --->   Operation 70 'and' 'and_ln91' <Predicate = (!icmp_ln91)> <Delay = 0.97> <CoreInst = "LogicGate">   --->   Core 74 'LogicGate' <Latency = 0> <II = 1> <Delay = 0.97> <FuncUnit> <Opcode : 'and' 'or' 'xor'> <InPorts = 2> <OutPorts = 1>
ST_2 : Operation 71 [1/1] (0.98ns)   --->   "%select_ln91_6 = select i1 %icmp_ln93, i3 %add_ln91, i3 %channel_2" [D:/lenet_project/handoff/LeNet_DSE_Framework_2022_2/LeNet_DSE_Framework_2022_2/src/lenet_conv.cpp:91]   --->   Operation 71 'select' 'select_ln91_6' <Predicate = (!icmp_ln91)> <Delay = 0.98> <CoreInst = "Sel">   --->   Core 73 'Sel' <Latency = 0> <II = 1> <Delay = 0.98> <FuncUnit> <Opcode : 'select'> <InPorts = 3> <OutPorts = 1>
ST_2 : Operation 72 [1/1] (1.73ns)   --->   "%add_ln93 = add i4 %select_ln91, i4 1" [D:/lenet_project/handoff/LeNet_DSE_Framework_2022_2/LeNet_DSE_Framework_2022_2/src/lenet_conv.cpp:93]   --->   Operation 72 'add' 'add_ln93' <Predicate = (!icmp_ln91)> <Delay = 1.73> <CoreInst = "Adder">   --->   Core 1 'Adder' <Latency = 0> <II = 1> <Delay = 1.73> <FuncUnit> <Opcode : 'add' 'sub'> <InPorts = 2> <OutPorts = 1>
ST_2 : Operation 73 [1/1] (0.00ns) (grouped into LUT with out node select_ln93)   --->   "%or_ln93 = or i1 %and_ln91, i1 %icmp_ln93" [D:/lenet_project/handoff/LeNet_DSE_Framework_2022_2/LeNet_DSE_Framework_2022_2/src/lenet_conv.cpp:93]   --->   Operation 73 'or' 'or_ln93' <Predicate = (!icmp_ln91)> <Delay = 0.00> <CoreInst = "LogicGate">   --->   Core 74 'LogicGate' <Latency = 0> <II = 1> <Delay = 0.97> <FuncUnit> <Opcode : 'and' 'or' 'xor'> <InPorts = 2> <OutPorts = 1>
ST_2 : Operation 74 [1/1] (1.02ns) (out node of the LUT)   --->   "%select_ln93 = select i1 %or_ln93, i4 0, i4 %output_col_load" [D:/lenet_project/handoff/LeNet_DSE_Framework_2022_2/LeNet_DSE_Framework_2022_2/src/lenet_conv.cpp:93]   --->   Operation 74 'select' 'select_ln93' <Predicate = (!icmp_ln91)> <Delay = 1.02> <CoreInst = "Sel">   --->   Core 73 'Sel' <Latency = 0> <II = 1> <Delay = 1.02> <FuncUnit> <Opcode : 'select'> <InPorts = 3> <OutPorts = 1>
ST_2 : Operation 75 [1/1] (1.02ns)   --->   "%select_ln93_4 = select i1 %and_ln91, i4 %add_ln93, i4 %select_ln91" [D:/lenet_project/handoff/LeNet_DSE_Framework_2022_2/LeNet_DSE_Framework_2022_2/src/lenet_conv.cpp:93]   --->   Operation 75 'select' 'select_ln93_4' <Predicate = (!icmp_ln91)> <Delay = 1.02> <CoreInst = "Sel">   --->   Core 73 'Sel' <Latency = 0> <II = 1> <Delay = 1.02> <FuncUnit> <Opcode : 'select'> <InPorts = 3> <OutPorts = 1>
ST_2 : Operation 76 [1/1] (1.73ns)   --->   "%add_ln95 = add i4 %select_ln93, i4 1" [D:/lenet_project/handoff/LeNet_DSE_Framework_2022_2/LeNet_DSE_Framework_2022_2/src/lenet_conv.cpp:95]   --->   Operation 76 'add' 'add_ln95' <Predicate = (!icmp_ln91)> <Delay = 1.73> <CoreInst = "Adder">   --->   Core 1 'Adder' <Latency = 0> <II = 1> <Delay = 1.73> <FuncUnit> <Opcode : 'add' 'sub'> <InPorts = 2> <OutPorts = 1>
ST_2 : Operation 77 [1/1] (1.58ns)   --->   "%store_ln95 = store i3 %select_ln91_6, i3 %channel" [D:/lenet_project/handoff/LeNet_DSE_Framework_2022_2/LeNet_DSE_Framework_2022_2/src/lenet_conv.cpp:95]   --->   Operation 77 'store' 'store_ln95' <Predicate = (!icmp_ln91)> <Delay = 1.58>
ST_2 : Operation 78 [1/1] (1.58ns)   --->   "%store_ln95 = store i4 %select_ln93_4, i4 %output_row_1" [D:/lenet_project/handoff/LeNet_DSE_Framework_2022_2/LeNet_DSE_Framework_2022_2/src/lenet_conv.cpp:95]   --->   Operation 78 'store' 'store_ln95' <Predicate = (!icmp_ln91)> <Delay = 1.58>

State 3 <SV = 2> <Delay = 5.19>
ST_3 : Operation 79 [1/1] (0.00ns)   --->   "%zext_ln93 = zext i4 %output_row" [D:/lenet_project/handoff/LeNet_DSE_Framework_2022_2/LeNet_DSE_Framework_2022_2/src/lenet_conv.cpp:93]   --->   Operation 79 'zext' 'zext_ln93' <Predicate = (!icmp_ln93 & !and_ln91)> <Delay = 0.00>
ST_3 : Operation 80 [1/1] (0.00ns)   --->   "%tmp_1 = bitconcatenate i5 @_ssdm_op_BitConcatenate.i5.i4.i1, i4 %output_row, i1 0" [D:/lenet_project/handoff/LeNet_DSE_Framework_2022_2/LeNet_DSE_Framework_2022_2/src/lenet_conv.cpp:93]   --->   Operation 80 'bitconcatenate' 'tmp_1' <Predicate = true> <Delay = 0.00>
ST_3 : Operation 81 [1/1] (0.00ns)   --->   "%p_cast20 = zext i5 %tmp_1" [D:/lenet_project/handoff/LeNet_DSE_Framework_2022_2/LeNet_DSE_Framework_2022_2/src/lenet_conv.cpp:93]   --->   Operation 81 'zext' 'p_cast20' <Predicate = true> <Delay = 0.00>
ST_3 : Operation 82 [1/1] (1.91ns)   --->   "%empty_36 = add i8 %zext_ln93, i8 %empty_35" [D:/lenet_project/handoff/LeNet_DSE_Framework_2022_2/LeNet_DSE_Framework_2022_2/src/lenet_conv.cpp:93]   --->   Operation 82 'add' 'empty_36' <Predicate = (!icmp_ln93 & !and_ln91)> <Delay = 1.91> <CoreInst = "Adder">   --->   Core 1 'Adder' <Latency = 0> <II = 1> <Delay = 1.91> <FuncUnit> <Opcode : 'add' 'sub'> <InPorts = 2> <OutPorts = 1>
ST_3 : Operation 83 [1/1] (0.00ns)   --->   "%empty_37 = trunc i8 %empty_36" [D:/lenet_project/handoff/LeNet_DSE_Framework_2022_2/LeNet_DSE_Framework_2022_2/src/lenet_conv.cpp:93]   --->   Operation 83 'trunc' 'empty_37' <Predicate = (!icmp_ln93 & !and_ln91)> <Delay = 0.00>
ST_3 : Operation 84 [1/1] (0.00ns)   --->   "%p_shl5 = bitconcatenate i11 @_ssdm_op_BitConcatenate.i11.i7.i4, i7 %empty_37, i4 0" [D:/lenet_project/handoff/LeNet_DSE_Framework_2022_2/LeNet_DSE_Framework_2022_2/src/lenet_conv.cpp:93]   --->   Operation 84 'bitconcatenate' 'p_shl5' <Predicate = (!icmp_ln93 & !and_ln91)> <Delay = 0.00>
ST_3 : Operation 85 [1/1] (0.00ns)   --->   "%p_shl6 = bitconcatenate i9 @_ssdm_op_BitConcatenate.i9.i8.i1, i8 %empty_36, i1 0" [D:/lenet_project/handoff/LeNet_DSE_Framework_2022_2/LeNet_DSE_Framework_2022_2/src/lenet_conv.cpp:93]   --->   Operation 85 'bitconcatenate' 'p_shl6' <Predicate = (!icmp_ln93 & !and_ln91)> <Delay = 0.00>
ST_3 : Operation 86 [1/1] (0.00ns)   --->   "%p_shl12_cast = sext i9 %p_shl6" [D:/lenet_project/handoff/LeNet_DSE_Framework_2022_2/LeNet_DSE_Framework_2022_2/src/lenet_conv.cpp:93]   --->   Operation 86 'sext' 'p_shl12_cast' <Predicate = (!icmp_ln93 & !and_ln91)> <Delay = 0.00>
ST_3 : Operation 87 [1/1] (1.63ns)   --->   "%empty_38 = sub i11 %p_shl5, i11 %p_shl12_cast" [D:/lenet_project/handoff/LeNet_DSE_Framework_2022_2/LeNet_DSE_Framework_2022_2/src/lenet_conv.cpp:93]   --->   Operation 87 'sub' 'empty_38' <Predicate = (!icmp_ln93 & !and_ln91)> <Delay = 1.63> <CoreInst = "Adder">   --->   Core 1 'Adder' <Latency = 0> <II = 1> <Delay = 1.63> <FuncUnit> <Opcode : 'add' 'sub'> <InPorts = 2> <OutPorts = 1>
ST_3 : Operation 88 [1/1] (1.82ns)   --->   "%empty_39 = add i9 %p_cast20, i9 %empty" [D:/lenet_project/handoff/LeNet_DSE_Framework_2022_2/LeNet_DSE_Framework_2022_2/src/lenet_conv.cpp:93]   --->   Operation 88 'add' 'empty_39' <Predicate = true> <Delay = 1.82> <CoreInst = "Adder">   --->   Core 1 'Adder' <Latency = 0> <II = 1> <Delay = 1.82> <FuncUnit> <Opcode : 'add' 'sub'> <InPorts = 2> <OutPorts = 1>
ST_3 : Operation 89 [1/1] (0.00ns)   --->   "%empty_40 = trunc i9 %empty_39" [D:/lenet_project/handoff/LeNet_DSE_Framework_2022_2/LeNet_DSE_Framework_2022_2/src/lenet_conv.cpp:93]   --->   Operation 89 'trunc' 'empty_40' <Predicate = (!icmp_ln93 & !and_ln91)> <Delay = 0.00>
ST_3 : Operation 90 [1/1] (0.00ns)   --->   "%p_shl = bitconcatenate i13 @_ssdm_op_BitConcatenate.i13.i8.i5, i8 %empty_40, i5 0" [D:/lenet_project/handoff/LeNet_DSE_Framework_2022_2/LeNet_DSE_Framework_2022_2/src/lenet_conv.cpp:93]   --->   Operation 90 'bitconcatenate' 'p_shl' <Predicate = (!icmp_ln93 & !and_ln91)> <Delay = 0.00>
ST_3 : Operation 91 [1/1] (0.00ns)   --->   "%p_shl2 = bitconcatenate i11 @_ssdm_op_BitConcatenate.i11.i9.i2, i9 %empty_39, i2 0" [D:/lenet_project/handoff/LeNet_DSE_Framework_2022_2/LeNet_DSE_Framework_2022_2/src/lenet_conv.cpp:93]   --->   Operation 91 'bitconcatenate' 'p_shl2' <Predicate = (!icmp_ln93 & !and_ln91)> <Delay = 0.00>
ST_3 : Operation 92 [1/1] (0.00ns)   --->   "%p_shl14_0_cast = sext i11 %p_shl2" [D:/lenet_project/handoff/LeNet_DSE_Framework_2022_2/LeNet_DSE_Framework_2022_2/src/lenet_conv.cpp:93]   --->   Operation 92 'sext' 'p_shl14_0_cast' <Predicate = (!icmp_ln93 & !and_ln91)> <Delay = 0.00>
ST_3 : Operation 93 [1/1] (1.67ns)   --->   "%empty_41 = sub i13 %p_shl, i13 %p_shl14_0_cast" [D:/lenet_project/handoff/LeNet_DSE_Framework_2022_2/LeNet_DSE_Framework_2022_2/src/lenet_conv.cpp:93]   --->   Operation 93 'sub' 'empty_41' <Predicate = (!icmp_ln93 & !and_ln91)> <Delay = 1.67> <CoreInst = "Adder">   --->   Core 1 'Adder' <Latency = 0> <II = 1> <Delay = 1.67> <FuncUnit> <Opcode : 'add' 'sub'> <InPorts = 2> <OutPorts = 1>
ST_3 : Operation 94 [1/1] (0.00ns)   --->   "%empty_42 = or i9 %empty_39, i9 1" [D:/lenet_project/handoff/LeNet_DSE_Framework_2022_2/LeNet_DSE_Framework_2022_2/src/lenet_conv.cpp:93]   --->   Operation 94 'or' 'empty_42' <Predicate = (!icmp_ln93 & !and_ln91)> <Delay = 0.00>
ST_3 : Operation 95 [1/1] (0.00ns)   --->   "%empty_43 = trunc i9 %empty_42" [D:/lenet_project/handoff/LeNet_DSE_Framework_2022_2/LeNet_DSE_Framework_2022_2/src/lenet_conv.cpp:93]   --->   Operation 95 'trunc' 'empty_43' <Predicate = (!icmp_ln93 & !and_ln91)> <Delay = 0.00>
ST_3 : Operation 96 [1/1] (0.00ns)   --->   "%p_shl13_1 = bitconcatenate i13 @_ssdm_op_BitConcatenate.i13.i8.i5, i8 %empty_43, i5 0" [D:/lenet_project/handoff/LeNet_DSE_Framework_2022_2/LeNet_DSE_Framework_2022_2/src/lenet_conv.cpp:93]   --->   Operation 96 'bitconcatenate' 'p_shl13_1' <Predicate = (!icmp_ln93 & !and_ln91)> <Delay = 0.00>
ST_3 : Operation 97 [1/1] (0.00ns)   --->   "%p_shl14_1 = bitconcatenate i11 @_ssdm_op_BitConcatenate.i11.i9.i2, i9 %empty_42, i2 0" [D:/lenet_project/handoff/LeNet_DSE_Framework_2022_2/LeNet_DSE_Framework_2022_2/src/lenet_conv.cpp:93]   --->   Operation 97 'bitconcatenate' 'p_shl14_1' <Predicate = (!icmp_ln93 & !and_ln91)> <Delay = 0.00>
ST_3 : Operation 98 [1/1] (0.00ns)   --->   "%p_shl14_1_cast = sext i11 %p_shl14_1" [D:/lenet_project/handoff/LeNet_DSE_Framework_2022_2/LeNet_DSE_Framework_2022_2/src/lenet_conv.cpp:93]   --->   Operation 98 'sext' 'p_shl14_1_cast' <Predicate = (!icmp_ln93 & !and_ln91)> <Delay = 0.00>
ST_3 : Operation 99 [1/1] (1.67ns)   --->   "%empty_44 = sub i13 %p_shl13_1, i13 %p_shl14_1_cast" [D:/lenet_project/handoff/LeNet_DSE_Framework_2022_2/LeNet_DSE_Framework_2022_2/src/lenet_conv.cpp:93]   --->   Operation 99 'sub' 'empty_44' <Predicate = (!icmp_ln93 & !and_ln91)> <Delay = 1.67> <CoreInst = "Adder">   --->   Core 1 'Adder' <Latency = 0> <II = 1> <Delay = 1.67> <FuncUnit> <Opcode : 'add' 'sub'> <InPorts = 2> <OutPorts = 1>
ST_3 : Operation 100 [1/1] (0.00ns)   --->   "%specpipeline_ln0 = specpipeline void @_ssdm_op_SpecPipeline, i32 4294967295, i32 0, i32 1, i32 0, void @p_str"   --->   Operation 100 'specpipeline' 'specpipeline_ln0' <Predicate = true> <Delay = 0.00>
ST_3 : Operation 101 [1/1] (0.00ns) (grouped into LUT with out node p_mid122)   --->   "%select_ln91_1 = select i1 %icmp_ln93, i9 %p_mid142, i9 %empty" [D:/lenet_project/handoff/LeNet_DSE_Framework_2022_2/LeNet_DSE_Framework_2022_2/src/lenet_conv.cpp:91]   --->   Operation 101 'select' 'select_ln91_1' <Predicate = (!icmp_ln91)> <Delay = 0.00> <CoreInst = "Sel">   --->   Core 73 'Sel' <Latency = 0> <II = 1> <Delay = 0.96> <FuncUnit> <Opcode : 'select'> <InPorts = 3> <OutPorts = 1>
ST_3 : Operation 102 [1/1] (0.00ns) (grouped into LUT with out node p_mid118)   --->   "%select_ln91_2 = select i1 %icmp_ln93, i8 %p_mid144, i8 %empty_35" [D:/lenet_project/handoff/LeNet_DSE_Framework_2022_2/LeNet_DSE_Framework_2022_2/src/lenet_conv.cpp:91]   --->   Operation 102 'select' 'select_ln91_2' <Predicate = (!icmp_ln91 & and_ln91)> <Delay = 0.00> <CoreInst = "Sel">   --->   Core 73 'Sel' <Latency = 0> <II = 1> <Delay = 1.24> <FuncUnit> <Opcode : 'select'> <InPorts = 3> <OutPorts = 1>
ST_3 : Operation 103 [1/1] (0.00ns)   --->   "%p_shl11_mid = bitconcatenate i11 @_ssdm_op_BitConcatenate.i11.i7.i4, i7 %empty_46, i4 0" [D:/lenet_project/handoff/LeNet_DSE_Framework_2022_2/LeNet_DSE_Framework_2022_2/src/lenet_conv.cpp:91]   --->   Operation 103 'bitconcatenate' 'p_shl11_mid' <Predicate = (!icmp_ln91 & icmp_ln93 & !and_ln91)> <Delay = 0.00>
ST_3 : Operation 104 [1/1] (0.00ns)   --->   "%p_shl12_mid = bitconcatenate i9 @_ssdm_op_BitConcatenate.i9.i8.i1, i8 %p_mid144, i1 0" [D:/lenet_project/handoff/LeNet_DSE_Framework_2022_2/LeNet_DSE_Framework_2022_2/src/lenet_conv.cpp:91]   --->   Operation 104 'bitconcatenate' 'p_shl12_mid' <Predicate = (!icmp_ln91 & icmp_ln93 & !and_ln91)> <Delay = 0.00>
ST_3 : Operation 105 [1/1] (0.00ns)   --->   "%p_shl12_cast_mid164 = sext i9 %p_shl12_mid" [D:/lenet_project/handoff/LeNet_DSE_Framework_2022_2/LeNet_DSE_Framework_2022_2/src/lenet_conv.cpp:91]   --->   Operation 105 'sext' 'p_shl12_cast_mid164' <Predicate = (!icmp_ln91 & icmp_ln93 & !and_ln91)> <Delay = 0.00>
ST_3 : Operation 106 [1/1] (1.63ns)   --->   "%p_mid166 = sub i11 %p_shl11_mid, i11 %p_shl12_cast_mid164" [D:/lenet_project/handoff/LeNet_DSE_Framework_2022_2/LeNet_DSE_Framework_2022_2/src/lenet_conv.cpp:91]   --->   Operation 106 'sub' 'p_mid166' <Predicate = (!icmp_ln91 & icmp_ln93 & !and_ln91)> <Delay = 1.63> <CoreInst = "Adder">   --->   Core 1 'Adder' <Latency = 0> <II = 1> <Delay = 1.63> <FuncUnit> <Opcode : 'add' 'sub'> <InPorts = 2> <OutPorts = 1>
ST_3 : Operation 107 [1/1] (0.00ns) (grouped into LUT with out node add_ln114)   --->   "%select_ln91_3 = select i1 %icmp_ln93, i11 %p_mid166, i11 %empty_38" [D:/lenet_project/handoff/LeNet_DSE_Framework_2022_2/LeNet_DSE_Framework_2022_2/src/lenet_conv.cpp:91]   --->   Operation 107 'select' 'select_ln91_3' <Predicate = (!icmp_ln91 & !and_ln91)> <Delay = 0.00> <CoreInst = "Sel">   --->   Core 73 'Sel' <Latency = 0> <II = 1> <Delay = 0.69> <FuncUnit> <Opcode : 'select'> <InPorts = 3> <OutPorts = 1>
ST_3 : Operation 108 [1/1] (0.00ns)   --->   "%p_shl13_0_mid = bitconcatenate i13 @_ssdm_op_BitConcatenate.i13.i8.i5, i8 %empty_47, i5 0" [D:/lenet_project/handoff/LeNet_DSE_Framework_2022_2/LeNet_DSE_Framework_2022_2/src/lenet_conv.cpp:91]   --->   Operation 108 'bitconcatenate' 'p_shl13_0_mid' <Predicate = (!icmp_ln91 & icmp_ln93 & !and_ln91)> <Delay = 0.00>
ST_3 : Operation 109 [1/1] (0.00ns)   --->   "%p_shl14_0_mid = bitconcatenate i11 @_ssdm_op_BitConcatenate.i11.i9.i2, i9 %p_mid142, i2 0" [D:/lenet_project/handoff/LeNet_DSE_Framework_2022_2/LeNet_DSE_Framework_2022_2/src/lenet_conv.cpp:91]   --->   Operation 109 'bitconcatenate' 'p_shl14_0_mid' <Predicate = (!icmp_ln91 & icmp_ln93 & !and_ln91)> <Delay = 0.00>
ST_3 : Operation 110 [1/1] (0.00ns)   --->   "%p_shl14_0_cast_mid178 = sext i11 %p_shl14_0_mid" [D:/lenet_project/handoff/LeNet_DSE_Framework_2022_2/LeNet_DSE_Framework_2022_2/src/lenet_conv.cpp:91]   --->   Operation 110 'sext' 'p_shl14_0_cast_mid178' <Predicate = (!icmp_ln91 & icmp_ln93 & !and_ln91)> <Delay = 0.00>
ST_3 : Operation 111 [1/1] (1.67ns)   --->   "%p_mid180 = sub i13 %p_shl13_0_mid, i13 %p_shl14_0_cast_mid178" [D:/lenet_project/handoff/LeNet_DSE_Framework_2022_2/LeNet_DSE_Framework_2022_2/src/lenet_conv.cpp:91]   --->   Operation 111 'sub' 'p_mid180' <Predicate = (!icmp_ln91 & icmp_ln93 & !and_ln91)> <Delay = 1.67> <CoreInst = "Adder">   --->   Core 1 'Adder' <Latency = 0> <II = 1> <Delay = 1.67> <FuncUnit> <Opcode : 'add' 'sub'> <InPorts = 2> <OutPorts = 1>
ST_3 : Operation 112 [1/1] (0.00ns) (grouped into LUT with out node add_ln105)   --->   "%select_ln91_4 = select i1 %icmp_ln93, i13 %p_mid180, i13 %empty_41" [D:/lenet_project/handoff/LeNet_DSE_Framework_2022_2/LeNet_DSE_Framework_2022_2/src/lenet_conv.cpp:91]   --->   Operation 112 'select' 'select_ln91_4' <Predicate = (!icmp_ln91 & !and_ln91)> <Delay = 0.00> <CoreInst = "Sel">   --->   Core 73 'Sel' <Latency = 0> <II = 1> <Delay = 0.69> <FuncUnit> <Opcode : 'select'> <InPorts = 3> <OutPorts = 1>
ST_3 : Operation 113 [1/1] (0.00ns)   --->   "%p_mid182 = or i9 %p_mid142, i9 1" [D:/lenet_project/handoff/LeNet_DSE_Framework_2022_2/LeNet_DSE_Framework_2022_2/src/lenet_conv.cpp:91]   --->   Operation 113 'or' 'p_mid182' <Predicate = (!icmp_ln91 & icmp_ln93 & !and_ln91)> <Delay = 0.00>
ST_3 : Operation 114 [1/1] (0.00ns)   --->   "%empty_48 = trunc i9 %p_mid182" [D:/lenet_project/handoff/LeNet_DSE_Framework_2022_2/LeNet_DSE_Framework_2022_2/src/lenet_conv.cpp:91]   --->   Operation 114 'trunc' 'empty_48' <Predicate = (!icmp_ln91 & icmp_ln93 & !and_ln91)> <Delay = 0.00>
ST_3 : Operation 115 [1/1] (0.00ns)   --->   "%p_shl13_1_mid = bitconcatenate i13 @_ssdm_op_BitConcatenate.i13.i8.i5, i8 %empty_48, i5 0" [D:/lenet_project/handoff/LeNet_DSE_Framework_2022_2/LeNet_DSE_Framework_2022_2/src/lenet_conv.cpp:91]   --->   Operation 115 'bitconcatenate' 'p_shl13_1_mid' <Predicate = (!icmp_ln91 & icmp_ln93 & !and_ln91)> <Delay = 0.00>
ST_3 : Operation 116 [1/1] (0.00ns)   --->   "%p_shl14_1_mid = bitconcatenate i11 @_ssdm_op_BitConcatenate.i11.i9.i2, i9 %p_mid182, i2 0" [D:/lenet_project/handoff/LeNet_DSE_Framework_2022_2/LeNet_DSE_Framework_2022_2/src/lenet_conv.cpp:91]   --->   Operation 116 'bitconcatenate' 'p_shl14_1_mid' <Predicate = (!icmp_ln91 & icmp_ln93 & !and_ln91)> <Delay = 0.00>
ST_3 : Operation 117 [1/1] (0.00ns)   --->   "%p_shl14_1_cast_mid192 = sext i11 %p_shl14_1_mid" [D:/lenet_project/handoff/LeNet_DSE_Framework_2022_2/LeNet_DSE_Framework_2022_2/src/lenet_conv.cpp:91]   --->   Operation 117 'sext' 'p_shl14_1_cast_mid192' <Predicate = (!icmp_ln91 & icmp_ln93 & !and_ln91)> <Delay = 0.00>
ST_3 : Operation 118 [1/1] (1.67ns)   --->   "%p_mid194 = sub i13 %p_shl13_1_mid, i13 %p_shl14_1_cast_mid192" [D:/lenet_project/handoff/LeNet_DSE_Framework_2022_2/LeNet_DSE_Framework_2022_2/src/lenet_conv.cpp:91]   --->   Operation 118 'sub' 'p_mid194' <Predicate = (!icmp_ln91 & icmp_ln93 & !and_ln91)> <Delay = 1.67> <CoreInst = "Adder">   --->   Core 1 'Adder' <Latency = 0> <II = 1> <Delay = 1.67> <FuncUnit> <Opcode : 'add' 'sub'> <InPorts = 2> <OutPorts = 1>
ST_3 : Operation 119 [1/1] (0.00ns) (grouped into LUT with out node add_ln105_1)   --->   "%select_ln91_5 = select i1 %icmp_ln93, i13 %p_mid194, i13 %empty_44" [D:/lenet_project/handoff/LeNet_DSE_Framework_2022_2/LeNet_DSE_Framework_2022_2/src/lenet_conv.cpp:91]   --->   Operation 119 'select' 'select_ln91_5' <Predicate = (!icmp_ln91 & !and_ln91)> <Delay = 0.00> <CoreInst = "Sel">   --->   Core 73 'Sel' <Latency = 0> <II = 1> <Delay = 0.69> <FuncUnit> <Opcode : 'select'> <InPorts = 3> <OutPorts = 1>
ST_3 : Operation 120 [1/1] (0.00ns) (grouped into LUT with out node p_mid118)   --->   "%zext_ln93_1 = zext i4 %add_ln93" [D:/lenet_project/handoff/LeNet_DSE_Framework_2022_2/LeNet_DSE_Framework_2022_2/src/lenet_conv.cpp:93]   --->   Operation 120 'zext' 'zext_ln93_1' <Predicate = (!icmp_ln91 & and_ln91)> <Delay = 0.00>
ST_3 : Operation 121 [1/1] (0.00ns) (grouped into LUT with out node p_mid122)   --->   "%p_mid = bitconcatenate i5 @_ssdm_op_BitConcatenate.i5.i4.i1, i4 %add_ln93, i1 0" [D:/lenet_project/handoff/LeNet_DSE_Framework_2022_2/LeNet_DSE_Framework_2022_2/src/lenet_conv.cpp:93]   --->   Operation 121 'bitconcatenate' 'p_mid' <Predicate = (!icmp_ln91)> <Delay = 0.00>
ST_3 : Operation 122 [1/1] (0.00ns) (grouped into LUT with out node p_mid122)   --->   "%p_cast20_mid1 = zext i5 %p_mid" [D:/lenet_project/handoff/LeNet_DSE_Framework_2022_2/LeNet_DSE_Framework_2022_2/src/lenet_conv.cpp:93]   --->   Operation 122 'zext' 'p_cast20_mid1' <Predicate = (!icmp_ln91)> <Delay = 0.00>
ST_3 : Operation 123 [1/1] (1.91ns) (out node of the LUT)   --->   "%p_mid118 = add i8 %zext_ln93_1, i8 %select_ln91_2" [D:/lenet_project/handoff/LeNet_DSE_Framework_2022_2/LeNet_DSE_Framework_2022_2/src/lenet_conv.cpp:93]   --->   Operation 123 'add' 'p_mid118' <Predicate = (!icmp_ln91 & and_ln91)> <Delay = 1.91> <CoreInst = "Adder">   --->   Core 1 'Adder' <Latency = 0> <II = 1> <Delay = 1.91> <FuncUnit> <Opcode : 'add' 'sub'> <InPorts = 2> <OutPorts = 1>
ST_3 : Operation 124 [1/1] (0.00ns)   --->   "%empty_49 = trunc i8 %p_mid118" [D:/lenet_project/handoff/LeNet_DSE_Framework_2022_2/LeNet_DSE_Framework_2022_2/src/lenet_conv.cpp:93]   --->   Operation 124 'trunc' 'empty_49' <Predicate = (!icmp_ln91 & and_ln91)> <Delay = 0.00>
ST_3 : Operation 125 [1/1] (0.00ns)   --->   "%p_shl11_mid1 = bitconcatenate i11 @_ssdm_op_BitConcatenate.i11.i7.i4, i7 %empty_49, i4 0" [D:/lenet_project/handoff/LeNet_DSE_Framework_2022_2/LeNet_DSE_Framework_2022_2/src/lenet_conv.cpp:93]   --->   Operation 125 'bitconcatenate' 'p_shl11_mid1' <Predicate = (!icmp_ln91 & and_ln91)> <Delay = 0.00>
ST_3 : Operation 126 [1/1] (0.00ns)   --->   "%p_shl12_mid1 = bitconcatenate i9 @_ssdm_op_BitConcatenate.i9.i8.i1, i8 %p_mid118, i1 0" [D:/lenet_project/handoff/LeNet_DSE_Framework_2022_2/LeNet_DSE_Framework_2022_2/src/lenet_conv.cpp:93]   --->   Operation 126 'bitconcatenate' 'p_shl12_mid1' <Predicate = (!icmp_ln91 & and_ln91)> <Delay = 0.00>
ST_3 : Operation 127 [1/1] (0.00ns)   --->   "%p_shl12_cast_mid1 = sext i9 %p_shl12_mid1" [D:/lenet_project/handoff/LeNet_DSE_Framework_2022_2/LeNet_DSE_Framework_2022_2/src/lenet_conv.cpp:93]   --->   Operation 127 'sext' 'p_shl12_cast_mid1' <Predicate = (!icmp_ln91 & and_ln91)> <Delay = 0.00>
ST_3 : Operation 128 [1/1] (1.63ns)   --->   "%p_mid120 = sub i11 %p_shl11_mid1, i11 %p_shl12_cast_mid1" [D:/lenet_project/handoff/LeNet_DSE_Framework_2022_2/LeNet_DSE_Framework_2022_2/src/lenet_conv.cpp:93]   --->   Operation 128 'sub' 'p_mid120' <Predicate = (!icmp_ln91 & and_ln91)> <Delay = 1.63> <CoreInst = "Adder">   --->   Core 1 'Adder' <Latency = 0> <II = 1> <Delay = 1.63> <FuncUnit> <Opcode : 'add' 'sub'> <InPorts = 2> <OutPorts = 1>
ST_3 : Operation 129 [1/1] (0.00ns) (grouped into LUT with out node add_ln114)   --->   "%select_ln93_1 = select i1 %and_ln91, i11 %p_mid120, i11 %select_ln91_3" [D:/lenet_project/handoff/LeNet_DSE_Framework_2022_2/LeNet_DSE_Framework_2022_2/src/lenet_conv.cpp:93]   --->   Operation 129 'select' 'select_ln93_1' <Predicate = (!icmp_ln91)> <Delay = 0.00> <CoreInst = "Sel">   --->   Core 73 'Sel' <Latency = 0> <II = 1> <Delay = 0.69> <FuncUnit> <Opcode : 'select'> <InPorts = 3> <OutPorts = 1>
ST_3 : Operation 130 [1/1] (1.82ns) (out node of the LUT)   --->   "%p_mid122 = add i9 %p_cast20_mid1, i9 %select_ln91_1" [D:/lenet_project/handoff/LeNet_DSE_Framework_2022_2/LeNet_DSE_Framework_2022_2/src/lenet_conv.cpp:93]   --->   Operation 130 'add' 'p_mid122' <Predicate = (!icmp_ln91)> <Delay = 1.82> <CoreInst = "Adder">   --->   Core 1 'Adder' <Latency = 0> <II = 1> <Delay = 1.82> <FuncUnit> <Opcode : 'add' 'sub'> <InPorts = 2> <OutPorts = 1>
ST_3 : Operation 131 [1/1] (0.00ns)   --->   "%empty_50 = trunc i9 %p_mid122" [D:/lenet_project/handoff/LeNet_DSE_Framework_2022_2/LeNet_DSE_Framework_2022_2/src/lenet_conv.cpp:93]   --->   Operation 131 'trunc' 'empty_50' <Predicate = (!icmp_ln91 & and_ln91)> <Delay = 0.00>
ST_3 : Operation 132 [1/1] (0.00ns)   --->   "%p_shl13_0_mid1 = bitconcatenate i13 @_ssdm_op_BitConcatenate.i13.i8.i5, i8 %empty_50, i5 0" [D:/lenet_project/handoff/LeNet_DSE_Framework_2022_2/LeNet_DSE_Framework_2022_2/src/lenet_conv.cpp:93]   --->   Operation 132 'bitconcatenate' 'p_shl13_0_mid1' <Predicate = (!icmp_ln91 & and_ln91)> <Delay = 0.00>
ST_3 : Operation 133 [1/1] (0.00ns)   --->   "%p_shl14_0_mid1 = bitconcatenate i11 @_ssdm_op_BitConcatenate.i11.i9.i2, i9 %p_mid122, i2 0" [D:/lenet_project/handoff/LeNet_DSE_Framework_2022_2/LeNet_DSE_Framework_2022_2/src/lenet_conv.cpp:93]   --->   Operation 133 'bitconcatenate' 'p_shl14_0_mid1' <Predicate = (!icmp_ln91 & and_ln91)> <Delay = 0.00>
ST_3 : Operation 134 [1/1] (0.00ns)   --->   "%p_shl14_0_cast_mid1 = sext i11 %p_shl14_0_mid1" [D:/lenet_project/handoff/LeNet_DSE_Framework_2022_2/LeNet_DSE_Framework_2022_2/src/lenet_conv.cpp:93]   --->   Operation 134 'sext' 'p_shl14_0_cast_mid1' <Predicate = (!icmp_ln91 & and_ln91)> <Delay = 0.00>
ST_3 : Operation 135 [1/1] (1.67ns)   --->   "%p_mid124 = sub i13 %p_shl13_0_mid1, i13 %p_shl14_0_cast_mid1" [D:/lenet_project/handoff/LeNet_DSE_Framework_2022_2/LeNet_DSE_Framework_2022_2/src/lenet_conv.cpp:93]   --->   Operation 135 'sub' 'p_mid124' <Predicate = (!icmp_ln91 & and_ln91)> <Delay = 1.67> <CoreInst = "Adder">   --->   Core 1 'Adder' <Latency = 0> <II = 1> <Delay = 1.67> <FuncUnit> <Opcode : 'add' 'sub'> <InPorts = 2> <OutPorts = 1>
ST_3 : Operation 136 [1/1] (0.00ns) (grouped into LUT with out node add_ln105)   --->   "%select_ln93_2 = select i1 %and_ln91, i13 %p_mid124, i13 %select_ln91_4" [D:/lenet_project/handoff/LeNet_DSE_Framework_2022_2/LeNet_DSE_Framework_2022_2/src/lenet_conv.cpp:93]   --->   Operation 136 'select' 'select_ln93_2' <Predicate = (!icmp_ln91)> <Delay = 0.00> <CoreInst = "Sel">   --->   Core 73 'Sel' <Latency = 0> <II = 1> <Delay = 0.69> <FuncUnit> <Opcode : 'select'> <InPorts = 3> <OutPorts = 1>
ST_3 : Operation 137 [1/1] (0.00ns)   --->   "%p_mid126 = or i9 %p_mid122, i9 1" [D:/lenet_project/handoff/LeNet_DSE_Framework_2022_2/LeNet_DSE_Framework_2022_2/src/lenet_conv.cpp:93]   --->   Operation 137 'or' 'p_mid126' <Predicate = (!icmp_ln91 & and_ln91)> <Delay = 0.00>
ST_3 : Operation 138 [1/1] (0.00ns)   --->   "%empty_51 = trunc i9 %p_mid126" [D:/lenet_project/handoff/LeNet_DSE_Framework_2022_2/LeNet_DSE_Framework_2022_2/src/lenet_conv.cpp:93]   --->   Operation 138 'trunc' 'empty_51' <Predicate = (!icmp_ln91 & and_ln91)> <Delay = 0.00>
ST_3 : Operation 139 [1/1] (0.00ns)   --->   "%p_shl13_1_mid1 = bitconcatenate i13 @_ssdm_op_BitConcatenate.i13.i8.i5, i8 %empty_51, i5 0" [D:/lenet_project/handoff/LeNet_DSE_Framework_2022_2/LeNet_DSE_Framework_2022_2/src/lenet_conv.cpp:93]   --->   Operation 139 'bitconcatenate' 'p_shl13_1_mid1' <Predicate = (!icmp_ln91 & and_ln91)> <Delay = 0.00>
ST_3 : Operation 140 [1/1] (0.00ns)   --->   "%p_shl14_1_mid1 = bitconcatenate i11 @_ssdm_op_BitConcatenate.i11.i9.i2, i9 %p_mid126, i2 0" [D:/lenet_project/handoff/LeNet_DSE_Framework_2022_2/LeNet_DSE_Framework_2022_2/src/lenet_conv.cpp:93]   --->   Operation 140 'bitconcatenate' 'p_shl14_1_mid1' <Predicate = (!icmp_ln91 & and_ln91)> <Delay = 0.00>
ST_3 : Operation 141 [1/1] (0.00ns)   --->   "%p_shl14_1_cast_mid1 = sext i11 %p_shl14_1_mid1" [D:/lenet_project/handoff/LeNet_DSE_Framework_2022_2/LeNet_DSE_Framework_2022_2/src/lenet_conv.cpp:93]   --->   Operation 141 'sext' 'p_shl14_1_cast_mid1' <Predicate = (!icmp_ln91 & and_ln91)> <Delay = 0.00>
ST_3 : Operation 142 [1/1] (1.67ns)   --->   "%p_mid128 = sub i13 %p_shl13_1_mid1, i13 %p_shl14_1_cast_mid1" [D:/lenet_project/handoff/LeNet_DSE_Framework_2022_2/LeNet_DSE_Framework_2022_2/src/lenet_conv.cpp:93]   --->   Operation 142 'sub' 'p_mid128' <Predicate = (!icmp_ln91 & and_ln91)> <Delay = 1.67> <CoreInst = "Adder">   --->   Core 1 'Adder' <Latency = 0> <II = 1> <Delay = 1.67> <FuncUnit> <Opcode : 'add' 'sub'> <InPorts = 2> <OutPorts = 1>
ST_3 : Operation 143 [1/1] (0.00ns) (grouped into LUT with out node add_ln105_1)   --->   "%select_ln93_3 = select i1 %and_ln91, i13 %p_mid128, i13 %select_ln91_5" [D:/lenet_project/handoff/LeNet_DSE_Framework_2022_2/LeNet_DSE_Framework_2022_2/src/lenet_conv.cpp:93]   --->   Operation 143 'select' 'select_ln93_3' <Predicate = (!icmp_ln91)> <Delay = 0.00> <CoreInst = "Sel">   --->   Core 73 'Sel' <Latency = 0> <II = 1> <Delay = 0.69> <FuncUnit> <Opcode : 'select'> <InPorts = 3> <OutPorts = 1>
ST_3 : Operation 144 [1/1] (0.00ns) (grouped into LUT with out node add_ln114)   --->   "%output_col_cast35 = zext i4 %select_ln93" [D:/lenet_project/handoff/LeNet_DSE_Framework_2022_2/LeNet_DSE_Framework_2022_2/src/lenet_conv.cpp:93]   --->   Operation 144 'zext' 'output_col_cast35' <Predicate = (!icmp_ln91)> <Delay = 0.00>
ST_3 : Operation 145 [1/1] (0.00ns)   --->   "%tmp_16 = bitconcatenate i5 @_ssdm_op_BitConcatenate.i5.i4.i1, i4 %select_ln93, i1 0" [D:/lenet_project/handoff/LeNet_DSE_Framework_2022_2/LeNet_DSE_Framework_2022_2/src/lenet_conv.cpp:93]   --->   Operation 145 'bitconcatenate' 'tmp_16' <Predicate = (!icmp_ln91)> <Delay = 0.00>
ST_3 : Operation 146 [1/1] (0.00ns)   --->   "%zext_ln105 = zext i5 %tmp_16" [D:/lenet_project/handoff/LeNet_DSE_Framework_2022_2/LeNet_DSE_Framework_2022_2/src/lenet_conv.cpp:105]   --->   Operation 146 'zext' 'zext_ln105' <Predicate = (!icmp_ln91)> <Delay = 0.00>
ST_3 : Operation 147 [1/1] (1.67ns) (out node of the LUT)   --->   "%add_ln105 = add i13 %select_ln93_2, i13 %zext_ln105" [D:/lenet_project/handoff/LeNet_DSE_Framework_2022_2/LeNet_DSE_Framework_2022_2/src/lenet_conv.cpp:105]   --->   Operation 147 'add' 'add_ln105' <Predicate = (!icmp_ln91)> <Delay = 1.67> <CoreInst = "Adder">   --->   Core 1 'Adder' <Latency = 0> <II = 1> <Delay = 1.67> <FuncUnit> <Opcode : 'add' 'sub'> <InPorts = 2> <OutPorts = 1>
ST_3 : Operation 148 [1/1] (1.67ns) (out node of the LUT)   --->   "%add_ln105_1 = add i13 %select_ln93_3, i13 %zext_ln105" [D:/lenet_project/handoff/LeNet_DSE_Framework_2022_2/LeNet_DSE_Framework_2022_2/src/lenet_conv.cpp:105]   --->   Operation 148 'add' 'add_ln105_1' <Predicate = (!icmp_ln91)> <Delay = 1.67> <CoreInst = "Adder">   --->   Core 1 'Adder' <Latency = 0> <II = 1> <Delay = 1.67> <FuncUnit> <Opcode : 'add' 'sub'> <InPorts = 2> <OutPorts = 1>
ST_3 : Operation 149 [1/1] (1.63ns) (out node of the LUT)   --->   "%add_ln114 = add i11 %output_col_cast35, i11 %select_ln93_1" [D:/lenet_project/handoff/LeNet_DSE_Framework_2022_2/LeNet_DSE_Framework_2022_2/src/lenet_conv.cpp:114]   --->   Operation 149 'add' 'add_ln114' <Predicate = (!icmp_ln91)> <Delay = 1.63> <CoreInst = "Adder">   --->   Core 1 'Adder' <Latency = 0> <II = 1> <Delay = 1.63> <FuncUnit> <Opcode : 'add' 'sub'> <InPorts = 2> <OutPorts = 1>
ST_3 : Operation 150 [1/1] (1.58ns)   --->   "%store_ln95 = store i4 %add_ln95, i4 %output_col" [D:/lenet_project/handoff/LeNet_DSE_Framework_2022_2/LeNet_DSE_Framework_2022_2/src/lenet_conv.cpp:95]   --->   Operation 150 'store' 'store_ln95' <Predicate = (!icmp_ln91)> <Delay = 1.58>

State 4 <SV = 3> <Delay = 3.25>
ST_4 : Operation 151 [1/1] (0.00ns)   --->   "%zext_ln106 = zext i13 %add_ln105" [D:/lenet_project/handoff/LeNet_DSE_Framework_2022_2/LeNet_DSE_Framework_2022_2/src/lenet_conv.cpp:106]   --->   Operation 151 'zext' 'zext_ln106' <Predicate = true> <Delay = 0.00>
ST_4 : Operation 152 [1/1] (0.00ns)   --->   "%conv1_output_addr = getelementptr i32 %conv1_output, i64 0, i64 %zext_ln106" [D:/lenet_project/handoff/LeNet_DSE_Framework_2022_2/LeNet_DSE_Framework_2022_2/src/lenet_conv.cpp:106]   --->   Operation 152 'getelementptr' 'conv1_output_addr' <Predicate = true> <Delay = 0.00>
ST_4 : Operation 153 [2/2] (3.25ns)   --->   "%conv1_output_load = load i13 %conv1_output_addr" [D:/lenet_project/handoff/LeNet_DSE_Framework_2022_2/LeNet_DSE_Framework_2022_2/src/lenet_conv.cpp:106]   --->   Operation 153 'load' 'conv1_output_load' <Predicate = true> <Delay = 3.25> <CoreInst = "RAM_1WnR">   --->   Core 83 'RAM_1WnR' <Latency = 1> <II = 1> <Delay = 3.25> <Storage> <Opcode : 'load' 'store'> <Ports = 17> <Width = 32> <Depth = 4704> <RAM>
ST_4 : Operation 154 [1/1] (0.00ns)   --->   "%or_ln105 = or i13 %add_ln105, i13 1" [D:/lenet_project/handoff/LeNet_DSE_Framework_2022_2/LeNet_DSE_Framework_2022_2/src/lenet_conv.cpp:105]   --->   Operation 154 'or' 'or_ln105' <Predicate = true> <Delay = 0.00>
ST_4 : Operation 155 [1/1] (0.00ns)   --->   "%zext_ln106_1 = zext i13 %or_ln105" [D:/lenet_project/handoff/LeNet_DSE_Framework_2022_2/LeNet_DSE_Framework_2022_2/src/lenet_conv.cpp:106]   --->   Operation 155 'zext' 'zext_ln106_1' <Predicate = true> <Delay = 0.00>
ST_4 : Operation 156 [1/1] (0.00ns)   --->   "%conv1_output_addr_1 = getelementptr i32 %conv1_output, i64 0, i64 %zext_ln106_1" [D:/lenet_project/handoff/LeNet_DSE_Framework_2022_2/LeNet_DSE_Framework_2022_2/src/lenet_conv.cpp:106]   --->   Operation 156 'getelementptr' 'conv1_output_addr_1' <Predicate = true> <Delay = 0.00>
ST_4 : Operation 157 [2/2] (3.25ns)   --->   "%conv1_output_load_1 = load i13 %conv1_output_addr_1" [D:/lenet_project/handoff/LeNet_DSE_Framework_2022_2/LeNet_DSE_Framework_2022_2/src/lenet_conv.cpp:106]   --->   Operation 157 'load' 'conv1_output_load_1' <Predicate = true> <Delay = 3.25> <CoreInst = "RAM_1WnR">   --->   Core 83 'RAM_1WnR' <Latency = 1> <II = 1> <Delay = 3.25> <Storage> <Opcode : 'load' 'store'> <Ports = 17> <Width = 32> <Depth = 4704> <RAM>
ST_4 : Operation 158 [1/1] (0.00ns)   --->   "%zext_ln106_2 = zext i13 %add_ln105_1" [D:/lenet_project/handoff/LeNet_DSE_Framework_2022_2/LeNet_DSE_Framework_2022_2/src/lenet_conv.cpp:106]   --->   Operation 158 'zext' 'zext_ln106_2' <Predicate = true> <Delay = 0.00>
ST_4 : Operation 159 [1/1] (0.00ns)   --->   "%conv1_output_addr_2 = getelementptr i32 %conv1_output, i64 0, i64 %zext_ln106_2" [D:/lenet_project/handoff/LeNet_DSE_Framework_2022_2/LeNet_DSE_Framework_2022_2/src/lenet_conv.cpp:106]   --->   Operation 159 'getelementptr' 'conv1_output_addr_2' <Predicate = true> <Delay = 0.00>
ST_4 : Operation 160 [2/2] (3.25ns)   --->   "%conv1_output_load_2 = load i13 %conv1_output_addr_2" [D:/lenet_project/handoff/LeNet_DSE_Framework_2022_2/LeNet_DSE_Framework_2022_2/src/lenet_conv.cpp:106]   --->   Operation 160 'load' 'conv1_output_load_2' <Predicate = true> <Delay = 3.25> <CoreInst = "RAM_1WnR">   --->   Core 83 'RAM_1WnR' <Latency = 1> <II = 1> <Delay = 3.25> <Storage> <Opcode : 'load' 'store'> <Ports = 17> <Width = 32> <Depth = 4704> <RAM>
ST_4 : Operation 161 [1/1] (0.00ns)   --->   "%or_ln105_1 = or i13 %add_ln105_1, i13 1" [D:/lenet_project/handoff/LeNet_DSE_Framework_2022_2/LeNet_DSE_Framework_2022_2/src/lenet_conv.cpp:105]   --->   Operation 161 'or' 'or_ln105_1' <Predicate = true> <Delay = 0.00>
ST_4 : Operation 162 [1/1] (0.00ns)   --->   "%zext_ln106_3 = zext i13 %or_ln105_1" [D:/lenet_project/handoff/LeNet_DSE_Framework_2022_2/LeNet_DSE_Framework_2022_2/src/lenet_conv.cpp:106]   --->   Operation 162 'zext' 'zext_ln106_3' <Predicate = true> <Delay = 0.00>
ST_4 : Operation 163 [1/1] (0.00ns)   --->   "%conv1_output_addr_3 = getelementptr i32 %conv1_output, i64 0, i64 %zext_ln106_3" [D:/lenet_project/handoff/LeNet_DSE_Framework_2022_2/LeNet_DSE_Framework_2022_2/src/lenet_conv.cpp:106]   --->   Operation 163 'getelementptr' 'conv1_output_addr_3' <Predicate = true> <Delay = 0.00>
ST_4 : Operation 164 [2/2] (3.25ns)   --->   "%conv1_output_load_3 = load i13 %conv1_output_addr_3" [D:/lenet_project/handoff/LeNet_DSE_Framework_2022_2/LeNet_DSE_Framework_2022_2/src/lenet_conv.cpp:106]   --->   Operation 164 'load' 'conv1_output_load_3' <Predicate = true> <Delay = 3.25> <CoreInst = "RAM_1WnR">   --->   Core 83 'RAM_1WnR' <Latency = 1> <II = 1> <Delay = 3.25> <Storage> <Opcode : 'load' 'store'> <Ports = 17> <Width = 32> <Depth = 4704> <RAM>

State 5 <SV = 4> <Delay = 3.25>
ST_5 : Operation 165 [1/2] (3.25ns)   --->   "%conv1_output_load = load i13 %conv1_output_addr" [D:/lenet_project/handoff/LeNet_DSE_Framework_2022_2/LeNet_DSE_Framework_2022_2/src/lenet_conv.cpp:106]   --->   Operation 165 'load' 'conv1_output_load' <Predicate = true> <Delay = 3.25> <CoreInst = "RAM_1WnR">   --->   Core 83 'RAM_1WnR' <Latency = 1> <II = 1> <Delay = 3.25> <Storage> <Opcode : 'load' 'store'> <Ports = 17> <Width = 32> <Depth = 4704> <RAM>
ST_5 : Operation 166 [1/2] (3.25ns)   --->   "%conv1_output_load_1 = load i13 %conv1_output_addr_1" [D:/lenet_project/handoff/LeNet_DSE_Framework_2022_2/LeNet_DSE_Framework_2022_2/src/lenet_conv.cpp:106]   --->   Operation 166 'load' 'conv1_output_load_1' <Predicate = true> <Delay = 3.25> <CoreInst = "RAM_1WnR">   --->   Core 83 'RAM_1WnR' <Latency = 1> <II = 1> <Delay = 3.25> <Storage> <Opcode : 'load' 'store'> <Ports = 17> <Width = 32> <Depth = 4704> <RAM>
ST_5 : Operation 167 [1/2] (3.25ns)   --->   "%conv1_output_load_2 = load i13 %conv1_output_addr_2" [D:/lenet_project/handoff/LeNet_DSE_Framework_2022_2/LeNet_DSE_Framework_2022_2/src/lenet_conv.cpp:106]   --->   Operation 167 'load' 'conv1_output_load_2' <Predicate = true> <Delay = 3.25> <CoreInst = "RAM_1WnR">   --->   Core 83 'RAM_1WnR' <Latency = 1> <II = 1> <Delay = 3.25> <Storage> <Opcode : 'load' 'store'> <Ports = 17> <Width = 32> <Depth = 4704> <RAM>
ST_5 : Operation 168 [1/2] (3.25ns)   --->   "%conv1_output_load_3 = load i13 %conv1_output_addr_3" [D:/lenet_project/handoff/LeNet_DSE_Framework_2022_2/LeNet_DSE_Framework_2022_2/src/lenet_conv.cpp:106]   --->   Operation 168 'load' 'conv1_output_load_3' <Predicate = true> <Delay = 3.25> <CoreInst = "RAM_1WnR">   --->   Core 83 'RAM_1WnR' <Latency = 1> <II = 1> <Delay = 3.25> <Storage> <Opcode : 'load' 'store'> <Ports = 17> <Width = 32> <Depth = 4704> <RAM>

State 6 <SV = 5> <Delay = 5.43>
ST_6 : Operation 169 [2/2] (5.43ns)   --->   "%tmp_7 = fcmp_ogt  i32 %conv1_output_load, i32 0" [D:/lenet_project/handoff/LeNet_DSE_Framework_2022_2/LeNet_DSE_Framework_2022_2/src/lenet_conv.cpp:107]   --->   Operation 169 'fcmp' 'tmp_7' <Predicate = true> <Delay = 5.43> <CoreInst = "FCompare">   --->   Core 19 'FCompare' <Latency = 1> <II = 1> <Delay = 5.43> <FuncUnit> <Opcode : 'fcmp'> <InPorts = 2> <OutPorts = 1>

State 7 <SV = 6> <Delay = 5.43>
ST_7 : Operation 170 [1/2] (5.43ns)   --->   "%tmp_7 = fcmp_ogt  i32 %conv1_output_load, i32 0" [D:/lenet_project/handoff/LeNet_DSE_Framework_2022_2/LeNet_DSE_Framework_2022_2/src/lenet_conv.cpp:107]   --->   Operation 170 'fcmp' 'tmp_7' <Predicate = true> <Delay = 5.43> <CoreInst = "FCompare">   --->   Core 19 'FCompare' <Latency = 1> <II = 1> <Delay = 5.43> <FuncUnit> <Opcode : 'fcmp'> <InPorts = 2> <OutPorts = 1>

State 8 <SV = 7> <Delay = 3.42>
ST_8 : Operation 171 [1/1] (0.00ns)   --->   "%bitcast_ln107 = bitcast i32 %conv1_output_load" [D:/lenet_project/handoff/LeNet_DSE_Framework_2022_2/LeNet_DSE_Framework_2022_2/src/lenet_conv.cpp:107]   --->   Operation 171 'bitcast' 'bitcast_ln107' <Predicate = true> <Delay = 0.00>
ST_8 : Operation 172 [1/1] (0.00ns)   --->   "%tmp_6 = partselect i8 @_ssdm_op_PartSelect.i8.i32.i32.i32, i32 %bitcast_ln107, i32 23, i32 30" [D:/lenet_project/handoff/LeNet_DSE_Framework_2022_2/LeNet_DSE_Framework_2022_2/src/lenet_conv.cpp:107]   --->   Operation 172 'partselect' 'tmp_6' <Predicate = true> <Delay = 0.00>
ST_8 : Operation 173 [1/1] (0.00ns)   --->   "%trunc_ln107 = trunc i32 %bitcast_ln107" [D:/lenet_project/handoff/LeNet_DSE_Framework_2022_2/LeNet_DSE_Framework_2022_2/src/lenet_conv.cpp:107]   --->   Operation 173 'trunc' 'trunc_ln107' <Predicate = true> <Delay = 0.00>
ST_8 : Operation 174 [1/1] (1.55ns)   --->   "%icmp_ln107 = icmp_ne  i8 %tmp_6, i8 255" [D:/lenet_project/handoff/LeNet_DSE_Framework_2022_2/LeNet_DSE_Framework_2022_2/src/lenet_conv.cpp:107]   --->   Operation 174 'icmp' 'icmp_ln107' <Predicate = true> <Delay = 1.55> <CoreInst = "Cmp">   --->   Core 9 'Cmp' <Latency = 0> <II = 1> <Delay = 1.55> <FuncUnit> <Opcode : 'icmp'> <InPorts = 2> <OutPorts = 1>
ST_8 : Operation 175 [1/1] (2.44ns)   --->   "%icmp_ln107_1 = icmp_eq  i23 %trunc_ln107, i23 0" [D:/lenet_project/handoff/LeNet_DSE_Framework_2022_2/LeNet_DSE_Framework_2022_2/src/lenet_conv.cpp:107]   --->   Operation 175 'icmp' 'icmp_ln107_1' <Predicate = true> <Delay = 2.44> <CoreInst = "Cmp">   --->   Core 9 'Cmp' <Latency = 0> <II = 1> <Delay = 2.44> <FuncUnit> <Opcode : 'icmp'> <InPorts = 2> <OutPorts = 1>
ST_8 : Operation 176 [1/1] (0.00ns) (grouped into LUT with out node select_ln107)   --->   "%or_ln107 = or i1 %icmp_ln107_1, i1 %icmp_ln107" [D:/lenet_project/handoff/LeNet_DSE_Framework_2022_2/LeNet_DSE_Framework_2022_2/src/lenet_conv.cpp:107]   --->   Operation 176 'or' 'or_ln107' <Predicate = true> <Delay = 0.00> <CoreInst = "LogicGate">   --->   Core 74 'LogicGate' <Latency = 0> <II = 1> <Delay = 0.97> <FuncUnit> <Opcode : 'and' 'or' 'xor'> <InPorts = 2> <OutPorts = 1>
ST_8 : Operation 177 [1/1] (0.00ns) (grouped into LUT with out node select_ln107)   --->   "%and_ln107 = and i1 %or_ln107, i1 %tmp_7" [D:/lenet_project/handoff/LeNet_DSE_Framework_2022_2/LeNet_DSE_Framework_2022_2/src/lenet_conv.cpp:107]   --->   Operation 177 'and' 'and_ln107' <Predicate = true> <Delay = 0.00> <CoreInst = "LogicGate">   --->   Core 74 'LogicGate' <Latency = 0> <II = 1> <Delay = 0.97> <FuncUnit> <Opcode : 'and' 'or' 'xor'> <InPorts = 2> <OutPorts = 1>
ST_8 : Operation 178 [1/1] (0.97ns) (out node of the LUT)   --->   "%select_ln107 = select i1 %and_ln107, i32 %conv1_output_load, i32 0" [D:/lenet_project/handoff/LeNet_DSE_Framework_2022_2/LeNet_DSE_Framework_2022_2/src/lenet_conv.cpp:107]   --->   Operation 178 'select' 'select_ln107' <Predicate = true> <Delay = 0.97> <CoreInst = "Sel">   --->   Core 73 'Sel' <Latency = 0> <II = 1> <Delay = 0.69> <FuncUnit> <Opcode : 'select'> <InPorts = 3> <OutPorts = 1>

State 9 <SV = 8> <Delay = 5.43>
ST_9 : Operation 179 [2/2] (5.43ns)   --->   "%tmp_s = fcmp_ogt  i32 %conv1_output_load_1, i32 %select_ln107" [D:/lenet_project/handoff/LeNet_DSE_Framework_2022_2/LeNet_DSE_Framework_2022_2/src/lenet_conv.cpp:107]   --->   Operation 179 'fcmp' 'tmp_s' <Predicate = true> <Delay = 5.43> <CoreInst = "FCompare">   --->   Core 19 'FCompare' <Latency = 1> <II = 1> <Delay = 5.43> <FuncUnit> <Opcode : 'fcmp'> <InPorts = 2> <OutPorts = 1>

State 10 <SV = 9> <Delay = 5.43>
ST_10 : Operation 180 [1/2] (5.43ns)   --->   "%tmp_s = fcmp_ogt  i32 %conv1_output_load_1, i32 %select_ln107" [D:/lenet_project/handoff/LeNet_DSE_Framework_2022_2/LeNet_DSE_Framework_2022_2/src/lenet_conv.cpp:107]   --->   Operation 180 'fcmp' 'tmp_s' <Predicate = true> <Delay = 5.43> <CoreInst = "FCompare">   --->   Core 19 'FCompare' <Latency = 1> <II = 1> <Delay = 5.43> <FuncUnit> <Opcode : 'fcmp'> <InPorts = 2> <OutPorts = 1>

State 11 <SV = 10> <Delay = 4.12>
ST_11 : Operation 181 [1/1] (0.00ns)   --->   "%bitcast_ln107_1 = bitcast i32 %conv1_output_load_1" [D:/lenet_project/handoff/LeNet_DSE_Framework_2022_2/LeNet_DSE_Framework_2022_2/src/lenet_conv.cpp:107]   --->   Operation 181 'bitcast' 'bitcast_ln107_1' <Predicate = true> <Delay = 0.00>
ST_11 : Operation 182 [1/1] (0.00ns)   --->   "%tmp_8 = partselect i8 @_ssdm_op_PartSelect.i8.i32.i32.i32, i32 %bitcast_ln107_1, i32 23, i32 30" [D:/lenet_project/handoff/LeNet_DSE_Framework_2022_2/LeNet_DSE_Framework_2022_2/src/lenet_conv.cpp:107]   --->   Operation 182 'partselect' 'tmp_8' <Predicate = true> <Delay = 0.00>
ST_11 : Operation 183 [1/1] (0.00ns)   --->   "%trunc_ln107_7 = trunc i32 %bitcast_ln107_1" [D:/lenet_project/handoff/LeNet_DSE_Framework_2022_2/LeNet_DSE_Framework_2022_2/src/lenet_conv.cpp:107]   --->   Operation 183 'trunc' 'trunc_ln107_7' <Predicate = true> <Delay = 0.00>
ST_11 : Operation 184 [1/1] (0.00ns)   --->   "%bitcast_ln107_2 = bitcast i32 %select_ln107" [D:/lenet_project/handoff/LeNet_DSE_Framework_2022_2/LeNet_DSE_Framework_2022_2/src/lenet_conv.cpp:107]   --->   Operation 184 'bitcast' 'bitcast_ln107_2' <Predicate = true> <Delay = 0.00>
ST_11 : Operation 185 [1/1] (0.00ns)   --->   "%tmp_9 = partselect i8 @_ssdm_op_PartSelect.i8.i32.i32.i32, i32 %bitcast_ln107_2, i32 23, i32 30" [D:/lenet_project/handoff/LeNet_DSE_Framework_2022_2/LeNet_DSE_Framework_2022_2/src/lenet_conv.cpp:107]   --->   Operation 185 'partselect' 'tmp_9' <Predicate = true> <Delay = 0.00>
ST_11 : Operation 186 [1/1] (0.00ns)   --->   "%trunc_ln107_8 = trunc i32 %bitcast_ln107_2" [D:/lenet_project/handoff/LeNet_DSE_Framework_2022_2/LeNet_DSE_Framework_2022_2/src/lenet_conv.cpp:107]   --->   Operation 186 'trunc' 'trunc_ln107_8' <Predicate = true> <Delay = 0.00>
ST_11 : Operation 187 [1/1] (1.55ns)   --->   "%icmp_ln107_2 = icmp_ne  i8 %tmp_8, i8 255" [D:/lenet_project/handoff/LeNet_DSE_Framework_2022_2/LeNet_DSE_Framework_2022_2/src/lenet_conv.cpp:107]   --->   Operation 187 'icmp' 'icmp_ln107_2' <Predicate = true> <Delay = 1.55> <CoreInst = "Cmp">   --->   Core 9 'Cmp' <Latency = 0> <II = 1> <Delay = 1.55> <FuncUnit> <Opcode : 'icmp'> <InPorts = 2> <OutPorts = 1>
ST_11 : Operation 188 [1/1] (2.44ns)   --->   "%icmp_ln107_3 = icmp_eq  i23 %trunc_ln107_7, i23 0" [D:/lenet_project/handoff/LeNet_DSE_Framework_2022_2/LeNet_DSE_Framework_2022_2/src/lenet_conv.cpp:107]   --->   Operation 188 'icmp' 'icmp_ln107_3' <Predicate = true> <Delay = 2.44> <CoreInst = "Cmp">   --->   Core 9 'Cmp' <Latency = 0> <II = 1> <Delay = 2.44> <FuncUnit> <Opcode : 'icmp'> <InPorts = 2> <OutPorts = 1>
ST_11 : Operation 189 [1/1] (0.00ns) (grouped into LUT with out node and_ln107_2)   --->   "%or_ln107_1 = or i1 %icmp_ln107_3, i1 %icmp_ln107_2" [D:/lenet_project/handoff/LeNet_DSE_Framework_2022_2/LeNet_DSE_Framework_2022_2/src/lenet_conv.cpp:107]   --->   Operation 189 'or' 'or_ln107_1' <Predicate = true> <Delay = 0.00> <CoreInst = "LogicGate">   --->   Core 74 'LogicGate' <Latency = 0> <II = 1> <Delay = 0.97> <FuncUnit> <Opcode : 'and' 'or' 'xor'> <InPorts = 2> <OutPorts = 1>
ST_11 : Operation 190 [1/1] (1.55ns)   --->   "%icmp_ln107_4 = icmp_ne  i8 %tmp_9, i8 255" [D:/lenet_project/handoff/LeNet_DSE_Framework_2022_2/LeNet_DSE_Framework_2022_2/src/lenet_conv.cpp:107]   --->   Operation 190 'icmp' 'icmp_ln107_4' <Predicate = true> <Delay = 1.55> <CoreInst = "Cmp">   --->   Core 9 'Cmp' <Latency = 0> <II = 1> <Delay = 1.55> <FuncUnit> <Opcode : 'icmp'> <InPorts = 2> <OutPorts = 1>
ST_11 : Operation 191 [1/1] (2.44ns)   --->   "%icmp_ln107_5 = icmp_eq  i23 %trunc_ln107_8, i23 0" [D:/lenet_project/handoff/LeNet_DSE_Framework_2022_2/LeNet_DSE_Framework_2022_2/src/lenet_conv.cpp:107]   --->   Operation 191 'icmp' 'icmp_ln107_5' <Predicate = true> <Delay = 2.44> <CoreInst = "Cmp">   --->   Core 9 'Cmp' <Latency = 0> <II = 1> <Delay = 2.44> <FuncUnit> <Opcode : 'icmp'> <InPorts = 2> <OutPorts = 1>
ST_11 : Operation 192 [1/1] (0.00ns) (grouped into LUT with out node and_ln107_2)   --->   "%or_ln107_2 = or i1 %icmp_ln107_5, i1 %icmp_ln107_4" [D:/lenet_project/handoff/LeNet_DSE_Framework_2022_2/LeNet_DSE_Framework_2022_2/src/lenet_conv.cpp:107]   --->   Operation 192 'or' 'or_ln107_2' <Predicate = true> <Delay = 0.00> <CoreInst = "LogicGate">   --->   Core 74 'LogicGate' <Latency = 0> <II = 1> <Delay = 0.97> <FuncUnit> <Opcode : 'and' 'or' 'xor'> <InPorts = 2> <OutPorts = 1>
ST_11 : Operation 193 [1/1] (0.00ns) (grouped into LUT with out node and_ln107_2)   --->   "%and_ln107_1 = and i1 %or_ln107_1, i1 %or_ln107_2" [D:/lenet_project/handoff/LeNet_DSE_Framework_2022_2/LeNet_DSE_Framework_2022_2/src/lenet_conv.cpp:107]   --->   Operation 193 'and' 'and_ln107_1' <Predicate = true> <Delay = 0.00> <CoreInst = "LogicGate">   --->   Core 74 'LogicGate' <Latency = 0> <II = 1> <Delay = 0.97> <FuncUnit> <Opcode : 'and' 'or' 'xor'> <InPorts = 2> <OutPorts = 1>
ST_11 : Operation 194 [1/1] (0.97ns) (out node of the LUT)   --->   "%and_ln107_2 = and i1 %and_ln107_1, i1 %tmp_s" [D:/lenet_project/handoff/LeNet_DSE_Framework_2022_2/LeNet_DSE_Framework_2022_2/src/lenet_conv.cpp:107]   --->   Operation 194 'and' 'and_ln107_2' <Predicate = true> <Delay = 0.97> <CoreInst = "LogicGate">   --->   Core 74 'LogicGate' <Latency = 0> <II = 1> <Delay = 0.97> <FuncUnit> <Opcode : 'and' 'or' 'xor'> <InPorts = 2> <OutPorts = 1>
ST_11 : Operation 195 [1/1] (0.69ns) (out node of the LUT)   --->   "%select_ln107_1 = select i1 %and_ln107_2, i32 %conv1_output_load_1, i32 %select_ln107" [D:/lenet_project/handoff/LeNet_DSE_Framework_2022_2/LeNet_DSE_Framework_2022_2/src/lenet_conv.cpp:107]   --->   Operation 195 'select' 'select_ln107_1' <Predicate = true> <Delay = 0.69> <CoreInst = "Sel">   --->   Core 73 'Sel' <Latency = 0> <II = 1> <Delay = 0.69> <FuncUnit> <Opcode : 'select'> <InPorts = 3> <OutPorts = 1>

State 12 <SV = 11> <Delay = 5.43>
ST_12 : Operation 196 [2/2] (5.43ns)   --->   "%tmp_12 = fcmp_ogt  i32 %conv1_output_load_2, i32 %select_ln107_1" [D:/lenet_project/handoff/LeNet_DSE_Framework_2022_2/LeNet_DSE_Framework_2022_2/src/lenet_conv.cpp:107]   --->   Operation 196 'fcmp' 'tmp_12' <Predicate = true> <Delay = 5.43> <CoreInst = "FCompare">   --->   Core 19 'FCompare' <Latency = 1> <II = 1> <Delay = 5.43> <FuncUnit> <Opcode : 'fcmp'> <InPorts = 2> <OutPorts = 1>

State 13 <SV = 12> <Delay = 5.43>
ST_13 : Operation 197 [1/2] (5.43ns)   --->   "%tmp_12 = fcmp_ogt  i32 %conv1_output_load_2, i32 %select_ln107_1" [D:/lenet_project/handoff/LeNet_DSE_Framework_2022_2/LeNet_DSE_Framework_2022_2/src/lenet_conv.cpp:107]   --->   Operation 197 'fcmp' 'tmp_12' <Predicate = true> <Delay = 5.43> <CoreInst = "FCompare">   --->   Core 19 'FCompare' <Latency = 1> <II = 1> <Delay = 5.43> <FuncUnit> <Opcode : 'fcmp'> <InPorts = 2> <OutPorts = 1>

State 14 <SV = 13> <Delay = 4.12>
ST_14 : Operation 198 [1/1] (0.00ns)   --->   "%bitcast_ln107_3 = bitcast i32 %conv1_output_load_2" [D:/lenet_project/handoff/LeNet_DSE_Framework_2022_2/LeNet_DSE_Framework_2022_2/src/lenet_conv.cpp:107]   --->   Operation 198 'bitcast' 'bitcast_ln107_3' <Predicate = true> <Delay = 0.00>
ST_14 : Operation 199 [1/1] (0.00ns)   --->   "%tmp_10 = partselect i8 @_ssdm_op_PartSelect.i8.i32.i32.i32, i32 %bitcast_ln107_3, i32 23, i32 30" [D:/lenet_project/handoff/LeNet_DSE_Framework_2022_2/LeNet_DSE_Framework_2022_2/src/lenet_conv.cpp:107]   --->   Operation 199 'partselect' 'tmp_10' <Predicate = true> <Delay = 0.00>
ST_14 : Operation 200 [1/1] (0.00ns)   --->   "%trunc_ln107_9 = trunc i32 %bitcast_ln107_3" [D:/lenet_project/handoff/LeNet_DSE_Framework_2022_2/LeNet_DSE_Framework_2022_2/src/lenet_conv.cpp:107]   --->   Operation 200 'trunc' 'trunc_ln107_9' <Predicate = true> <Delay = 0.00>
ST_14 : Operation 201 [1/1] (0.00ns)   --->   "%bitcast_ln107_4 = bitcast i32 %select_ln107_1" [D:/lenet_project/handoff/LeNet_DSE_Framework_2022_2/LeNet_DSE_Framework_2022_2/src/lenet_conv.cpp:107]   --->   Operation 201 'bitcast' 'bitcast_ln107_4' <Predicate = true> <Delay = 0.00>
ST_14 : Operation 202 [1/1] (0.00ns)   --->   "%tmp_11 = partselect i8 @_ssdm_op_PartSelect.i8.i32.i32.i32, i32 %bitcast_ln107_4, i32 23, i32 30" [D:/lenet_project/handoff/LeNet_DSE_Framework_2022_2/LeNet_DSE_Framework_2022_2/src/lenet_conv.cpp:107]   --->   Operation 202 'partselect' 'tmp_11' <Predicate = true> <Delay = 0.00>
ST_14 : Operation 203 [1/1] (0.00ns)   --->   "%trunc_ln107_10 = trunc i32 %bitcast_ln107_4" [D:/lenet_project/handoff/LeNet_DSE_Framework_2022_2/LeNet_DSE_Framework_2022_2/src/lenet_conv.cpp:107]   --->   Operation 203 'trunc' 'trunc_ln107_10' <Predicate = true> <Delay = 0.00>
ST_14 : Operation 204 [1/1] (1.55ns)   --->   "%icmp_ln107_6 = icmp_ne  i8 %tmp_10, i8 255" [D:/lenet_project/handoff/LeNet_DSE_Framework_2022_2/LeNet_DSE_Framework_2022_2/src/lenet_conv.cpp:107]   --->   Operation 204 'icmp' 'icmp_ln107_6' <Predicate = true> <Delay = 1.55> <CoreInst = "Cmp">   --->   Core 9 'Cmp' <Latency = 0> <II = 1> <Delay = 1.55> <FuncUnit> <Opcode : 'icmp'> <InPorts = 2> <OutPorts = 1>
ST_14 : Operation 205 [1/1] (2.44ns)   --->   "%icmp_ln107_7 = icmp_eq  i23 %trunc_ln107_9, i23 0" [D:/lenet_project/handoff/LeNet_DSE_Framework_2022_2/LeNet_DSE_Framework_2022_2/src/lenet_conv.cpp:107]   --->   Operation 205 'icmp' 'icmp_ln107_7' <Predicate = true> <Delay = 2.44> <CoreInst = "Cmp">   --->   Core 9 'Cmp' <Latency = 0> <II = 1> <Delay = 2.44> <FuncUnit> <Opcode : 'icmp'> <InPorts = 2> <OutPorts = 1>
ST_14 : Operation 206 [1/1] (0.00ns) (grouped into LUT with out node and_ln107_4)   --->   "%or_ln107_3 = or i1 %icmp_ln107_7, i1 %icmp_ln107_6" [D:/lenet_project/handoff/LeNet_DSE_Framework_2022_2/LeNet_DSE_Framework_2022_2/src/lenet_conv.cpp:107]   --->   Operation 206 'or' 'or_ln107_3' <Predicate = true> <Delay = 0.00> <CoreInst = "LogicGate">   --->   Core 74 'LogicGate' <Latency = 0> <II = 1> <Delay = 0.97> <FuncUnit> <Opcode : 'and' 'or' 'xor'> <InPorts = 2> <OutPorts = 1>
ST_14 : Operation 207 [1/1] (1.55ns)   --->   "%icmp_ln107_8 = icmp_ne  i8 %tmp_11, i8 255" [D:/lenet_project/handoff/LeNet_DSE_Framework_2022_2/LeNet_DSE_Framework_2022_2/src/lenet_conv.cpp:107]   --->   Operation 207 'icmp' 'icmp_ln107_8' <Predicate = true> <Delay = 1.55> <CoreInst = "Cmp">   --->   Core 9 'Cmp' <Latency = 0> <II = 1> <Delay = 1.55> <FuncUnit> <Opcode : 'icmp'> <InPorts = 2> <OutPorts = 1>
ST_14 : Operation 208 [1/1] (2.44ns)   --->   "%icmp_ln107_9 = icmp_eq  i23 %trunc_ln107_10, i23 0" [D:/lenet_project/handoff/LeNet_DSE_Framework_2022_2/LeNet_DSE_Framework_2022_2/src/lenet_conv.cpp:107]   --->   Operation 208 'icmp' 'icmp_ln107_9' <Predicate = true> <Delay = 2.44> <CoreInst = "Cmp">   --->   Core 9 'Cmp' <Latency = 0> <II = 1> <Delay = 2.44> <FuncUnit> <Opcode : 'icmp'> <InPorts = 2> <OutPorts = 1>
ST_14 : Operation 209 [1/1] (0.00ns) (grouped into LUT with out node and_ln107_4)   --->   "%or_ln107_4 = or i1 %icmp_ln107_9, i1 %icmp_ln107_8" [D:/lenet_project/handoff/LeNet_DSE_Framework_2022_2/LeNet_DSE_Framework_2022_2/src/lenet_conv.cpp:107]   --->   Operation 209 'or' 'or_ln107_4' <Predicate = true> <Delay = 0.00> <CoreInst = "LogicGate">   --->   Core 74 'LogicGate' <Latency = 0> <II = 1> <Delay = 0.97> <FuncUnit> <Opcode : 'and' 'or' 'xor'> <InPorts = 2> <OutPorts = 1>
ST_14 : Operation 210 [1/1] (0.00ns) (grouped into LUT with out node and_ln107_4)   --->   "%and_ln107_3 = and i1 %or_ln107_3, i1 %or_ln107_4" [D:/lenet_project/handoff/LeNet_DSE_Framework_2022_2/LeNet_DSE_Framework_2022_2/src/lenet_conv.cpp:107]   --->   Operation 210 'and' 'and_ln107_3' <Predicate = true> <Delay = 0.00> <CoreInst = "LogicGate">   --->   Core 74 'LogicGate' <Latency = 0> <II = 1> <Delay = 0.97> <FuncUnit> <Opcode : 'and' 'or' 'xor'> <InPorts = 2> <OutPorts = 1>
ST_14 : Operation 211 [1/1] (0.97ns) (out node of the LUT)   --->   "%and_ln107_4 = and i1 %and_ln107_3, i1 %tmp_12" [D:/lenet_project/handoff/LeNet_DSE_Framework_2022_2/LeNet_DSE_Framework_2022_2/src/lenet_conv.cpp:107]   --->   Operation 211 'and' 'and_ln107_4' <Predicate = true> <Delay = 0.97> <CoreInst = "LogicGate">   --->   Core 74 'LogicGate' <Latency = 0> <II = 1> <Delay = 0.97> <FuncUnit> <Opcode : 'and' 'or' 'xor'> <InPorts = 2> <OutPorts = 1>
ST_14 : Operation 212 [1/1] (0.69ns) (out node of the LUT)   --->   "%select_ln107_2 = select i1 %and_ln107_4, i32 %conv1_output_load_2, i32 %select_ln107_1" [D:/lenet_project/handoff/LeNet_DSE_Framework_2022_2/LeNet_DSE_Framework_2022_2/src/lenet_conv.cpp:107]   --->   Operation 212 'select' 'select_ln107_2' <Predicate = true> <Delay = 0.69> <CoreInst = "Sel">   --->   Core 73 'Sel' <Latency = 0> <II = 1> <Delay = 0.69> <FuncUnit> <Opcode : 'select'> <InPorts = 3> <OutPorts = 1>

State 15 <SV = 14> <Delay = 5.43>
ST_15 : Operation 213 [2/2] (5.43ns)   --->   "%tmp_15 = fcmp_ogt  i32 %conv1_output_load_3, i32 %select_ln107_2" [D:/lenet_project/handoff/LeNet_DSE_Framework_2022_2/LeNet_DSE_Framework_2022_2/src/lenet_conv.cpp:107]   --->   Operation 213 'fcmp' 'tmp_15' <Predicate = true> <Delay = 5.43> <CoreInst = "FCompare">   --->   Core 19 'FCompare' <Latency = 1> <II = 1> <Delay = 5.43> <FuncUnit> <Opcode : 'fcmp'> <InPorts = 2> <OutPorts = 1>

State 16 <SV = 15> <Delay = 5.43>
ST_16 : Operation 214 [1/1] (0.00ns)   --->   "%bitcast_ln107_5 = bitcast i32 %conv1_output_load_3" [D:/lenet_project/handoff/LeNet_DSE_Framework_2022_2/LeNet_DSE_Framework_2022_2/src/lenet_conv.cpp:107]   --->   Operation 214 'bitcast' 'bitcast_ln107_5' <Predicate = true> <Delay = 0.00>
ST_16 : Operation 215 [1/1] (0.00ns)   --->   "%tmp_13 = partselect i8 @_ssdm_op_PartSelect.i8.i32.i32.i32, i32 %bitcast_ln107_5, i32 23, i32 30" [D:/lenet_project/handoff/LeNet_DSE_Framework_2022_2/LeNet_DSE_Framework_2022_2/src/lenet_conv.cpp:107]   --->   Operation 215 'partselect' 'tmp_13' <Predicate = true> <Delay = 0.00>
ST_16 : Operation 216 [1/1] (0.00ns)   --->   "%trunc_ln107_11 = trunc i32 %bitcast_ln107_5" [D:/lenet_project/handoff/LeNet_DSE_Framework_2022_2/LeNet_DSE_Framework_2022_2/src/lenet_conv.cpp:107]   --->   Operation 216 'trunc' 'trunc_ln107_11' <Predicate = true> <Delay = 0.00>
ST_16 : Operation 217 [1/1] (0.00ns)   --->   "%bitcast_ln107_6 = bitcast i32 %select_ln107_2" [D:/lenet_project/handoff/LeNet_DSE_Framework_2022_2/LeNet_DSE_Framework_2022_2/src/lenet_conv.cpp:107]   --->   Operation 217 'bitcast' 'bitcast_ln107_6' <Predicate = true> <Delay = 0.00>
ST_16 : Operation 218 [1/1] (0.00ns)   --->   "%tmp_14 = partselect i8 @_ssdm_op_PartSelect.i8.i32.i32.i32, i32 %bitcast_ln107_6, i32 23, i32 30" [D:/lenet_project/handoff/LeNet_DSE_Framework_2022_2/LeNet_DSE_Framework_2022_2/src/lenet_conv.cpp:107]   --->   Operation 218 'partselect' 'tmp_14' <Predicate = true> <Delay = 0.00>
ST_16 : Operation 219 [1/1] (0.00ns)   --->   "%trunc_ln107_12 = trunc i32 %bitcast_ln107_6" [D:/lenet_project/handoff/LeNet_DSE_Framework_2022_2/LeNet_DSE_Framework_2022_2/src/lenet_conv.cpp:107]   --->   Operation 219 'trunc' 'trunc_ln107_12' <Predicate = true> <Delay = 0.00>
ST_16 : Operation 220 [1/1] (1.55ns)   --->   "%icmp_ln107_10 = icmp_ne  i8 %tmp_13, i8 255" [D:/lenet_project/handoff/LeNet_DSE_Framework_2022_2/LeNet_DSE_Framework_2022_2/src/lenet_conv.cpp:107]   --->   Operation 220 'icmp' 'icmp_ln107_10' <Predicate = true> <Delay = 1.55> <CoreInst = "Cmp">   --->   Core 9 'Cmp' <Latency = 0> <II = 1> <Delay = 1.55> <FuncUnit> <Opcode : 'icmp'> <InPorts = 2> <OutPorts = 1>
ST_16 : Operation 221 [1/1] (2.44ns)   --->   "%icmp_ln107_11 = icmp_eq  i23 %trunc_ln107_11, i23 0" [D:/lenet_project/handoff/LeNet_DSE_Framework_2022_2/LeNet_DSE_Framework_2022_2/src/lenet_conv.cpp:107]   --->   Operation 221 'icmp' 'icmp_ln107_11' <Predicate = true> <Delay = 2.44> <CoreInst = "Cmp">   --->   Core 9 'Cmp' <Latency = 0> <II = 1> <Delay = 2.44> <FuncUnit> <Opcode : 'icmp'> <InPorts = 2> <OutPorts = 1>
ST_16 : Operation 222 [1/1] (1.55ns)   --->   "%icmp_ln107_12 = icmp_ne  i8 %tmp_14, i8 255" [D:/lenet_project/handoff/LeNet_DSE_Framework_2022_2/LeNet_DSE_Framework_2022_2/src/lenet_conv.cpp:107]   --->   Operation 222 'icmp' 'icmp_ln107_12' <Predicate = true> <Delay = 1.55> <CoreInst = "Cmp">   --->   Core 9 'Cmp' <Latency = 0> <II = 1> <Delay = 1.55> <FuncUnit> <Opcode : 'icmp'> <InPorts = 2> <OutPorts = 1>
ST_16 : Operation 223 [1/1] (2.44ns)   --->   "%icmp_ln107_13 = icmp_eq  i23 %trunc_ln107_12, i23 0" [D:/lenet_project/handoff/LeNet_DSE_Framework_2022_2/LeNet_DSE_Framework_2022_2/src/lenet_conv.cpp:107]   --->   Operation 223 'icmp' 'icmp_ln107_13' <Predicate = true> <Delay = 2.44> <CoreInst = "Cmp">   --->   Core 9 'Cmp' <Latency = 0> <II = 1> <Delay = 2.44> <FuncUnit> <Opcode : 'icmp'> <InPorts = 2> <OutPorts = 1>
ST_16 : Operation 224 [1/2] (5.43ns)   --->   "%tmp_15 = fcmp_ogt  i32 %conv1_output_load_3, i32 %select_ln107_2" [D:/lenet_project/handoff/LeNet_DSE_Framework_2022_2/LeNet_DSE_Framework_2022_2/src/lenet_conv.cpp:107]   --->   Operation 224 'fcmp' 'tmp_15' <Predicate = true> <Delay = 5.43> <CoreInst = "FCompare">   --->   Core 19 'FCompare' <Latency = 1> <II = 1> <Delay = 5.43> <FuncUnit> <Opcode : 'fcmp'> <InPorts = 2> <OutPorts = 1>
ST_16 : Operation 240 [1/1] (0.00ns)   --->   "%ret_ln0 = ret"   --->   Operation 240 'ret' 'ret_ln0' <Predicate = (icmp_ln91)> <Delay = 0.00>

State 17 <SV = 16> <Delay = 4.93>
ST_17 : Operation 225 [1/1] (0.00ns)   --->   "%specloopname_ln0 = specloopname void @_ssdm_op_SpecLoopName, void @POOL_CHANNEL_POOL_ROW_POOL_COL_str"   --->   Operation 225 'specloopname' 'specloopname_ln0' <Predicate = true> <Delay = 0.00>
ST_17 : Operation 226 [1/1] (0.00ns)   --->   "%empty_45 = speclooptripcount i32 @_ssdm_op_SpecLoopTripCount, i64 1176, i64 1176, i64 1176"   --->   Operation 226 'speclooptripcount' 'empty_45' <Predicate = true> <Delay = 0.00>
ST_17 : Operation 227 [1/1] (0.00ns)   --->   "%specpipeline_ln0 = specpipeline void @_ssdm_op_SpecPipeline, i32 4294967295, i32 0, i32 1, i32 0, void @p_str"   --->   Operation 227 'specpipeline' 'specpipeline_ln0' <Predicate = true> <Delay = 0.00>
ST_17 : Operation 228 [1/1] (0.00ns)   --->   "%specloopname_ln0 = specloopname void @_ssdm_op_SpecLoopName, void @POOL_ROW_POOL_COL_str"   --->   Operation 228 'specloopname' 'specloopname_ln0' <Predicate = true> <Delay = 0.00>
ST_17 : Operation 229 [1/1] (0.00ns)   --->   "%specpipeline_ln0 = specpipeline void @_ssdm_op_SpecPipeline, i32 4294967295, i32 0, i32 1, i32 0, void @p_str"   --->   Operation 229 'specpipeline' 'specpipeline_ln0' <Predicate = true> <Delay = 0.00>
ST_17 : Operation 230 [1/1] (0.00ns)   --->   "%specloopname_ln96 = specloopname void @_ssdm_op_SpecLoopName, void @empty_20" [D:/lenet_project/handoff/LeNet_DSE_Framework_2022_2/LeNet_DSE_Framework_2022_2/src/lenet_conv.cpp:96]   --->   Operation 230 'specloopname' 'specloopname_ln96' <Predicate = true> <Delay = 0.00>
ST_17 : Operation 231 [1/1] (0.00ns) (grouped into LUT with out node and_ln107_6)   --->   "%or_ln107_5 = or i1 %icmp_ln107_11, i1 %icmp_ln107_10" [D:/lenet_project/handoff/LeNet_DSE_Framework_2022_2/LeNet_DSE_Framework_2022_2/src/lenet_conv.cpp:107]   --->   Operation 231 'or' 'or_ln107_5' <Predicate = true> <Delay = 0.00> <CoreInst = "LogicGate">   --->   Core 74 'LogicGate' <Latency = 0> <II = 1> <Delay = 0.97> <FuncUnit> <Opcode : 'and' 'or' 'xor'> <InPorts = 2> <OutPorts = 1>
ST_17 : Operation 232 [1/1] (0.00ns) (grouped into LUT with out node and_ln107_6)   --->   "%or_ln107_6 = or i1 %icmp_ln107_13, i1 %icmp_ln107_12" [D:/lenet_project/handoff/LeNet_DSE_Framework_2022_2/LeNet_DSE_Framework_2022_2/src/lenet_conv.cpp:107]   --->   Operation 232 'or' 'or_ln107_6' <Predicate = true> <Delay = 0.00> <CoreInst = "LogicGate">   --->   Core 74 'LogicGate' <Latency = 0> <II = 1> <Delay = 0.97> <FuncUnit> <Opcode : 'and' 'or' 'xor'> <InPorts = 2> <OutPorts = 1>
ST_17 : Operation 233 [1/1] (0.00ns) (grouped into LUT with out node and_ln107_6)   --->   "%and_ln107_5 = and i1 %or_ln107_5, i1 %or_ln107_6" [D:/lenet_project/handoff/LeNet_DSE_Framework_2022_2/LeNet_DSE_Framework_2022_2/src/lenet_conv.cpp:107]   --->   Operation 233 'and' 'and_ln107_5' <Predicate = true> <Delay = 0.00> <CoreInst = "LogicGate">   --->   Core 74 'LogicGate' <Latency = 0> <II = 1> <Delay = 0.97> <FuncUnit> <Opcode : 'and' 'or' 'xor'> <InPorts = 2> <OutPorts = 1>
ST_17 : Operation 234 [1/1] (0.97ns) (out node of the LUT)   --->   "%and_ln107_6 = and i1 %and_ln107_5, i1 %tmp_15" [D:/lenet_project/handoff/LeNet_DSE_Framework_2022_2/LeNet_DSE_Framework_2022_2/src/lenet_conv.cpp:107]   --->   Operation 234 'and' 'and_ln107_6' <Predicate = true> <Delay = 0.97> <CoreInst = "LogicGate">   --->   Core 74 'LogicGate' <Latency = 0> <II = 1> <Delay = 0.97> <FuncUnit> <Opcode : 'and' 'or' 'xor'> <InPorts = 2> <OutPorts = 1>
ST_17 : Operation 235 [1/1] (0.69ns) (out node of the LUT)   --->   "%select_ln107_3 = select i1 %and_ln107_6, i32 %conv1_output_load_3, i32 %select_ln107_2" [D:/lenet_project/handoff/LeNet_DSE_Framework_2022_2/LeNet_DSE_Framework_2022_2/src/lenet_conv.cpp:107]   --->   Operation 235 'select' 'select_ln107_3' <Predicate = true> <Delay = 0.69> <CoreInst = "Sel">   --->   Core 73 'Sel' <Latency = 0> <II = 1> <Delay = 0.69> <FuncUnit> <Opcode : 'select'> <InPorts = 3> <OutPorts = 1>
ST_17 : Operation 236 [1/1] (0.00ns)   --->   "%zext_ln115 = zext i11 %add_ln114" [D:/lenet_project/handoff/LeNet_DSE_Framework_2022_2/LeNet_DSE_Framework_2022_2/src/lenet_conv.cpp:115]   --->   Operation 236 'zext' 'zext_ln115' <Predicate = true> <Delay = 0.00>
ST_17 : Operation 237 [1/1] (0.00ns)   --->   "%pool1_output_addr = getelementptr i32 %pool1_output, i64 0, i64 %zext_ln115" [D:/lenet_project/handoff/LeNet_DSE_Framework_2022_2/LeNet_DSE_Framework_2022_2/src/lenet_conv.cpp:115]   --->   Operation 237 'getelementptr' 'pool1_output_addr' <Predicate = true> <Delay = 0.00>
ST_17 : Operation 238 [1/1] (3.25ns)   --->   "%store_ln115 = store i32 %select_ln107_3, i11 %pool1_output_addr" [D:/lenet_project/handoff/LeNet_DSE_Framework_2022_2/LeNet_DSE_Framework_2022_2/src/lenet_conv.cpp:115]   --->   Operation 238 'store' 'store_ln115' <Predicate = true> <Delay = 3.25> <CoreInst = "RAM_1WnR">   --->   Core 83 'RAM_1WnR' <Latency = 1> <II = 1> <Delay = 3.25> <Storage> <Opcode : 'load' 'store'> <Ports = 17> <Width = 32> <Depth = 1176> <RAM>
ST_17 : Operation 239 [1/1] (0.00ns)   --->   "%br_ln95 = br void %POOL_KERNEL_ROW.i" [D:/lenet_project/handoff/LeNet_DSE_Framework_2022_2/LeNet_DSE_Framework_2022_2/src/lenet_conv.cpp:95]   --->   Operation 239 'br' 'br_ln95' <Predicate = true> <Delay = 0.00>


============================================================
+ Verbose Summary: Timing violations
============================================================
Target clock period: 8ns, clock uncertainty: 2.16ns.

 <State 1>: 4.75ns
The critical path consists of the following:
	'alloca' operation ('indvar_flatten30') [5]  (0 ns)
	'load' operation ('indvar_flatten30_load', D:/lenet_project/handoff/LeNet_DSE_Framework_2022_2/LeNet_DSE_Framework_2022_2/src/lenet_conv.cpp:93) on local variable 'indvar_flatten30' [55]  (0 ns)
	'add' operation ('add_ln93_2', D:/lenet_project/handoff/LeNet_DSE_Framework_2022_2/LeNet_DSE_Framework_2022_2/src/lenet_conv.cpp:93) [209]  (1.92 ns)
	'select' operation ('select_ln93_5', D:/lenet_project/handoff/LeNet_DSE_Framework_2022_2/LeNet_DSE_Framework_2022_2/src/lenet_conv.cpp:93) [210]  (1.25 ns)
	'store' operation ('store_ln95', D:/lenet_project/handoff/LeNet_DSE_Framework_2022_2/LeNet_DSE_Framework_2022_2/src/lenet_conv.cpp:95) of variable 'select_ln93_5', D:/lenet_project/handoff/LeNet_DSE_Framework_2022_2/LeNet_DSE_Framework_2022_2/src/lenet_conv.cpp:93 on local variable 'indvar_flatten30' [213]  (1.59 ns)

 <State 2>: 5.37ns
The critical path consists of the following:
	'load' operation ('output_row', D:/lenet_project/handoff/LeNet_DSE_Framework_2022_2/LeNet_DSE_Framework_2022_2/src/lenet_conv.cpp:93) on local variable 'output_row' [15]  (0 ns)
	'select' operation ('select_ln91', D:/lenet_project/handoff/LeNet_DSE_Framework_2022_2/LeNet_DSE_Framework_2022_2/src/lenet_conv.cpp:91) [59]  (1.02 ns)
	'add' operation ('add_ln93', D:/lenet_project/handoff/LeNet_DSE_Framework_2022_2/LeNet_DSE_Framework_2022_2/src/lenet_conv.cpp:93) [97]  (1.74 ns)
	'select' operation ('select_ln93_4', D:/lenet_project/handoff/LeNet_DSE_Framework_2022_2/LeNet_DSE_Framework_2022_2/src/lenet_conv.cpp:93) [126]  (1.02 ns)
	'store' operation ('store_ln95', D:/lenet_project/handoff/LeNet_DSE_Framework_2022_2/LeNet_DSE_Framework_2022_2/src/lenet_conv.cpp:95) of variable 'select_ln93_4', D:/lenet_project/handoff/LeNet_DSE_Framework_2022_2/LeNet_DSE_Framework_2022_2/src/lenet_conv.cpp:93 on local variable 'output_row' [214]  (1.59 ns)

 <State 3>: 5.19ns
The critical path consists of the following:
	'add' operation ('empty_36', D:/lenet_project/handoff/LeNet_DSE_Framework_2022_2/LeNet_DSE_Framework_2022_2/src/lenet_conv.cpp:93) [31]  (1.92 ns)
	'sub' operation ('empty_38', D:/lenet_project/handoff/LeNet_DSE_Framework_2022_2/LeNet_DSE_Framework_2022_2/src/lenet_conv.cpp:93) [36]  (1.64 ns)
	'select' operation ('select_ln91_3', D:/lenet_project/handoff/LeNet_DSE_Framework_2022_2/LeNet_DSE_Framework_2022_2/src/lenet_conv.cpp:91) [78]  (0 ns)
	'select' operation ('select_ln93_1', D:/lenet_project/handoff/LeNet_DSE_Framework_2022_2/LeNet_DSE_Framework_2022_2/src/lenet_conv.cpp:93) [110]  (0 ns)
	'add' operation ('add_ln114', D:/lenet_project/handoff/LeNet_DSE_Framework_2022_2/LeNet_DSE_Framework_2022_2/src/lenet_conv.cpp:114) [204]  (1.64 ns)

 <State 4>: 3.25ns
The critical path consists of the following:
	'getelementptr' operation ('conv1_output_addr', D:/lenet_project/handoff/LeNet_DSE_Framework_2022_2/LeNet_DSE_Framework_2022_2/src/lenet_conv.cpp:106) [133]  (0 ns)
	'load' operation ('conv1_output_load', D:/lenet_project/handoff/LeNet_DSE_Framework_2022_2/LeNet_DSE_Framework_2022_2/src/lenet_conv.cpp:106) on array 'conv1_output' [134]  (3.25 ns)

 <State 5>: 3.25ns
The critical path consists of the following:
	'load' operation ('conv1_output_load', D:/lenet_project/handoff/LeNet_DSE_Framework_2022_2/LeNet_DSE_Framework_2022_2/src/lenet_conv.cpp:106) on array 'conv1_output' [134]  (3.25 ns)

 <State 6>: 5.43ns
The critical path consists of the following:
	'fcmp' operation ('tmp_7', D:/lenet_project/handoff/LeNet_DSE_Framework_2022_2/LeNet_DSE_Framework_2022_2/src/lenet_conv.cpp:107) [141]  (5.43 ns)

 <State 7>: 5.43ns
The critical path consists of the following:
	'fcmp' operation ('tmp_7', D:/lenet_project/handoff/LeNet_DSE_Framework_2022_2/LeNet_DSE_Framework_2022_2/src/lenet_conv.cpp:107) [141]  (5.43 ns)

 <State 8>: 3.43ns
The critical path consists of the following:
	'icmp' operation ('icmp_ln107_1', D:/lenet_project/handoff/LeNet_DSE_Framework_2022_2/LeNet_DSE_Framework_2022_2/src/lenet_conv.cpp:107) [139]  (2.45 ns)
	'or' operation ('or_ln107', D:/lenet_project/handoff/LeNet_DSE_Framework_2022_2/LeNet_DSE_Framework_2022_2/src/lenet_conv.cpp:107) [140]  (0 ns)
	'and' operation ('and_ln107', D:/lenet_project/handoff/LeNet_DSE_Framework_2022_2/LeNet_DSE_Framework_2022_2/src/lenet_conv.cpp:107) [142]  (0 ns)
	'select' operation ('select_ln107', D:/lenet_project/handoff/LeNet_DSE_Framework_2022_2/LeNet_DSE_Framework_2022_2/src/lenet_conv.cpp:107) [143]  (0.978 ns)

 <State 9>: 5.43ns
The critical path consists of the following:
	'fcmp' operation ('tmp_s', D:/lenet_project/handoff/LeNet_DSE_Framework_2022_2/LeNet_DSE_Framework_2022_2/src/lenet_conv.cpp:107) [161]  (5.43 ns)

 <State 10>: 5.43ns
The critical path consists of the following:
	'fcmp' operation ('tmp_s', D:/lenet_project/handoff/LeNet_DSE_Framework_2022_2/LeNet_DSE_Framework_2022_2/src/lenet_conv.cpp:107) [161]  (5.43 ns)

 <State 11>: 4.12ns
The critical path consists of the following:
	'icmp' operation ('icmp_ln107_3', D:/lenet_project/handoff/LeNet_DSE_Framework_2022_2/LeNet_DSE_Framework_2022_2/src/lenet_conv.cpp:107) [155]  (2.45 ns)
	'or' operation ('or_ln107_1', D:/lenet_project/handoff/LeNet_DSE_Framework_2022_2/LeNet_DSE_Framework_2022_2/src/lenet_conv.cpp:107) [156]  (0 ns)
	'and' operation ('and_ln107_1', D:/lenet_project/handoff/LeNet_DSE_Framework_2022_2/LeNet_DSE_Framework_2022_2/src/lenet_conv.cpp:107) [160]  (0 ns)
	'and' operation ('and_ln107_2', D:/lenet_project/handoff/LeNet_DSE_Framework_2022_2/LeNet_DSE_Framework_2022_2/src/lenet_conv.cpp:107) [162]  (0.978 ns)
	'select' operation ('select_ln107_1', D:/lenet_project/handoff/LeNet_DSE_Framework_2022_2/LeNet_DSE_Framework_2022_2/src/lenet_conv.cpp:107) [163]  (0.698 ns)

 <State 12>: 5.43ns
The critical path consists of the following:
	'fcmp' operation ('tmp_12', D:/lenet_project/handoff/LeNet_DSE_Framework_2022_2/LeNet_DSE_Framework_2022_2/src/lenet_conv.cpp:107) [181]  (5.43 ns)

 <State 13>: 5.43ns
The critical path consists of the following:
	'fcmp' operation ('tmp_12', D:/lenet_project/handoff/LeNet_DSE_Framework_2022_2/LeNet_DSE_Framework_2022_2/src/lenet_conv.cpp:107) [181]  (5.43 ns)

 <State 14>: 4.12ns
The critical path consists of the following:
	'icmp' operation ('icmp_ln107_7', D:/lenet_project/handoff/LeNet_DSE_Framework_2022_2/LeNet_DSE_Framework_2022_2/src/lenet_conv.cpp:107) [175]  (2.45 ns)
	'or' operation ('or_ln107_3', D:/lenet_project/handoff/LeNet_DSE_Framework_2022_2/LeNet_DSE_Framework_2022_2/src/lenet_conv.cpp:107) [176]  (0 ns)
	'and' operation ('and_ln107_3', D:/lenet_project/handoff/LeNet_DSE_Framework_2022_2/LeNet_DSE_Framework_2022_2/src/lenet_conv.cpp:107) [180]  (0 ns)
	'and' operation ('and_ln107_4', D:/lenet_project/handoff/LeNet_DSE_Framework_2022_2/LeNet_DSE_Framework_2022_2/src/lenet_conv.cpp:107) [182]  (0.978 ns)
	'select' operation ('select_ln107_2', D:/lenet_project/handoff/LeNet_DSE_Framework_2022_2/LeNet_DSE_Framework_2022_2/src/lenet_conv.cpp:107) [183]  (0.698 ns)

 <State 15>: 5.43ns
The critical path consists of the following:
	'fcmp' operation ('tmp_15', D:/lenet_project/handoff/LeNet_DSE_Framework_2022_2/LeNet_DSE_Framework_2022_2/src/lenet_conv.cpp:107) [201]  (5.43 ns)

 <State 16>: 5.43ns
The critical path consists of the following:
	'fcmp' operation ('tmp_15', D:/lenet_project/handoff/LeNet_DSE_Framework_2022_2/LeNet_DSE_Framework_2022_2/src/lenet_conv.cpp:107) [201]  (5.43 ns)

 <State 17>: 4.93ns
The critical path consists of the following:
	'or' operation ('or_ln107_5', D:/lenet_project/handoff/LeNet_DSE_Framework_2022_2/LeNet_DSE_Framework_2022_2/src/lenet_conv.cpp:107) [196]  (0 ns)
	'and' operation ('and_ln107_5', D:/lenet_project/handoff/LeNet_DSE_Framework_2022_2/LeNet_DSE_Framework_2022_2/src/lenet_conv.cpp:107) [200]  (0 ns)
	'and' operation ('and_ln107_6', D:/lenet_project/handoff/LeNet_DSE_Framework_2022_2/LeNet_DSE_Framework_2022_2/src/lenet_conv.cpp:107) [202]  (0.978 ns)
	'select' operation ('select_ln107_3', D:/lenet_project/handoff/LeNet_DSE_Framework_2022_2/LeNet_DSE_Framework_2022_2/src/lenet_conv.cpp:107) [203]  (0.698 ns)
	'store' operation ('store_ln115', D:/lenet_project/handoff/LeNet_DSE_Framework_2022_2/LeNet_DSE_Framework_2022_2/src/lenet_conv.cpp:115) of variable 'select_ln107_3', D:/lenet_project/handoff/LeNet_DSE_Framework_2022_2/LeNet_DSE_Framework_2022_2/src/lenet_conv.cpp:107 on array 'pool1_output' [207]  (3.25 ns)


============================================================
+ Verbose Summary: Binding
============================================================
N/A
* FSMD analyzer results:
  - Output states:
 - Input state : 
  - Chain level:
	State 1
	State 2
	State 3
	State 4
	State 5
	State 6
	State 7
	State 8
	State 9
	State 10
	State 11
	State 12
	State 13
	State 14
	State 15
	State 16
	State 17


============================================================
+ Verbose Summary: Datapath Resource usage 
============================================================
N/A
