

================================================================
== Vitis HLS Report for 'lenet_full_top_Pipeline_DENSE_INPUT4'
================================================================
* Date:           Sun Sep  6 21:24:12 2026

* Version:        2022.2 (Build 3670227 on Oct 13 2022)
* Project:        clk_8ns
* Solution:       solution1 (Vivado IP Flow Target)
* Product family: zynq
* Target device:  xc7z020-clg400-1


================================================================
== Performance Estimates
================================================================
+ Timing: 
    * Summary: 
    +--------+---------+----------+------------+
    |  Clock |  Target | Estimated| Uncertainty|
    +--------+---------+----------+------------+
    |ap_clk  |  8.00 ns|  5.840 ns|     2.16 ns|
    +--------+---------+----------+------------+

+ Latency: 
    * Summary: 
    +---------+---------+----------+----------+-----+-----+---------+
    |  Latency (cycles) |  Latency (absolute) |  Interval | Pipeline|
    |   min   |   max   |    min   |    max   | min | max |   Type  |
    +---------+---------+----------+----------+-----+-----+---------+
    |      680|      680|  5.440 us|  5.440 us|  680|  680|       no|
    +---------+---------+----------+----------+-----+-----+---------+

    + Detail: 
        * Instance: 
        N/A

        * Loop: 
        +---------------+---------+---------+----------+-----------+-----------+------+----------+
        |               |  Latency (cycles) | Iteration|  Initiation Interval  | Trip |          |
        |   Loop Name   |   min   |   max   |  Latency |  achieved |   target  | Count| Pipelined|
        +---------------+---------+---------+----------+-----------+-----------+------+----------+
        |- DENSE_INPUT  |      678|      678|        15|          8|          1|    84|       yes|
        +---------------+---------+---------+----------+-----------+-----------+------+----------+

============================================================
+ Verbose Summary: Synthesis Manager
============================================================
InlineROM: 1
ExposeGlobal: 0
============================================================
+ Verbose Summary: CDFG Model
============================================================
IsTopModel: 0
ResetActiveHigh: 1
IsCombinational: 0
IsDatapathOnly: 0
HasWiredReturn: 1
HasMFsm: 2
HasVarLatency: 1
IsPipeline: 0
IsRtlPipelined: 0
IsInstanceOverlapped: 0
IsDontTouch: 0
HasImplIP: 0
IsGatedGlobalClock: 0

+ Individual pipeline summary: 
  * Pipeline-0: initiation interval (II) = 8, depth = 15


============================================================
+ Verbose Summary: Schedule
============================================================
* Number of FSM states : 15
* Pipeline : 1
  Pipeline-0 : II = 8, D = 15, States = { 1 2 3 4 5 6 7 8 9 10 11 12 13 14 15 }
* Dataflow Pipeline: 0

* FSM state transitions: 
1 --> 2 
2 --> 3 
3 --> 4 
4 --> 5 
5 --> 6 
6 --> 7 
7 --> 8 
8 --> 9 
9 --> 10 
10 --> 11 
11 --> 12 
12 --> 13 
13 --> 14 
14 --> 15 
15 --> 

* FSM state operations: 

State 1 <SV = 0> <Delay = 3.35>
ST_1 : Operation 18 [1/1] (0.00ns)   --->   "%accumulator = alloca i32 1"   --->   Operation 18 'alloca' 'accumulator' <Predicate = true> <Delay = 0.00>
ST_1 : Operation 19 [1/1] (0.00ns)   --->   "%input_index = alloca i32 1"   --->   Operation 19 'alloca' 'input_index' <Predicate = true> <Delay = 0.00>
ST_1 : Operation 20 [1/1] (0.00ns)   --->   "%sext_ln139_2_read = read i62 @_ssdm_op_Read.ap_auto.i62, i62 %sext_ln139_2"   --->   Operation 20 'read' 'sext_ln139_2_read' <Predicate = true> <Delay = 0.00>
ST_1 : Operation 21 [1/1] (0.00ns)   --->   "%sext_ln139_4_read = read i62 @_ssdm_op_Read.ap_auto.i62, i62 %sext_ln139_4"   --->   Operation 21 'read' 'sext_ln139_4_read' <Predicate = true> <Delay = 0.00>
ST_1 : Operation 22 [1/1] (0.00ns)   --->   "%accumulator_8_read = read i32 @_ssdm_op_Read.ap_auto.float, i32 %accumulator_8"   --->   Operation 22 'read' 'accumulator_8_read' <Predicate = true> <Delay = 0.00>
ST_1 : Operation 23 [1/1] (0.00ns)   --->   "%sext_ln139_2_cast = sext i62 %sext_ln139_2_read"   --->   Operation 23 'sext' 'sext_ln139_2_cast' <Predicate = true> <Delay = 0.00>
ST_1 : Operation 24 [1/1] (0.00ns)   --->   "%sext_ln139_4_cast = sext i62 %sext_ln139_4_read"   --->   Operation 24 'sext' 'sext_ln139_4_cast' <Predicate = true> <Delay = 0.00>
ST_1 : Operation 25 [1/1] (0.00ns)   --->   "%specinterface_ln0 = specinterface void @_ssdm_op_SpecInterface, i32 %gmem3, void @empty, i32 0, i32 0, void @empty_0, i32 0, i32 10, void @empty_5, void @empty_2, void @empty_0, i32 16, i32 16, i32 16, i32 16, void @empty_0, void @empty_0, i32 4294967295, i32 0"   --->   Operation 25 'specinterface' 'specinterface_ln0' <Predicate = true> <Delay = 0.00>
ST_1 : Operation 26 [1/1] (0.00ns)   --->   "%specinterface_ln0 = specinterface void @_ssdm_op_SpecInterface, i32 %gmem1, void @empty, i32 0, i32 0, void @empty_0, i32 0, i32 61470, void @empty_3, void @empty_2, void @empty_0, i32 16, i32 16, i32 16, i32 16, void @empty_0, void @empty_0, i32 4294967295, i32 0"   --->   Operation 26 'specinterface' 'specinterface_ln0' <Predicate = true> <Delay = 0.00>
ST_1 : Operation 27 [1/1] (1.58ns)   --->   "%store_ln0 = store i7 0, i7 %input_index"   --->   Operation 27 'store' 'store_ln0' <Predicate = true> <Delay = 1.58>
ST_1 : Operation 28 [1/1] (1.58ns)   --->   "%store_ln0 = store i32 %accumulator_8_read, i32 %accumulator"   --->   Operation 28 'store' 'store_ln0' <Predicate = true> <Delay = 1.58>
ST_1 : Operation 29 [1/1] (0.00ns)   --->   "%br_ln0 = br void %for.inc.i200"   --->   Operation 29 'br' 'br_ln0' <Predicate = true> <Delay = 0.00>
ST_1 : Operation 30 [1/1] (0.00ns)   --->   "%input_index_1 = load i7 %input_index" [D:/lenet_project/handoff/LeNet_DSE_Framework_2022_2/LeNet_DSE_Framework_2022_2/src/lenet_conv.cpp:143]   --->   Operation 30 'load' 'input_index_1' <Predicate = true> <Delay = 0.00>
ST_1 : Operation 31 [1/1] (0.00ns)   --->   "%specbitsmap_ln0 = specbitsmap void @_ssdm_op_SpecBitsMap, i32 %gmem3"   --->   Operation 31 'specbitsmap' 'specbitsmap_ln0' <Predicate = true> <Delay = 0.00>
ST_1 : Operation 32 [1/1] (0.00ns)   --->   "%specbitsmap_ln0 = specbitsmap void @_ssdm_op_SpecBitsMap, i32 %gmem1"   --->   Operation 32 'specbitsmap' 'specbitsmap_ln0' <Predicate = true> <Delay = 0.00>
ST_1 : Operation 33 [1/1] (0.00ns)   --->   "%gmem3_addr = getelementptr i32 %gmem3, i64 %sext_ln139_4_cast" [D:/lenet_project/handoff/LeNet_DSE_Framework_2022_2/LeNet_DSE_Framework_2022_2/src/lenet_conv.cpp:139]   --->   Operation 33 'getelementptr' 'gmem3_addr' <Predicate = true> <Delay = 0.00>
ST_1 : Operation 34 [1/1] (0.00ns)   --->   "%gmem1_addr = getelementptr i32 %gmem1, i64 %sext_ln139_2_cast" [D:/lenet_project/handoff/LeNet_DSE_Framework_2022_2/LeNet_DSE_Framework_2022_2/src/lenet_conv.cpp:139]   --->   Operation 34 'getelementptr' 'gmem1_addr' <Predicate = true> <Delay = 0.00>
ST_1 : Operation 35 [1/1] (0.00ns)   --->   "%specpipeline_ln0 = specpipeline void @_ssdm_op_SpecPipeline, i32 4294967295, i32 0, i32 1, i32 0, void @p_str"   --->   Operation 35 'specpipeline' 'specpipeline_ln0' <Predicate = true> <Delay = 0.00>
ST_1 : Operation 36 [1/1] (1.48ns)   --->   "%icmp_ln143 = icmp_eq  i7 %input_index_1, i7 84" [D:/lenet_project/handoff/LeNet_DSE_Framework_2022_2/LeNet_DSE_Framework_2022_2/src/lenet_conv.cpp:143]   --->   Operation 36 'icmp' 'icmp_ln143' <Predicate = true> <Delay = 1.48> <CoreInst = "Cmp">   --->   Core 9 'Cmp' <Latency = 0> <II = 1> <Delay = 1.48> <FuncUnit> <Opcode : 'icmp'> <InPorts = 2> <OutPorts = 1>
ST_1 : Operation 37 [1/1] (0.00ns)   --->   "%empty = speclooptripcount i32 @_ssdm_op_SpecLoopTripCount, i64 84, i64 84, i64 84"   --->   Operation 37 'speclooptripcount' 'empty' <Predicate = true> <Delay = 0.00>
ST_1 : Operation 38 [1/1] (1.87ns)   --->   "%add_ln143 = add i7 %input_index_1, i7 1" [D:/lenet_project/handoff/LeNet_DSE_Framework_2022_2/LeNet_DSE_Framework_2022_2/src/lenet_conv.cpp:143]   --->   Operation 38 'add' 'add_ln143' <Predicate = true> <Delay = 1.87> <CoreInst = "Adder">   --->   Core 1 'Adder' <Latency = 0> <II = 1> <Delay = 1.87> <FuncUnit> <Opcode : 'add' 'sub'> <InPorts = 2> <OutPorts = 1>
ST_1 : Operation 39 [1/1] (0.00ns)   --->   "%br_ln143 = br i1 %icmp_ln143, void %for.inc.i200.split, void %for.inc13.i204.exitStub" [D:/lenet_project/handoff/LeNet_DSE_Framework_2022_2/LeNet_DSE_Framework_2022_2/src/lenet_conv.cpp:143]   --->   Operation 39 'br' 'br_ln143' <Predicate = true> <Delay = 0.00>
ST_1 : Operation 40 [1/1] (0.00ns)   --->   "%input_index_1_cast = zext i7 %input_index_1" [D:/lenet_project/handoff/LeNet_DSE_Framework_2022_2/LeNet_DSE_Framework_2022_2/src/lenet_conv.cpp:143]   --->   Operation 40 'zext' 'input_index_1_cast' <Predicate = (!icmp_ln143)> <Delay = 0.00>
ST_1 : Operation 41 [1/1] (0.00ns)   --->   "%fc1_relu_addr = getelementptr i32 %fc1_relu, i64 0, i64 %input_index_1_cast" [D:/lenet_project/handoff/LeNet_DSE_Framework_2022_2/LeNet_DSE_Framework_2022_2/src/lenet_conv.cpp:145]   --->   Operation 41 'getelementptr' 'fc1_relu_addr' <Predicate = (!icmp_ln143)> <Delay = 0.00>
ST_1 : Operation 42 [2/2] (3.25ns)   --->   "%fc1_relu_load = load i7 %fc1_relu_addr" [D:/lenet_project/handoff/LeNet_DSE_Framework_2022_2/LeNet_DSE_Framework_2022_2/src/lenet_conv.cpp:145]   --->   Operation 42 'load' 'fc1_relu_load' <Predicate = (!icmp_ln143)> <Delay = 3.25> <CoreInst = "RAM">   --->   Core 82 'RAM' <Latency = 1> <II = 1> <Delay = 3.25> <Storage> <Opcode : 'load' 'store'> <Ports = 2> <Width = 32> <Depth = 84> <RAM>
ST_1 : Operation 43 [1/1] (1.48ns)   --->   "%ifzero197 = icmp_eq  i7 %add_ln143, i7 84" [D:/lenet_project/handoff/LeNet_DSE_Framework_2022_2/LeNet_DSE_Framework_2022_2/src/lenet_conv.cpp:143]   --->   Operation 43 'icmp' 'ifzero197' <Predicate = (!icmp_ln143)> <Delay = 1.48> <CoreInst = "Cmp">   --->   Core 9 'Cmp' <Latency = 0> <II = 1> <Delay = 1.48> <FuncUnit> <Opcode : 'icmp'> <InPorts = 2> <OutPorts = 1>
ST_1 : Operation 44 [1/1] (0.00ns)   --->   "%br_ln143 = br i1 %ifzero197, void %ifFalse196, void %ifTrue195" [D:/lenet_project/handoff/LeNet_DSE_Framework_2022_2/LeNet_DSE_Framework_2022_2/src/lenet_conv.cpp:143]   --->   Operation 44 'br' 'br_ln143' <Predicate = (!icmp_ln143)> <Delay = 0.00>

State 2 <SV = 1> <Delay = 5.84>
ST_2 : Operation 45 [1/2] (3.25ns)   --->   "%fc1_relu_load = load i7 %fc1_relu_addr" [D:/lenet_project/handoff/LeNet_DSE_Framework_2022_2/LeNet_DSE_Framework_2022_2/src/lenet_conv.cpp:145]   --->   Operation 45 'load' 'fc1_relu_load' <Predicate = (!icmp_ln143)> <Delay = 3.25> <CoreInst = "RAM">   --->   Core 82 'RAM' <Latency = 1> <II = 1> <Delay = 3.25> <Storage> <Opcode : 'load' 'store'> <Ports = 2> <Width = 32> <Depth = 84> <RAM>
ST_2 : Operation 46 [1/1] (5.84ns)   --->   "%gmem1_addr_read = read i32 @_ssdm_op_Read.m_axi.p1i32, i32 %gmem1_addr" [D:/lenet_project/handoff/LeNet_DSE_Framework_2022_2/LeNet_DSE_Framework_2022_2/src/lenet_conv.cpp:146]   --->   Operation 46 'read' 'gmem1_addr_read' <Predicate = (!icmp_ln143)> <Delay = 5.84> <CoreInst = "m_axi">   --->   Core 113 'm_axi' <Latency = 0> <II = 1> <Delay = 1.00> <Adapter> <Opcode : 'read' 'write' 'readreq' 'writereq' 'writeresp'>

State 3 <SV = 2> <Delay = 5.70>
ST_3 : Operation 47 [1/1] (0.00ns)   --->   "%bitcast_ln146 = bitcast i32 %gmem1_addr_read" [D:/lenet_project/handoff/LeNet_DSE_Framework_2022_2/LeNet_DSE_Framework_2022_2/src/lenet_conv.cpp:146]   --->   Operation 47 'bitcast' 'bitcast_ln146' <Predicate = (!icmp_ln143)> <Delay = 0.00>
ST_3 : Operation 48 [4/4] (5.70ns)   --->   "%mul9_i1 = fmul i32 %fc1_relu_load, i32 %bitcast_ln146" [D:/lenet_project/handoff/LeNet_DSE_Framework_2022_2/LeNet_DSE_Framework_2022_2/src/lenet_conv.cpp:145]   --->   Operation 48 'fmul' 'mul9_i1' <Predicate = (!icmp_ln143)> <Delay = 5.70> <CoreInst = "FMul_maxdsp">   --->   Core 30 'FMul_maxdsp' <Latency = 3> <II = 1> <Delay = 5.70> <FuncUnit> <Opcode : 'fmul'> <InPorts = 2> <OutPorts = 1>

State 4 <SV = 3> <Delay = 5.70>
ST_4 : Operation 49 [3/4] (5.70ns)   --->   "%mul9_i1 = fmul i32 %fc1_relu_load, i32 %bitcast_ln146" [D:/lenet_project/handoff/LeNet_DSE_Framework_2022_2/LeNet_DSE_Framework_2022_2/src/lenet_conv.cpp:145]   --->   Operation 49 'fmul' 'mul9_i1' <Predicate = (!icmp_ln143)> <Delay = 5.70> <CoreInst = "FMul_maxdsp">   --->   Core 30 'FMul_maxdsp' <Latency = 3> <II = 1> <Delay = 5.70> <FuncUnit> <Opcode : 'fmul'> <InPorts = 2> <OutPorts = 1>

State 5 <SV = 4> <Delay = 5.70>
ST_5 : Operation 50 [2/4] (5.70ns)   --->   "%mul9_i1 = fmul i32 %fc1_relu_load, i32 %bitcast_ln146" [D:/lenet_project/handoff/LeNet_DSE_Framework_2022_2/LeNet_DSE_Framework_2022_2/src/lenet_conv.cpp:145]   --->   Operation 50 'fmul' 'mul9_i1' <Predicate = (!icmp_ln143)> <Delay = 5.70> <CoreInst = "FMul_maxdsp">   --->   Core 30 'FMul_maxdsp' <Latency = 3> <II = 1> <Delay = 5.70> <FuncUnit> <Opcode : 'fmul'> <InPorts = 2> <OutPorts = 1>

State 6 <SV = 5> <Delay = 5.70>
ST_6 : Operation 51 [1/4] (5.70ns)   --->   "%mul9_i1 = fmul i32 %fc1_relu_load, i32 %bitcast_ln146" [D:/lenet_project/handoff/LeNet_DSE_Framework_2022_2/LeNet_DSE_Framework_2022_2/src/lenet_conv.cpp:145]   --->   Operation 51 'fmul' 'mul9_i1' <Predicate = (!icmp_ln143)> <Delay = 5.70> <CoreInst = "FMul_maxdsp">   --->   Core 30 'FMul_maxdsp' <Latency = 3> <II = 1> <Delay = 5.70> <FuncUnit> <Opcode : 'fmul'> <InPorts = 2> <OutPorts = 1>

State 7 <SV = 6> <Delay = 5.39>
ST_7 : Operation 52 [1/1] (0.00ns)   --->   "%accumulator_load = load i32 %accumulator" [D:/lenet_project/handoff/LeNet_DSE_Framework_2022_2/LeNet_DSE_Framework_2022_2/src/lenet_conv.cpp:144]   --->   Operation 52 'load' 'accumulator_load' <Predicate = (!icmp_ln143)> <Delay = 0.00>
ST_7 : Operation 53 [8/8] (5.39ns)   --->   "%accumulator_2 = fadd i32 %accumulator_load, i32 %mul9_i1" [D:/lenet_project/handoff/LeNet_DSE_Framework_2022_2/LeNet_DSE_Framework_2022_2/src/lenet_conv.cpp:144]   --->   Operation 53 'fadd' 'accumulator_2' <Predicate = (!icmp_ln143)> <Delay = 5.39> <CoreInst = "FAddSub_fulldsp">   --->   Core 18 'FAddSub_fulldsp' <Latency = 7> <II = 1> <Delay = 5.39> <FuncUnit> <Opcode : 'fadd' 'fsub'> <InPorts = 2> <OutPorts = 1>
ST_7 : Operation 68 [1/1] (0.00ns)   --->   "%ret_ln0 = ret"   --->   Operation 68 'ret' 'ret_ln0' <Predicate = (icmp_ln143)> <Delay = 0.00>

State 8 <SV = 7> <Delay = 5.39>
ST_8 : Operation 54 [7/8] (5.39ns)   --->   "%accumulator_2 = fadd i32 %accumulator_load, i32 %mul9_i1" [D:/lenet_project/handoff/LeNet_DSE_Framework_2022_2/LeNet_DSE_Framework_2022_2/src/lenet_conv.cpp:144]   --->   Operation 54 'fadd' 'accumulator_2' <Predicate = (!icmp_ln143)> <Delay = 5.39> <CoreInst = "FAddSub_fulldsp">   --->   Core 18 'FAddSub_fulldsp' <Latency = 7> <II = 1> <Delay = 5.39> <FuncUnit> <Opcode : 'fadd' 'fsub'> <InPorts = 2> <OutPorts = 1>
ST_8 : Operation 55 [1/1] (1.58ns)   --->   "%store_ln143 = store i7 %add_ln143, i7 %input_index" [D:/lenet_project/handoff/LeNet_DSE_Framework_2022_2/LeNet_DSE_Framework_2022_2/src/lenet_conv.cpp:143]   --->   Operation 55 'store' 'store_ln143' <Predicate = (!icmp_ln143)> <Delay = 1.58>

State 9 <SV = 8> <Delay = 5.39>
ST_9 : Operation 56 [6/8] (5.39ns)   --->   "%accumulator_2 = fadd i32 %accumulator_load, i32 %mul9_i1" [D:/lenet_project/handoff/LeNet_DSE_Framework_2022_2/LeNet_DSE_Framework_2022_2/src/lenet_conv.cpp:144]   --->   Operation 56 'fadd' 'accumulator_2' <Predicate = true> <Delay = 5.39> <CoreInst = "FAddSub_fulldsp">   --->   Core 18 'FAddSub_fulldsp' <Latency = 7> <II = 1> <Delay = 5.39> <FuncUnit> <Opcode : 'fadd' 'fsub'> <InPorts = 2> <OutPorts = 1>

State 10 <SV = 9> <Delay = 5.39>
ST_10 : Operation 57 [5/8] (5.39ns)   --->   "%accumulator_2 = fadd i32 %accumulator_load, i32 %mul9_i1" [D:/lenet_project/handoff/LeNet_DSE_Framework_2022_2/LeNet_DSE_Framework_2022_2/src/lenet_conv.cpp:144]   --->   Operation 57 'fadd' 'accumulator_2' <Predicate = true> <Delay = 5.39> <CoreInst = "FAddSub_fulldsp">   --->   Core 18 'FAddSub_fulldsp' <Latency = 7> <II = 1> <Delay = 5.39> <FuncUnit> <Opcode : 'fadd' 'fsub'> <InPorts = 2> <OutPorts = 1>

State 11 <SV = 10> <Delay = 5.39>
ST_11 : Operation 58 [4/8] (5.39ns)   --->   "%accumulator_2 = fadd i32 %accumulator_load, i32 %mul9_i1" [D:/lenet_project/handoff/LeNet_DSE_Framework_2022_2/LeNet_DSE_Framework_2022_2/src/lenet_conv.cpp:144]   --->   Operation 58 'fadd' 'accumulator_2' <Predicate = true> <Delay = 5.39> <CoreInst = "FAddSub_fulldsp">   --->   Core 18 'FAddSub_fulldsp' <Latency = 7> <II = 1> <Delay = 5.39> <FuncUnit> <Opcode : 'fadd' 'fsub'> <InPorts = 2> <OutPorts = 1>

State 12 <SV = 11> <Delay = 5.39>
ST_12 : Operation 59 [3/8] (5.39ns)   --->   "%accumulator_2 = fadd i32 %accumulator_load, i32 %mul9_i1" [D:/lenet_project/handoff/LeNet_DSE_Framework_2022_2/LeNet_DSE_Framework_2022_2/src/lenet_conv.cpp:144]   --->   Operation 59 'fadd' 'accumulator_2' <Predicate = true> <Delay = 5.39> <CoreInst = "FAddSub_fulldsp">   --->   Core 18 'FAddSub_fulldsp' <Latency = 7> <II = 1> <Delay = 5.39> <FuncUnit> <Opcode : 'fadd' 'fsub'> <InPorts = 2> <OutPorts = 1>

State 13 <SV = 12> <Delay = 5.39>
ST_13 : Operation 60 [2/8] (5.39ns)   --->   "%accumulator_2 = fadd i32 %accumulator_load, i32 %mul9_i1" [D:/lenet_project/handoff/LeNet_DSE_Framework_2022_2/LeNet_DSE_Framework_2022_2/src/lenet_conv.cpp:144]   --->   Operation 60 'fadd' 'accumulator_2' <Predicate = true> <Delay = 5.39> <CoreInst = "FAddSub_fulldsp">   --->   Core 18 'FAddSub_fulldsp' <Latency = 7> <II = 1> <Delay = 5.39> <FuncUnit> <Opcode : 'fadd' 'fsub'> <InPorts = 2> <OutPorts = 1>

State 14 <SV = 13> <Delay = 5.39>
ST_14 : Operation 61 [1/1] (0.00ns)   --->   "%specloopname_ln140 = specloopname void @_ssdm_op_SpecLoopName, void @empty_15" [D:/lenet_project/handoff/LeNet_DSE_Framework_2022_2/LeNet_DSE_Framework_2022_2/src/lenet_conv.cpp:140]   --->   Operation 61 'specloopname' 'specloopname_ln140' <Predicate = true> <Delay = 0.00>
ST_14 : Operation 62 [1/8] (5.39ns)   --->   "%accumulator_2 = fadd i32 %accumulator_load, i32 %mul9_i1" [D:/lenet_project/handoff/LeNet_DSE_Framework_2022_2/LeNet_DSE_Framework_2022_2/src/lenet_conv.cpp:144]   --->   Operation 62 'fadd' 'accumulator_2' <Predicate = true> <Delay = 5.39> <CoreInst = "FAddSub_fulldsp">   --->   Core 18 'FAddSub_fulldsp' <Latency = 7> <II = 1> <Delay = 5.39> <FuncUnit> <Opcode : 'fadd' 'fsub'> <InPorts = 2> <OutPorts = 1>

State 15 <SV = 14> <Delay = 5.84>
ST_15 : Operation 63 [1/1] (0.00ns)   --->   "%bitcast_ln148 = bitcast i32 %accumulator_2" [D:/lenet_project/handoff/LeNet_DSE_Framework_2022_2/LeNet_DSE_Framework_2022_2/src/lenet_conv.cpp:148]   --->   Operation 63 'bitcast' 'bitcast_ln148' <Predicate = (ifzero197)> <Delay = 0.00>
ST_15 : Operation 64 [1/1] (5.84ns)   --->   "%write_ln148 = write void @_ssdm_op_Write.m_axi.p1i32, i32 %gmem3_addr, i32 %bitcast_ln148, i4 15" [D:/lenet_project/handoff/LeNet_DSE_Framework_2022_2/LeNet_DSE_Framework_2022_2/src/lenet_conv.cpp:148]   --->   Operation 64 'write' 'write_ln148' <Predicate = (ifzero197)> <Delay = 5.84> <CoreInst = "m_axi">   --->   Core 113 'm_axi' <Latency = 0> <II = 1> <Delay = 1.00> <Adapter> <Opcode : 'read' 'write' 'readreq' 'writereq' 'writeresp'>
ST_15 : Operation 65 [1/1] (0.00ns)   --->   "%br_ln0 = br void %ifFalse196"   --->   Operation 65 'br' 'br_ln0' <Predicate = (ifzero197)> <Delay = 0.00>
ST_15 : Operation 66 [1/1] (1.58ns)   --->   "%store_ln144 = store i32 %accumulator_2, i32 %accumulator" [D:/lenet_project/handoff/LeNet_DSE_Framework_2022_2/LeNet_DSE_Framework_2022_2/src/lenet_conv.cpp:144]   --->   Operation 66 'store' 'store_ln144' <Predicate = true> <Delay = 1.58>
ST_15 : Operation 67 [1/1] (0.00ns)   --->   "%br_ln0 = br void %for.inc.i200"   --->   Operation 67 'br' 'br_ln0' <Predicate = true> <Delay = 0.00>


============================================================
+ Verbose Summary: Timing violations
============================================================
Target clock period: 8ns, clock uncertainty: 2.16ns.

 <State 1>: 3.36ns
The critical path consists of the following:
	'alloca' operation ('input_index') [8]  (0 ns)
	'load' operation ('input_index', D:/lenet_project/handoff/LeNet_DSE_Framework_2022_2/LeNet_DSE_Framework_2022_2/src/lenet_conv.cpp:143) on local variable 'input_index' [20]  (0 ns)
	'add' operation ('add_ln143', D:/lenet_project/handoff/LeNet_DSE_Framework_2022_2/LeNet_DSE_Framework_2022_2/src/lenet_conv.cpp:143) [28]  (1.87 ns)
	'icmp' operation ('ifzero197', D:/lenet_project/handoff/LeNet_DSE_Framework_2022_2/LeNet_DSE_Framework_2022_2/src/lenet_conv.cpp:143) [40]  (1.49 ns)

 <State 2>: 5.84ns
The critical path consists of the following:
	bus read operation ('gmem1_addr_read', D:/lenet_project/handoff/LeNet_DSE_Framework_2022_2/LeNet_DSE_Framework_2022_2/src/lenet_conv.cpp:146) on port 'gmem1' (D:/lenet_project/handoff/LeNet_DSE_Framework_2022_2/LeNet_DSE_Framework_2022_2/src/lenet_conv.cpp:146) [36]  (5.84 ns)

 <State 3>: 5.7ns
The critical path consists of the following:
	'fmul' operation ('mul9_i1', D:/lenet_project/handoff/LeNet_DSE_Framework_2022_2/LeNet_DSE_Framework_2022_2/src/lenet_conv.cpp:145) [38]  (5.7 ns)

 <State 4>: 5.7ns
The critical path consists of the following:
	'fmul' operation ('mul9_i1', D:/lenet_project/handoff/LeNet_DSE_Framework_2022_2/LeNet_DSE_Framework_2022_2/src/lenet_conv.cpp:145) [38]  (5.7 ns)

 <State 5>: 5.7ns
The critical path consists of the following:
	'fmul' operation ('mul9_i1', D:/lenet_project/handoff/LeNet_DSE_Framework_2022_2/LeNet_DSE_Framework_2022_2/src/lenet_conv.cpp:145) [38]  (5.7 ns)

 <State 6>: 5.7ns
The critical path consists of the following:
	'fmul' operation ('mul9_i1', D:/lenet_project/handoff/LeNet_DSE_Framework_2022_2/LeNet_DSE_Framework_2022_2/src/lenet_conv.cpp:145) [38]  (5.7 ns)

 <State 7>: 5.39ns
The critical path consists of the following:
	'load' operation ('accumulator_load', D:/lenet_project/handoff/LeNet_DSE_Framework_2022_2/LeNet_DSE_Framework_2022_2/src/lenet_conv.cpp:144) on local variable 'accumulator' [31]  (0 ns)
	'fadd' operation ('accumulator', D:/lenet_project/handoff/LeNet_DSE_Framework_2022_2/LeNet_DSE_Framework_2022_2/src/lenet_conv.cpp:144) [39]  (5.39 ns)

 <State 8>: 5.39ns
The critical path consists of the following:
	'fadd' operation ('accumulator', D:/lenet_project/handoff/LeNet_DSE_Framework_2022_2/LeNet_DSE_Framework_2022_2/src/lenet_conv.cpp:144) [39]  (5.39 ns)

 <State 9>: 5.39ns
The critical path consists of the following:
	'fadd' operation ('accumulator', D:/lenet_project/handoff/LeNet_DSE_Framework_2022_2/LeNet_DSE_Framework_2022_2/src/lenet_conv.cpp:144) [39]  (5.39 ns)

 <State 10>: 5.39ns
The critical path consists of the following:
	'fadd' operation ('accumulator', D:/lenet_project/handoff/LeNet_DSE_Framework_2022_2/LeNet_DSE_Framework_2022_2/src/lenet_conv.cpp:144) [39]  (5.39 ns)

 <State 11>: 5.39ns
The critical path consists of the following:
	'fadd' operation ('accumulator', D:/lenet_project/handoff/LeNet_DSE_Framework_2022_2/LeNet_DSE_Framework_2022_2/src/lenet_conv.cpp:144) [39]  (5.39 ns)

 <State 12>: 5.39ns
The critical path consists of the following:
	'fadd' operation ('accumulator', D:/lenet_project/handoff/LeNet_DSE_Framework_2022_2/LeNet_DSE_Framework_2022_2/src/lenet_conv.cpp:144) [39]  (5.39 ns)

 <State 13>: 5.39ns
The critical path consists of the following:
	'fadd' operation ('accumulator', D:/lenet_project/handoff/LeNet_DSE_Framework_2022_2/LeNet_DSE_Framework_2022_2/src/lenet_conv.cpp:144) [39]  (5.39 ns)

 <State 14>: 5.39ns
The critical path consists of the following:
	'fadd' operation ('accumulator', D:/lenet_project/handoff/LeNet_DSE_Framework_2022_2/LeNet_DSE_Framework_2022_2/src/lenet_conv.cpp:144) [39]  (5.39 ns)

 <State 15>: 5.84ns
The critical path consists of the following:
	bus write operation ('write_ln148', D:/lenet_project/handoff/LeNet_DSE_Framework_2022_2/LeNet_DSE_Framework_2022_2/src/lenet_conv.cpp:148) on port 'gmem3' (D:/lenet_project/handoff/LeNet_DSE_Framework_2022_2/LeNet_DSE_Framework_2022_2/src/lenet_conv.cpp:148) [44]  (5.84 ns)


============================================================
+ Verbose Summary: Binding
============================================================
N/A
* FSMD analyzer results:
  - Output states:
 - Input state : 
  - Chain level:
	State 1
	State 2
	State 3
	State 4
	State 5
	State 6
	State 7
	State 8
	State 9
	State 10
	State 11
	State 12
	State 13
	State 14
	State 15


============================================================
+ Verbose Summary: Datapath Resource usage 
============================================================
N/A
