

================================================================
== Synthesis Summary Report of 'lenet_conv2_top'
================================================================
+ General Information: 
    * Date:           Wed Sep  9 17:34:23 2026
    * Version:        2022.2 (Build 3670227 on Oct 13 2022)
    * Project:        conv2_hls
    * Solution:       solution1 (Vivado IP Flow Target)
    * Product family: zynq
    * Target device:  xc7z020-clg400-1
    

+ Performance & Resource Estimates: 
    
    PS: '+' for module; 'o' for loop; '*' for dataflow
    +---------------------------------------------+--------+-------+---------+-----------+----------+---------+------+----------+------+--------+-----------+------------+-----+
    |                   Modules                   |  Issue |       | Latency |  Latency  | Iteration|         | Trip |          |      |        |           |            |     |
    |                   & Loops                   |  Type  | Slack | (cycles)|    (ns)   |  Latency | Interval| Count| Pipelined| BRAM |   DSP  |     FF    |     LUT    | URAM|
    +---------------------------------------------+--------+-------+---------+-----------+----------+---------+------+----------+------+--------+-----------+------------+-----+
    |+ lenet_conv2_top                            |  Timing|  -0.98|  1240076|  1.240e+07|         -|  1240077|     -|        no|     -|  5 (2%)|  5249 (4%)|  8372 (15%)|    -|
    | o OUTPUT_CHANNEL                            |       -|   7.30|  1240065|  1.240e+07|     77504|        -|    16|        no|     -|       -|          -|           -|    -|
    |  o OUTPUT_ROW_OUTPUT_COL                    |       -|   7.30|    77501|  7.750e+05|       775|        -|   100|        no|     -|       -|          -|           -|    -|
    |   + lenet_conv2_top_Pipeline_INPUT_CHANNEL  |  Timing|  -0.98|      765|  7.650e+03|         -|      765|     -|        no|     -|  5 (2%)|  2022 (1%)|   2385 (4%)|    -|
    |    o INPUT_CHANNEL                          |      II|   7.30|      763|  7.630e+03|       139|      125|     6|       yes|     -|       -|          -|           -|    -|
    +---------------------------------------------+--------+-------+---------+-----------+----------+---------+------+----------+------+--------+-----------+------------+-----+


================================================================
== HW Interfaces
================================================================
* M_AXI
+-------------+------------+---------------+---------+--------+----------+-----------+--------------+--------------+-------------+-------------+
| Interface   | Data Width | Address Width | Latency | Offset | Register | Max Widen | Max Read     | Max Write    | Num Read    | Num Write   |
|             | (SW->HW)   |               |         |        |          | Bitwidth  | Burst Length | Burst Length | Outstanding | Outstanding |
+-------------+------------+---------------+---------+--------+----------+-----------+--------------+--------------+-------------+-------------+
| m_axi_gmem0 | 32 -> 32   | 64            | 0       | direct | 0        | 0         | 16           | 16           | 16          | 16          |
| m_axi_gmem1 | 32 -> 32   | 64            | 0       | direct | 0        | 0         | 16           | 16           | 16          | 16          |
| m_axi_gmem2 | 32 -> 32   | 64            | 0       | direct | 0        | 0         | 16           | 16           | 16          | 16          |
| m_axi_gmem3 | 32 -> 32   | 64            | 0       | direct | 0        | 0         | 16           | 16           | 16          | 16          |
+-------------+------------+---------------+---------+--------+----------+-----------+--------------+--------------+-------------+-------------+

* Other Ports
+-------------+---------+----------+
| Interface   | Mode    | Bitwidth |
+-------------+---------+----------+
| bias        | ap_none | 64       |
| feature_in  | ap_none | 64       |
| feature_out | ap_none | 64       |
| weight      | ap_none | 64       |
+-------------+---------+----------+

* TOP LEVEL CONTROL
+-----------+------------+-----------------------------------+
| Interface | Type       | Ports                             |
+-----------+------------+-----------------------------------+
| ap_clk    | clock      | ap_clk                            |
| ap_rst_n  | reset      | ap_rst_n                          |
| ap_ctrl   | ap_ctrl_hs | ap_done ap_idle ap_ready ap_start |
+-----------+------------+-----------------------------------+


================================================================
== SW I/O Information
================================================================
* Top Function Arguments
+-------------+-----------+---------------+
| Argument    | Direction | Datatype      |
+-------------+-----------+---------------+
| feature_in  | in        | float const * |
| weight      | in        | float const * |
| bias        | in        | float const * |
| feature_out | in        | float*        |
+-------------+-----------+---------------+

* SW-to-HW Mapping
+-------------+--------------+-----------+----------+
| Argument    | HW Interface | HW Type   | HW Usage |
+-------------+--------------+-----------+----------+
| feature_in  | m_axi_gmem0  | interface |          |
| feature_in  | feature_in   | port      | offset   |
| weight      | m_axi_gmem1  | interface |          |
| weight      | weight       | port      | offset   |
| bias        | m_axi_gmem2  | interface |          |
| bias        | bias         | port      | offset   |
| feature_out | m_axi_gmem3  | interface |          |
| feature_out | feature_out  | port      | offset   |
+-------------+--------------+-----------+----------+


================================================================
== M_AXI Burst Information
================================================================
 Note: All burst requests might be further partitioned into multiple requests during RTL generation based on max_read_burst_length or max_write_burst_length settings.

* Inferred Burst Summary
+--------------+----------------+-----------+--------+-------+------------------------------------------------------------------------------+
| HW Interface | Loop           | Direction | Length | Width | Location                                                                     |
+--------------+----------------+-----------+--------+-------+------------------------------------------------------------------------------+
| m_axi_gmem3  | OUTPUT_CHANNEL | write     | 1600   | 32    | D:/FPGA_project/member_d_pe_optimization/src/archive/lenet_conv_D0.cpp:51:5  |
| m_axi_gmem2  | OUTPUT_CHANNEL | read      | 16     | 32    | D:/FPGA_project/member_d_pe_optimization/src/archive/lenet_conv_D0.cpp:51:5  |
| m_axi_gmem1  | INPUT_CHANNEL  | read      | 150    | 32    | D:/FPGA_project/member_d_pe_optimization/src/archive/lenet_conv_D0.cpp:59:17 |
| m_axi_gmem0  | WINDOW_COL     | read      | 5      | 32    | D:/FPGA_project/member_d_pe_optimization/src/archive/lenet_conv_D0.cpp:18:9  |
+--------------+----------------+-----------+--------+-------+------------------------------------------------------------------------------+

* Inferred Bursts and Widening Missed
+--------------+-------------+----------------+---------------------------------------------------------------------------------------------------------+------------+------------------------------------------------------------------------------+
| HW Interface | Variable    | Loop           | Problem                                                                                                 | Resolution | Location                                                                     |
+--------------+-------------+----------------+---------------------------------------------------------------------------------------------------------+------------+------------------------------------------------------------------------------+
| m_axi_gmem0  | feature_in  | WINDOW_ROW     | Stride is incompatible                                                                                  | 214-230    | D:/FPGA_project/member_d_pe_optimization/src/archive/lenet_conv_D0.cpp:16:5  |
| m_axi_gmem1  | weight      | OUTPUT_COL     | Stride is incompatible                                                                                  | 214-230    | D:/FPGA_project/member_d_pe_optimization/src/archive/lenet_conv_D0.cpp:55:13 |
| m_axi_gmem3  | feature_out | OUTPUT_COL     | Could not widen since type float size is greater than or equal to the max_widen_bitwidth threshold of 0 | 214-353    | D:/FPGA_project/member_d_pe_optimization/src/archive/lenet_conv_D0.cpp:55:13 |
| m_axi_gmem1  | weight      | MAC_LOOP       | Could not widen since type float size is greater than or equal to the max_widen_bitwidth threshold of 0 | 214-353    | D:/FPGA_project/member_d_pe_optimization/src/archive/lenet_conv_D0.cpp:35:5  |
| m_axi_gmem0  | feature_in  | WINDOW_COL     | Could not widen since type float size is greater than or equal to the max_widen_bitwidth threshold of 0 | 214-353    | D:/FPGA_project/member_d_pe_optimization/src/archive/lenet_conv_D0.cpp:18:9  |
| m_axi_gmem2  | bias        | OUTPUT_CHANNEL | Could not widen since type float size is greater than or equal to the max_widen_bitwidth threshold of 0 | 214-353    | D:/FPGA_project/member_d_pe_optimization/src/archive/lenet_conv_D0.cpp:51:5  |
+--------------+-------------+----------------+---------------------------------------------------------------------------------------------------------+------------+------------------------------------------------------------------------------+

    * Resolution URL: www.xilinx.com/cgi-bin/docs/rdoc?v=2022.2;t=hls+guidance;d=XXX-YYY.html (replace XXX-YYY with column value)

================================================================
== Bind Op Report
================================================================
+-------------------------------------------+-----+--------+-------------------------+------+---------+---------+
| Name                                      | DSP | Pragma | Variable                | Op   | Impl    | Latency |
+-------------------------------------------+-----+--------+-------------------------+------+---------+---------+
| + lenet_conv2_top                         | 5   |        |                         |      |         |         |
|   add_ln51_1_fu_310_p2                    | -   |        | add_ln51_1              | add  | fabric  | 0       |
|   add_ln51_fu_301_p2                      | -   |        | add_ln51                | add  | fabric  | 0       |
|   empty_35_fu_320_p2                      | -   |        | empty_35                | add  | fabric  | 0       |
|   tmp1_0_fu_385_p2                        | -   |        | tmp1_0                  | sub  | fabric  | 0       |
|   tmp_1_fu_391_p2                         | -   |        | tmp_1                   | add  | fabric  | 0       |
|   tmp1_1_fu_421_p2                        | -   |        | tmp1_1                  | sub  | fabric  | 0       |
|   tmp_2_fu_427_p2                         | -   |        | tmp_2                   | add  | fabric  | 0       |
|   tmp1_2_fu_453_p2                        | -   |        | tmp1_2                  | sub  | fabric  | 0       |
|   tmp_3_fu_459_p2                         | -   |        | tmp_3                   | add  | fabric  | 0       |
|   tmp1_3_fu_485_p2                        | -   |        | tmp1_3                  | sub  | fabric  | 0       |
|   tmp_4_fu_491_p2                         | -   |        | tmp_4                   | add  | fabric  | 0       |
|   tmp1_4_fu_517_p2                        | -   |        | tmp1_4                  | sub  | fabric  | 0       |
|   add_ln53_fu_355_p2                      | -   |        | add_ln53                | add  | fabric  | 0       |
|   tmp1_1_mid1_fu_553_p2                   | -   |        | tmp1_1_mid1             | sub  | fabric  | 0       |
|   tmp_4_mid1_fu_583_p2                    | -   |        | tmp_4_mid1              | add  | fabric  | 0       |
|   tmp1_4_mid1_fu_609_p2                   | -   |        | tmp1_4_mid1             | sub  | fabric  | 0       |
|   add_ln55_fu_631_p2                      | -   |        | add_ln55                | add  | fabric  | 0       |
|  + lenet_conv2_top_Pipeline_INPUT_CHANNEL | 5   |        |                         |      |         |         |
|    add_ln60_fu_410_p2                     | -   |        | add_ln60                | add  | fabric  | 0       |
|    add_ln8_fu_905_p2                      | -   |        | add_ln8                 | add  | fabric  | 0       |
|    add_ln61_fu_419_p2                     | -   |        | add_ln61                | add  | fabric  | 0       |
|    empty_18_fu_433_p2                     | -   |        | empty_18                | add  | fabric  | 0       |
|    empty_19_fu_451_p2                     | -   |        | empty_19                | add  | fabric  | 0       |
|    empty_21_fu_477_p2                     | -   |        | empty_21                | add  | fabric  | 0       |
|    empty_22_fu_518_p2                     | -   |        | empty_22                | add  | fabric  | 0       |
|    empty_24_fu_483_p2                     | -   |        | empty_24                | add  | fabric  | 0       |
|    empty_25_fu_569_p2                     | -   |        | empty_25                | add  | fabric  | 0       |
|    empty_27_fu_489_p2                     | -   |        | empty_27                | add  | fabric  | 0       |
|    empty_28_fu_605_p2                     | -   |        | empty_28                | add  | fabric  | 0       |
|    empty_30_fu_495_p2                     | -   |        | empty_30                | add  | fabric  | 0       |
|    empty_31_fu_641_p2                     | -   |        | empty_31                | add  | fabric  | 0       |
|    fmul_32ns_32ns_32_4_max_dsp_1_U2       | 3   |        | mul_i5_i                | fmul | maxdsp  | 3       |
|    fadd_32ns_32ns_32_5_full_dsp_1_U1      | 2   |        | accumulator_assign_3    | fadd | fulldsp | 4       |
|    fmul_32ns_32ns_32_4_max_dsp_1_U2       | 3   |        | mul_i5_i_1              | fmul | maxdsp  | 3       |
|    fadd_32ns_32ns_32_5_full_dsp_1_U1      | 2   |        | accumulator_assign_3_1  | fadd | fulldsp | 4       |
|    fmul_32ns_32ns_32_4_max_dsp_1_U2       | 3   |        | mul_i5_i_2              | fmul | maxdsp  | 3       |
|    fadd_32ns_32ns_32_5_full_dsp_1_U1      | 2   |        | accumulator_assign_3_2  | fadd | fulldsp | 4       |
|    fmul_32ns_32ns_32_4_max_dsp_1_U2       | 3   |        | mul_i5_i_3              | fmul | maxdsp  | 3       |
|    fadd_32ns_32ns_32_5_full_dsp_1_U1      | 2   |        | accumulator_assign_3_3  | fadd | fulldsp | 4       |
|    fmul_32ns_32ns_32_4_max_dsp_1_U2       | 3   |        | mul_i5_i_4              | fmul | maxdsp  | 3       |
|    fadd_32ns_32ns_32_5_full_dsp_1_U1      | 2   |        | accumulator_assign_3_4  | fadd | fulldsp | 4       |
|    fmul_32ns_32ns_32_4_max_dsp_1_U2       | 3   |        | mul_i5_i_5              | fmul | maxdsp  | 3       |
|    fadd_32ns_32ns_32_5_full_dsp_1_U1      | 2   |        | accumulator_assign_3_5  | fadd | fulldsp | 4       |
|    fmul_32ns_32ns_32_4_max_dsp_1_U2       | 3   |        | mul_i5_i_6              | fmul | maxdsp  | 3       |
|    fadd_32ns_32ns_32_5_full_dsp_1_U1      | 2   |        | accumulator_assign_3_6  | fadd | fulldsp | 4       |
|    fmul_32ns_32ns_32_4_max_dsp_1_U2       | 3   |        | mul_i5_i_7              | fmul | maxdsp  | 3       |
|    fadd_32ns_32ns_32_5_full_dsp_1_U1      | 2   |        | accumulator_assign_3_7  | fadd | fulldsp | 4       |
|    fmul_32ns_32ns_32_4_max_dsp_1_U2       | 3   |        | mul_i5_i_8              | fmul | maxdsp  | 3       |
|    fadd_32ns_32ns_32_5_full_dsp_1_U1      | 2   |        | accumulator_assign_3_8  | fadd | fulldsp | 4       |
|    fmul_32ns_32ns_32_4_max_dsp_1_U2       | 3   |        | mul_i5_i_9              | fmul | maxdsp  | 3       |
|    fadd_32ns_32ns_32_5_full_dsp_1_U1      | 2   |        | accumulator_assign_3_9  | fadd | fulldsp | 4       |
|    fmul_32ns_32ns_32_4_max_dsp_1_U2       | 3   |        | mul_i5_i_s              | fmul | maxdsp  | 3       |
|    fadd_32ns_32ns_32_5_full_dsp_1_U1      | 2   |        | accumulator_assign_3_s  | fadd | fulldsp | 4       |
|    fmul_32ns_32ns_32_4_max_dsp_1_U2       | 3   |        | mul_i5_i_10             | fmul | maxdsp  | 3       |
|    fadd_32ns_32ns_32_5_full_dsp_1_U1      | 2   |        | accumulator_assign_3_10 | fadd | fulldsp | 4       |
|    fmul_32ns_32ns_32_4_max_dsp_1_U2       | 3   |        | mul_i5_i_11             | fmul | maxdsp  | 3       |
|    fadd_32ns_32ns_32_5_full_dsp_1_U1      | 2   |        | accumulator_assign_3_11 | fadd | fulldsp | 4       |
|    fmul_32ns_32ns_32_4_max_dsp_1_U2       | 3   |        | mul_i5_i_12             | fmul | maxdsp  | 3       |
|    fadd_32ns_32ns_32_5_full_dsp_1_U1      | 2   |        | accumulator_assign_3_12 | fadd | fulldsp | 4       |
|    fmul_32ns_32ns_32_4_max_dsp_1_U2       | 3   |        | mul_i5_i_13             | fmul | maxdsp  | 3       |
|    fadd_32ns_32ns_32_5_full_dsp_1_U1      | 2   |        | accumulator_assign_3_13 | fadd | fulldsp | 4       |
|    fmul_32ns_32ns_32_4_max_dsp_1_U2       | 3   |        | mul_i5_i_14             | fmul | maxdsp  | 3       |
|    fadd_32ns_32ns_32_5_full_dsp_1_U1      | 2   |        | accumulator_assign_3_14 | fadd | fulldsp | 4       |
|    fmul_32ns_32ns_32_4_max_dsp_1_U2       | 3   |        | mul_i5_i_15             | fmul | maxdsp  | 3       |
|    fadd_32ns_32ns_32_5_full_dsp_1_U1      | 2   |        | accumulator_assign_3_15 | fadd | fulldsp | 4       |
|    fmul_32ns_32ns_32_4_max_dsp_1_U2       | 3   |        | mul_i5_i_16             | fmul | maxdsp  | 3       |
|    fadd_32ns_32ns_32_5_full_dsp_1_U1      | 2   |        | accumulator_assign_3_16 | fadd | fulldsp | 4       |
|    fmul_32ns_32ns_32_4_max_dsp_1_U2       | 3   |        | mul_i5_i_17             | fmul | maxdsp  | 3       |
|    fadd_32ns_32ns_32_5_full_dsp_1_U1      | 2   |        | accumulator_assign_3_17 | fadd | fulldsp | 4       |
|    fmul_32ns_32ns_32_4_max_dsp_1_U2       | 3   |        | mul_i5_i_18             | fmul | maxdsp  | 3       |
|    fadd_32ns_32ns_32_5_full_dsp_1_U1      | 2   |        | accumulator_assign_3_18 | fadd | fulldsp | 4       |
|    fmul_32ns_32ns_32_4_max_dsp_1_U2       | 3   |        | mul_i5_i_19             | fmul | maxdsp  | 3       |
|    fadd_32ns_32ns_32_5_full_dsp_1_U1      | 2   |        | accumulator_assign_3_19 | fadd | fulldsp | 4       |
|    fmul_32ns_32ns_32_4_max_dsp_1_U2       | 3   |        | mul_i5_i_20             | fmul | maxdsp  | 3       |
|    fadd_32ns_32ns_32_5_full_dsp_1_U1      | 2   |        | accumulator_assign_3_20 | fadd | fulldsp | 4       |
|    fmul_32ns_32ns_32_4_max_dsp_1_U2       | 3   |        | mul_i5_i_21             | fmul | maxdsp  | 3       |
|    fadd_32ns_32ns_32_5_full_dsp_1_U1      | 2   |        | accumulator_assign_3_21 | fadd | fulldsp | 4       |
|    fmul_32ns_32ns_32_4_max_dsp_1_U2       | 3   |        | mul_i5_i_22             | fmul | maxdsp  | 3       |
|    fadd_32ns_32ns_32_5_full_dsp_1_U1      | 2   |        | accumulator_assign_3_22 | fadd | fulldsp | 4       |
|    fmul_32ns_32ns_32_4_max_dsp_1_U2       | 3   |        | mul_i5_i_23             | fmul | maxdsp  | 3       |
|    fadd_32ns_32ns_32_5_full_dsp_1_U1      | 2   |        | accumulator_assign_3_23 | fadd | fulldsp | 4       |
+-------------------------------------------+-----+--------+-------------------------+------+---------+---------+


================================================================
== Bind Storage Report
================================================================
  No bind storage info in design

================================================================
== Pragma Report
================================================================
* Valid Pragma Syntax
+-----------+--------------------------------------------------------------+----------------------------------------------------------------------+
| Type      | Options                                                      | Location                                                             |
+-----------+--------------------------------------------------------------+----------------------------------------------------------------------+
| inline    |                                                              | ../src/archive/lenet_conv_D0.cpp:13 in generate_window_5x5           |
| inline    |                                                              | ../src/archive/lenet_conv_D0.cpp:32 in mac_5x5                       |
| interface | m_axi port=feature_in offset=direct bundle=gmem0 depth=1024  | ../src/archive/lenet_conv_D0.cpp:187 in lenet_conv1_top, feature_in  |
| interface | m_axi port=weight offset=direct bundle=gmem1 depth=150       | ../src/archive/lenet_conv_D0.cpp:188 in lenet_conv1_top, weight      |
| interface | m_axi port=bias offset=direct bundle=gmem2 depth=6           | ../src/archive/lenet_conv_D0.cpp:189 in lenet_conv1_top, bias        |
| interface | m_axi port=feature_out offset=direct bundle=gmem3 depth=4704 | ../src/archive/lenet_conv_D0.cpp:190 in lenet_conv1_top, feature_out |
| interface | ap_ctrl_hs port=return                                       | ../src/archive/lenet_conv_D0.cpp:191 in lenet_conv1_top, return      |
| interface | m_axi port=feature_in offset=direct bundle=gmem0 depth=1176  | ../src/archive/lenet_conv_D0.cpp:203 in lenet_conv2_top, feature_in  |
| interface | m_axi port=weight offset=direct bundle=gmem1 depth=2400      | ../src/archive/lenet_conv_D0.cpp:204 in lenet_conv2_top, weight      |
| interface | m_axi port=bias offset=direct bundle=gmem2 depth=16          | ../src/archive/lenet_conv_D0.cpp:205 in lenet_conv2_top, bias        |
| interface | m_axi port=feature_out offset=direct bundle=gmem3 depth=1600 | ../src/archive/lenet_conv_D0.cpp:206 in lenet_conv2_top, feature_out |
| interface | ap_ctrl_hs port=return                                       | ../src/archive/lenet_conv_D0.cpp:207 in lenet_conv2_top, return      |
| interface | m_axi port=feature_in offset=direct bundle=gmem0 depth=400   | ../src/archive/lenet_conv_D0.cpp:221 in lenet_conv3_top, feature_in  |
| interface | m_axi port=weight offset=direct bundle=gmem1 depth=48000     | ../src/archive/lenet_conv_D0.cpp:222 in lenet_conv3_top, weight      |
| interface | m_axi port=bias offset=direct bundle=gmem2 depth=120         | ../src/archive/lenet_conv_D0.cpp:223 in lenet_conv3_top, bias        |
| interface | m_axi port=feature_out offset=direct bundle=gmem3 depth=120  | ../src/archive/lenet_conv_D0.cpp:224 in lenet_conv3_top, feature_out |
| interface | ap_ctrl_hs port=return                                       | ../src/archive/lenet_conv_D0.cpp:225 in lenet_conv3_top, return      |
| interface | m_axi port=feature_in offset=direct bundle=gmem0 depth=120   | ../src/archive/lenet_conv_D0.cpp:239 in lenet_fc1_top, feature_in    |
| interface | m_axi port=weight offset=direct bundle=gmem1 depth=10080     | ../src/archive/lenet_conv_D0.cpp:240 in lenet_fc1_top, weight        |
| interface | m_axi port=bias offset=direct bundle=gmem2 depth=84          | ../src/archive/lenet_conv_D0.cpp:241 in lenet_fc1_top, bias          |
| interface | m_axi port=feature_out offset=direct bundle=gmem3 depth=84   | ../src/archive/lenet_conv_D0.cpp:242 in lenet_fc1_top, feature_out   |
| interface | ap_ctrl_hs port=return                                       | ../src/archive/lenet_conv_D0.cpp:243 in lenet_fc1_top, return        |
| interface | m_axi port=feature_in offset=direct bundle=gmem0 depth=84    | ../src/archive/lenet_conv_D0.cpp:254 in lenet_fc2_top, feature_in    |
| interface | m_axi port=weight offset=direct bundle=gmem1 depth=840       | ../src/archive/lenet_conv_D0.cpp:255 in lenet_fc2_top, weight        |
| interface | m_axi port=bias offset=direct bundle=gmem2 depth=10          | ../src/archive/lenet_conv_D0.cpp:256 in lenet_fc2_top, bias          |
| interface | m_axi port=feature_out offset=direct bundle=gmem3 depth=10   | ../src/archive/lenet_conv_D0.cpp:257 in lenet_fc2_top, feature_out   |
| interface | ap_ctrl_hs port=return                                       | ../src/archive/lenet_conv_D0.cpp:258 in lenet_fc2_top, return        |
| interface | m_axi port=feature_in offset=direct bundle=gmem0 depth=1024  | ../src/archive/lenet_conv_D0.cpp:269 in lenet_full_top, feature_in   |
| interface | m_axi port=weight offset=direct bundle=gmem1 depth=61470     | ../src/archive/lenet_conv_D0.cpp:270 in lenet_full_top, weight       |
| interface | m_axi port=bias offset=direct bundle=gmem2 depth=236         | ../src/archive/lenet_conv_D0.cpp:271 in lenet_full_top, bias         |
| interface | m_axi port=feature_out offset=direct bundle=gmem3 depth=10   | ../src/archive/lenet_conv_D0.cpp:272 in lenet_full_top, feature_out  |
| interface | ap_ctrl_hs port=return                                       | ../src/archive/lenet_conv_D0.cpp:273 in lenet_full_top, return       |
+-----------+--------------------------------------------------------------+----------------------------------------------------------------------+


