

================================================================
== Vitis HLS Report for 'lenet_full_top_Pipeline_POOL_CHANNEL_POOL_ROW_POOL_COL1'
================================================================
* Date:           Sun Sep  6 00:04:25 2026

* Version:        2022.2 (Build 3670227 on Oct 13 2022)
* Project:        lenet_full_hls
* Solution:       solution1 (Vivado IP Flow Target)
* Product family: zynq
* Target device:  xc7z020-clg400-1


================================================================
== Performance Estimates
================================================================
+ Timing: 
    * Summary: 
    +--------+----------+----------+------------+
    |  Clock |  Target  | Estimated| Uncertainty|
    +--------+----------+----------+------------+
    |ap_clk  |  10.00 ns|  7.107 ns|     2.70 ns|
    +--------+----------+----------+------------+

+ Latency: 
    * Summary: 
    +---------+---------+----------+----------+-----+-----+---------+
    |  Latency (cycles) |  Latency (absolute) |  Interval | Pipeline|
    |   min   |   max   |    min   |    max   | min | max |   Type  |
    +---------+---------+----------+----------+-----+-----+---------+
    |      413|      413|  4.130 us|  4.130 us|  413|  413|       no|
    +---------+---------+----------+----------+-----+-----+---------+

    + Detail: 
        * Instance: 
        N/A

        * Loop: 
        +----------------------------------+---------+---------+----------+-----------+-----------+------+----------+
        |                                  |  Latency (cycles) | Iteration|  Initiation Interval  | Trip |          |
        |             Loop Name            |   min   |   max   |  Latency |  achieved |   target  | Count| Pipelined|
        +----------------------------------+---------+---------+----------+-----------+-----------+------+----------+
        |- POOL_CHANNEL_POOL_ROW_POOL_COL  |      411|      411|        13|          1|          1|   400|       yes|
        +----------------------------------+---------+---------+----------+-----------+-----------+------+----------+



================================================================
== Utilization Estimates
================================================================
* Summary: 
+-----------------+---------+-----+--------+-------+-----+
|       Name      | BRAM_18K| DSP |   FF   |  LUT  | URAM|
+-----------------+---------+-----+--------+-------+-----+
|DSP              |        -|    -|       -|      -|    -|
|Expression       |        -|    -|       0|    756|    -|
|FIFO             |        -|    -|       -|      -|    -|
|Instance         |        -|    -|       -|      -|    -|
|Memory           |        -|    -|       -|      -|    -|
|Multiplexer      |        -|    -|       -|     99|    -|
|Register         |        -|    -|     811|    160|    -|
+-----------------+---------+-----+--------+-------+-----+
|Total            |        0|    0|     811|   1015|    0|
+-----------------+---------+-----+--------+-------+-----+
|Available        |      280|  220|  106400|  53200|    0|
+-----------------+---------+-----+--------+-------+-----+
|Utilization (%)  |        0|    0|      ~0|      1|    0|
+-----------------+---------+-----+--------+-------+-----+

+ Detail: 
    * Instance: 
    N/A

    * DSP: 
    N/A

    * Memory: 
    N/A

    * FIFO: 
    N/A

    * Expression: 
    +---------------------------+----------+----+---+----+------------+------------+
    |       Variable Name       | Operation| DSP| FF| LUT| Bitwidth P0| Bitwidth P1|
    +---------------------------+----------+----+---+----+------------+------------+
    |add_ln105_1_fu_668_p2      |         +|   0|  0|  12|          11|          11|
    |add_ln105_2_fu_690_p2      |         +|   0|  0|  13|          10|          10|
    |add_ln105_3_fu_700_p2      |         +|   0|  0|  12|          11|          11|
    |add_ln105_fu_658_p2        |         +|   0|  0|  14|           9|           9|
    |add_ln114_1_fu_732_p2      |         +|   0|  0|  14|           9|           9|
    |add_ln114_fu_722_p2        |         +|   0|  0|  14|           7|           7|
    |add_ln91_1_fu_220_p2       |         +|   0|  0|  14|           9|           1|
    |add_ln91_fu_397_p2         |         +|   0|  0|  13|           5|           1|
    |add_ln93_1_fu_298_p2       |         +|   0|  0|  14|           6|           1|
    |add_ln93_fu_264_p2         |         +|   0|  0|  11|           3|           1|
    |add_ln95_fu_292_p2         |         +|   0|  0|  11|           3|           1|
    |empty_30_fu_533_p2         |         +|   0|  0|  14|           7|           7|
    |empty_31_fu_391_p2         |         +|   0|  0|  15|           8|           8|
    |p_mid1121_fu_580_p2        |         +|   0|  0|  14|           7|           7|
    |p_mid1123_fu_501_p2        |         +|   0|  0|  15|           8|           8|
    |p_mid1149_fu_564_p2        |         +|   0|  0|  14|           7|           7|
    |p_mid1159_fu_451_p2        |         +|   0|  0|  15|           8|           8|
    |tmp3_fu_375_p2             |         +|   0|  0|  13|           5|           5|
    |tmp3_mid1_fu_485_p2        |         +|   0|  0|  13|           5|           5|
    |tmp4_fu_381_p2             |         +|   0|  0|  14|           6|           6|
    |tmp4_mid1_fu_491_p2        |         +|   0|  0|  14|           6|           6|
    |and_ln107_1_fu_856_p2      |       and|   0|  0|   2|           1|           1|
    |and_ln107_2_fu_862_p2      |       and|   0|  0|   2|           1|           1|
    |and_ln107_3_fu_944_p2      |       and|   0|  0|   2|           1|           1|
    |and_ln107_4_fu_950_p2      |       and|   0|  0|   2|           1|           1|
    |and_ln107_5_fu_1032_p2     |       and|   0|  0|   2|           1|           1|
    |and_ln107_6_fu_1038_p2     |       and|   0|  0|   2|           1|           1|
    |and_ln107_fu_773_p2        |       and|   0|  0|   2|           1|           1|
    |and_ln91_fu_258_p2         |       and|   0|  0|   2|           1|           1|
    |icmp_ln107_10_fu_996_p2    |      icmp|   0|  0|  11|           8|           2|
    |icmp_ln107_11_fu_1002_p2   |      icmp|   0|  0|  15|          23|           1|
    |icmp_ln107_12_fu_1014_p2   |      icmp|   0|  0|  11|           8|           2|
    |icmp_ln107_13_fu_1020_p2   |      icmp|   0|  0|  15|          23|           1|
    |icmp_ln107_1_fu_761_p2     |      icmp|   0|  0|  15|          23|           1|
    |icmp_ln107_2_fu_820_p2     |      icmp|   0|  0|  11|           8|           2|
    |icmp_ln107_3_fu_826_p2     |      icmp|   0|  0|  15|          23|           1|
    |icmp_ln107_4_fu_838_p2     |      icmp|   0|  0|  11|           8|           2|
    |icmp_ln107_5_fu_844_p2     |      icmp|   0|  0|  15|          23|           1|
    |icmp_ln107_6_fu_908_p2     |      icmp|   0|  0|  11|           8|           2|
    |icmp_ln107_7_fu_914_p2     |      icmp|   0|  0|  15|          23|           1|
    |icmp_ln107_8_fu_926_p2     |      icmp|   0|  0|  11|           8|           2|
    |icmp_ln107_9_fu_932_p2     |      icmp|   0|  0|  15|          23|           1|
    |icmp_ln107_fu_755_p2       |      icmp|   0|  0|  11|           8|           2|
    |icmp_ln91_fu_214_p2        |      icmp|   0|  0|  11|           9|           8|
    |icmp_ln93_fu_232_p2        |      icmp|   0|  0|  10|           6|           5|
    |icmp_ln95_fu_252_p2        |      icmp|   0|  0|   8|           3|           3|
    |or_ln105_1_fu_711_p2       |        or|   0|  0|  11|           1|          11|
    |or_ln105_fu_679_p2         |        or|   0|  0|  11|           1|          11|
    |or_ln107_1_fu_832_p2       |        or|   0|  0|   2|           1|           1|
    |or_ln107_2_fu_850_p2       |        or|   0|  0|   2|           1|           1|
    |or_ln107_3_fu_920_p2       |        or|   0|  0|   2|           1|           1|
    |or_ln107_4_fu_938_p2       |        or|   0|  0|   2|           1|           1|
    |or_ln107_5_fu_1008_p2      |        or|   0|  0|   2|           1|           1|
    |or_ln107_6_fu_1026_p2      |        or|   0|  0|   2|           1|           1|
    |or_ln107_fu_767_p2         |        or|   0|  0|   2|           1|           1|
    |or_ln93_1_fu_615_p2        |        or|   0|  0|   8|           8|           1|
    |or_ln93_fu_270_p2          |        or|   0|  0|   2|           1|           1|
    |select_ln107_1_fu_868_p3   |    select|   0|  0|  32|           1|          32|
    |select_ln107_2_fu_956_p3   |    select|   0|  0|  32|           1|          32|
    |select_ln107_3_fu_1044_p3  |    select|   0|  0|  32|           1|          32|
    |select_ln107_fu_779_p3     |    select|   0|  0|  32|           1|          32|
    |select_ln91_1_fu_419_p3    |    select|   0|  0|   7|           1|           7|
    |select_ln91_2_fu_436_p3    |    select|   0|  0|   5|           1|           5|
    |select_ln91_3_fu_553_p3    |    select|   0|  0|   6|           1|           6|
    |select_ln91_4_fu_570_p3    |    select|   0|  0|   7|           1|           7|
    |select_ln91_5_fu_457_p3    |    select|   0|  0|   8|           1|           8|
    |select_ln91_6_fu_464_p3    |    select|   0|  0|   5|           1|           5|
    |select_ln91_fu_238_p3      |    select|   0|  0|   3|           1|           1|
    |select_ln93_1_fu_586_p3    |    select|   0|  0|   7|           1|           7|
    |select_ln93_2_fu_507_p3    |    select|   0|  0|   8|           1|           8|
    |select_ln93_3_fu_284_p3    |    select|   0|  0|   3|           1|           3|
    |select_ln93_4_fu_304_p3    |    select|   0|  0|   6|           1|           1|
    |select_ln93_fu_276_p3      |    select|   0|  0|   3|           1|           1|
    |ap_enable_pp0              |       xor|   0|  0|   2|           1|           2|
    |xor_ln91_fu_246_p2         |       xor|   0|  0|   2|           1|           2|
    +---------------------------+----------+----+---+----+------------+------------+
    |Total                      |          |   0|  0| 756|         429|         396|
    +---------------------------+----------+----+---+----+------------+------------+

    * Multiplexer: 
    +-----------------------------------------+----+-----------+-----+-----------+
    |                   Name                  | LUT| Input Size| Bits| Total Bits|
    +-----------------------------------------+----+-----------+-----+-----------+
    |ap_done_int                              |   9|          2|    1|          2|
    |ap_enable_reg_pp0_iter3                  |   9|          2|    1|          2|
    |ap_sig_allocacmp_indvar_flatten127_load  |   9|          2|    6|         12|
    |ap_sig_allocacmp_indvar_flatten183_load  |   9|          2|    9|         18|
    |ap_sig_allocacmp_output_col_load         |   9|          2|    3|          6|
    |ap_sig_allocacmp_output_row_1            |   9|          2|    3|          6|
    |channel_fu_96                            |   9|          2|    5|         10|
    |indvar_flatten127_fu_92                  |   9|          2|    6|         12|
    |indvar_flatten183_fu_100                 |   9|          2|    9|         18|
    |output_col_fu_84                         |   9|          2|    3|          6|
    |output_row_fu_88                         |   9|          2|    3|          6|
    +-----------------------------------------+----+-----------+-----+-----------+
    |Total                                    |  99|         22|   49|         98|
    +-----------------------------------------+----+-----------+-----+-----------+

    * Register: 
    +------------------------------------------+----+----+-----+-----------+
    |                   Name                   | FF | LUT| Bits| Const Bits|
    +------------------------------------------+----+----+-----+-----------+
    |add_ln114_1_reg_1179                      |   9|   0|    9|          0|
    |add_ln91_reg_1137                         |   5|   0|    5|          0|
    |add_ln93_reg_1115                         |   3|   0|    3|          0|
    |and_ln91_reg_1109                         |   1|   0|    1|          0|
    |and_ln91_reg_1109_pp0_iter1_reg           |   1|   0|    1|          0|
    |ap_CS_fsm                                 |   1|   0|    1|          0|
    |ap_done_reg                               |   1|   0|    1|          0|
    |ap_enable_reg_pp0_iter1                   |   1|   0|    1|          0|
    |ap_enable_reg_pp0_iter10                  |   1|   0|    1|          0|
    |ap_enable_reg_pp0_iter11                  |   1|   0|    1|          0|
    |ap_enable_reg_pp0_iter12                  |   1|   0|    1|          0|
    |ap_enable_reg_pp0_iter2                   |   1|   0|    1|          0|
    |ap_enable_reg_pp0_iter3                   |   1|   0|    1|          0|
    |ap_enable_reg_pp0_iter4                   |   1|   0|    1|          0|
    |ap_enable_reg_pp0_iter5                   |   1|   0|    1|          0|
    |ap_enable_reg_pp0_iter6                   |   1|   0|    1|          0|
    |ap_enable_reg_pp0_iter7                   |   1|   0|    1|          0|
    |ap_enable_reg_pp0_iter8                   |   1|   0|    1|          0|
    |ap_enable_reg_pp0_iter9                   |   1|   0|    1|          0|
    |ap_loop_exit_ready_pp0_iter10_reg         |   1|   0|    1|          0|
    |ap_loop_exit_ready_pp0_iter11_reg         |   1|   0|    1|          0|
    |ap_loop_exit_ready_pp0_iter1_reg          |   1|   0|    1|          0|
    |ap_loop_exit_ready_pp0_iter2_reg          |   1|   0|    1|          0|
    |ap_loop_exit_ready_pp0_iter3_reg          |   1|   0|    1|          0|
    |ap_loop_exit_ready_pp0_iter4_reg          |   1|   0|    1|          0|
    |ap_loop_exit_ready_pp0_iter5_reg          |   1|   0|    1|          0|
    |ap_loop_exit_ready_pp0_iter6_reg          |   1|   0|    1|          0|
    |ap_loop_exit_ready_pp0_iter7_reg          |   1|   0|    1|          0|
    |ap_loop_exit_ready_pp0_iter8_reg          |   1|   0|    1|          0|
    |ap_loop_exit_ready_pp0_iter9_reg          |   1|   0|    1|          0|
    |channel_fu_96                             |   5|   0|    5|          0|
    |conv2_output_load_1_reg_1191              |  32|   0|   32|          0|
    |conv2_output_load_2_reg_1198              |  32|   0|   32|          0|
    |conv2_output_load_3_reg_1205              |  32|   0|   32|          0|
    |conv2_output_load_reg_1184                |  32|   0|   32|          0|
    |conv2_output_load_reg_1184_pp0_iter4_reg  |  32|   0|   32|          0|
    |empty_33_reg_1142                         |   4|   0|    4|          0|
    |empty_reg_1127                            |   4|   0|    4|          0|
    |icmp_ln91_reg_1095                        |   1|   0|    1|          0|
    |icmp_ln93_reg_1099                        |   1|   0|    1|          0|
    |icmp_ln93_reg_1099_pp0_iter1_reg          |   1|   0|    1|          0|
    |indvar_flatten127_fu_92                   |   6|   0|    6|          0|
    |indvar_flatten183_fu_100                  |   9|   0|    9|          0|
    |output_col_fu_84                          |   3|   0|    3|          0|
    |output_row_1_reg_1089                     |   3|   0|    3|          0|
    |output_row_fu_88                          |   3|   0|    3|          0|
    |select_ln107_1_reg_1219                   |  32|   0|   32|          0|
    |select_ln107_1_reg_1219_pp0_iter8_reg     |  32|   0|   32|          0|
    |select_ln107_2_reg_1226                   |  32|   0|   32|          0|
    |select_ln107_2_reg_1226_pp0_iter10_reg    |  32|   0|   32|          0|
    |select_ln107_3_reg_1233                   |  32|   0|   32|          0|
    |select_ln107_reg_1212                     |  32|   0|   32|          0|
    |select_ln107_reg_1212_pp0_iter6_reg       |  32|   0|   32|          0|
    |select_ln93_2_reg_1152                    |   7|   0|    8|          1|
    |select_ln93_reg_1121                      |   3|   0|    3|          0|
    |select_ln93_reg_1121_pp0_iter1_reg        |   3|   0|    3|          0|
    |tmp3_mid1_reg_1147                        |   5|   0|    5|          0|
    |tmp3_reg_1132                             |   5|   0|    5|          0|
    |add_ln114_1_reg_1179                      |  64|  32|    9|          0|
    |conv2_output_load_1_reg_1191              |  64|  32|   32|          0|
    |conv2_output_load_2_reg_1198              |  64|  32|   32|          0|
    |conv2_output_load_3_reg_1205              |  64|  32|   32|          0|
    |icmp_ln91_reg_1095                        |  64|  32|    1|          0|
    +------------------------------------------+----+----+-----+-----------+
    |Total                                     | 811| 160|  598|          1|
    +------------------------------------------+----+----+-----+-----------+



================================================================
== Interface
================================================================
* Summary: 
+-----------------------+-----+-----+------------+---------------------------------------------------------+--------------+
|       RTL Ports       | Dir | Bits|  Protocol  |                      Source Object                      |    C Type    |
+-----------------------+-----+-----+------------+---------------------------------------------------------+--------------+
|ap_clk                 |   in|    1|  ap_ctrl_hs|  lenet_full_top_Pipeline_POOL_CHANNEL_POOL_ROW_POOL_COL1|  return value|
|ap_rst                 |   in|    1|  ap_ctrl_hs|  lenet_full_top_Pipeline_POOL_CHANNEL_POOL_ROW_POOL_COL1|  return value|
|ap_start               |   in|    1|  ap_ctrl_hs|  lenet_full_top_Pipeline_POOL_CHANNEL_POOL_ROW_POOL_COL1|  return value|
|ap_done                |  out|    1|  ap_ctrl_hs|  lenet_full_top_Pipeline_POOL_CHANNEL_POOL_ROW_POOL_COL1|  return value|
|ap_idle                |  out|    1|  ap_ctrl_hs|  lenet_full_top_Pipeline_POOL_CHANNEL_POOL_ROW_POOL_COL1|  return value|
|ap_ready               |  out|    1|  ap_ctrl_hs|  lenet_full_top_Pipeline_POOL_CHANNEL_POOL_ROW_POOL_COL1|  return value|
|grp_fu_1410_p_din0     |  out|   32|  ap_ctrl_hs|  lenet_full_top_Pipeline_POOL_CHANNEL_POOL_ROW_POOL_COL1|  return value|
|grp_fu_1410_p_din1     |  out|   32|  ap_ctrl_hs|  lenet_full_top_Pipeline_POOL_CHANNEL_POOL_ROW_POOL_COL1|  return value|
|grp_fu_1410_p_opcode   |  out|    5|  ap_ctrl_hs|  lenet_full_top_Pipeline_POOL_CHANNEL_POOL_ROW_POOL_COL1|  return value|
|grp_fu_1410_p_dout0    |   in|    1|  ap_ctrl_hs|  lenet_full_top_Pipeline_POOL_CHANNEL_POOL_ROW_POOL_COL1|  return value|
|grp_fu_1410_p_ce       |  out|    1|  ap_ctrl_hs|  lenet_full_top_Pipeline_POOL_CHANNEL_POOL_ROW_POOL_COL1|  return value|
|grp_fu_1414_p_din0     |  out|   32|  ap_ctrl_hs|  lenet_full_top_Pipeline_POOL_CHANNEL_POOL_ROW_POOL_COL1|  return value|
|grp_fu_1414_p_din1     |  out|   32|  ap_ctrl_hs|  lenet_full_top_Pipeline_POOL_CHANNEL_POOL_ROW_POOL_COL1|  return value|
|grp_fu_1414_p_opcode   |  out|    5|  ap_ctrl_hs|  lenet_full_top_Pipeline_POOL_CHANNEL_POOL_ROW_POOL_COL1|  return value|
|grp_fu_1414_p_dout0    |   in|    1|  ap_ctrl_hs|  lenet_full_top_Pipeline_POOL_CHANNEL_POOL_ROW_POOL_COL1|  return value|
|grp_fu_1414_p_ce       |  out|    1|  ap_ctrl_hs|  lenet_full_top_Pipeline_POOL_CHANNEL_POOL_ROW_POOL_COL1|  return value|
|grp_fu_1418_p_din0     |  out|   32|  ap_ctrl_hs|  lenet_full_top_Pipeline_POOL_CHANNEL_POOL_ROW_POOL_COL1|  return value|
|grp_fu_1418_p_din1     |  out|   32|  ap_ctrl_hs|  lenet_full_top_Pipeline_POOL_CHANNEL_POOL_ROW_POOL_COL1|  return value|
|grp_fu_1418_p_opcode   |  out|    5|  ap_ctrl_hs|  lenet_full_top_Pipeline_POOL_CHANNEL_POOL_ROW_POOL_COL1|  return value|
|grp_fu_1418_p_dout0    |   in|    1|  ap_ctrl_hs|  lenet_full_top_Pipeline_POOL_CHANNEL_POOL_ROW_POOL_COL1|  return value|
|grp_fu_1418_p_ce       |  out|    1|  ap_ctrl_hs|  lenet_full_top_Pipeline_POOL_CHANNEL_POOL_ROW_POOL_COL1|  return value|
|grp_fu_1422_p_din0     |  out|   32|  ap_ctrl_hs|  lenet_full_top_Pipeline_POOL_CHANNEL_POOL_ROW_POOL_COL1|  return value|
|grp_fu_1422_p_din1     |  out|   32|  ap_ctrl_hs|  lenet_full_top_Pipeline_POOL_CHANNEL_POOL_ROW_POOL_COL1|  return value|
|grp_fu_1422_p_opcode   |  out|    5|  ap_ctrl_hs|  lenet_full_top_Pipeline_POOL_CHANNEL_POOL_ROW_POOL_COL1|  return value|
|grp_fu_1422_p_dout0    |   in|    1|  ap_ctrl_hs|  lenet_full_top_Pipeline_POOL_CHANNEL_POOL_ROW_POOL_COL1|  return value|
|grp_fu_1422_p_ce       |  out|    1|  ap_ctrl_hs|  lenet_full_top_Pipeline_POOL_CHANNEL_POOL_ROW_POOL_COL1|  return value|
|conv2_output_address0  |  out|   11|   ap_memory|                                             conv2_output|         array|
|conv2_output_ce0       |  out|    1|   ap_memory|                                             conv2_output|         array|
|conv2_output_q0        |   in|   32|   ap_memory|                                             conv2_output|         array|
|conv2_output_address1  |  out|   11|   ap_memory|                                             conv2_output|         array|
|conv2_output_ce1       |  out|    1|   ap_memory|                                             conv2_output|         array|
|conv2_output_q1        |   in|   32|   ap_memory|                                             conv2_output|         array|
|conv2_output_address2  |  out|   11|   ap_memory|                                             conv2_output|         array|
|conv2_output_ce2       |  out|    1|   ap_memory|                                             conv2_output|         array|
|conv2_output_q2        |   in|   32|   ap_memory|                                             conv2_output|         array|
|conv2_output_address3  |  out|   11|   ap_memory|                                             conv2_output|         array|
|conv2_output_ce3       |  out|    1|   ap_memory|                                             conv2_output|         array|
|conv2_output_q3        |   in|   32|   ap_memory|                                             conv2_output|         array|
|pool2_output_address0  |  out|    9|   ap_memory|                                             pool2_output|         array|
|pool2_output_ce0       |  out|    1|   ap_memory|                                             pool2_output|         array|
|pool2_output_we0       |  out|    1|   ap_memory|                                             pool2_output|         array|
|pool2_output_d0        |  out|   32|   ap_memory|                                             pool2_output|         array|
+-----------------------+-----+-----+------------+---------------------------------------------------------+--------------+

