

================================================================
== Vitis HLS Report for 'lenet_full_top_Pipeline_DENSE_INPUT4'
================================================================
* Date:           Sun Sep  6 21:23:02 2026

* Version:        2022.2 (Build 3670227 on Oct 13 2022)
* Project:        clk_10ns_baseline
* Solution:       solution1 (Vivado IP Flow Target)
* Product family: zynq
* Target device:  xc7z020-clg400-1


================================================================
== Performance Estimates
================================================================
+ Timing: 
    * Summary: 
    +--------+----------+----------+------------+
    |  Clock |  Target  | Estimated| Uncertainty|
    +--------+----------+----------+------------+
    |ap_clk  |  10.00 ns|  7.300 ns|     2.70 ns|
    +--------+----------+----------+------------+

+ Latency: 
    * Summary: 
    +---------+---------+----------+----------+-----+-----+---------+
    |  Latency (cycles) |  Latency (absolute) |  Interval | Pipeline|
    |   min   |   max   |    min   |    max   | min | max |   Type  |
    +---------+---------+----------+----------+-----+-----+---------+
    |      432|      432|  4.320 us|  4.320 us|  432|  432|       no|
    +---------+---------+----------+----------+-----+-----+---------+

    + Detail: 
        * Instance: 
        N/A

        * Loop: 
        +---------------+---------+---------+----------+-----------+-----------+------+----------+
        |               |  Latency (cycles) | Iteration|  Initiation Interval  | Trip |          |
        |   Loop Name   |   min   |   max   |  Latency |  achieved |   target  | Count| Pipelined|
        +---------------+---------+---------+----------+-----------+-----------+------+----------+
        |- DENSE_INPUT  |      430|      430|        12|          5|          1|    84|       yes|
        +---------------+---------+---------+----------+-----------+-----------+------+----------+



================================================================
== Utilization Estimates
================================================================
* Summary: 
+-----------------+---------+-----+--------+-------+-----+
|       Name      | BRAM_18K| DSP |   FF   |  LUT  | URAM|
+-----------------+---------+-----+--------+-------+-----+
|DSP              |        -|    -|       -|      -|    -|
|Expression       |        -|    -|       0|     46|    -|
|FIFO             |        -|    -|       -|      -|    -|
|Instance         |        -|    -|       -|      -|    -|
|Memory           |        -|    -|       -|      -|    -|
|Multiplexer      |        -|    -|       -|    130|    -|
|Register         |        -|    -|     252|     32|    -|
+-----------------+---------+-----+--------+-------+-----+
|Total            |        0|    0|     252|    208|    0|
+-----------------+---------+-----+--------+-------+-----+
|Available        |      280|  220|  106400|  53200|    0|
+-----------------+---------+-----+--------+-------+-----+
|Utilization (%)  |        0|    0|      ~0|     ~0|    0|
+-----------------+---------+-----+--------+-------+-----+

+ Detail: 
    * Instance: 
    N/A

    * DSP: 
    N/A

    * Memory: 
    N/A

    * FIFO: 
    N/A

    * Expression: 
    +----------------------------------+----------+----+---+----+------------+------------+
    |           Variable Name          | Operation| DSP| FF| LUT| Bitwidth P0| Bitwidth P1|
    +----------------------------------+----------+----+---+----+------------+------------+
    |add_ln143_fu_170_p2               |         +|   0|  0|  14|           7|           1|
    |ap_block_pp0_stage1_00001         |       and|   0|  0|   2|           1|           1|
    |ap_block_state12_io               |       and|   0|  0|   2|           1|           1|
    |ap_block_state2_pp0_stage1_iter0  |       and|   0|  0|   2|           1|           1|
    |ap_predicate_op58_write_state12   |       and|   0|  0|   2|           1|           1|
    |icmp_ln143_fu_149_p2              |      icmp|   0|  0|  10|           7|           7|
    |ifzero197_fu_175_p2               |      icmp|   0|  0|  10|           7|           7|
    |ap_block_pp0_stage1_11001         |        or|   0|  0|   2|           1|           1|
    |ap_enable_pp0                     |       xor|   0|  0|   2|           1|           2|
    +----------------------------------+----------+----+---+----+------------+------------+
    |Total                             |          |   0|  0|  46|          27|          22|
    +----------------------------------+----------+----+---+----+------------+------------+

    * Multiplexer: 
    +-----------------------------------+----+-----------+-----+-----------+
    |                Name               | LUT| Input Size| Bits| Total Bits|
    +-----------------------------------+----+-----------+-----+-----------+
    |accumulator_fu_68                  |   9|          2|   32|         64|
    |ap_NS_fsm                          |  31|          6|    1|          6|
    |ap_done_int                        |   9|          2|    1|          2|
    |ap_enable_reg_pp0_iter0            |   9|          2|    1|          2|
    |ap_enable_reg_pp0_iter2            |   9|          2|    1|          2|
    |ap_loop_exit_ready_pp0_iter1_reg   |   9|          2|    1|          2|
    |ap_loop_exit_ready_pp0_iter2_reg   |   9|          2|    1|          2|
    |ap_sig_allocacmp_accumulator_load  |   9|          2|   32|         64|
    |ap_sig_allocacmp_input_index_1     |   9|          2|    7|         14|
    |gmem1_blk_n_R                      |   9|          2|    1|          2|
    |gmem3_blk_n_W                      |   9|          2|    1|          2|
    |input_index_fu_72                  |   9|          2|    7|         14|
    +-----------------------------------+----+-----------+-----+-----------+
    |Total                              | 130|         28|   86|        176|
    +-----------------------------------+----+-----------+-----+-----------+

    * Register: 
    +----------------------------------+----+----+-----+-----------+
    |               Name               | FF | LUT| Bits| Const Bits|
    +----------------------------------+----+----+-----+-----------+
    |accumulator_2_reg_275             |  32|   0|   32|          0|
    |accumulator_fu_68                 |  32|   0|   32|          0|
    |ap_CS_fsm                         |   5|   0|    5|          0|
    |ap_done_reg                       |   1|   0|    1|          0|
    |ap_enable_reg_pp0_iter0_reg       |   1|   0|    1|          0|
    |ap_enable_reg_pp0_iter1           |   1|   0|    1|          0|
    |ap_enable_reg_pp0_iter2           |   1|   0|    1|          0|
    |ap_loop_exit_ready_pp0_iter1_reg  |   1|   0|    1|          0|
    |ap_loop_exit_ready_pp0_iter2_reg  |   1|   0|    1|          0|
    |fc1_relu_load_reg_241             |  32|   0|   32|          0|
    |gmem1_addr_read_reg_246           |  32|   0|   32|          0|
    |icmp_ln143_reg_232                |   1|   0|    1|          0|
    |ifzero197_reg_256                 |   1|   0|    1|          0|
    |ifzero197_reg_256_pp0_iter1_reg   |   1|   0|    1|          0|
    |input_index_1_reg_227             |   7|   0|    7|          0|
    |input_index_fu_72                 |   7|   0|    7|          0|
    |mul9_i1_reg_260                   |  32|   0|   32|          0|
    |icmp_ln143_reg_232                |  64|  32|    1|          0|
    +----------------------------------+----+----+-----+-----------+
    |Total                             | 252|  32|  189|          0|
    +----------------------------------+----+----+-----+-----------+



================================================================
== Interface
================================================================
* Summary: 
+----------------------+-----+-----+------------+--------------------------------------+--------------+
|       RTL Ports      | Dir | Bits|  Protocol  |             Source Object            |    C Type    |
+----------------------+-----+-----+------------+--------------------------------------+--------------+
|ap_clk                |   in|    1|  ap_ctrl_hs|  lenet_full_top_Pipeline_DENSE_INPUT4|  return value|
|ap_rst                |   in|    1|  ap_ctrl_hs|  lenet_full_top_Pipeline_DENSE_INPUT4|  return value|
|ap_start              |   in|    1|  ap_ctrl_hs|  lenet_full_top_Pipeline_DENSE_INPUT4|  return value|
|ap_done               |  out|    1|  ap_ctrl_hs|  lenet_full_top_Pipeline_DENSE_INPUT4|  return value|
|ap_idle               |  out|    1|  ap_ctrl_hs|  lenet_full_top_Pipeline_DENSE_INPUT4|  return value|
|ap_ready              |  out|    1|  ap_ctrl_hs|  lenet_full_top_Pipeline_DENSE_INPUT4|  return value|
|grp_fu_1402_p_din0    |  out|   32|  ap_ctrl_hs|  lenet_full_top_Pipeline_DENSE_INPUT4|  return value|
|grp_fu_1402_p_din1    |  out|   32|  ap_ctrl_hs|  lenet_full_top_Pipeline_DENSE_INPUT4|  return value|
|grp_fu_1402_p_opcode  |  out|    2|  ap_ctrl_hs|  lenet_full_top_Pipeline_DENSE_INPUT4|  return value|
|grp_fu_1402_p_dout0   |   in|   32|  ap_ctrl_hs|  lenet_full_top_Pipeline_DENSE_INPUT4|  return value|
|grp_fu_1402_p_ce      |  out|    1|  ap_ctrl_hs|  lenet_full_top_Pipeline_DENSE_INPUT4|  return value|
|grp_fu_1406_p_din0    |  out|   32|  ap_ctrl_hs|  lenet_full_top_Pipeline_DENSE_INPUT4|  return value|
|grp_fu_1406_p_din1    |  out|   32|  ap_ctrl_hs|  lenet_full_top_Pipeline_DENSE_INPUT4|  return value|
|grp_fu_1406_p_dout0   |   in|   32|  ap_ctrl_hs|  lenet_full_top_Pipeline_DENSE_INPUT4|  return value|
|grp_fu_1406_p_ce      |  out|    1|  ap_ctrl_hs|  lenet_full_top_Pipeline_DENSE_INPUT4|  return value|
|accumulator_8         |   in|   32|     ap_none|                         accumulator_8|        scalar|
|m_axi_gmem3_AWVALID   |  out|    1|       m_axi|                                 gmem3|       pointer|
|m_axi_gmem3_AWREADY   |   in|    1|       m_axi|                                 gmem3|       pointer|
|m_axi_gmem3_AWADDR    |  out|   64|       m_axi|                                 gmem3|       pointer|
|m_axi_gmem3_AWID      |  out|    1|       m_axi|                                 gmem3|       pointer|
|m_axi_gmem3_AWLEN     |  out|   32|       m_axi|                                 gmem3|       pointer|
|m_axi_gmem3_AWSIZE    |  out|    3|       m_axi|                                 gmem3|       pointer|
|m_axi_gmem3_AWBURST   |  out|    2|       m_axi|                                 gmem3|       pointer|
|m_axi_gmem3_AWLOCK    |  out|    2|       m_axi|                                 gmem3|       pointer|
|m_axi_gmem3_AWCACHE   |  out|    4|       m_axi|                                 gmem3|       pointer|
|m_axi_gmem3_AWPROT    |  out|    3|       m_axi|                                 gmem3|       pointer|
|m_axi_gmem3_AWQOS     |  out|    4|       m_axi|                                 gmem3|       pointer|
|m_axi_gmem3_AWREGION  |  out|    4|       m_axi|                                 gmem3|       pointer|
|m_axi_gmem3_AWUSER    |  out|    1|       m_axi|                                 gmem3|       pointer|
|m_axi_gmem3_WVALID    |  out|    1|       m_axi|                                 gmem3|       pointer|
|m_axi_gmem3_WREADY    |   in|    1|       m_axi|                                 gmem3|       pointer|
|m_axi_gmem3_WDATA     |  out|   32|       m_axi|                                 gmem3|       pointer|
|m_axi_gmem3_WSTRB     |  out|    4|       m_axi|                                 gmem3|       pointer|
|m_axi_gmem3_WLAST     |  out|    1|       m_axi|                                 gmem3|       pointer|
|m_axi_gmem3_WID       |  out|    1|       m_axi|                                 gmem3|       pointer|
|m_axi_gmem3_WUSER     |  out|    1|       m_axi|                                 gmem3|       pointer|
|m_axi_gmem3_ARVALID   |  out|    1|       m_axi|                                 gmem3|       pointer|
|m_axi_gmem3_ARREADY   |   in|    1|       m_axi|                                 gmem3|       pointer|
|m_axi_gmem3_ARADDR    |  out|   64|       m_axi|                                 gmem3|       pointer|
|m_axi_gmem3_ARID      |  out|    1|       m_axi|                                 gmem3|       pointer|
|m_axi_gmem3_ARLEN     |  out|   32|       m_axi|                                 gmem3|       pointer|
|m_axi_gmem3_ARSIZE    |  out|    3|       m_axi|                                 gmem3|       pointer|
|m_axi_gmem3_ARBURST   |  out|    2|       m_axi|                                 gmem3|       pointer|
|m_axi_gmem3_ARLOCK    |  out|    2|       m_axi|                                 gmem3|       pointer|
|m_axi_gmem3_ARCACHE   |  out|    4|       m_axi|                                 gmem3|       pointer|
|m_axi_gmem3_ARPROT    |  out|    3|       m_axi|                                 gmem3|       pointer|
|m_axi_gmem3_ARQOS     |  out|    4|       m_axi|                                 gmem3|       pointer|
|m_axi_gmem3_ARREGION  |  out|    4|       m_axi|                                 gmem3|       pointer|
|m_axi_gmem3_ARUSER    |  out|    1|       m_axi|                                 gmem3|       pointer|
|m_axi_gmem3_RVALID    |   in|    1|       m_axi|                                 gmem3|       pointer|
|m_axi_gmem3_RREADY    |  out|    1|       m_axi|                                 gmem3|       pointer|
|m_axi_gmem3_RDATA     |   in|   32|       m_axi|                                 gmem3|       pointer|
|m_axi_gmem3_RLAST     |   in|    1|       m_axi|                                 gmem3|       pointer|
|m_axi_gmem3_RID       |   in|    1|       m_axi|                                 gmem3|       pointer|
|m_axi_gmem3_RFIFONUM  |   in|    9|       m_axi|                                 gmem3|       pointer|
|m_axi_gmem3_RUSER     |   in|    1|       m_axi|                                 gmem3|       pointer|
|m_axi_gmem3_RRESP     |   in|    2|       m_axi|                                 gmem3|       pointer|
|m_axi_gmem3_BVALID    |   in|    1|       m_axi|                                 gmem3|       pointer|
|m_axi_gmem3_BREADY    |  out|    1|       m_axi|                                 gmem3|       pointer|
|m_axi_gmem3_BRESP     |   in|    2|       m_axi|                                 gmem3|       pointer|
|m_axi_gmem3_BID       |   in|    1|       m_axi|                                 gmem3|       pointer|
|m_axi_gmem3_BUSER     |   in|    1|       m_axi|                                 gmem3|       pointer|
|m_axi_gmem1_AWVALID   |  out|    1|       m_axi|                                 gmem1|       pointer|
|m_axi_gmem1_AWREADY   |   in|    1|       m_axi|                                 gmem1|       pointer|
|m_axi_gmem1_AWADDR    |  out|   64|       m_axi|                                 gmem1|       pointer|
|m_axi_gmem1_AWID      |  out|    1|       m_axi|                                 gmem1|       pointer|
|m_axi_gmem1_AWLEN     |  out|   32|       m_axi|                                 gmem1|       pointer|
|m_axi_gmem1_AWSIZE    |  out|    3|       m_axi|                                 gmem1|       pointer|
|m_axi_gmem1_AWBURST   |  out|    2|       m_axi|                                 gmem1|       pointer|
|m_axi_gmem1_AWLOCK    |  out|    2|       m_axi|                                 gmem1|       pointer|
|m_axi_gmem1_AWCACHE   |  out|    4|       m_axi|                                 gmem1|       pointer|
|m_axi_gmem1_AWPROT    |  out|    3|       m_axi|                                 gmem1|       pointer|
|m_axi_gmem1_AWQOS     |  out|    4|       m_axi|                                 gmem1|       pointer|
|m_axi_gmem1_AWREGION  |  out|    4|       m_axi|                                 gmem1|       pointer|
|m_axi_gmem1_AWUSER    |  out|    1|       m_axi|                                 gmem1|       pointer|
|m_axi_gmem1_WVALID    |  out|    1|       m_axi|                                 gmem1|       pointer|
|m_axi_gmem1_WREADY    |   in|    1|       m_axi|                                 gmem1|       pointer|
|m_axi_gmem1_WDATA     |  out|   32|       m_axi|                                 gmem1|       pointer|
|m_axi_gmem1_WSTRB     |  out|    4|       m_axi|                                 gmem1|       pointer|
|m_axi_gmem1_WLAST     |  out|    1|       m_axi|                                 gmem1|       pointer|
|m_axi_gmem1_WID       |  out|    1|       m_axi|                                 gmem1|       pointer|
|m_axi_gmem1_WUSER     |  out|    1|       m_axi|                                 gmem1|       pointer|
|m_axi_gmem1_ARVALID   |  out|    1|       m_axi|                                 gmem1|       pointer|
|m_axi_gmem1_ARREADY   |   in|    1|       m_axi|                                 gmem1|       pointer|
|m_axi_gmem1_ARADDR    |  out|   64|       m_axi|                                 gmem1|       pointer|
|m_axi_gmem1_ARID      |  out|    1|       m_axi|                                 gmem1|       pointer|
|m_axi_gmem1_ARLEN     |  out|   32|       m_axi|                                 gmem1|       pointer|
|m_axi_gmem1_ARSIZE    |  out|    3|       m_axi|                                 gmem1|       pointer|
|m_axi_gmem1_ARBURST   |  out|    2|       m_axi|                                 gmem1|       pointer|
|m_axi_gmem1_ARLOCK    |  out|    2|       m_axi|                                 gmem1|       pointer|
|m_axi_gmem1_ARCACHE   |  out|    4|       m_axi|                                 gmem1|       pointer|
|m_axi_gmem1_ARPROT    |  out|    3|       m_axi|                                 gmem1|       pointer|
|m_axi_gmem1_ARQOS     |  out|    4|       m_axi|                                 gmem1|       pointer|
|m_axi_gmem1_ARREGION  |  out|    4|       m_axi|                                 gmem1|       pointer|
|m_axi_gmem1_ARUSER    |  out|    1|       m_axi|                                 gmem1|       pointer|
|m_axi_gmem1_RVALID    |   in|    1|       m_axi|                                 gmem1|       pointer|
|m_axi_gmem1_RREADY    |  out|    1|       m_axi|                                 gmem1|       pointer|
|m_axi_gmem1_RDATA     |   in|   32|       m_axi|                                 gmem1|       pointer|
|m_axi_gmem1_RLAST     |   in|    1|       m_axi|                                 gmem1|       pointer|
|m_axi_gmem1_RID       |   in|    1|       m_axi|                                 gmem1|       pointer|
|m_axi_gmem1_RFIFONUM  |   in|    9|       m_axi|                                 gmem1|       pointer|
|m_axi_gmem1_RUSER     |   in|    1|       m_axi|                                 gmem1|       pointer|
|m_axi_gmem1_RRESP     |   in|    2|       m_axi|                                 gmem1|       pointer|
|m_axi_gmem1_BVALID    |   in|    1|       m_axi|                                 gmem1|       pointer|
|m_axi_gmem1_BREADY    |  out|    1|       m_axi|                                 gmem1|       pointer|
|m_axi_gmem1_BRESP     |   in|    2|       m_axi|                                 gmem1|       pointer|
|m_axi_gmem1_BID       |   in|    1|       m_axi|                                 gmem1|       pointer|
|m_axi_gmem1_BUSER     |   in|    1|       m_axi|                                 gmem1|       pointer|
|sext_ln139_4          |   in|   62|     ap_none|                          sext_ln139_4|        scalar|
|sext_ln139_2          |   in|   62|     ap_none|                          sext_ln139_2|        scalar|
|fc1_relu_address0     |  out|    7|   ap_memory|                              fc1_relu|         array|
|fc1_relu_ce0          |  out|    1|   ap_memory|                              fc1_relu|         array|
|fc1_relu_q0           |   in|   32|   ap_memory|                              fc1_relu|         array|
+----------------------+-----+-----+------------+--------------------------------------+--------------+

============================================================
+ Verbose Summary: Synthesis Manager
============================================================
InlineROM: 1
ExposeGlobal: 0
============================================================
+ Verbose Summary: CDFG Model
============================================================
IsTopModel: 0
ResetActiveHigh: 1
IsCombinational: 2
IsDatapathOnly: 2
HasWiredReturn: 1
HasMFsm: 2
HasVarLatency: 1
IsPipeline: 0
IsRtlPipelined: 0
IsInstanceOverlapped: 0
IsDontTouch: 0
HasImplIP: 0
IsGatedGlobalClock: 0

+ Individual pipeline summary: 
  * Pipeline-0: initiation interval (II) = 5, depth = 12


============================================================
+ Verbose Summary: Schedule
============================================================
* Number of FSM states : 12
* Pipeline : 1
  Pipeline-0 : II = 5, D = 12, States = { 1 2 3 4 5 6 7 8 9 10 11 12 }
* Dataflow Pipeline: 0

* FSM state transitions: 
1 --> 2 
2 --> 3 
3 --> 4 
4 --> 5 
5 --> 6 
6 --> 7 
7 --> 8 
8 --> 9 
9 --> 10 
10 --> 11 
11 --> 12 
12 --> 

* FSM state operations: 

State 1 <SV = 0> <Delay = 3.25>
ST_1 : Operation 15 [1/1] (0.00ns)   --->   "%accumulator = alloca i32 1"   --->   Operation 15 'alloca' 'accumulator' <Predicate = true> <Delay = 0.00>
ST_1 : Operation 16 [1/1] (0.00ns)   --->   "%input_index = alloca i32 1"   --->   Operation 16 'alloca' 'input_index' <Predicate = true> <Delay = 0.00>
ST_1 : Operation 17 [1/1] (0.00ns)   --->   "%sext_ln139_2_read = read i62 @_ssdm_op_Read.ap_auto.i62, i62 %sext_ln139_2"   --->   Operation 17 'read' 'sext_ln139_2_read' <Predicate = true> <Delay = 0.00>
ST_1 : Operation 18 [1/1] (0.00ns)   --->   "%sext_ln139_4_read = read i62 @_ssdm_op_Read.ap_auto.i62, i62 %sext_ln139_4"   --->   Operation 18 'read' 'sext_ln139_4_read' <Predicate = true> <Delay = 0.00>
ST_1 : Operation 19 [1/1] (0.00ns)   --->   "%accumulator_8_read = read i32 @_ssdm_op_Read.ap_auto.float, i32 %accumulator_8"   --->   Operation 19 'read' 'accumulator_8_read' <Predicate = true> <Delay = 0.00>
ST_1 : Operation 20 [1/1] (0.00ns)   --->   "%sext_ln139_2_cast = sext i62 %sext_ln139_2_read"   --->   Operation 20 'sext' 'sext_ln139_2_cast' <Predicate = true> <Delay = 0.00>
ST_1 : Operation 21 [1/1] (0.00ns)   --->   "%sext_ln139_4_cast = sext i62 %sext_ln139_4_read"   --->   Operation 21 'sext' 'sext_ln139_4_cast' <Predicate = true> <Delay = 0.00>
ST_1 : Operation 22 [1/1] (0.00ns)   --->   "%specinterface_ln0 = specinterface void @_ssdm_op_SpecInterface, i32 %gmem3, void @empty, i32 0, i32 0, void @empty_0, i32 0, i32 10, void @empty_5, void @empty_2, void @empty_0, i32 16, i32 16, i32 16, i32 16, void @empty_0, void @empty_0, i32 4294967295, i32 0"   --->   Operation 22 'specinterface' 'specinterface_ln0' <Predicate = true> <Delay = 0.00>
ST_1 : Operation 23 [1/1] (0.00ns)   --->   "%specinterface_ln0 = specinterface void @_ssdm_op_SpecInterface, i32 %gmem1, void @empty, i32 0, i32 0, void @empty_0, i32 0, i32 61470, void @empty_3, void @empty_2, void @empty_0, i32 16, i32 16, i32 16, i32 16, void @empty_0, void @empty_0, i32 4294967295, i32 0"   --->   Operation 23 'specinterface' 'specinterface_ln0' <Predicate = true> <Delay = 0.00>
ST_1 : Operation 24 [1/1] (1.58ns)   --->   "%store_ln0 = store i7 0, i7 %input_index"   --->   Operation 24 'store' 'store_ln0' <Predicate = true> <Delay = 1.58>
ST_1 : Operation 25 [1/1] (1.58ns)   --->   "%store_ln0 = store i32 %accumulator_8_read, i32 %accumulator"   --->   Operation 25 'store' 'store_ln0' <Predicate = true> <Delay = 1.58>
ST_1 : Operation 26 [1/1] (0.00ns)   --->   "%br_ln0 = br void %for.inc.i200"   --->   Operation 26 'br' 'br_ln0' <Predicate = true> <Delay = 0.00>
ST_1 : Operation 27 [1/1] (0.00ns)   --->   "%input_index_1 = load i7 %input_index" [D:/lenet_project/handoff/LeNet_DSE_Framework_2022_2/LeNet_DSE_Framework_2022_2/src/lenet_conv.cpp:143]   --->   Operation 27 'load' 'input_index_1' <Predicate = true> <Delay = 0.00>
ST_1 : Operation 28 [1/1] (1.48ns)   --->   "%icmp_ln143 = icmp_eq  i7 %input_index_1, i7 84" [D:/lenet_project/handoff/LeNet_DSE_Framework_2022_2/LeNet_DSE_Framework_2022_2/src/lenet_conv.cpp:143]   --->   Operation 28 'icmp' 'icmp_ln143' <Predicate = true> <Delay = 1.48> <CoreInst = "Cmp">   --->   Core 9 'Cmp' <Latency = 0> <II = 1> <Delay = 1.48> <FuncUnit> <Opcode : 'icmp'> <InPorts = 2> <OutPorts = 1>
ST_1 : Operation 29 [1/1] (0.00ns)   --->   "%br_ln143 = br i1 %icmp_ln143, void %for.inc.i200.split, void %for.inc13.i204.exitStub" [D:/lenet_project/handoff/LeNet_DSE_Framework_2022_2/LeNet_DSE_Framework_2022_2/src/lenet_conv.cpp:143]   --->   Operation 29 'br' 'br_ln143' <Predicate = true> <Delay = 0.00>
ST_1 : Operation 30 [1/1] (0.00ns)   --->   "%input_index_1_cast = zext i7 %input_index_1" [D:/lenet_project/handoff/LeNet_DSE_Framework_2022_2/LeNet_DSE_Framework_2022_2/src/lenet_conv.cpp:143]   --->   Operation 30 'zext' 'input_index_1_cast' <Predicate = (!icmp_ln143)> <Delay = 0.00>
ST_1 : Operation 31 [1/1] (0.00ns)   --->   "%fc1_relu_addr = getelementptr i32 %fc1_relu, i64 0, i64 %input_index_1_cast" [D:/lenet_project/handoff/LeNet_DSE_Framework_2022_2/LeNet_DSE_Framework_2022_2/src/lenet_conv.cpp:145]   --->   Operation 31 'getelementptr' 'fc1_relu_addr' <Predicate = (!icmp_ln143)> <Delay = 0.00>
ST_1 : Operation 32 [2/2] (3.25ns)   --->   "%fc1_relu_load = load i7 %fc1_relu_addr" [D:/lenet_project/handoff/LeNet_DSE_Framework_2022_2/LeNet_DSE_Framework_2022_2/src/lenet_conv.cpp:145]   --->   Operation 32 'load' 'fc1_relu_load' <Predicate = (!icmp_ln143)> <Delay = 3.25> <CoreInst = "RAM">   --->   Core 82 'RAM' <Latency = 1> <II = 1> <Delay = 3.25> <Storage> <Opcode : 'load' 'store'> <Ports = 2> <Width = 32> <Depth = 84> <RAM>

State 2 <SV = 1> <Delay = 7.30>
ST_2 : Operation 33 [1/1] (0.00ns)   --->   "%gmem1_addr = getelementptr i32 %gmem1, i64 %sext_ln139_2_cast" [D:/lenet_project/handoff/LeNet_DSE_Framework_2022_2/LeNet_DSE_Framework_2022_2/src/lenet_conv.cpp:139]   --->   Operation 33 'getelementptr' 'gmem1_addr' <Predicate = true> <Delay = 0.00>
ST_2 : Operation 34 [1/2] (3.25ns)   --->   "%fc1_relu_load = load i7 %fc1_relu_addr" [D:/lenet_project/handoff/LeNet_DSE_Framework_2022_2/LeNet_DSE_Framework_2022_2/src/lenet_conv.cpp:145]   --->   Operation 34 'load' 'fc1_relu_load' <Predicate = (!icmp_ln143)> <Delay = 3.25> <CoreInst = "RAM">   --->   Core 82 'RAM' <Latency = 1> <II = 1> <Delay = 3.25> <Storage> <Opcode : 'load' 'store'> <Ports = 2> <Width = 32> <Depth = 84> <RAM>
ST_2 : Operation 35 [1/1] (7.30ns)   --->   "%gmem1_addr_read = read i32 @_ssdm_op_Read.m_axi.p1i32, i64 %gmem1_addr" [D:/lenet_project/handoff/LeNet_DSE_Framework_2022_2/LeNet_DSE_Framework_2022_2/src/lenet_conv.cpp:146]   --->   Operation 35 'read' 'gmem1_addr_read' <Predicate = (!icmp_ln143)> <Delay = 7.30> <CoreInst = "m_axi">   --->   Core 113 'm_axi' <Latency = 0> <II = 1> <Delay = 1.00> <Adapter> <Opcode : 'read' 'write' 'readreq' 'writereq' 'writeresp'>

State 3 <SV = 2> <Delay = 5.70>
ST_3 : Operation 36 [1/1] (0.00ns)   --->   "%bitcast_ln146 = bitcast i32 %gmem1_addr_read" [D:/lenet_project/handoff/LeNet_DSE_Framework_2022_2/LeNet_DSE_Framework_2022_2/src/lenet_conv.cpp:146]   --->   Operation 36 'bitcast' 'bitcast_ln146' <Predicate = (!icmp_ln143)> <Delay = 0.00>
ST_3 : Operation 37 [4/4] (5.70ns)   --->   "%mul9_i1 = fmul i32 %fc1_relu_load, i32 %bitcast_ln146" [D:/lenet_project/handoff/LeNet_DSE_Framework_2022_2/LeNet_DSE_Framework_2022_2/src/lenet_conv.cpp:145]   --->   Operation 37 'fmul' 'mul9_i1' <Predicate = (!icmp_ln143)> <Delay = 5.70> <CoreInst = "FMul_maxdsp">   --->   Core 30 'FMul_maxdsp' <Latency = 3> <II = 1> <Delay = 5.70> <FuncUnit> <Opcode : 'fmul'> <InPorts = 2> <OutPorts = 1>

State 4 <SV = 3> <Delay = 5.70>
ST_4 : Operation 38 [3/4] (5.70ns)   --->   "%mul9_i1 = fmul i32 %fc1_relu_load, i32 %bitcast_ln146" [D:/lenet_project/handoff/LeNet_DSE_Framework_2022_2/LeNet_DSE_Framework_2022_2/src/lenet_conv.cpp:145]   --->   Operation 38 'fmul' 'mul9_i1' <Predicate = (!icmp_ln143)> <Delay = 5.70> <CoreInst = "FMul_maxdsp">   --->   Core 30 'FMul_maxdsp' <Latency = 3> <II = 1> <Delay = 5.70> <FuncUnit> <Opcode : 'fmul'> <InPorts = 2> <OutPorts = 1>

State 5 <SV = 4> <Delay = 5.70>
ST_5 : Operation 39 [1/1] (1.87ns)   --->   "%add_ln143 = add i7 %input_index_1, i7 1" [D:/lenet_project/handoff/LeNet_DSE_Framework_2022_2/LeNet_DSE_Framework_2022_2/src/lenet_conv.cpp:143]   --->   Operation 39 'add' 'add_ln143' <Predicate = true> <Delay = 1.87> <CoreInst = "Adder">   --->   Core 1 'Adder' <Latency = 0> <II = 1> <Delay = 1.87> <FuncUnit> <Opcode : 'add' 'sub'> <InPorts = 2> <OutPorts = 1>
ST_5 : Operation 40 [2/4] (5.70ns)   --->   "%mul9_i1 = fmul i32 %fc1_relu_load, i32 %bitcast_ln146" [D:/lenet_project/handoff/LeNet_DSE_Framework_2022_2/LeNet_DSE_Framework_2022_2/src/lenet_conv.cpp:145]   --->   Operation 40 'fmul' 'mul9_i1' <Predicate = (!icmp_ln143)> <Delay = 5.70> <CoreInst = "FMul_maxdsp">   --->   Core 30 'FMul_maxdsp' <Latency = 3> <II = 1> <Delay = 5.70> <FuncUnit> <Opcode : 'fmul'> <InPorts = 2> <OutPorts = 1>
ST_5 : Operation 41 [1/1] (1.48ns)   --->   "%ifzero197 = icmp_eq  i7 %add_ln143, i7 84" [D:/lenet_project/handoff/LeNet_DSE_Framework_2022_2/LeNet_DSE_Framework_2022_2/src/lenet_conv.cpp:143]   --->   Operation 41 'icmp' 'ifzero197' <Predicate = (!icmp_ln143)> <Delay = 1.48> <CoreInst = "Cmp">   --->   Core 9 'Cmp' <Latency = 0> <II = 1> <Delay = 1.48> <FuncUnit> <Opcode : 'icmp'> <InPorts = 2> <OutPorts = 1>
ST_5 : Operation 42 [1/1] (0.00ns)   --->   "%br_ln143 = br i1 %ifzero197, void %ifFalse196, void %ifTrue195" [D:/lenet_project/handoff/LeNet_DSE_Framework_2022_2/LeNet_DSE_Framework_2022_2/src/lenet_conv.cpp:143]   --->   Operation 42 'br' 'br_ln143' <Predicate = (!icmp_ln143)> <Delay = 0.00>
ST_5 : Operation 43 [1/1] (1.58ns)   --->   "%store_ln143 = store i7 %add_ln143, i7 %input_index" [D:/lenet_project/handoff/LeNet_DSE_Framework_2022_2/LeNet_DSE_Framework_2022_2/src/lenet_conv.cpp:143]   --->   Operation 43 'store' 'store_ln143' <Predicate = (!icmp_ln143)> <Delay = 1.58>

State 6 <SV = 5> <Delay = 5.70>
ST_6 : Operation 44 [1/4] (5.70ns)   --->   "%mul9_i1 = fmul i32 %fc1_relu_load, i32 %bitcast_ln146" [D:/lenet_project/handoff/LeNet_DSE_Framework_2022_2/LeNet_DSE_Framework_2022_2/src/lenet_conv.cpp:145]   --->   Operation 44 'fmul' 'mul9_i1' <Predicate = (!icmp_ln143)> <Delay = 5.70> <CoreInst = "FMul_maxdsp">   --->   Core 30 'FMul_maxdsp' <Latency = 3> <II = 1> <Delay = 5.70> <FuncUnit> <Opcode : 'fmul'> <InPorts = 2> <OutPorts = 1>

State 7 <SV = 6> <Delay = 7.25>
ST_7 : Operation 45 [1/1] (0.00ns)   --->   "%accumulator_load = load i32 %accumulator" [D:/lenet_project/handoff/LeNet_DSE_Framework_2022_2/LeNet_DSE_Framework_2022_2/src/lenet_conv.cpp:144]   --->   Operation 45 'load' 'accumulator_load' <Predicate = (!icmp_ln143)> <Delay = 0.00>
ST_7 : Operation 46 [5/5] (7.25ns)   --->   "%accumulator_2 = fadd i32 %accumulator_load, i32 %mul9_i1" [D:/lenet_project/handoff/LeNet_DSE_Framework_2022_2/LeNet_DSE_Framework_2022_2/src/lenet_conv.cpp:144]   --->   Operation 46 'fadd' 'accumulator_2' <Predicate = (!icmp_ln143)> <Delay = 7.25> <CoreInst = "FAddSub_fulldsp">   --->   Core 18 'FAddSub_fulldsp' <Latency = 4> <II = 1> <Delay = 7.25> <FuncUnit> <Opcode : 'fadd' 'fsub'> <InPorts = 2> <OutPorts = 1>

State 8 <SV = 7> <Delay = 7.25>
ST_8 : Operation 47 [4/5] (7.25ns)   --->   "%accumulator_2 = fadd i32 %accumulator_load, i32 %mul9_i1" [D:/lenet_project/handoff/LeNet_DSE_Framework_2022_2/LeNet_DSE_Framework_2022_2/src/lenet_conv.cpp:144]   --->   Operation 47 'fadd' 'accumulator_2' <Predicate = (!icmp_ln143)> <Delay = 7.25> <CoreInst = "FAddSub_fulldsp">   --->   Core 18 'FAddSub_fulldsp' <Latency = 4> <II = 1> <Delay = 7.25> <FuncUnit> <Opcode : 'fadd' 'fsub'> <InPorts = 2> <OutPorts = 1>

State 9 <SV = 8> <Delay = 7.25>
ST_9 : Operation 48 [3/5] (7.25ns)   --->   "%accumulator_2 = fadd i32 %accumulator_load, i32 %mul9_i1" [D:/lenet_project/handoff/LeNet_DSE_Framework_2022_2/LeNet_DSE_Framework_2022_2/src/lenet_conv.cpp:144]   --->   Operation 48 'fadd' 'accumulator_2' <Predicate = (!icmp_ln143)> <Delay = 7.25> <CoreInst = "FAddSub_fulldsp">   --->   Core 18 'FAddSub_fulldsp' <Latency = 4> <II = 1> <Delay = 7.25> <FuncUnit> <Opcode : 'fadd' 'fsub'> <InPorts = 2> <OutPorts = 1>

State 10 <SV = 9> <Delay = 7.25>
ST_10 : Operation 49 [2/5] (7.25ns)   --->   "%accumulator_2 = fadd i32 %accumulator_load, i32 %mul9_i1" [D:/lenet_project/handoff/LeNet_DSE_Framework_2022_2/LeNet_DSE_Framework_2022_2/src/lenet_conv.cpp:144]   --->   Operation 49 'fadd' 'accumulator_2' <Predicate = (!icmp_ln143)> <Delay = 7.25> <CoreInst = "FAddSub_fulldsp">   --->   Core 18 'FAddSub_fulldsp' <Latency = 4> <II = 1> <Delay = 7.25> <FuncUnit> <Opcode : 'fadd' 'fsub'> <InPorts = 2> <OutPorts = 1>

State 11 <SV = 10> <Delay = 7.25>
ST_11 : Operation 50 [1/1] (0.00ns)   --->   "%specbitsmap_ln0 = specbitsmap void @_ssdm_op_SpecBitsMap, i32 %gmem3"   --->   Operation 50 'specbitsmap' 'specbitsmap_ln0' <Predicate = true> <Delay = 0.00>
ST_11 : Operation 51 [1/1] (0.00ns)   --->   "%specbitsmap_ln0 = specbitsmap void @_ssdm_op_SpecBitsMap, i32 %gmem1"   --->   Operation 51 'specbitsmap' 'specbitsmap_ln0' <Predicate = true> <Delay = 0.00>
ST_11 : Operation 52 [1/1] (0.00ns)   --->   "%gmem3_addr = getelementptr i32 %gmem3, i64 %sext_ln139_4_cast" [D:/lenet_project/handoff/LeNet_DSE_Framework_2022_2/LeNet_DSE_Framework_2022_2/src/lenet_conv.cpp:139]   --->   Operation 52 'getelementptr' 'gmem3_addr' <Predicate = true> <Delay = 0.00>
ST_11 : Operation 53 [1/1] (0.00ns)   --->   "%specpipeline_ln0 = specpipeline void @_ssdm_op_SpecPipeline, i32 4294967295, i32 0, i32 1, i32 0, void @p_str"   --->   Operation 53 'specpipeline' 'specpipeline_ln0' <Predicate = true> <Delay = 0.00>
ST_11 : Operation 54 [1/1] (0.00ns)   --->   "%empty = speclooptripcount i32 @_ssdm_op_SpecLoopTripCount, i64 84, i64 84, i64 84"   --->   Operation 54 'speclooptripcount' 'empty' <Predicate = true> <Delay = 0.00>
ST_11 : Operation 55 [1/1] (0.00ns)   --->   "%specloopname_ln140 = specloopname void @_ssdm_op_SpecLoopName, void @empty_15" [D:/lenet_project/handoff/LeNet_DSE_Framework_2022_2/LeNet_DSE_Framework_2022_2/src/lenet_conv.cpp:140]   --->   Operation 55 'specloopname' 'specloopname_ln140' <Predicate = (!icmp_ln143)> <Delay = 0.00>
ST_11 : Operation 56 [1/5] (7.25ns)   --->   "%accumulator_2 = fadd i32 %accumulator_load, i32 %mul9_i1" [D:/lenet_project/handoff/LeNet_DSE_Framework_2022_2/LeNet_DSE_Framework_2022_2/src/lenet_conv.cpp:144]   --->   Operation 56 'fadd' 'accumulator_2' <Predicate = (!icmp_ln143)> <Delay = 7.25> <CoreInst = "FAddSub_fulldsp">   --->   Core 18 'FAddSub_fulldsp' <Latency = 4> <II = 1> <Delay = 7.25> <FuncUnit> <Opcode : 'fadd' 'fsub'> <InPorts = 2> <OutPorts = 1>
ST_11 : Operation 62 [1/1] (0.00ns)   --->   "%ret_ln0 = ret"   --->   Operation 62 'ret' 'ret_ln0' <Predicate = (icmp_ln143)> <Delay = 0.00>

State 12 <SV = 11> <Delay = 7.30>
ST_12 : Operation 57 [1/1] (0.00ns)   --->   "%bitcast_ln148 = bitcast i32 %accumulator_2" [D:/lenet_project/handoff/LeNet_DSE_Framework_2022_2/LeNet_DSE_Framework_2022_2/src/lenet_conv.cpp:148]   --->   Operation 57 'bitcast' 'bitcast_ln148' <Predicate = (!icmp_ln143 & ifzero197)> <Delay = 0.00>
ST_12 : Operation 58 [1/1] (7.30ns)   --->   "%write_ln148 = write void @_ssdm_op_Write.m_axi.p1i32, i64 %gmem3_addr, i32 %bitcast_ln148, i4 15" [D:/lenet_project/handoff/LeNet_DSE_Framework_2022_2/LeNet_DSE_Framework_2022_2/src/lenet_conv.cpp:148]   --->   Operation 58 'write' 'write_ln148' <Predicate = (!icmp_ln143 & ifzero197)> <Delay = 7.30> <CoreInst = "m_axi">   --->   Core 113 'm_axi' <Latency = 0> <II = 1> <Delay = 1.00> <Adapter> <Opcode : 'read' 'write' 'readreq' 'writereq' 'writeresp'>
ST_12 : Operation 59 [1/1] (0.00ns)   --->   "%br_ln0 = br void %ifFalse196"   --->   Operation 59 'br' 'br_ln0' <Predicate = (!icmp_ln143 & ifzero197)> <Delay = 0.00>
ST_12 : Operation 60 [1/1] (1.58ns)   --->   "%store_ln144 = store i32 %accumulator_2, i32 %accumulator" [D:/lenet_project/handoff/LeNet_DSE_Framework_2022_2/LeNet_DSE_Framework_2022_2/src/lenet_conv.cpp:144]   --->   Operation 60 'store' 'store_ln144' <Predicate = (!icmp_ln143)> <Delay = 1.58>
ST_12 : Operation 61 [1/1] (0.00ns)   --->   "%br_ln0 = br void %for.inc.i200"   --->   Operation 61 'br' 'br_ln0' <Predicate = (!icmp_ln143)> <Delay = 0.00>


============================================================
+ Verbose Summary: Binding
============================================================
STG Binding: 
---------------- STG Properties BEGIN ----------------
- Is combinational: 0
- Is one-state seq: 0
- Is datapath-only: 0
- Is pipelined: 0
- Is top level: 0
Port [ Return ] is wired: 1; IO mode=ap_ctrl_hs:ce=0
Port [ accumulator_8]:  wired=1; compound=0; hidden=0; nouse=0; global=0; static=0; extern=0; dir=0; type=0; pingpong=0; private_global=0; IO mode=ap_none:ce=0
Port [ gmem3]:  wired=1; compound=1; hidden=0; nouse=0; global=0; static=0; extern=0; dir=1; type=4; pingpong=0; private_global=0; IO mode=m_axi:ce=0
Port [ gmem1]:  wired=1; compound=1; hidden=0; nouse=0; global=0; static=0; extern=0; dir=0; type=4; pingpong=0; private_global=0; IO mode=m_axi:ce=0
Port [ sext_ln139_4]:  wired=1; compound=0; hidden=0; nouse=0; global=0; static=0; extern=0; dir=0; type=0; pingpong=0; private_global=0; IO mode=ap_none:ce=0
Port [ sext_ln139_2]:  wired=1; compound=0; hidden=0; nouse=0; global=0; static=0; extern=0; dir=0; type=0; pingpong=0; private_global=0; IO mode=ap_none:ce=0
Port [ fc1_relu]:  wired=1; compound=1; hidden=0; nouse=0; global=0; static=0; extern=0; dir=0; type=1; pingpong=0; private_global=0; MemPort=[13]; IO mode=ap_memory:ce=0
---------------- STG Properties END ------------------

---------------- Datapath Model BEGIN ----------------

<LifeTime>
<method=bitvector/>
accumulator        (alloca           ) [ 0111111111111]
input_index        (alloca           ) [ 0111110000000]
sext_ln139_2_read  (read             ) [ 0000000000000]
sext_ln139_4_read  (read             ) [ 0000000000000]
accumulator_8_read (read             ) [ 0000000000000]
sext_ln139_2_cast  (sext             ) [ 0010000000000]
sext_ln139_4_cast  (sext             ) [ 0111111111110]
specinterface_ln0  (specinterface    ) [ 0000000000000]
specinterface_ln0  (specinterface    ) [ 0000000000000]
store_ln0          (store            ) [ 0000000000000]
store_ln0          (store            ) [ 0000000000000]
br_ln0             (br               ) [ 0000000000000]
input_index_1      (load             ) [ 0011110000000]
icmp_ln143         (icmp             ) [ 0111111111111]
br_ln143           (br               ) [ 0000000000000]
input_index_1_cast (zext             ) [ 0000000000000]
fc1_relu_addr      (getelementptr    ) [ 0010000000000]
gmem1_addr         (getelementptr    ) [ 0000000000000]
fc1_relu_load      (load             ) [ 0101111000000]
gmem1_addr_read    (read             ) [ 0001000000000]
bitcast_ln146      (bitcast          ) [ 0100111000000]
add_ln143          (add              ) [ 0000000000000]
ifzero197          (icmp             ) [ 0111111111111]
br_ln143           (br               ) [ 0000000000000]
store_ln143        (store            ) [ 0000000000000]
mul9_i1            (fmul             ) [ 0111110111110]
accumulator_load   (load             ) [ 0101110011110]
specbitsmap_ln0    (specbitsmap      ) [ 0000000000000]
specbitsmap_ln0    (specbitsmap      ) [ 0000000000000]
gmem3_addr         (getelementptr    ) [ 0010000000001]
specpipeline_ln0   (specpipeline     ) [ 0000000000000]
empty              (speclooptripcount) [ 0000000000000]
specloopname_ln140 (specloopname     ) [ 0000000000000]
accumulator_2      (fadd             ) [ 0010000000001]
bitcast_ln148      (bitcast          ) [ 0000000000000]
write_ln148        (write            ) [ 0000000000000]
br_ln0             (br               ) [ 0000000000000]
store_ln144        (store            ) [ 0000000000000]
br_ln0             (br               ) [ 0000000000000]
ret_ln0            (ret              ) [ 0000000000000]
</LifeTime>

<model>

<comp_list>
<comp id="0" class="1000" name="accumulator_8">
<pin_list>
<pin id="1" dir="1" index="0" bw="1" slack="0"/>
</pin_list>
<bind>
<StgValue><ssdm name="accumulator_8"/></StgValue>
</bind>
</comp>

<comp id="2" class="1000" name="gmem3">
<pin_list>
<pin id="3" dir="1" index="0" bw="1" slack="0"/>
</pin_list>
<bind>
<StgValue><ssdm name="gmem3"/></StgValue>
</bind>
</comp>

<comp id="4" class="1000" name="gmem1">
<pin_list>
<pin id="5" dir="1" index="0" bw="1" slack="0"/>
</pin_list>
<bind>
<StgValue><ssdm name="gmem1"/></StgValue>
</bind>
</comp>

<comp id="6" class="1000" name="sext_ln139_4">
<pin_list>
<pin id="7" dir="1" index="0" bw="1" slack="0"/>
</pin_list>
<bind>
<StgValue><ssdm name="sext_ln139_4"/></StgValue>
</bind>
</comp>

<comp id="8" class="1000" name="sext_ln139_2">
<pin_list>
<pin id="9" dir="1" index="0" bw="1" slack="0"/>
</pin_list>
<bind>
<StgValue><ssdm name="sext_ln139_2"/></StgValue>
</bind>
</comp>

<comp id="10" class="1000" name="fc1_relu">
<pin_list>
<pin id="11" dir="1" index="0" bw="1" slack="0"/>
</pin_list>
<bind>
<StgValue><ssdm name="fc1_relu"/><MemPortTyVec>1 3 </MemPortTyVec>
</StgValue>
</bind>
</comp>

<comp id="12" class="1001" name="const_12">
<pin_list>
<pin id="13" dir="1" index="0" bw="1" slack="0"/>
</pin_list>
<bind>
<StgValue><ssdm name=""/></StgValue>
</bind>
</comp>

<comp id="14" class="1001" name="const_14">
<pin_list>
<pin id="15" dir="1" index="0" bw="1" slack="0"/>
</pin_list>
<bind>
<StgValue><ssdm name="_ssdm_op_Read.ap_auto.i62"/></StgValue>
</bind>
</comp>

<comp id="16" class="1001" name="const_16">
<pin_list>
<pin id="17" dir="1" index="0" bw="1" slack="0"/>
</pin_list>
<bind>
<StgValue><ssdm name="_ssdm_op_Read.ap_auto.float"/></StgValue>
</bind>
</comp>

<comp id="18" class="1001" name="const_18">
<pin_list>
<pin id="19" dir="1" index="0" bw="1" slack="2147483647"/>
</pin_list>
<bind>
<StgValue><ssdm name="_ssdm_op_SpecInterface"/></StgValue>
</bind>
</comp>

<comp id="20" class="1001" name="const_20">
<pin_list>
<pin id="21" dir="1" index="0" bw="1" slack="2147483647"/>
</pin_list>
<bind>
<StgValue><ssdm name="empty"/></StgValue>
</bind>
</comp>

<comp id="22" class="1001" name="const_22">
<pin_list>
<pin id="23" dir="1" index="0" bw="1" slack="2147483647"/>
</pin_list>
<bind>
<StgValue><ssdm name=""/></StgValue>
</bind>
</comp>

<comp id="24" class="1001" name="const_24">
<pin_list>
<pin id="25" dir="1" index="0" bw="1" slack="2147483647"/>
</pin_list>
<bind>
<StgValue><ssdm name="empty_0"/></StgValue>
</bind>
</comp>

<comp id="26" class="1001" name="const_26">
<pin_list>
<pin id="27" dir="1" index="0" bw="1" slack="2147483647"/>
</pin_list>
<bind>
<StgValue><ssdm name=""/></StgValue>
</bind>
</comp>

<comp id="28" class="1001" name="const_28">
<pin_list>
<pin id="29" dir="1" index="0" bw="1" slack="2147483647"/>
</pin_list>
<bind>
<StgValue><ssdm name="empty_5"/></StgValue>
</bind>
</comp>

<comp id="30" class="1001" name="const_30">
<pin_list>
<pin id="31" dir="1" index="0" bw="1" slack="2147483647"/>
</pin_list>
<bind>
<StgValue><ssdm name="empty_2"/></StgValue>
</bind>
</comp>

<comp id="32" class="1001" name="const_32">
<pin_list>
<pin id="33" dir="1" index="0" bw="1" slack="2147483647"/>
</pin_list>
<bind>
<StgValue><ssdm name=""/></StgValue>
</bind>
</comp>

<comp id="34" class="1001" name="const_34">
<pin_list>
<pin id="35" dir="1" index="0" bw="1" slack="2147483647"/>
</pin_list>
<bind>
<StgValue><ssdm name=""/></StgValue>
</bind>
</comp>

<comp id="36" class="1001" name="const_36">
<pin_list>
<pin id="37" dir="1" index="0" bw="1" slack="2147483647"/>
</pin_list>
<bind>
<StgValue><ssdm name=""/></StgValue>
</bind>
</comp>

<comp id="38" class="1001" name="const_38">
<pin_list>
<pin id="39" dir="1" index="0" bw="1" slack="2147483647"/>
</pin_list>
<bind>
<StgValue><ssdm name="empty_3"/></StgValue>
</bind>
</comp>

<comp id="40" class="1001" name="const_40">
<pin_list>
<pin id="41" dir="1" index="0" bw="1" slack="0"/>
</pin_list>
<bind>
<StgValue><ssdm name=""/></StgValue>
</bind>
</comp>

<comp id="42" class="1001" name="const_42">
<pin_list>
<pin id="43" dir="1" index="0" bw="1" slack="0"/>
</pin_list>
<bind>
<StgValue><ssdm name=""/></StgValue>
</bind>
</comp>

<comp id="44" class="1001" name="const_44">
<pin_list>
<pin id="45" dir="1" index="0" bw="1" slack="0"/>
</pin_list>
<bind>
<StgValue><ssdm name=""/></StgValue>
</bind>
</comp>

<comp id="46" class="1001" name="const_46">
<pin_list>
<pin id="47" dir="1" index="0" bw="1" slack="0"/>
</pin_list>
<bind>
<StgValue><ssdm name="_ssdm_op_Read.m_axi.p1i32"/></StgValue>
</bind>
</comp>

<comp id="48" class="1001" name="const_48">
<pin_list>
<pin id="49" dir="1" index="0" bw="1" slack="0"/>
</pin_list>
<bind>
<StgValue><ssdm name=""/></StgValue>
</bind>
</comp>

<comp id="50" class="1001" name="const_50">
<pin_list>
<pin id="51" dir="1" index="0" bw="1" slack="2147483647"/>
</pin_list>
<bind>
<StgValue><ssdm name="_ssdm_op_SpecBitsMap"/></StgValue>
</bind>
</comp>

<comp id="52" class="1001" name="const_52">
<pin_list>
<pin id="53" dir="1" index="0" bw="1" slack="2147483647"/>
</pin_list>
<bind>
<StgValue><ssdm name="_ssdm_op_SpecPipeline"/></StgValue>
</bind>
</comp>

<comp id="54" class="1001" name="const_54">
<pin_list>
<pin id="55" dir="1" index="0" bw="1" slack="2147483647"/>
</pin_list>
<bind>
<StgValue><ssdm name="p_str"/></StgValue>
</bind>
</comp>

<comp id="56" class="1001" name="const_56">
<pin_list>
<pin id="57" dir="1" index="0" bw="1" slack="2147483647"/>
</pin_list>
<bind>
<StgValue><ssdm name="_ssdm_op_SpecLoopTripCount"/></StgValue>
</bind>
</comp>

<comp id="58" class="1001" name="const_58">
<pin_list>
<pin id="59" dir="1" index="0" bw="1" slack="2147483647"/>
</pin_list>
<bind>
<StgValue><ssdm name=""/></StgValue>
</bind>
</comp>

<comp id="60" class="1001" name="const_60">
<pin_list>
<pin id="61" dir="1" index="0" bw="1" slack="2147483647"/>
</pin_list>
<bind>
<StgValue><ssdm name="_ssdm_op_SpecLoopName"/></StgValue>
</bind>
</comp>

<comp id="62" class="1001" name="const_62">
<pin_list>
<pin id="63" dir="1" index="0" bw="1" slack="2147483647"/>
</pin_list>
<bind>
<StgValue><ssdm name="empty_15"/></StgValue>
</bind>
</comp>

<comp id="64" class="1001" name="const_64">
<pin_list>
<pin id="65" dir="1" index="0" bw="1" slack="0"/>
</pin_list>
<bind>
<StgValue><ssdm name="_ssdm_op_Write.m_axi.p1i32"/></StgValue>
</bind>
</comp>

<comp id="66" class="1001" name="const_66">
<pin_list>
<pin id="67" dir="1" index="0" bw="1" slack="0"/>
</pin_list>
<bind>
<StgValue><ssdm name=""/></StgValue>
</bind>
</comp>

<comp id="68" class="1004" name="accumulator_fu_68">
<pin_list>
<pin id="69" dir="0" index="0" bw="1" slack="0"/>
<pin id="70" dir="1" index="1" bw="32" slack="0"/>
</pin_list>
<bind>
<opcode="alloca(26) " fcode="alloca"/>
<opset="accumulator/1 "/>
</bind>
</comp>

<comp id="72" class="1004" name="input_index_fu_72">
<pin_list>
<pin id="73" dir="0" index="0" bw="1" slack="0"/>
<pin id="74" dir="1" index="1" bw="7" slack="0"/>
</pin_list>
<bind>
<opcode="alloca(26) " fcode="alloca"/>
<opset="input_index/1 "/>
</bind>
</comp>

<comp id="76" class="1004" name="sext_ln139_2_read_read_fu_76">
<pin_list>
<pin id="77" dir="0" index="0" bw="62" slack="0"/>
<pin id="78" dir="0" index="1" bw="62" slack="0"/>
<pin id="79" dir="1" index="2" bw="62" slack="0"/>
</pin_list>
<bind>
<opcode="read(1150) " fcode="read"/>
<opset="sext_ln139_2_read/1 "/>
</bind>
</comp>

<comp id="82" class="1004" name="sext_ln139_4_read_read_fu_82">
<pin_list>
<pin id="83" dir="0" index="0" bw="62" slack="0"/>
<pin id="84" dir="0" index="1" bw="62" slack="0"/>
<pin id="85" dir="1" index="2" bw="62" slack="0"/>
</pin_list>
<bind>
<opcode="read(1150) " fcode="read"/>
<opset="sext_ln139_4_read/1 "/>
</bind>
</comp>

<comp id="88" class="1004" name="accumulator_8_read_read_fu_88">
<pin_list>
<pin id="89" dir="0" index="0" bw="32" slack="0"/>
<pin id="90" dir="0" index="1" bw="32" slack="0"/>
<pin id="91" dir="1" index="2" bw="32" slack="0"/>
</pin_list>
<bind>
<opcode="read(1150) " fcode="read"/>
<opset="accumulator_8_read/1 "/>
</bind>
</comp>

<comp id="94" class="1004" name="gmem1_addr_read_read_fu_94">
<pin_list>
<pin id="95" dir="0" index="0" bw="32" slack="0"/>
<pin id="96" dir="0" index="1" bw="32" slack="0"/>
<pin id="97" dir="1" index="2" bw="32" slack="1"/>
</pin_list>
<bind>
<opcode="read(1150) " fcode="read"/>
<opset="gmem1_addr_read/2 "/>
</bind>
</comp>

<comp id="99" class="1004" name="write_ln148_write_fu_99">
<pin_list>
<pin id="100" dir="0" index="0" bw="0" slack="0"/>
<pin id="101" dir="0" index="1" bw="32" slack="1"/>
<pin id="102" dir="0" index="2" bw="32" slack="0"/>
<pin id="103" dir="0" index="3" bw="1" slack="0"/>
<pin id="104" dir="1" index="4" bw="0" slack="2147483647"/>
</pin_list>
<bind>
<opcode="write(1151) " fcode="write"/>
<opset="write_ln148/12 "/>
</bind>
</comp>

<comp id="107" class="1004" name="fc1_relu_addr_gep_fu_107">
<pin_list>
<pin id="108" dir="0" index="0" bw="32" slack="0"/>
<pin id="109" dir="0" index="1" bw="1" slack="0"/>
<pin id="110" dir="0" index="2" bw="7" slack="0"/>
<pin id="111" dir="1" index="3" bw="7" slack="0"/>
</pin_list>
<bind>
<opcode="getelementptr(29) " fcode="getelementptr"/>
<opset="fc1_relu_addr/1 "/>
</bind>
</comp>

<comp id="114" class="1004" name="grp_access_fu_114">
<pin_list>
<pin id="115" dir="0" index="0" bw="7" slack="0"/>
<pin id="116" dir="0" index="1" bw="32" slack="2147483647"/>
<pin id="117" dir="0" index="2" bw="0" slack="2147483647"/>
<pin id="118" dir="1" index="3" bw="32" slack="1"/>
</pin_list>
<bind>
<opcode="load(27) " fcode="load"/>
<opset="fc1_relu_load/1 "/>
</bind>
</comp>

<comp id="120" class="1004" name="grp_fu_120">
<pin_list>
<pin id="121" dir="0" index="0" bw="32" slack="0"/>
<pin id="122" dir="0" index="1" bw="32" slack="1"/>
<pin id="123" dir="1" index="2" bw="32" slack="1"/>
</pin_list>
<bind>
<opcode="fadd(9) " fcode="fadd"/>
<opset="accumulator_2/7 "/>
</bind>
</comp>

<comp id="124" class="1004" name="grp_fu_124">
<pin_list>
<pin id="125" dir="0" index="0" bw="32" slack="1"/>
<pin id="126" dir="0" index="1" bw="32" slack="0"/>
<pin id="127" dir="1" index="2" bw="32" slack="1"/>
</pin_list>
<bind>
<opcode="fmul(13) " fcode="fmul"/>
<opset="mul9_i1/3 "/>
</bind>
</comp>

<comp id="128" class="1004" name="sext_ln139_2_cast_fu_128">
<pin_list>
<pin id="129" dir="0" index="0" bw="62" slack="0"/>
<pin id="130" dir="1" index="1" bw="64" slack="1"/>
</pin_list>
<bind>
<opcode="sext(35) " fcode="sext"/>
<opset="sext_ln139_2_cast/1 "/>
</bind>
</comp>

<comp id="132" class="1004" name="sext_ln139_4_cast_fu_132">
<pin_list>
<pin id="133" dir="0" index="0" bw="62" slack="0"/>
<pin id="134" dir="1" index="1" bw="64" slack="10"/>
</pin_list>
<bind>
<opcode="sext(35) " fcode="sext"/>
<opset="sext_ln139_4_cast/1 "/>
</bind>
</comp>

<comp id="136" class="1004" name="store_ln0_store_fu_136">
<pin_list>
<pin id="137" dir="0" index="0" bw="1" slack="0"/>
<pin id="138" dir="0" index="1" bw="7" slack="0"/>
<pin id="139" dir="1" index="2" bw="0" slack="2147483647"/>
</pin_list>
<bind>
<opcode="store(28) " fcode="store"/>
<opset="store_ln0/1 "/>
</bind>
</comp>

<comp id="141" class="1004" name="store_ln0_store_fu_141">
<pin_list>
<pin id="142" dir="0" index="0" bw="32" slack="0"/>
<pin id="143" dir="0" index="1" bw="32" slack="0"/>
<pin id="144" dir="1" index="2" bw="0" slack="2147483647"/>
</pin_list>
<bind>
<opcode="store(28) " fcode="store"/>
<opset="store_ln0/1 "/>
</bind>
</comp>

<comp id="146" class="1004" name="input_index_1_load_fu_146">
<pin_list>
<pin id="147" dir="0" index="0" bw="7" slack="0"/>
<pin id="148" dir="1" index="1" bw="7" slack="0"/>
</pin_list>
<bind>
<opcode="load(27) " fcode="load"/>
<opset="input_index_1/1 "/>
</bind>
</comp>

<comp id="149" class="1004" name="icmp_ln143_fu_149">
<pin_list>
<pin id="150" dir="0" index="0" bw="7" slack="0"/>
<pin id="151" dir="0" index="1" bw="7" slack="0"/>
<pin id="152" dir="1" index="2" bw="1" slack="1"/>
</pin_list>
<bind>
<opcode="icmp(45) " fcode="icmp"/>
<opset="icmp_ln143/1 "/>
</bind>
</comp>

<comp id="155" class="1004" name="input_index_1_cast_fu_155">
<pin_list>
<pin id="156" dir="0" index="0" bw="7" slack="0"/>
<pin id="157" dir="1" index="1" bw="64" slack="0"/>
</pin_list>
<bind>
<opcode="zext(34) " fcode="zext"/>
<opset="input_index_1_cast/1 "/>
</bind>
</comp>

<comp id="160" class="1004" name="gmem1_addr_fu_160">
<pin_list>
<pin id="161" dir="0" index="0" bw="64" slack="0"/>
<pin id="162" dir="0" index="1" bw="64" slack="1"/>
<pin id="163" dir="1" index="2" bw="64" slack="0"/>
</pin_list>
<bind>
<opcode="getelementptr(29) " fcode="getelementptr"/>
<opset="gmem1_addr/2 "/>
</bind>
</comp>

<comp id="166" class="1004" name="bitcast_ln146_fu_166">
<pin_list>
<pin id="167" dir="0" index="0" bw="32" slack="1"/>
<pin id="168" dir="1" index="1" bw="32" slack="0"/>
</pin_list>
<bind>
<opcode="bitcast(44) " fcode="bitcast"/>
<opset="bitcast_ln146/3 "/>
</bind>
</comp>

<comp id="170" class="1004" name="add_ln143_fu_170">
<pin_list>
<pin id="171" dir="0" index="0" bw="7" slack="4"/>
<pin id="172" dir="0" index="1" bw="1" slack="0"/>
<pin id="173" dir="1" index="2" bw="7" slack="0"/>
</pin_list>
<bind>
<opcode="add(8) " fcode="add"/>
<opset="add_ln143/5 "/>
</bind>
</comp>

<comp id="175" class="1004" name="ifzero197_fu_175">
<pin_list>
<pin id="176" dir="0" index="0" bw="7" slack="0"/>
<pin id="177" dir="0" index="1" bw="7" slack="0"/>
<pin id="178" dir="1" index="2" bw="1" slack="7"/>
</pin_list>
<bind>
<opcode="icmp(45) " fcode="icmp"/>
<opset="ifzero197/5 "/>
</bind>
</comp>

<comp id="181" class="1004" name="store_ln143_store_fu_181">
<pin_list>
<pin id="182" dir="0" index="0" bw="7" slack="0"/>
<pin id="183" dir="0" index="1" bw="7" slack="4"/>
<pin id="184" dir="1" index="2" bw="0" slack="2147483647"/>
</pin_list>
<bind>
<opcode="store(28) " fcode="store"/>
<opset="store_ln143/5 "/>
</bind>
</comp>

<comp id="186" class="1004" name="accumulator_load_load_fu_186">
<pin_list>
<pin id="187" dir="0" index="0" bw="32" slack="6"/>
<pin id="188" dir="1" index="1" bw="32" slack="0"/>
</pin_list>
<bind>
<opcode="load(27) " fcode="load"/>
<opset="accumulator_load/7 "/>
</bind>
</comp>

<comp id="190" class="1004" name="gmem3_addr_fu_190">
<pin_list>
<pin id="191" dir="0" index="0" bw="64" slack="0"/>
<pin id="192" dir="0" index="1" bw="64" slack="10"/>
<pin id="193" dir="1" index="2" bw="64" slack="1"/>
</pin_list>
<bind>
<opcode="getelementptr(29) " fcode="getelementptr"/>
<opset="gmem3_addr/11 "/>
</bind>
</comp>

<comp id="195" class="1004" name="bitcast_ln148_fu_195">
<pin_list>
<pin id="196" dir="0" index="0" bw="32" slack="1"/>
<pin id="197" dir="1" index="1" bw="32" slack="0"/>
</pin_list>
<bind>
<opcode="bitcast(44) " fcode="bitcast"/>
<opset="bitcast_ln148/12 "/>
</bind>
</comp>

<comp id="199" class="1004" name="store_ln144_store_fu_199">
<pin_list>
<pin id="200" dir="0" index="0" bw="32" slack="1"/>
<pin id="201" dir="0" index="1" bw="32" slack="11"/>
<pin id="202" dir="1" index="2" bw="0" slack="2147483647"/>
</pin_list>
<bind>
<opcode="store(28) " fcode="store"/>
<opset="store_ln144/12 "/>
</bind>
</comp>

<comp id="203" class="1005" name="accumulator_reg_203">
<pin_list>
<pin id="204" dir="0" index="0" bw="32" slack="0"/>
<pin id="205" dir="1" index="1" bw="32" slack="0"/>
</pin_list>
<bind>
<opset="accumulator "/>
</bind>
</comp>

<comp id="210" class="1005" name="input_index_reg_210">
<pin_list>
<pin id="211" dir="0" index="0" bw="7" slack="0"/>
<pin id="212" dir="1" index="1" bw="7" slack="0"/>
</pin_list>
<bind>
<opset="input_index "/>
</bind>
</comp>

<comp id="217" class="1005" name="sext_ln139_2_cast_reg_217">
<pin_list>
<pin id="218" dir="0" index="0" bw="64" slack="1"/>
<pin id="219" dir="1" index="1" bw="64" slack="1"/>
</pin_list>
<bind>
<opset="sext_ln139_2_cast "/>
</bind>
</comp>

<comp id="222" class="1005" name="sext_ln139_4_cast_reg_222">
<pin_list>
<pin id="223" dir="0" index="0" bw="64" slack="10"/>
<pin id="224" dir="1" index="1" bw="64" slack="10"/>
</pin_list>
<bind>
<opset="sext_ln139_4_cast "/>
</bind>
</comp>

<comp id="227" class="1005" name="input_index_1_reg_227">
<pin_list>
<pin id="228" dir="0" index="0" bw="7" slack="4"/>
<pin id="229" dir="1" index="1" bw="7" slack="4"/>
</pin_list>
<bind>
<opset="input_index_1 "/>
</bind>
</comp>

<comp id="232" class="1005" name="icmp_ln143_reg_232">
<pin_list>
<pin id="233" dir="0" index="0" bw="1" slack="1"/>
<pin id="234" dir="1" index="1" bw="1" slack="2147483647"/>
</pin_list>
<bind>
<opset="icmp_ln143 "/>
</bind>
</comp>

<comp id="236" class="1005" name="fc1_relu_addr_reg_236">
<pin_list>
<pin id="237" dir="0" index="0" bw="7" slack="1"/>
<pin id="238" dir="1" index="1" bw="7" slack="1"/>
</pin_list>
<bind>
<opset="fc1_relu_addr "/>
</bind>
</comp>

<comp id="241" class="1005" name="fc1_relu_load_reg_241">
<pin_list>
<pin id="242" dir="0" index="0" bw="32" slack="1"/>
<pin id="243" dir="1" index="1" bw="32" slack="1"/>
</pin_list>
<bind>
<opset="fc1_relu_load "/>
</bind>
</comp>

<comp id="246" class="1005" name="gmem1_addr_read_reg_246">
<pin_list>
<pin id="247" dir="0" index="0" bw="32" slack="1"/>
<pin id="248" dir="1" index="1" bw="32" slack="1"/>
</pin_list>
<bind>
<opset="gmem1_addr_read "/>
</bind>
</comp>

<comp id="251" class="1005" name="bitcast_ln146_reg_251">
<pin_list>
<pin id="252" dir="0" index="0" bw="32" slack="1"/>
<pin id="253" dir="1" index="1" bw="32" slack="1"/>
</pin_list>
<bind>
<opset="bitcast_ln146 "/>
</bind>
</comp>

<comp id="256" class="1005" name="ifzero197_reg_256">
<pin_list>
<pin id="257" dir="0" index="0" bw="1" slack="7"/>
<pin id="258" dir="1" index="1" bw="1" slack="2147483647"/>
</pin_list>
<bind>
<opset="ifzero197 "/>
</bind>
</comp>

<comp id="260" class="1005" name="mul9_i1_reg_260">
<pin_list>
<pin id="261" dir="0" index="0" bw="32" slack="1"/>
<pin id="262" dir="1" index="1" bw="32" slack="1"/>
</pin_list>
<bind>
<opset="mul9_i1 "/>
</bind>
</comp>

<comp id="265" class="1005" name="accumulator_load_reg_265">
<pin_list>
<pin id="266" dir="0" index="0" bw="32" slack="1"/>
<pin id="267" dir="1" index="1" bw="32" slack="1"/>
</pin_list>
<bind>
<opset="accumulator_load "/>
</bind>
</comp>

<comp id="270" class="1005" name="gmem3_addr_reg_270">
<pin_list>
<pin id="271" dir="0" index="0" bw="32" slack="1"/>
<pin id="272" dir="1" index="1" bw="32" slack="1"/>
</pin_list>
<bind>
<opset="gmem3_addr "/>
</bind>
</comp>

<comp id="275" class="1005" name="accumulator_2_reg_275">
<pin_list>
<pin id="276" dir="0" index="0" bw="32" slack="1"/>
<pin id="277" dir="1" index="1" bw="32" slack="1"/>
</pin_list>
<bind>
<opset="accumulator_2 "/>
</bind>
</comp>

</comp_list>

<net_list>
<net id="71"><net_src comp="12" pin="0"/><net_sink comp="68" pin=0"/></net>

<net id="75"><net_src comp="12" pin="0"/><net_sink comp="72" pin=0"/></net>

<net id="80"><net_src comp="14" pin="0"/><net_sink comp="76" pin=0"/></net>

<net id="81"><net_src comp="8" pin="0"/><net_sink comp="76" pin=1"/></net>

<net id="86"><net_src comp="14" pin="0"/><net_sink comp="82" pin=0"/></net>

<net id="87"><net_src comp="6" pin="0"/><net_sink comp="82" pin=1"/></net>

<net id="92"><net_src comp="16" pin="0"/><net_sink comp="88" pin=0"/></net>

<net id="93"><net_src comp="0" pin="0"/><net_sink comp="88" pin=1"/></net>

<net id="98"><net_src comp="46" pin="0"/><net_sink comp="94" pin=0"/></net>

<net id="105"><net_src comp="64" pin="0"/><net_sink comp="99" pin=0"/></net>

<net id="106"><net_src comp="66" pin="0"/><net_sink comp="99" pin=3"/></net>

<net id="112"><net_src comp="10" pin="0"/><net_sink comp="107" pin=0"/></net>

<net id="113"><net_src comp="44" pin="0"/><net_sink comp="107" pin=1"/></net>

<net id="119"><net_src comp="107" pin="3"/><net_sink comp="114" pin=0"/></net>

<net id="131"><net_src comp="76" pin="2"/><net_sink comp="128" pin=0"/></net>

<net id="135"><net_src comp="82" pin="2"/><net_sink comp="132" pin=0"/></net>

<net id="140"><net_src comp="40" pin="0"/><net_sink comp="136" pin=0"/></net>

<net id="145"><net_src comp="88" pin="2"/><net_sink comp="141" pin=0"/></net>

<net id="153"><net_src comp="146" pin="1"/><net_sink comp="149" pin=0"/></net>

<net id="154"><net_src comp="42" pin="0"/><net_sink comp="149" pin=1"/></net>

<net id="158"><net_src comp="146" pin="1"/><net_sink comp="155" pin=0"/></net>

<net id="159"><net_src comp="155" pin="1"/><net_sink comp="107" pin=2"/></net>

<net id="164"><net_src comp="4" pin="0"/><net_sink comp="160" pin=0"/></net>

<net id="165"><net_src comp="160" pin="2"/><net_sink comp="94" pin=1"/></net>

<net id="169"><net_src comp="166" pin="1"/><net_sink comp="124" pin=1"/></net>

<net id="174"><net_src comp="48" pin="0"/><net_sink comp="170" pin=1"/></net>

<net id="179"><net_src comp="170" pin="2"/><net_sink comp="175" pin=0"/></net>

<net id="180"><net_src comp="42" pin="0"/><net_sink comp="175" pin=1"/></net>

<net id="185"><net_src comp="170" pin="2"/><net_sink comp="181" pin=0"/></net>

<net id="189"><net_src comp="186" pin="1"/><net_sink comp="120" pin=0"/></net>

<net id="194"><net_src comp="2" pin="0"/><net_sink comp="190" pin=0"/></net>

<net id="198"><net_src comp="195" pin="1"/><net_sink comp="99" pin=2"/></net>

<net id="206"><net_src comp="68" pin="1"/><net_sink comp="203" pin=0"/></net>

<net id="207"><net_src comp="203" pin="1"/><net_sink comp="141" pin=1"/></net>

<net id="208"><net_src comp="203" pin="1"/><net_sink comp="186" pin=0"/></net>

<net id="209"><net_src comp="203" pin="1"/><net_sink comp="199" pin=1"/></net>

<net id="213"><net_src comp="72" pin="1"/><net_sink comp="210" pin=0"/></net>

<net id="214"><net_src comp="210" pin="1"/><net_sink comp="136" pin=1"/></net>

<net id="215"><net_src comp="210" pin="1"/><net_sink comp="146" pin=0"/></net>

<net id="216"><net_src comp="210" pin="1"/><net_sink comp="181" pin=1"/></net>

<net id="220"><net_src comp="128" pin="1"/><net_sink comp="217" pin=0"/></net>

<net id="221"><net_src comp="217" pin="1"/><net_sink comp="160" pin=1"/></net>

<net id="225"><net_src comp="132" pin="1"/><net_sink comp="222" pin=0"/></net>

<net id="226"><net_src comp="222" pin="1"/><net_sink comp="190" pin=1"/></net>

<net id="230"><net_src comp="146" pin="1"/><net_sink comp="227" pin=0"/></net>

<net id="231"><net_src comp="227" pin="1"/><net_sink comp="170" pin=0"/></net>

<net id="235"><net_src comp="149" pin="2"/><net_sink comp="232" pin=0"/></net>

<net id="239"><net_src comp="107" pin="3"/><net_sink comp="236" pin=0"/></net>

<net id="240"><net_src comp="236" pin="1"/><net_sink comp="114" pin=0"/></net>

<net id="244"><net_src comp="114" pin="3"/><net_sink comp="241" pin=0"/></net>

<net id="245"><net_src comp="241" pin="1"/><net_sink comp="124" pin=0"/></net>

<net id="249"><net_src comp="94" pin="2"/><net_sink comp="246" pin=0"/></net>

<net id="250"><net_src comp="246" pin="1"/><net_sink comp="166" pin=0"/></net>

<net id="254"><net_src comp="166" pin="1"/><net_sink comp="251" pin=0"/></net>

<net id="255"><net_src comp="251" pin="1"/><net_sink comp="124" pin=1"/></net>

<net id="259"><net_src comp="175" pin="2"/><net_sink comp="256" pin=0"/></net>

<net id="263"><net_src comp="124" pin="2"/><net_sink comp="260" pin=0"/></net>

<net id="264"><net_src comp="260" pin="1"/><net_sink comp="120" pin=1"/></net>

<net id="268"><net_src comp="186" pin="1"/><net_sink comp="265" pin=0"/></net>

<net id="269"><net_src comp="265" pin="1"/><net_sink comp="120" pin=0"/></net>

<net id="273"><net_src comp="190" pin="2"/><net_sink comp="270" pin=0"/></net>

<net id="274"><net_src comp="270" pin="1"/><net_sink comp="99" pin=1"/></net>

<net id="278"><net_src comp="120" pin="2"/><net_sink comp="275" pin=0"/></net>

<net id="279"><net_src comp="275" pin="1"/><net_sink comp="195" pin=0"/></net>

<net id="280"><net_src comp="275" pin="1"/><net_sink comp="199" pin=0"/></net>

</net_list>

</model> 
---------------- Datapath Model END ------------------

* FSMD analyzer results:
  - Output states:
	Port: gmem3 | {12 }
	Port: gmem1 | {}
 - Input state : 
	Port: lenet_full_top_Pipeline_DENSE_INPUT4 : accumulator_8 | {1 }
	Port: lenet_full_top_Pipeline_DENSE_INPUT4 : gmem3 | {}
	Port: lenet_full_top_Pipeline_DENSE_INPUT4 : gmem1 | {2 }
	Port: lenet_full_top_Pipeline_DENSE_INPUT4 : sext_ln139_4 | {1 }
	Port: lenet_full_top_Pipeline_DENSE_INPUT4 : sext_ln139_2 | {1 }
	Port: lenet_full_top_Pipeline_DENSE_INPUT4 : fc1_relu | {1 2 }
  - Chain level:
	State 1
		store_ln0 : 1
		input_index_1 : 1
		icmp_ln143 : 2
		br_ln143 : 3
		input_index_1_cast : 2
		fc1_relu_addr : 3
		fc1_relu_load : 4
	State 2
		gmem1_addr_read : 1
	State 3
		mul9_i1 : 1
	State 4
	State 5
		ifzero197 : 1
		br_ln143 : 2
		store_ln143 : 1
	State 6
	State 7
		accumulator_2 : 1
	State 8
	State 9
	State 10
	State 11
	State 12
		write_ln148 : 1


============================================================
+ Verbose Summary: Datapath Resource usage 
============================================================

* Functional unit list:
|----------|-------------------------------|---------|---------|---------|
| Operation|        Functional Unit        |   DSP   |    FF   |   LUT   |
|----------|-------------------------------|---------|---------|---------|
|   fadd   |           grp_fu_120          |    2    |   205   |   390   |
|----------|-------------------------------|---------|---------|---------|
|   fmul   |           grp_fu_124          |    3    |   143   |   321   |
|----------|-------------------------------|---------|---------|---------|
|   icmp   |       icmp_ln143_fu_149       |    0    |    0    |    10   |
|          |        ifzero197_fu_175       |    0    |    0    |    10   |
|----------|-------------------------------|---------|---------|---------|
|    add   |        add_ln143_fu_170       |    0    |    0    |    14   |
|----------|-------------------------------|---------|---------|---------|
|          |  sext_ln139_2_read_read_fu_76 |    0    |    0    |    0    |
|   read   |  sext_ln139_4_read_read_fu_82 |    0    |    0    |    0    |
|          | accumulator_8_read_read_fu_88 |    0    |    0    |    0    |
|          |   gmem1_addr_read_read_fu_94  |    0    |    0    |    0    |
|----------|-------------------------------|---------|---------|---------|
|   write  |    write_ln148_write_fu_99    |    0    |    0    |    0    |
|----------|-------------------------------|---------|---------|---------|
|   sext   |    sext_ln139_2_cast_fu_128   |    0    |    0    |    0    |
|          |    sext_ln139_4_cast_fu_132   |    0    |    0    |    0    |
|----------|-------------------------------|---------|---------|---------|
|   zext   |   input_index_1_cast_fu_155   |    0    |    0    |    0    |
|----------|-------------------------------|---------|---------|---------|
|   Total  |                               |    5    |   348   |   745   |
|----------|-------------------------------|---------|---------|---------|

Memories:
N/A

* Register list:
+-------------------------+--------+
|                         |   FF   |
+-------------------------+--------+
|  accumulator_2_reg_275  |   32   |
| accumulator_load_reg_265|   32   |
|   accumulator_reg_203   |   32   |
|  bitcast_ln146_reg_251  |   32   |
|  fc1_relu_addr_reg_236  |    7   |
|  fc1_relu_load_reg_241  |   32   |
| gmem1_addr_read_reg_246 |   32   |
|    gmem3_addr_reg_270   |   32   |
|    icmp_ln143_reg_232   |    1   |
|    ifzero197_reg_256    |    1   |
|  input_index_1_reg_227  |    7   |
|   input_index_reg_210   |    7   |
|     mul9_i1_reg_260     |   32   |
|sext_ln139_2_cast_reg_217|   64   |
|sext_ln139_4_cast_reg_222|   64   |
+-------------------------+--------+
|          Total          |   407  |
+-------------------------+--------+

* Multiplexer (MUX) list: 
|-------------------|------|------|------|--------||---------||---------|
|        Comp       |  Pin | Size |  BW  | S x BW ||  Delay  ||   LUT   |
|-------------------|------|------|------|--------||---------||---------|
| grp_access_fu_114 |  p0  |   2  |   7  |   14   ||    9    |
|     grp_fu_120    |  p0  |   2  |  32  |   64   ||    9    |
|     grp_fu_124    |  p1  |   2  |  32  |   64   ||    9    |
|-------------------|------|------|------|--------||---------||---------|
|       Total       |      |      |      |   142  ||  4.764  ||    27   |
|-------------------|------|------|------|--------||---------||---------|



* Summary:
+-----------+--------+--------+--------+--------+
|           |   DSP  |  Delay |   FF   |   LUT  |
+-----------+--------+--------+--------+--------+
|  Function |    5   |    -   |   348  |   745  |
|   Memory  |    -   |    -   |    -   |    -   |
|Multiplexer|    -   |    4   |    -   |   27   |
|  Register |    -   |    -   |   407  |    -   |
+-----------+--------+--------+--------+--------+
|   Total   |    5   |    4   |   755  |   772  |
+-----------+--------+--------+--------+--------+
