

================================================================
== Vitis HLS Report for 'lenet_full_top_Pipeline_RELU_LOOP'
================================================================
* Date:           Sun Sep  6 21:25:39 2026

* Version:        2022.2 (Build 3670227 on Oct 13 2022)
* Project:        clk_7ns
* Solution:       solution1 (Vivado IP Flow Target)
* Product family: zynq
* Target device:  xc7z020-clg400-1


================================================================
== Performance Estimates
================================================================
+ Timing: 
    * Summary: 
    +--------+---------+----------+------------+
    |  Clock |  Target | Estimated| Uncertainty|
    +--------+---------+----------+------------+
    |ap_clk  |  7.00 ns|  4.526 ns|     1.89 ns|
    +--------+---------+----------+------------+

+ Latency: 
    * Summary: 
    +---------+---------+----------+----------+-----+-----+---------+
    |  Latency (cycles) |  Latency (absolute) |  Interval | Pipeline|
    |   min   |   max   |    min   |    max   | min | max |   Type  |
    +---------+---------+----------+----------+-----+-----+---------+
    |      126|      126|  0.882 us|  0.882 us|  126|  126|       no|
    +---------+---------+----------+----------+-----+-----+---------+

    + Detail: 
        * Instance: 
        N/A

        * Loop: 
        +-------------+---------+---------+----------+-----------+-----------+------+----------+
        |             |  Latency (cycles) | Iteration|  Initiation Interval  | Trip |          |
        |  Loop Name  |   min   |   max   |  Latency |  achieved |   target  | Count| Pipelined|
        +-------------+---------+---------+----------+-----------+-----------+------+----------+
        |- RELU_LOOP  |      124|      124|         6|          1|          1|   120|       yes|
        +-------------+---------+---------+----------+-----------+-----------+------+----------+

============================================================
+ Verbose Summary: Synthesis Manager
============================================================
InlineROM: 1
ExposeGlobal: 0
============================================================
+ Verbose Summary: CDFG Model
============================================================
IsTopModel: 0
ResetActiveHigh: 1
IsCombinational: 0
IsDatapathOnly: 0
HasWiredReturn: 1
HasMFsm: 2
HasVarLatency: 1
IsPipeline: 0
IsRtlPipelined: 0
IsInstanceOverlapped: 0
IsDontTouch: 0
HasImplIP: 0
IsGatedGlobalClock: 0

+ Individual pipeline summary: 
  * Pipeline-0: initiation interval (II) = 1, depth = 6


============================================================
+ Verbose Summary: Schedule
============================================================
* Number of FSM states : 6
* Pipeline : 1
  Pipeline-0 : II = 1, D = 6, States = { 1 2 3 4 5 6 }
* Dataflow Pipeline: 0

* FSM state transitions: 
1 --> 2 
2 --> 3 
3 --> 4 
4 --> 5 
5 --> 6 
6 --> 

* FSM state operations: 

State 1 <SV = 0> <Delay = 3.45>
ST_1 : Operation 9 [1/1] (0.00ns)   --->   "%index = alloca i32 1"   --->   Operation 9 'alloca' 'index' <Predicate = true> <Delay = 0.00>
ST_1 : Operation 10 [1/1] (1.58ns)   --->   "%store_ln0 = store i7 0, i7 %index"   --->   Operation 10 'store' 'store_ln0' <Predicate = true> <Delay = 1.58>
ST_1 : Operation 11 [1/1] (0.00ns)   --->   "%br_ln0 = br void %for.body.i"   --->   Operation 11 'br' 'br_ln0' <Predicate = true> <Delay = 0.00>
ST_1 : Operation 12 [1/1] (0.00ns)   --->   "%index_2 = load i7 %index" [D:/lenet_project/handoff/LeNet_DSE_Framework_2022_2/LeNet_DSE_Framework_2022_2/src/lenet_conv.cpp:126]   --->   Operation 12 'load' 'index_2' <Predicate = true> <Delay = 0.00>
ST_1 : Operation 13 [1/1] (0.00ns)   --->   "%specpipeline_ln0 = specpipeline void @_ssdm_op_SpecPipeline, i32 4294967295, i32 0, i32 1, i32 0, void @p_str"   --->   Operation 13 'specpipeline' 'specpipeline_ln0' <Predicate = true> <Delay = 0.00>
ST_1 : Operation 14 [1/1] (1.48ns)   --->   "%icmp_ln126 = icmp_eq  i7 %index_2, i7 120" [D:/lenet_project/handoff/LeNet_DSE_Framework_2022_2/LeNet_DSE_Framework_2022_2/src/lenet_conv.cpp:126]   --->   Operation 14 'icmp' 'icmp_ln126' <Predicate = true> <Delay = 1.48> <CoreInst = "Cmp">   --->   Core 9 'Cmp' <Latency = 0> <II = 1> <Delay = 1.48> <FuncUnit> <Opcode : 'icmp'> <InPorts = 2> <OutPorts = 1>
ST_1 : Operation 15 [1/1] (0.00ns)   --->   "%empty = speclooptripcount i32 @_ssdm_op_SpecLoopTripCount, i64 120, i64 120, i64 120"   --->   Operation 15 'speclooptripcount' 'empty' <Predicate = true> <Delay = 0.00>
ST_1 : Operation 16 [1/1] (1.87ns)   --->   "%add_ln126 = add i7 %index_2, i7 1" [D:/lenet_project/handoff/LeNet_DSE_Framework_2022_2/LeNet_DSE_Framework_2022_2/src/lenet_conv.cpp:126]   --->   Operation 16 'add' 'add_ln126' <Predicate = true> <Delay = 1.87> <CoreInst = "Adder">   --->   Core 1 'Adder' <Latency = 0> <II = 1> <Delay = 1.87> <FuncUnit> <Opcode : 'add' 'sub'> <InPorts = 2> <OutPorts = 1>
ST_1 : Operation 17 [1/1] (0.00ns)   --->   "%br_ln126 = br i1 %icmp_ln126, void %for.body.i.split, void %_ZN5lenet12_GLOBAL__N_111relu_vectorILi120EEEvPKfPf.exit.exitStub" [D:/lenet_project/handoff/LeNet_DSE_Framework_2022_2/LeNet_DSE_Framework_2022_2/src/lenet_conv.cpp:126]   --->   Operation 17 'br' 'br_ln126' <Predicate = true> <Delay = 0.00>
ST_1 : Operation 18 [1/1] (0.00ns)   --->   "%index_cast = zext i7 %index_2" [D:/lenet_project/handoff/LeNet_DSE_Framework_2022_2/LeNet_DSE_Framework_2022_2/src/lenet_conv.cpp:126]   --->   Operation 18 'zext' 'index_cast' <Predicate = (!icmp_ln126)> <Delay = 0.00>
ST_1 : Operation 19 [1/1] (0.00ns)   --->   "%conv3_output_addr = getelementptr i32 %conv3_output, i64 0, i64 %index_cast" [D:/lenet_project/handoff/LeNet_DSE_Framework_2022_2/LeNet_DSE_Framework_2022_2/src/lenet_conv.cpp:127]   --->   Operation 19 'getelementptr' 'conv3_output_addr' <Predicate = (!icmp_ln126)> <Delay = 0.00>
ST_1 : Operation 20 [2/2] (3.25ns)   --->   "%value = load i7 %conv3_output_addr" [D:/lenet_project/handoff/LeNet_DSE_Framework_2022_2/LeNet_DSE_Framework_2022_2/src/lenet_conv.cpp:127]   --->   Operation 20 'load' 'value' <Predicate = (!icmp_ln126)> <Delay = 3.25> <CoreInst = "RAM">   --->   Core 82 'RAM' <Latency = 1> <II = 1> <Delay = 3.25> <Storage> <Opcode : 'load' 'store'> <Ports = 2> <Width = 32> <Depth = 120> <RAM>
ST_1 : Operation 21 [1/1] (1.58ns)   --->   "%store_ln126 = store i7 %add_ln126, i7 %index" [D:/lenet_project/handoff/LeNet_DSE_Framework_2022_2/LeNet_DSE_Framework_2022_2/src/lenet_conv.cpp:126]   --->   Operation 21 'store' 'store_ln126' <Predicate = (!icmp_ln126)> <Delay = 1.58>

State 2 <SV = 1> <Delay = 3.25>
ST_2 : Operation 22 [1/2] (3.25ns)   --->   "%value = load i7 %conv3_output_addr" [D:/lenet_project/handoff/LeNet_DSE_Framework_2022_2/LeNet_DSE_Framework_2022_2/src/lenet_conv.cpp:127]   --->   Operation 22 'load' 'value' <Predicate = true> <Delay = 3.25> <CoreInst = "RAM">   --->   Core 82 'RAM' <Latency = 1> <II = 1> <Delay = 3.25> <Storage> <Opcode : 'load' 'store'> <Ports = 2> <Width = 32> <Depth = 120> <RAM>

State 3 <SV = 2> <Delay = 4.52>
ST_3 : Operation 23 [3/3] (4.52ns)   --->   "%tmp_2 = fcmp_ogt  i32 %value, i32 0" [D:/lenet_project/handoff/LeNet_DSE_Framework_2022_2/LeNet_DSE_Framework_2022_2/src/lenet_conv.cpp:128]   --->   Operation 23 'fcmp' 'tmp_2' <Predicate = true> <Delay = 4.52> <CoreInst = "FCompare">   --->   Core 19 'FCompare' <Latency = 2> <II = 1> <Delay = 4.52> <FuncUnit> <Opcode : 'fcmp'> <InPorts = 2> <OutPorts = 1>

State 4 <SV = 3> <Delay = 4.52>
ST_4 : Operation 24 [2/3] (4.52ns)   --->   "%tmp_2 = fcmp_ogt  i32 %value, i32 0" [D:/lenet_project/handoff/LeNet_DSE_Framework_2022_2/LeNet_DSE_Framework_2022_2/src/lenet_conv.cpp:128]   --->   Operation 24 'fcmp' 'tmp_2' <Predicate = true> <Delay = 4.52> <CoreInst = "FCompare">   --->   Core 19 'FCompare' <Latency = 2> <II = 1> <Delay = 4.52> <FuncUnit> <Opcode : 'fcmp'> <InPorts = 2> <OutPorts = 1>

State 5 <SV = 4> <Delay = 4.52>
ST_5 : Operation 25 [1/1] (0.00ns)   --->   "%bitcast_ln128 = bitcast i32 %value" [D:/lenet_project/handoff/LeNet_DSE_Framework_2022_2/LeNet_DSE_Framework_2022_2/src/lenet_conv.cpp:128]   --->   Operation 25 'bitcast' 'bitcast_ln128' <Predicate = true> <Delay = 0.00>
ST_5 : Operation 26 [1/1] (0.00ns)   --->   "%tmp_s = partselect i8 @_ssdm_op_PartSelect.i8.i32.i32.i32, i32 %bitcast_ln128, i32 23, i32 30" [D:/lenet_project/handoff/LeNet_DSE_Framework_2022_2/LeNet_DSE_Framework_2022_2/src/lenet_conv.cpp:128]   --->   Operation 26 'partselect' 'tmp_s' <Predicate = true> <Delay = 0.00>
ST_5 : Operation 27 [1/1] (0.00ns)   --->   "%trunc_ln128 = trunc i32 %bitcast_ln128" [D:/lenet_project/handoff/LeNet_DSE_Framework_2022_2/LeNet_DSE_Framework_2022_2/src/lenet_conv.cpp:128]   --->   Operation 27 'trunc' 'trunc_ln128' <Predicate = true> <Delay = 0.00>
ST_5 : Operation 28 [1/1] (1.55ns)   --->   "%icmp_ln128 = icmp_ne  i8 %tmp_s, i8 255" [D:/lenet_project/handoff/LeNet_DSE_Framework_2022_2/LeNet_DSE_Framework_2022_2/src/lenet_conv.cpp:128]   --->   Operation 28 'icmp' 'icmp_ln128' <Predicate = true> <Delay = 1.55> <CoreInst = "Cmp">   --->   Core 9 'Cmp' <Latency = 0> <II = 1> <Delay = 1.55> <FuncUnit> <Opcode : 'icmp'> <InPorts = 2> <OutPorts = 1>
ST_5 : Operation 29 [1/1] (2.44ns)   --->   "%icmp_ln128_1 = icmp_eq  i23 %trunc_ln128, i23 0" [D:/lenet_project/handoff/LeNet_DSE_Framework_2022_2/LeNet_DSE_Framework_2022_2/src/lenet_conv.cpp:128]   --->   Operation 29 'icmp' 'icmp_ln128_1' <Predicate = true> <Delay = 2.44> <CoreInst = "Cmp">   --->   Core 9 'Cmp' <Latency = 0> <II = 1> <Delay = 2.44> <FuncUnit> <Opcode : 'icmp'> <InPorts = 2> <OutPorts = 1>
ST_5 : Operation 30 [1/3] (4.52ns)   --->   "%tmp_2 = fcmp_ogt  i32 %value, i32 0" [D:/lenet_project/handoff/LeNet_DSE_Framework_2022_2/LeNet_DSE_Framework_2022_2/src/lenet_conv.cpp:128]   --->   Operation 30 'fcmp' 'tmp_2' <Predicate = true> <Delay = 4.52> <CoreInst = "FCompare">   --->   Core 19 'FCompare' <Latency = 2> <II = 1> <Delay = 4.52> <FuncUnit> <Opcode : 'fcmp'> <InPorts = 2> <OutPorts = 1>
ST_5 : Operation 38 [1/1] (0.00ns)   --->   "%ret_ln0 = ret"   --->   Operation 38 'ret' 'ret_ln0' <Predicate = (icmp_ln126)> <Delay = 0.00>

State 6 <SV = 5> <Delay = 4.23>
ST_6 : Operation 31 [1/1] (0.00ns)   --->   "%specloopname_ln126 = specloopname void @_ssdm_op_SpecLoopName, void @empty_17" [D:/lenet_project/handoff/LeNet_DSE_Framework_2022_2/LeNet_DSE_Framework_2022_2/src/lenet_conv.cpp:126]   --->   Operation 31 'specloopname' 'specloopname_ln126' <Predicate = true> <Delay = 0.00>
ST_6 : Operation 32 [1/1] (0.00ns) (grouped into LUT with out node select_ln128)   --->   "%or_ln128 = or i1 %icmp_ln128_1, i1 %icmp_ln128" [D:/lenet_project/handoff/LeNet_DSE_Framework_2022_2/LeNet_DSE_Framework_2022_2/src/lenet_conv.cpp:128]   --->   Operation 32 'or' 'or_ln128' <Predicate = true> <Delay = 0.00> <CoreInst = "LogicGate">   --->   Core 74 'LogicGate' <Latency = 0> <II = 1> <Delay = 0.97> <FuncUnit> <Opcode : 'and' 'or' 'xor'> <InPorts = 2> <OutPorts = 1>
ST_6 : Operation 33 [1/1] (0.00ns) (grouped into LUT with out node select_ln128)   --->   "%and_ln128 = and i1 %or_ln128, i1 %tmp_2" [D:/lenet_project/handoff/LeNet_DSE_Framework_2022_2/LeNet_DSE_Framework_2022_2/src/lenet_conv.cpp:128]   --->   Operation 33 'and' 'and_ln128' <Predicate = true> <Delay = 0.00> <CoreInst = "LogicGate">   --->   Core 74 'LogicGate' <Latency = 0> <II = 1> <Delay = 0.97> <FuncUnit> <Opcode : 'and' 'or' 'xor'> <InPorts = 2> <OutPorts = 1>
ST_6 : Operation 34 [1/1] (0.97ns) (out node of the LUT)   --->   "%select_ln128 = select i1 %and_ln128, i32 %value, i32 0" [D:/lenet_project/handoff/LeNet_DSE_Framework_2022_2/LeNet_DSE_Framework_2022_2/src/lenet_conv.cpp:128]   --->   Operation 34 'select' 'select_ln128' <Predicate = true> <Delay = 0.97> <CoreInst = "Sel">   --->   Core 73 'Sel' <Latency = 0> <II = 1> <Delay = 0.69> <FuncUnit> <Opcode : 'select'> <InPorts = 3> <OutPorts = 1>
ST_6 : Operation 35 [1/1] (0.00ns)   --->   "%conv3_relu_addr = getelementptr i32 %conv3_relu, i64 0, i64 %index_cast" [D:/lenet_project/handoff/LeNet_DSE_Framework_2022_2/LeNet_DSE_Framework_2022_2/src/lenet_conv.cpp:128]   --->   Operation 35 'getelementptr' 'conv3_relu_addr' <Predicate = true> <Delay = 0.00>
ST_6 : Operation 36 [1/1] (3.25ns)   --->   "%store_ln128 = store i32 %select_ln128, i7 %conv3_relu_addr" [D:/lenet_project/handoff/LeNet_DSE_Framework_2022_2/LeNet_DSE_Framework_2022_2/src/lenet_conv.cpp:128]   --->   Operation 36 'store' 'store_ln128' <Predicate = true> <Delay = 3.25> <CoreInst = "RAM">   --->   Core 82 'RAM' <Latency = 1> <II = 1> <Delay = 3.25> <Storage> <Opcode : 'load' 'store'> <Ports = 2> <Width = 32> <Depth = 120> <RAM>
ST_6 : Operation 37 [1/1] (0.00ns)   --->   "%br_ln126 = br void %for.body.i" [D:/lenet_project/handoff/LeNet_DSE_Framework_2022_2/LeNet_DSE_Framework_2022_2/src/lenet_conv.cpp:126]   --->   Operation 37 'br' 'br_ln126' <Predicate = true> <Delay = 0.00>


============================================================
+ Verbose Summary: Timing violations
============================================================
Target clock period: 7ns, clock uncertainty: 1.89ns.

 <State 1>: 3.46ns
The critical path consists of the following:
	'alloca' operation ('index') [3]  (0 ns)
	'load' operation ('index', D:/lenet_project/handoff/LeNet_DSE_Framework_2022_2/LeNet_DSE_Framework_2022_2/src/lenet_conv.cpp:126) on local variable 'index' [7]  (0 ns)
	'add' operation ('add_ln126', D:/lenet_project/handoff/LeNet_DSE_Framework_2022_2/LeNet_DSE_Framework_2022_2/src/lenet_conv.cpp:126) [11]  (1.87 ns)
	'store' operation ('store_ln126', D:/lenet_project/handoff/LeNet_DSE_Framework_2022_2/LeNet_DSE_Framework_2022_2/src/lenet_conv.cpp:126) of variable 'add_ln126', D:/lenet_project/handoff/LeNet_DSE_Framework_2022_2/LeNet_DSE_Framework_2022_2/src/lenet_conv.cpp:126 on local variable 'index' [29]  (1.59 ns)

 <State 2>: 3.25ns
The critical path consists of the following:
	'load' operation ('value', D:/lenet_project/handoff/LeNet_DSE_Framework_2022_2/LeNet_DSE_Framework_2022_2/src/lenet_conv.cpp:127) on array 'conv3_output' [17]  (3.25 ns)

 <State 3>: 4.53ns
The critical path consists of the following:
	'fcmp' operation ('tmp_2', D:/lenet_project/handoff/LeNet_DSE_Framework_2022_2/LeNet_DSE_Framework_2022_2/src/lenet_conv.cpp:128) [24]  (4.53 ns)

 <State 4>: 4.53ns
The critical path consists of the following:
	'fcmp' operation ('tmp_2', D:/lenet_project/handoff/LeNet_DSE_Framework_2022_2/LeNet_DSE_Framework_2022_2/src/lenet_conv.cpp:128) [24]  (4.53 ns)

 <State 5>: 4.53ns
The critical path consists of the following:
	'fcmp' operation ('tmp_2', D:/lenet_project/handoff/LeNet_DSE_Framework_2022_2/LeNet_DSE_Framework_2022_2/src/lenet_conv.cpp:128) [24]  (4.53 ns)

 <State 6>: 4.23ns
The critical path consists of the following:
	'or' operation ('or_ln128', D:/lenet_project/handoff/LeNet_DSE_Framework_2022_2/LeNet_DSE_Framework_2022_2/src/lenet_conv.cpp:128) [23]  (0 ns)
	'and' operation ('and_ln128', D:/lenet_project/handoff/LeNet_DSE_Framework_2022_2/LeNet_DSE_Framework_2022_2/src/lenet_conv.cpp:128) [25]  (0 ns)
	'select' operation ('select_ln128', D:/lenet_project/handoff/LeNet_DSE_Framework_2022_2/LeNet_DSE_Framework_2022_2/src/lenet_conv.cpp:128) [26]  (0.978 ns)
	'store' operation ('store_ln128', D:/lenet_project/handoff/LeNet_DSE_Framework_2022_2/LeNet_DSE_Framework_2022_2/src/lenet_conv.cpp:128) of variable 'select_ln128', D:/lenet_project/handoff/LeNet_DSE_Framework_2022_2/LeNet_DSE_Framework_2022_2/src/lenet_conv.cpp:128 on array 'conv3_relu' [28]  (3.25 ns)


============================================================
+ Verbose Summary: Binding
============================================================
N/A
* FSMD analyzer results:
  - Output states:
 - Input state : 
  - Chain level:
	State 1
	State 2
	State 3
	State 4
	State 5
	State 6


============================================================
+ Verbose Summary: Datapath Resource usage 
============================================================
N/A
