

================================================================
== Vitis HLS Report for 'lenet_full_top_Pipeline_RELU_LOOP'
================================================================
* Date:           Sun Sep  6 21:25:45 2026

* Version:        2022.2 (Build 3670227 on Oct 13 2022)
* Project:        clk_7ns
* Solution:       solution1 (Vivado IP Flow Target)
* Product family: zynq
* Target device:  xc7z020-clg400-1


================================================================
== Performance Estimates
================================================================
+ Timing: 
    * Summary: 
    +--------+---------+----------+------------+
    |  Clock |  Target | Estimated| Uncertainty|
    +--------+---------+----------+------------+
    |ap_clk  |  7.00 ns|  4.526 ns|     1.89 ns|
    +--------+---------+----------+------------+

+ Latency: 
    * Summary: 
    +---------+---------+----------+----------+-----+-----+---------+
    |  Latency (cycles) |  Latency (absolute) |  Interval | Pipeline|
    |   min   |   max   |    min   |    max   | min | max |   Type  |
    +---------+---------+----------+----------+-----+-----+---------+
    |      126|      126|  0.882 us|  0.882 us|  126|  126|       no|
    +---------+---------+----------+----------+-----+-----+---------+

    + Detail: 
        * Instance: 
        N/A

        * Loop: 
        +-------------+---------+---------+----------+-----------+-----------+------+----------+
        |             |  Latency (cycles) | Iteration|  Initiation Interval  | Trip |          |
        |  Loop Name  |   min   |   max   |  Latency |  achieved |   target  | Count| Pipelined|
        +-------------+---------+---------+----------+-----------+-----------+------+----------+
        |- RELU_LOOP  |      124|      124|         6|          1|          1|   120|       yes|
        +-------------+---------+---------+----------+-----------+-----------+------+----------+



================================================================
== Utilization Estimates
================================================================
* Summary: 
+-----------------+---------+-----+--------+-------+-----+
|       Name      | BRAM_18K| DSP |   FF   |  LUT  | URAM|
+-----------------+---------+-----+--------+-------+-----+
|DSP              |        -|    -|       -|      -|    -|
|Expression       |        -|    -|       0|     88|    -|
|FIFO             |        -|    -|       -|      -|    -|
|Instance         |        -|    -|       -|      -|    -|
|Memory           |        -|    -|       -|      -|    -|
|Multiplexer      |        -|    -|       -|     36|    -|
|Register         |        -|    -|     188|     64|    -|
+-----------------+---------+-----+--------+-------+-----+
|Total            |        0|    0|     188|    188|    0|
+-----------------+---------+-----+--------+-------+-----+
|Available        |      280|  220|  106400|  53200|    0|
+-----------------+---------+-----+--------+-------+-----+
|Utilization (%)  |        0|    0|      ~0|     ~0|    0|
+-----------------+---------+-----+--------+-------+-----+

+ Detail: 
    * Instance: 
    N/A

    * DSP: 
    N/A

    * Memory: 
    N/A

    * FIFO: 
    N/A

    * Expression: 
    +------------------------+----------+----+---+----+------------+------------+
    |      Variable Name     | Operation| DSP| FF| LUT| Bitwidth P0| Bitwidth P1|
    +------------------------+----------+----+---+----+------------+------------+
    |add_ln126_fu_91_p2      |         +|   0|  0|  14|           7|           1|
    |and_ln128_fu_140_p2     |       and|   0|  0|   2|           1|           1|
    |icmp_ln126_fu_85_p2     |      icmp|   0|  0|  10|           7|           5|
    |icmp_ln128_1_fu_130_p2  |      icmp|   0|  0|  15|          23|           1|
    |icmp_ln128_fu_124_p2    |      icmp|   0|  0|  11|           8|           2|
    |or_ln128_fu_136_p2      |        or|   0|  0|   2|           1|           1|
    |conv3_relu_d0           |    select|   0|  0|  32|           1|          32|
    |ap_enable_pp0           |       xor|   0|  0|   2|           1|           2|
    +------------------------+----------+----+---+----+------------+------------+
    |Total                   |          |   0|  0|  88|          49|          45|
    +------------------------+----------+----+---+----+------------+------------+

    * Multiplexer: 
    +--------------------------+----+-----------+-----+-----------+
    |           Name           | LUT| Input Size| Bits| Total Bits|
    +--------------------------+----+-----------+-----+-----------+
    |ap_done_int               |   9|          2|    1|          2|
    |ap_enable_reg_pp0_iter1   |   9|          2|    1|          2|
    |ap_sig_allocacmp_index_2  |   9|          2|    7|         14|
    |index_fu_42               |   9|          2|    7|         14|
    +--------------------------+----+-----------+-----+-----------+
    |Total                     |  36|          8|   16|         32|
    +--------------------------+----+-----------+-----+-----------+

    * Register: 
    +----------------------------------+----+----+-----+-----------+
    |               Name               | FF | LUT| Bits| Const Bits|
    +----------------------------------+----+----+-----+-----------+
    |ap_CS_fsm                         |   1|   0|    1|          0|
    |ap_done_reg                       |   1|   0|    1|          0|
    |ap_enable_reg_pp0_iter1           |   1|   0|    1|          0|
    |ap_enable_reg_pp0_iter2           |   1|   0|    1|          0|
    |ap_enable_reg_pp0_iter3           |   1|   0|    1|          0|
    |ap_enable_reg_pp0_iter4           |   1|   0|    1|          0|
    |ap_enable_reg_pp0_iter5           |   1|   0|    1|          0|
    |ap_loop_exit_ready_pp0_iter1_reg  |   1|   0|    1|          0|
    |ap_loop_exit_ready_pp0_iter2_reg  |   1|   0|    1|          0|
    |ap_loop_exit_ready_pp0_iter3_reg  |   1|   0|    1|          0|
    |ap_loop_exit_ready_pp0_iter4_reg  |   1|   0|    1|          0|
    |icmp_ln128_1_reg_186              |   1|   0|    1|          0|
    |icmp_ln128_reg_181                |   1|   0|    1|          0|
    |index_cast_reg_164                |   7|   0|   64|         57|
    |index_fu_42                       |   7|   0|    7|          0|
    |tmp_2_reg_191                     |   1|   0|    1|          0|
    |value_reg_174                     |  32|   0|   32|          0|
    |index_cast_reg_164                |  64|  32|   64|         57|
    |value_reg_174                     |  64|  32|   32|          0|
    +----------------------------------+----+----+-----+-----------+
    |Total                             | 188|  64|  213|        114|
    +----------------------------------+----+----+-----+-----------+



================================================================
== Interface
================================================================
* Summary: 
+-----------------------+-----+-----+------------+-----------------------------------+--------------+
|       RTL Ports       | Dir | Bits|  Protocol  |           Source Object           |    C Type    |
+-----------------------+-----+-----+------------+-----------------------------------+--------------+
|ap_clk                 |   in|    1|  ap_ctrl_hs|  lenet_full_top_Pipeline_RELU_LOOP|  return value|
|ap_rst                 |   in|    1|  ap_ctrl_hs|  lenet_full_top_Pipeline_RELU_LOOP|  return value|
|ap_start               |   in|    1|  ap_ctrl_hs|  lenet_full_top_Pipeline_RELU_LOOP|  return value|
|ap_done                |  out|    1|  ap_ctrl_hs|  lenet_full_top_Pipeline_RELU_LOOP|  return value|
|ap_idle                |  out|    1|  ap_ctrl_hs|  lenet_full_top_Pipeline_RELU_LOOP|  return value|
|ap_ready               |  out|    1|  ap_ctrl_hs|  lenet_full_top_Pipeline_RELU_LOOP|  return value|
|grp_fu_1406_p_din0     |  out|   32|  ap_ctrl_hs|  lenet_full_top_Pipeline_RELU_LOOP|  return value|
|grp_fu_1406_p_din1     |  out|   32|  ap_ctrl_hs|  lenet_full_top_Pipeline_RELU_LOOP|  return value|
|grp_fu_1406_p_opcode   |  out|    5|  ap_ctrl_hs|  lenet_full_top_Pipeline_RELU_LOOP|  return value|
|grp_fu_1406_p_dout0    |   in|    1|  ap_ctrl_hs|  lenet_full_top_Pipeline_RELU_LOOP|  return value|
|grp_fu_1406_p_ce       |  out|    1|  ap_ctrl_hs|  lenet_full_top_Pipeline_RELU_LOOP|  return value|
|conv3_output_address0  |  out|    7|   ap_memory|                       conv3_output|         array|
|conv3_output_ce0       |  out|    1|   ap_memory|                       conv3_output|         array|
|conv3_output_q0        |   in|   32|   ap_memory|                       conv3_output|         array|
|conv3_relu_address0    |  out|    7|   ap_memory|                         conv3_relu|         array|
|conv3_relu_ce0         |  out|    1|   ap_memory|                         conv3_relu|         array|
|conv3_relu_we0         |  out|    1|   ap_memory|                         conv3_relu|         array|
|conv3_relu_d0          |  out|   32|   ap_memory|                         conv3_relu|         array|
+-----------------------+-----+-----+------------+-----------------------------------+--------------+

============================================================
+ Verbose Summary: Synthesis Manager
============================================================
InlineROM: 1
ExposeGlobal: 0
============================================================
+ Verbose Summary: CDFG Model
============================================================
IsTopModel: 0
ResetActiveHigh: 1
IsCombinational: 2
IsDatapathOnly: 2
HasWiredReturn: 1
HasMFsm: 2
HasVarLatency: 1
IsPipeline: 0
IsRtlPipelined: 0
IsInstanceOverlapped: 0
IsDontTouch: 0
HasImplIP: 0
IsGatedGlobalClock: 0

+ Individual pipeline summary: 
  * Pipeline-0: initiation interval (II) = 1, depth = 6


============================================================
+ Verbose Summary: Schedule
============================================================
* Number of FSM states : 6
* Pipeline : 1
  Pipeline-0 : II = 1, D = 6, States = { 1 2 3 4 5 6 }
* Dataflow Pipeline: 0

* FSM state transitions: 
1 --> 2 
2 --> 3 
3 --> 4 
4 --> 5 
5 --> 6 
6 --> 

* FSM state operations: 

State 1 <SV = 0> <Delay = 3.45>
ST_1 : Operation 9 [1/1] (0.00ns)   --->   "%index = alloca i32 1"   --->   Operation 9 'alloca' 'index' <Predicate = true> <Delay = 0.00>
ST_1 : Operation 10 [1/1] (1.58ns)   --->   "%store_ln0 = store i7 0, i7 %index"   --->   Operation 10 'store' 'store_ln0' <Predicate = true> <Delay = 1.58>
ST_1 : Operation 11 [1/1] (0.00ns)   --->   "%br_ln0 = br void %for.body.i"   --->   Operation 11 'br' 'br_ln0' <Predicate = true> <Delay = 0.00>
ST_1 : Operation 12 [1/1] (0.00ns)   --->   "%index_2 = load i7 %index" [D:/lenet_project/handoff/LeNet_DSE_Framework_2022_2/LeNet_DSE_Framework_2022_2/src/lenet_conv.cpp:126]   --->   Operation 12 'load' 'index_2' <Predicate = true> <Delay = 0.00>
ST_1 : Operation 13 [1/1] (0.00ns)   --->   "%specpipeline_ln0 = specpipeline void @_ssdm_op_SpecPipeline, i32 4294967295, i32 0, i32 1, i32 0, void @p_str"   --->   Operation 13 'specpipeline' 'specpipeline_ln0' <Predicate = true> <Delay = 0.00>
ST_1 : Operation 14 [1/1] (1.48ns)   --->   "%icmp_ln126 = icmp_eq  i7 %index_2, i7 120" [D:/lenet_project/handoff/LeNet_DSE_Framework_2022_2/LeNet_DSE_Framework_2022_2/src/lenet_conv.cpp:126]   --->   Operation 14 'icmp' 'icmp_ln126' <Predicate = true> <Delay = 1.48> <CoreInst = "Cmp">   --->   Core 9 'Cmp' <Latency = 0> <II = 1> <Delay = 1.48> <FuncUnit> <Opcode : 'icmp'> <InPorts = 2> <OutPorts = 1>
ST_1 : Operation 15 [1/1] (0.00ns)   --->   "%empty = speclooptripcount i32 @_ssdm_op_SpecLoopTripCount, i64 120, i64 120, i64 120"   --->   Operation 15 'speclooptripcount' 'empty' <Predicate = true> <Delay = 0.00>
ST_1 : Operation 16 [1/1] (1.87ns)   --->   "%add_ln126 = add i7 %index_2, i7 1" [D:/lenet_project/handoff/LeNet_DSE_Framework_2022_2/LeNet_DSE_Framework_2022_2/src/lenet_conv.cpp:126]   --->   Operation 16 'add' 'add_ln126' <Predicate = true> <Delay = 1.87> <CoreInst = "Adder">   --->   Core 1 'Adder' <Latency = 0> <II = 1> <Delay = 1.87> <FuncUnit> <Opcode : 'add' 'sub'> <InPorts = 2> <OutPorts = 1>
ST_1 : Operation 17 [1/1] (0.00ns)   --->   "%br_ln126 = br i1 %icmp_ln126, void %for.body.i.split, void %_ZN5lenet12_GLOBAL__N_111relu_vectorILi120EEEvPKfPf.exit.exitStub" [D:/lenet_project/handoff/LeNet_DSE_Framework_2022_2/LeNet_DSE_Framework_2022_2/src/lenet_conv.cpp:126]   --->   Operation 17 'br' 'br_ln126' <Predicate = true> <Delay = 0.00>
ST_1 : Operation 18 [1/1] (0.00ns)   --->   "%index_cast = zext i7 %index_2" [D:/lenet_project/handoff/LeNet_DSE_Framework_2022_2/LeNet_DSE_Framework_2022_2/src/lenet_conv.cpp:126]   --->   Operation 18 'zext' 'index_cast' <Predicate = (!icmp_ln126)> <Delay = 0.00>
ST_1 : Operation 19 [1/1] (0.00ns)   --->   "%conv3_output_addr = getelementptr i32 %conv3_output, i64 0, i64 %index_cast" [D:/lenet_project/handoff/LeNet_DSE_Framework_2022_2/LeNet_DSE_Framework_2022_2/src/lenet_conv.cpp:127]   --->   Operation 19 'getelementptr' 'conv3_output_addr' <Predicate = (!icmp_ln126)> <Delay = 0.00>
ST_1 : Operation 20 [2/2] (3.25ns)   --->   "%value = load i7 %conv3_output_addr" [D:/lenet_project/handoff/LeNet_DSE_Framework_2022_2/LeNet_DSE_Framework_2022_2/src/lenet_conv.cpp:127]   --->   Operation 20 'load' 'value' <Predicate = (!icmp_ln126)> <Delay = 3.25> <CoreInst = "RAM">   --->   Core 82 'RAM' <Latency = 1> <II = 1> <Delay = 3.25> <Storage> <Opcode : 'load' 'store'> <Ports = 2> <Width = 32> <Depth = 120> <RAM>
ST_1 : Operation 21 [1/1] (1.58ns)   --->   "%store_ln126 = store i7 %add_ln126, i7 %index" [D:/lenet_project/handoff/LeNet_DSE_Framework_2022_2/LeNet_DSE_Framework_2022_2/src/lenet_conv.cpp:126]   --->   Operation 21 'store' 'store_ln126' <Predicate = (!icmp_ln126)> <Delay = 1.58>

State 2 <SV = 1> <Delay = 3.25>
ST_2 : Operation 22 [1/2] (3.25ns)   --->   "%value = load i7 %conv3_output_addr" [D:/lenet_project/handoff/LeNet_DSE_Framework_2022_2/LeNet_DSE_Framework_2022_2/src/lenet_conv.cpp:127]   --->   Operation 22 'load' 'value' <Predicate = true> <Delay = 3.25> <CoreInst = "RAM">   --->   Core 82 'RAM' <Latency = 1> <II = 1> <Delay = 3.25> <Storage> <Opcode : 'load' 'store'> <Ports = 2> <Width = 32> <Depth = 120> <RAM>

State 3 <SV = 2> <Delay = 4.52>
ST_3 : Operation 23 [3/3] (4.52ns)   --->   "%tmp_2 = fcmp_ogt  i32 %value, i32 0" [D:/lenet_project/handoff/LeNet_DSE_Framework_2022_2/LeNet_DSE_Framework_2022_2/src/lenet_conv.cpp:128]   --->   Operation 23 'fcmp' 'tmp_2' <Predicate = true> <Delay = 4.52> <CoreInst = "FCompare">   --->   Core 19 'FCompare' <Latency = 2> <II = 1> <Delay = 4.52> <FuncUnit> <Opcode : 'fcmp'> <InPorts = 2> <OutPorts = 1>

State 4 <SV = 3> <Delay = 4.52>
ST_4 : Operation 24 [2/3] (4.52ns)   --->   "%tmp_2 = fcmp_ogt  i32 %value, i32 0" [D:/lenet_project/handoff/LeNet_DSE_Framework_2022_2/LeNet_DSE_Framework_2022_2/src/lenet_conv.cpp:128]   --->   Operation 24 'fcmp' 'tmp_2' <Predicate = true> <Delay = 4.52> <CoreInst = "FCompare">   --->   Core 19 'FCompare' <Latency = 2> <II = 1> <Delay = 4.52> <FuncUnit> <Opcode : 'fcmp'> <InPorts = 2> <OutPorts = 1>

State 5 <SV = 4> <Delay = 4.52>
ST_5 : Operation 25 [1/1] (0.00ns)   --->   "%bitcast_ln128 = bitcast i32 %value" [D:/lenet_project/handoff/LeNet_DSE_Framework_2022_2/LeNet_DSE_Framework_2022_2/src/lenet_conv.cpp:128]   --->   Operation 25 'bitcast' 'bitcast_ln128' <Predicate = true> <Delay = 0.00>
ST_5 : Operation 26 [1/1] (0.00ns)   --->   "%tmp_s = partselect i8 @_ssdm_op_PartSelect.i8.i32.i32.i32, i32 %bitcast_ln128, i32 23, i32 30" [D:/lenet_project/handoff/LeNet_DSE_Framework_2022_2/LeNet_DSE_Framework_2022_2/src/lenet_conv.cpp:128]   --->   Operation 26 'partselect' 'tmp_s' <Predicate = true> <Delay = 0.00>
ST_5 : Operation 27 [1/1] (0.00ns)   --->   "%trunc_ln128 = trunc i32 %bitcast_ln128" [D:/lenet_project/handoff/LeNet_DSE_Framework_2022_2/LeNet_DSE_Framework_2022_2/src/lenet_conv.cpp:128]   --->   Operation 27 'trunc' 'trunc_ln128' <Predicate = true> <Delay = 0.00>
ST_5 : Operation 28 [1/1] (1.55ns)   --->   "%icmp_ln128 = icmp_ne  i8 %tmp_s, i8 255" [D:/lenet_project/handoff/LeNet_DSE_Framework_2022_2/LeNet_DSE_Framework_2022_2/src/lenet_conv.cpp:128]   --->   Operation 28 'icmp' 'icmp_ln128' <Predicate = true> <Delay = 1.55> <CoreInst = "Cmp">   --->   Core 9 'Cmp' <Latency = 0> <II = 1> <Delay = 1.55> <FuncUnit> <Opcode : 'icmp'> <InPorts = 2> <OutPorts = 1>
ST_5 : Operation 29 [1/1] (2.44ns)   --->   "%icmp_ln128_1 = icmp_eq  i23 %trunc_ln128, i23 0" [D:/lenet_project/handoff/LeNet_DSE_Framework_2022_2/LeNet_DSE_Framework_2022_2/src/lenet_conv.cpp:128]   --->   Operation 29 'icmp' 'icmp_ln128_1' <Predicate = true> <Delay = 2.44> <CoreInst = "Cmp">   --->   Core 9 'Cmp' <Latency = 0> <II = 1> <Delay = 2.44> <FuncUnit> <Opcode : 'icmp'> <InPorts = 2> <OutPorts = 1>
ST_5 : Operation 30 [1/3] (4.52ns)   --->   "%tmp_2 = fcmp_ogt  i32 %value, i32 0" [D:/lenet_project/handoff/LeNet_DSE_Framework_2022_2/LeNet_DSE_Framework_2022_2/src/lenet_conv.cpp:128]   --->   Operation 30 'fcmp' 'tmp_2' <Predicate = true> <Delay = 4.52> <CoreInst = "FCompare">   --->   Core 19 'FCompare' <Latency = 2> <II = 1> <Delay = 4.52> <FuncUnit> <Opcode : 'fcmp'> <InPorts = 2> <OutPorts = 1>
ST_5 : Operation 38 [1/1] (0.00ns)   --->   "%ret_ln0 = ret"   --->   Operation 38 'ret' 'ret_ln0' <Predicate = (icmp_ln126)> <Delay = 0.00>

State 6 <SV = 5> <Delay = 4.23>
ST_6 : Operation 31 [1/1] (0.00ns)   --->   "%specloopname_ln126 = specloopname void @_ssdm_op_SpecLoopName, void @empty_17" [D:/lenet_project/handoff/LeNet_DSE_Framework_2022_2/LeNet_DSE_Framework_2022_2/src/lenet_conv.cpp:126]   --->   Operation 31 'specloopname' 'specloopname_ln126' <Predicate = true> <Delay = 0.00>
ST_6 : Operation 32 [1/1] (0.00ns) (grouped into LUT with out node select_ln128)   --->   "%or_ln128 = or i1 %icmp_ln128_1, i1 %icmp_ln128" [D:/lenet_project/handoff/LeNet_DSE_Framework_2022_2/LeNet_DSE_Framework_2022_2/src/lenet_conv.cpp:128]   --->   Operation 32 'or' 'or_ln128' <Predicate = true> <Delay = 0.00> <CoreInst = "LogicGate">   --->   Core 74 'LogicGate' <Latency = 0> <II = 1> <Delay = 0.97> <FuncUnit> <Opcode : 'and' 'or' 'xor'> <InPorts = 2> <OutPorts = 1>
ST_6 : Operation 33 [1/1] (0.00ns) (grouped into LUT with out node select_ln128)   --->   "%and_ln128 = and i1 %or_ln128, i1 %tmp_2" [D:/lenet_project/handoff/LeNet_DSE_Framework_2022_2/LeNet_DSE_Framework_2022_2/src/lenet_conv.cpp:128]   --->   Operation 33 'and' 'and_ln128' <Predicate = true> <Delay = 0.00> <CoreInst = "LogicGate">   --->   Core 74 'LogicGate' <Latency = 0> <II = 1> <Delay = 0.97> <FuncUnit> <Opcode : 'and' 'or' 'xor'> <InPorts = 2> <OutPorts = 1>
ST_6 : Operation 34 [1/1] (0.97ns) (out node of the LUT)   --->   "%select_ln128 = select i1 %and_ln128, i32 %value, i32 0" [D:/lenet_project/handoff/LeNet_DSE_Framework_2022_2/LeNet_DSE_Framework_2022_2/src/lenet_conv.cpp:128]   --->   Operation 34 'select' 'select_ln128' <Predicate = true> <Delay = 0.97> <CoreInst = "Sel">   --->   Core 73 'Sel' <Latency = 0> <II = 1> <Delay = 0.69> <FuncUnit> <Opcode : 'select'> <InPorts = 3> <OutPorts = 1>
ST_6 : Operation 35 [1/1] (0.00ns)   --->   "%conv3_relu_addr = getelementptr i32 %conv3_relu, i64 0, i64 %index_cast" [D:/lenet_project/handoff/LeNet_DSE_Framework_2022_2/LeNet_DSE_Framework_2022_2/src/lenet_conv.cpp:128]   --->   Operation 35 'getelementptr' 'conv3_relu_addr' <Predicate = true> <Delay = 0.00>
ST_6 : Operation 36 [1/1] (3.25ns)   --->   "%store_ln128 = store i32 %select_ln128, i7 %conv3_relu_addr" [D:/lenet_project/handoff/LeNet_DSE_Framework_2022_2/LeNet_DSE_Framework_2022_2/src/lenet_conv.cpp:128]   --->   Operation 36 'store' 'store_ln128' <Predicate = true> <Delay = 3.25> <CoreInst = "RAM">   --->   Core 82 'RAM' <Latency = 1> <II = 1> <Delay = 3.25> <Storage> <Opcode : 'load' 'store'> <Ports = 2> <Width = 32> <Depth = 120> <RAM>
ST_6 : Operation 37 [1/1] (0.00ns)   --->   "%br_ln126 = br void %for.body.i" [D:/lenet_project/handoff/LeNet_DSE_Framework_2022_2/LeNet_DSE_Framework_2022_2/src/lenet_conv.cpp:126]   --->   Operation 37 'br' 'br_ln126' <Predicate = true> <Delay = 0.00>


============================================================
+ Verbose Summary: Binding
============================================================
STG Binding: 
---------------- STG Properties BEGIN ----------------
- Is combinational: 0
- Is one-state seq: 0
- Is datapath-only: 0
- Is pipelined: 0
- Is top level: 0
Port [ Return ] is wired: 1; IO mode=ap_ctrl_hs:ce=0
Port [ conv3_output]:  wired=1; compound=1; hidden=0; nouse=0; global=0; static=0; extern=0; dir=0; type=1; pingpong=0; private_global=0; MemPort=[13]; IO mode=ap_memory:ce=0
Port [ conv3_relu]:  wired=1; compound=1; hidden=0; nouse=0; global=0; static=0; extern=0; dir=1; type=1; pingpong=0; private_global=0; MemPort=[03]; IO mode=ap_memory:ce=0
---------------- STG Properties END ------------------

---------------- Datapath Model BEGIN ----------------

<LifeTime>
<method=bitvector/>
index              (alloca           ) [ 0100000]
store_ln0          (store            ) [ 0000000]
br_ln0             (br               ) [ 0000000]
index_2            (load             ) [ 0000000]
specpipeline_ln0   (specpipeline     ) [ 0000000]
icmp_ln126         (icmp             ) [ 0111110]
empty              (speclooptripcount) [ 0000000]
add_ln126          (add              ) [ 0000000]
br_ln126           (br               ) [ 0000000]
index_cast         (zext             ) [ 0111111]
conv3_output_addr  (getelementptr    ) [ 0110000]
store_ln126        (store            ) [ 0000000]
value              (load             ) [ 0101111]
bitcast_ln128      (bitcast          ) [ 0000000]
tmp_s              (partselect       ) [ 0000000]
trunc_ln128        (trunc            ) [ 0000000]
icmp_ln128         (icmp             ) [ 0100001]
icmp_ln128_1       (icmp             ) [ 0100001]
tmp_2              (fcmp             ) [ 0100001]
specloopname_ln126 (specloopname     ) [ 0000000]
or_ln128           (or               ) [ 0000000]
and_ln128          (and              ) [ 0000000]
select_ln128       (select           ) [ 0000000]
conv3_relu_addr    (getelementptr    ) [ 0000000]
store_ln128        (store            ) [ 0000000]
br_ln126           (br               ) [ 0000000]
ret_ln0            (ret              ) [ 0000000]
</LifeTime>

<model>

<comp_list>
<comp id="0" class="1000" name="conv3_output">
<pin_list>
<pin id="1" dir="1" index="0" bw="1" slack="0"/>
</pin_list>
<bind>
<StgValue><ssdm name="conv3_output"/><MemPortTyVec>1 3 </MemPortTyVec>
</StgValue>
</bind>
</comp>

<comp id="2" class="1000" name="conv3_relu">
<pin_list>
<pin id="3" dir="1" index="0" bw="1" slack="0"/>
</pin_list>
<bind>
<StgValue><ssdm name="conv3_relu"/><MemPortTyVec>0 3 </MemPortTyVec>
</StgValue>
</bind>
</comp>

<comp id="4" class="1001" name="const_4">
<pin_list>
<pin id="5" dir="1" index="0" bw="1" slack="0"/>
</pin_list>
<bind>
<StgValue><ssdm name=""/></StgValue>
</bind>
</comp>

<comp id="6" class="1001" name="const_6">
<pin_list>
<pin id="7" dir="1" index="0" bw="1" slack="0"/>
</pin_list>
<bind>
<StgValue><ssdm name=""/></StgValue>
</bind>
</comp>

<comp id="8" class="1001" name="const_8">
<pin_list>
<pin id="9" dir="1" index="0" bw="1" slack="2147483647"/>
</pin_list>
<bind>
<StgValue><ssdm name="_ssdm_op_SpecPipeline"/></StgValue>
</bind>
</comp>

<comp id="10" class="1001" name="const_10">
<pin_list>
<pin id="11" dir="1" index="0" bw="1" slack="2147483647"/>
</pin_list>
<bind>
<StgValue><ssdm name=""/></StgValue>
</bind>
</comp>

<comp id="12" class="1001" name="const_12">
<pin_list>
<pin id="13" dir="1" index="0" bw="1" slack="2147483647"/>
</pin_list>
<bind>
<StgValue><ssdm name=""/></StgValue>
</bind>
</comp>

<comp id="14" class="1001" name="const_14">
<pin_list>
<pin id="15" dir="1" index="0" bw="1" slack="2147483647"/>
</pin_list>
<bind>
<StgValue><ssdm name="p_str"/></StgValue>
</bind>
</comp>

<comp id="16" class="1001" name="const_16">
<pin_list>
<pin id="17" dir="1" index="0" bw="1" slack="0"/>
</pin_list>
<bind>
<StgValue><ssdm name=""/></StgValue>
</bind>
</comp>

<comp id="18" class="1001" name="const_18">
<pin_list>
<pin id="19" dir="1" index="0" bw="1" slack="2147483647"/>
</pin_list>
<bind>
<StgValue><ssdm name="_ssdm_op_SpecLoopTripCount"/></StgValue>
</bind>
</comp>

<comp id="20" class="1001" name="const_20">
<pin_list>
<pin id="21" dir="1" index="0" bw="1" slack="2147483647"/>
</pin_list>
<bind>
<StgValue><ssdm name=""/></StgValue>
</bind>
</comp>

<comp id="22" class="1001" name="const_22">
<pin_list>
<pin id="23" dir="1" index="0" bw="1" slack="0"/>
</pin_list>
<bind>
<StgValue><ssdm name=""/></StgValue>
</bind>
</comp>

<comp id="24" class="1001" name="const_24">
<pin_list>
<pin id="25" dir="1" index="0" bw="1" slack="0"/>
</pin_list>
<bind>
<StgValue><ssdm name=""/></StgValue>
</bind>
</comp>

<comp id="26" class="1001" name="const_26">
<pin_list>
<pin id="27" dir="1" index="0" bw="1" slack="0"/>
</pin_list>
<bind>
<StgValue><ssdm name=""/></StgValue>
</bind>
</comp>

<comp id="28" class="1001" name="const_28">
<pin_list>
<pin id="29" dir="1" index="0" bw="1" slack="0"/>
</pin_list>
<bind>
<StgValue><ssdm name="_ssdm_op_PartSelect.i8.i32.i32.i32"/></StgValue>
</bind>
</comp>

<comp id="30" class="1001" name="const_30">
<pin_list>
<pin id="31" dir="1" index="0" bw="1" slack="0"/>
</pin_list>
<bind>
<StgValue><ssdm name=""/></StgValue>
</bind>
</comp>

<comp id="32" class="1001" name="const_32">
<pin_list>
<pin id="33" dir="1" index="0" bw="1" slack="0"/>
</pin_list>
<bind>
<StgValue><ssdm name=""/></StgValue>
</bind>
</comp>

<comp id="34" class="1001" name="const_34">
<pin_list>
<pin id="35" dir="1" index="0" bw="1" slack="0"/>
</pin_list>
<bind>
<StgValue><ssdm name=""/></StgValue>
</bind>
</comp>

<comp id="36" class="1001" name="const_36">
<pin_list>
<pin id="37" dir="1" index="0" bw="1" slack="0"/>
</pin_list>
<bind>
<StgValue><ssdm name=""/></StgValue>
</bind>
</comp>

<comp id="38" class="1001" name="const_38">
<pin_list>
<pin id="39" dir="1" index="0" bw="1" slack="2147483647"/>
</pin_list>
<bind>
<StgValue><ssdm name="_ssdm_op_SpecLoopName"/></StgValue>
</bind>
</comp>

<comp id="40" class="1001" name="const_40">
<pin_list>
<pin id="41" dir="1" index="0" bw="1" slack="2147483647"/>
</pin_list>
<bind>
<StgValue><ssdm name="empty_17"/></StgValue>
</bind>
</comp>

<comp id="42" class="1004" name="index_fu_42">
<pin_list>
<pin id="43" dir="0" index="0" bw="1" slack="0"/>
<pin id="44" dir="1" index="1" bw="7" slack="0"/>
</pin_list>
<bind>
<opcode="alloca(26) " fcode="alloca"/>
<opset="index/1 "/>
</bind>
</comp>

<comp id="46" class="1004" name="conv3_output_addr_gep_fu_46">
<pin_list>
<pin id="47" dir="0" index="0" bw="32" slack="0"/>
<pin id="48" dir="0" index="1" bw="1" slack="0"/>
<pin id="49" dir="0" index="2" bw="7" slack="0"/>
<pin id="50" dir="1" index="3" bw="7" slack="0"/>
</pin_list>
<bind>
<opcode="getelementptr(29) " fcode="getelementptr"/>
<opset="conv3_output_addr/1 "/>
</bind>
</comp>

<comp id="53" class="1004" name="grp_access_fu_53">
<pin_list>
<pin id="54" dir="0" index="0" bw="7" slack="0"/>
<pin id="55" dir="0" index="1" bw="32" slack="2147483647"/>
<pin id="56" dir="0" index="2" bw="0" slack="2147483647"/>
<pin id="57" dir="1" index="3" bw="32" slack="1"/>
</pin_list>
<bind>
<opcode="load(27) " fcode="load"/>
<opset="value/1 "/>
</bind>
</comp>

<comp id="59" class="1004" name="conv3_relu_addr_gep_fu_59">
<pin_list>
<pin id="60" dir="0" index="0" bw="32" slack="0"/>
<pin id="61" dir="0" index="1" bw="1" slack="0"/>
<pin id="62" dir="0" index="2" bw="7" slack="5"/>
<pin id="63" dir="1" index="3" bw="7" slack="0"/>
</pin_list>
<bind>
<opcode="getelementptr(29) " fcode="getelementptr"/>
<opset="conv3_relu_addr/6 "/>
</bind>
</comp>

<comp id="66" class="1004" name="store_ln128_access_fu_66">
<pin_list>
<pin id="67" dir="0" index="0" bw="7" slack="0"/>
<pin id="68" dir="0" index="1" bw="32" slack="0"/>
<pin id="69" dir="0" index="2" bw="0" slack="2147483647"/>
<pin id="70" dir="1" index="3" bw="32" slack="2147483647"/>
</pin_list>
<bind>
<opcode="store(28) " fcode="store"/>
<opset="store_ln128/6 "/>
</bind>
</comp>

<comp id="72" class="1004" name="grp_fu_72">
<pin_list>
<pin id="73" dir="0" index="0" bw="32" slack="1"/>
<pin id="74" dir="0" index="1" bw="32" slack="0"/>
<pin id="75" dir="1" index="2" bw="1" slack="1"/>
</pin_list>
<bind>
<opcode="fcmp(46) " fcode="fcmp"/>
<opset="tmp_2/3 "/>
</bind>
</comp>

<comp id="77" class="1004" name="store_ln0_store_fu_77">
<pin_list>
<pin id="78" dir="0" index="0" bw="1" slack="0"/>
<pin id="79" dir="0" index="1" bw="7" slack="0"/>
<pin id="80" dir="1" index="2" bw="0" slack="2147483647"/>
</pin_list>
<bind>
<opcode="store(28) " fcode="store"/>
<opset="store_ln0/1 "/>
</bind>
</comp>

<comp id="82" class="1004" name="index_2_load_fu_82">
<pin_list>
<pin id="83" dir="0" index="0" bw="7" slack="0"/>
<pin id="84" dir="1" index="1" bw="7" slack="0"/>
</pin_list>
<bind>
<opcode="load(27) " fcode="load"/>
<opset="index_2/1 "/>
</bind>
</comp>

<comp id="85" class="1004" name="icmp_ln126_fu_85">
<pin_list>
<pin id="86" dir="0" index="0" bw="7" slack="0"/>
<pin id="87" dir="0" index="1" bw="7" slack="0"/>
<pin id="88" dir="1" index="2" bw="1" slack="4"/>
</pin_list>
<bind>
<opcode="icmp(45) " fcode="icmp"/>
<opset="icmp_ln126/1 "/>
</bind>
</comp>

<comp id="91" class="1004" name="add_ln126_fu_91">
<pin_list>
<pin id="92" dir="0" index="0" bw="7" slack="0"/>
<pin id="93" dir="0" index="1" bw="1" slack="0"/>
<pin id="94" dir="1" index="2" bw="7" slack="0"/>
</pin_list>
<bind>
<opcode="add(8) " fcode="add"/>
<opset="add_ln126/1 "/>
</bind>
</comp>

<comp id="97" class="1004" name="index_cast_fu_97">
<pin_list>
<pin id="98" dir="0" index="0" bw="7" slack="0"/>
<pin id="99" dir="1" index="1" bw="64" slack="0"/>
</pin_list>
<bind>
<opcode="zext(34) " fcode="zext"/>
<opset="index_cast/1 "/>
</bind>
</comp>

<comp id="102" class="1004" name="store_ln126_store_fu_102">
<pin_list>
<pin id="103" dir="0" index="0" bw="7" slack="0"/>
<pin id="104" dir="0" index="1" bw="7" slack="0"/>
<pin id="105" dir="1" index="2" bw="0" slack="2147483647"/>
</pin_list>
<bind>
<opcode="store(28) " fcode="store"/>
<opset="store_ln126/1 "/>
</bind>
</comp>

<comp id="107" class="1004" name="bitcast_ln128_fu_107">
<pin_list>
<pin id="108" dir="0" index="0" bw="32" slack="3"/>
<pin id="109" dir="1" index="1" bw="32" slack="0"/>
</pin_list>
<bind>
<opcode="bitcast(44) " fcode="bitcast"/>
<opset="bitcast_ln128/5 "/>
</bind>
</comp>

<comp id="110" class="1004" name="tmp_s_fu_110">
<pin_list>
<pin id="111" dir="0" index="0" bw="8" slack="0"/>
<pin id="112" dir="0" index="1" bw="32" slack="0"/>
<pin id="113" dir="0" index="2" bw="6" slack="0"/>
<pin id="114" dir="0" index="3" bw="6" slack="0"/>
<pin id="115" dir="1" index="4" bw="8" slack="0"/>
</pin_list>
<bind>
<opcode="partselect(1002) " fcode="partselect"/>
<opset="tmp_s/5 "/>
</bind>
</comp>

<comp id="120" class="1004" name="trunc_ln128_fu_120">
<pin_list>
<pin id="121" dir="0" index="0" bw="32" slack="0"/>
<pin id="122" dir="1" index="1" bw="23" slack="0"/>
</pin_list>
<bind>
<opcode="trunc(33) " fcode="trunc"/>
<opset="trunc_ln128/5 "/>
</bind>
</comp>

<comp id="124" class="1004" name="icmp_ln128_fu_124">
<pin_list>
<pin id="125" dir="0" index="0" bw="8" slack="0"/>
<pin id="126" dir="0" index="1" bw="8" slack="0"/>
<pin id="127" dir="1" index="2" bw="1" slack="1"/>
</pin_list>
<bind>
<opcode="icmp(45) " fcode="icmp"/>
<opset="icmp_ln128/5 "/>
</bind>
</comp>

<comp id="130" class="1004" name="icmp_ln128_1_fu_130">
<pin_list>
<pin id="131" dir="0" index="0" bw="23" slack="0"/>
<pin id="132" dir="0" index="1" bw="23" slack="0"/>
<pin id="133" dir="1" index="2" bw="1" slack="1"/>
</pin_list>
<bind>
<opcode="icmp(45) " fcode="icmp"/>
<opset="icmp_ln128_1/5 "/>
</bind>
</comp>

<comp id="136" class="1004" name="or_ln128_fu_136">
<pin_list>
<pin id="137" dir="0" index="0" bw="1" slack="1"/>
<pin id="138" dir="0" index="1" bw="1" slack="1"/>
<pin id="139" dir="1" index="2" bw="1" slack="0"/>
</pin_list>
<bind>
<opcode="or(24) " fcode="or"/>
<opset="or_ln128/6 "/>
</bind>
</comp>

<comp id="140" class="1004" name="and_ln128_fu_140">
<pin_list>
<pin id="141" dir="0" index="0" bw="1" slack="0"/>
<pin id="142" dir="0" index="1" bw="1" slack="1"/>
<pin id="143" dir="1" index="2" bw="1" slack="0"/>
</pin_list>
<bind>
<opcode="and(23) " fcode="and"/>
<opset="and_ln128/6 "/>
</bind>
</comp>

<comp id="145" class="1004" name="select_ln128_fu_145">
<pin_list>
<pin id="146" dir="0" index="0" bw="1" slack="0"/>
<pin id="147" dir="0" index="1" bw="32" slack="4"/>
<pin id="148" dir="0" index="2" bw="32" slack="0"/>
<pin id="149" dir="1" index="3" bw="32" slack="0"/>
</pin_list>
<bind>
<opcode="select(49) " fcode="select"/>
<opset="select_ln128/6 "/>
</bind>
</comp>

<comp id="153" class="1005" name="index_reg_153">
<pin_list>
<pin id="154" dir="0" index="0" bw="7" slack="0"/>
<pin id="155" dir="1" index="1" bw="7" slack="0"/>
</pin_list>
<bind>
<opset="index "/>
</bind>
</comp>

<comp id="160" class="1005" name="icmp_ln126_reg_160">
<pin_list>
<pin id="161" dir="0" index="0" bw="1" slack="4"/>
<pin id="162" dir="1" index="1" bw="1" slack="2147483647"/>
</pin_list>
<bind>
<opset="icmp_ln126 "/>
</bind>
</comp>

<comp id="164" class="1005" name="index_cast_reg_164">
<pin_list>
<pin id="165" dir="0" index="0" bw="64" slack="5"/>
<pin id="166" dir="1" index="1" bw="64" slack="5"/>
</pin_list>
<bind>
<opset="index_cast "/>
</bind>
</comp>

<comp id="169" class="1005" name="conv3_output_addr_reg_169">
<pin_list>
<pin id="170" dir="0" index="0" bw="7" slack="1"/>
<pin id="171" dir="1" index="1" bw="7" slack="1"/>
</pin_list>
<bind>
<opset="conv3_output_addr "/>
</bind>
</comp>

<comp id="174" class="1005" name="value_reg_174">
<pin_list>
<pin id="175" dir="0" index="0" bw="32" slack="1"/>
<pin id="176" dir="1" index="1" bw="32" slack="1"/>
</pin_list>
<bind>
<opset="value "/>
</bind>
</comp>

<comp id="181" class="1005" name="icmp_ln128_reg_181">
<pin_list>
<pin id="182" dir="0" index="0" bw="1" slack="1"/>
<pin id="183" dir="1" index="1" bw="1" slack="1"/>
</pin_list>
<bind>
<opset="icmp_ln128 "/>
</bind>
</comp>

<comp id="186" class="1005" name="icmp_ln128_1_reg_186">
<pin_list>
<pin id="187" dir="0" index="0" bw="1" slack="1"/>
<pin id="188" dir="1" index="1" bw="1" slack="1"/>
</pin_list>
<bind>
<opset="icmp_ln128_1 "/>
</bind>
</comp>

<comp id="191" class="1005" name="tmp_2_reg_191">
<pin_list>
<pin id="192" dir="0" index="0" bw="1" slack="1"/>
<pin id="193" dir="1" index="1" bw="1" slack="1"/>
</pin_list>
<bind>
<opset="tmp_2 "/>
</bind>
</comp>

</comp_list>

<net_list>
<net id="45"><net_src comp="4" pin="0"/><net_sink comp="42" pin=0"/></net>

<net id="51"><net_src comp="0" pin="0"/><net_sink comp="46" pin=0"/></net>

<net id="52"><net_src comp="24" pin="0"/><net_sink comp="46" pin=1"/></net>

<net id="58"><net_src comp="46" pin="3"/><net_sink comp="53" pin=0"/></net>

<net id="64"><net_src comp="2" pin="0"/><net_sink comp="59" pin=0"/></net>

<net id="65"><net_src comp="24" pin="0"/><net_sink comp="59" pin=1"/></net>

<net id="71"><net_src comp="59" pin="3"/><net_sink comp="66" pin=0"/></net>

<net id="76"><net_src comp="26" pin="0"/><net_sink comp="72" pin=1"/></net>

<net id="81"><net_src comp="6" pin="0"/><net_sink comp="77" pin=0"/></net>

<net id="89"><net_src comp="82" pin="1"/><net_sink comp="85" pin=0"/></net>

<net id="90"><net_src comp="16" pin="0"/><net_sink comp="85" pin=1"/></net>

<net id="95"><net_src comp="82" pin="1"/><net_sink comp="91" pin=0"/></net>

<net id="96"><net_src comp="22" pin="0"/><net_sink comp="91" pin=1"/></net>

<net id="100"><net_src comp="82" pin="1"/><net_sink comp="97" pin=0"/></net>

<net id="101"><net_src comp="97" pin="1"/><net_sink comp="46" pin=2"/></net>

<net id="106"><net_src comp="91" pin="2"/><net_sink comp="102" pin=0"/></net>

<net id="116"><net_src comp="28" pin="0"/><net_sink comp="110" pin=0"/></net>

<net id="117"><net_src comp="107" pin="1"/><net_sink comp="110" pin=1"/></net>

<net id="118"><net_src comp="30" pin="0"/><net_sink comp="110" pin=2"/></net>

<net id="119"><net_src comp="32" pin="0"/><net_sink comp="110" pin=3"/></net>

<net id="123"><net_src comp="107" pin="1"/><net_sink comp="120" pin=0"/></net>

<net id="128"><net_src comp="110" pin="4"/><net_sink comp="124" pin=0"/></net>

<net id="129"><net_src comp="34" pin="0"/><net_sink comp="124" pin=1"/></net>

<net id="134"><net_src comp="120" pin="1"/><net_sink comp="130" pin=0"/></net>

<net id="135"><net_src comp="36" pin="0"/><net_sink comp="130" pin=1"/></net>

<net id="144"><net_src comp="136" pin="2"/><net_sink comp="140" pin=0"/></net>

<net id="150"><net_src comp="140" pin="2"/><net_sink comp="145" pin=0"/></net>

<net id="151"><net_src comp="26" pin="0"/><net_sink comp="145" pin=2"/></net>

<net id="152"><net_src comp="145" pin="3"/><net_sink comp="66" pin=1"/></net>

<net id="156"><net_src comp="42" pin="1"/><net_sink comp="153" pin=0"/></net>

<net id="157"><net_src comp="153" pin="1"/><net_sink comp="77" pin=1"/></net>

<net id="158"><net_src comp="153" pin="1"/><net_sink comp="82" pin=0"/></net>

<net id="159"><net_src comp="153" pin="1"/><net_sink comp="102" pin=1"/></net>

<net id="163"><net_src comp="85" pin="2"/><net_sink comp="160" pin=0"/></net>

<net id="167"><net_src comp="97" pin="1"/><net_sink comp="164" pin=0"/></net>

<net id="168"><net_src comp="164" pin="1"/><net_sink comp="59" pin=2"/></net>

<net id="172"><net_src comp="46" pin="3"/><net_sink comp="169" pin=0"/></net>

<net id="173"><net_src comp="169" pin="1"/><net_sink comp="53" pin=0"/></net>

<net id="177"><net_src comp="53" pin="3"/><net_sink comp="174" pin=0"/></net>

<net id="178"><net_src comp="174" pin="1"/><net_sink comp="72" pin=0"/></net>

<net id="179"><net_src comp="174" pin="1"/><net_sink comp="107" pin=0"/></net>

<net id="180"><net_src comp="174" pin="1"/><net_sink comp="145" pin=1"/></net>

<net id="184"><net_src comp="124" pin="2"/><net_sink comp="181" pin=0"/></net>

<net id="185"><net_src comp="181" pin="1"/><net_sink comp="136" pin=1"/></net>

<net id="189"><net_src comp="130" pin="2"/><net_sink comp="186" pin=0"/></net>

<net id="190"><net_src comp="186" pin="1"/><net_sink comp="136" pin=0"/></net>

<net id="194"><net_src comp="72" pin="2"/><net_sink comp="191" pin=0"/></net>

<net id="195"><net_src comp="191" pin="1"/><net_sink comp="140" pin=1"/></net>

</net_list>

</model> 
---------------- Datapath Model END ------------------

* FSMD analyzer results:
  - Output states:
	Port: conv3_relu | {6 }
 - Input state : 
	Port: lenet_full_top_Pipeline_RELU_LOOP : conv3_output | {1 2 }
  - Chain level:
	State 1
		store_ln0 : 1
		index_2 : 1
		icmp_ln126 : 2
		add_ln126 : 2
		br_ln126 : 3
		index_cast : 2
		conv3_output_addr : 3
		value : 4
		store_ln126 : 3
	State 2
	State 3
	State 4
	State 5
		tmp_s : 1
		trunc_ln128 : 1
		icmp_ln128 : 2
		icmp_ln128_1 : 2
	State 6
		store_ln128 : 1


============================================================
+ Verbose Summary: Datapath Resource usage 
============================================================

* Functional unit list:
|----------|---------------------|---------|---------|
| Operation|   Functional Unit   |    FF   |   LUT   |
|----------|---------------------|---------|---------|
|          |   icmp_ln126_fu_85  |    0    |    10   |
|   icmp   |  icmp_ln128_fu_124  |    0    |    11   |
|          | icmp_ln128_1_fu_130 |    0    |    15   |
|----------|---------------------|---------|---------|
|  select  | select_ln128_fu_145 |    0    |    32   |
|----------|---------------------|---------|---------|
|    add   |   add_ln126_fu_91   |    0    |    14   |
|----------|---------------------|---------|---------|
|    or    |   or_ln128_fu_136   |    0    |    2    |
|----------|---------------------|---------|---------|
|    and   |   and_ln128_fu_140  |    0    |    2    |
|----------|---------------------|---------|---------|
|   fcmp   |      grp_fu_72      |    0    |    0    |
|----------|---------------------|---------|---------|
|   zext   |   index_cast_fu_97  |    0    |    0    |
|----------|---------------------|---------|---------|
|partselect|     tmp_s_fu_110    |    0    |    0    |
|----------|---------------------|---------|---------|
|   trunc  |  trunc_ln128_fu_120 |    0    |    0    |
|----------|---------------------|---------|---------|
|   Total  |                     |    0    |    86   |
|----------|---------------------|---------|---------|

Memories:
N/A

* Register list:
+-------------------------+--------+
|                         |   FF   |
+-------------------------+--------+
|conv3_output_addr_reg_169|    7   |
|    icmp_ln126_reg_160   |    1   |
|   icmp_ln128_1_reg_186  |    1   |
|    icmp_ln128_reg_181   |    1   |
|    index_cast_reg_164   |   64   |
|      index_reg_153      |    7   |
|      tmp_2_reg_191      |    1   |
|      value_reg_174      |   32   |
+-------------------------+--------+
|          Total          |   114  |
+-------------------------+--------+

* Multiplexer (MUX) list: 
|------------------|------|------|------|--------||---------||---------|
|       Comp       |  Pin | Size |  BW  | S x BW ||  Delay  ||   LUT   |
|------------------|------|------|------|--------||---------||---------|
| grp_access_fu_53 |  p0  |   2  |   7  |   14   ||    9    |
|------------------|------|------|------|--------||---------||---------|
|       Total      |      |      |      |   14   ||  1.588  ||    9    |
|------------------|------|------|------|--------||---------||---------|



* Summary:
+-----------+--------+--------+--------+
|           |  Delay |   FF   |   LUT  |
+-----------+--------+--------+--------+
|  Function |    -   |    0   |   86   |
|   Memory  |    -   |    -   |    -   |
|Multiplexer|    1   |    -   |    9   |
|  Register |    -   |   114  |    -   |
+-----------+--------+--------+--------+
|   Total   |    1   |   114  |   95   |
+-----------+--------+--------+--------+
