

================================================================
== Vitis HLS Report for 'lenet_full_top_Pipeline_POOL_CHANNEL_POOL_ROW_POOL_COL'
================================================================
* Date:           Sun Sep  6 21:24:59 2026

* Version:        2022.2 (Build 3670227 on Oct 13 2022)
* Project:        clk_7_5ns
* Solution:       solution1 (Vivado IP Flow Target)
* Product family: zynq
* Target device:  xc7z020-clg400-1


================================================================
== Performance Estimates
================================================================
+ Timing: 
    * Summary: 
    +--------+---------+----------+------------+
    |  Clock |  Target | Estimated| Uncertainty|
    +--------+---------+----------+------------+
    |ap_clk  |  7.50 ns|  5.431 ns|     2.03 ns|
    +--------+---------+----------+------------+

+ Latency: 
    * Summary: 
    +---------+---------+----------+----------+------+------+---------+
    |  Latency (cycles) |  Latency (absolute) |   Interval  | Pipeline|
    |   min   |   max   |    min   |    max   |  min |  max |   Type  |
    +---------+---------+----------+----------+------+------+---------+
    |     1193|     1193|  8.947 us|  8.947 us|  1193|  1193|       no|
    +---------+---------+----------+----------+------+------+---------+

    + Detail: 
        * Instance: 
        N/A

        * Loop: 
        +----------------------------------+---------+---------+----------+-----------+-----------+------+----------+
        |                                  |  Latency (cycles) | Iteration|  Initiation Interval  | Trip |          |
        |             Loop Name            |   min   |   max   |  Latency |  achieved |   target  | Count| Pipelined|
        +----------------------------------+---------+---------+----------+-----------+-----------+------+----------+
        |- POOL_CHANNEL_POOL_ROW_POOL_COL  |     1191|     1191|        17|          1|          1|  1176|       yes|
        +----------------------------------+---------+---------+----------+-----------+-----------+------+----------+



================================================================
== Utilization Estimates
================================================================
* Summary: 
+-----------------+---------+-----+--------+-------+-----+
|       Name      | BRAM_18K| DSP |   FF   |  LUT  | URAM|
+-----------------+---------+-----+--------+-------+-----+
|DSP              |        -|    -|       -|      -|    -|
|Expression       |        -|    -|       0|    884|    -|
|FIFO             |        -|    -|       -|      -|    -|
|Instance         |        -|    -|       -|      -|    -|
|Memory           |        -|    -|       -|      -|    -|
|Multiplexer      |        -|    -|       -|     90|    -|
|Register         |        -|    -|     966|    288|    -|
+-----------------+---------+-----+--------+-------+-----+
|Total            |        0|    0|     966|   1262|    0|
+-----------------+---------+-----+--------+-------+-----+
|Available        |      280|  220|  106400|  53200|    0|
+-----------------+---------+-----+--------+-------+-----+
|Utilization (%)  |        0|    0|      ~0|      2|    0|
+-----------------+---------+-----+--------+-------+-----+

+ Detail: 
    * Instance: 
    N/A

    * DSP: 
    N/A

    * Memory: 
    N/A

    * FIFO: 
    N/A

    * Expression: 
    +---------------------------+----------+----+---+----+------------+------------+
    |       Variable Name       | Operation| DSP| FF| LUT| Bitwidth P0| Bitwidth P1|
    +---------------------------+----------+----+---+----+------------+------------+
    |add_ln105_1_fu_878_p2      |         +|   0|  0|  14|          13|          13|
    |add_ln105_fu_872_p2        |         +|   0|  0|  14|          13|          13|
    |add_ln114_fu_884_p2        |         +|   0|  0|  12|          11|          11|
    |add_ln91_1_fu_225_p2       |         +|   0|  0|  12|          11|           1|
    |add_ln91_fu_340_p2         |         +|   0|  0|  11|           3|           1|
    |add_ln93_2_fu_240_p2       |         +|   0|  0|  15|           8|           1|
    |add_ln93_fu_438_p2         |         +|   0|  0|  13|           4|           1|
    |add_ln95_fu_465_p2         |         +|   0|  0|  13|           4|           1|
    |empty_36_fu_495_p2         |         +|   0|  0|  15|           8|           8|
    |empty_39_fu_530_p2         |         +|   0|  0|  14|           9|           9|
    |p_mid118_fu_729_p2         |         +|   0|  0|  15|           8|           8|
    |p_mid122_fu_772_p2         |         +|   0|  0|  14|           9|           9|
    |empty_35_fu_324_p2         |         -|   0|  0|  15|           8|           8|
    |empty_38_fu_524_p2         |         -|   0|  0|  12|          11|          11|
    |empty_41_fu_559_p2         |         -|   0|  0|  14|          13|          13|
    |empty_44_fu_595_p2         |         -|   0|  0|  14|          13|          13|
    |empty_fu_294_p2            |         -|   0|  0|  14|           9|           9|
    |p_mid120_fu_759_p2         |         -|   0|  0|  12|          11|          11|
    |p_mid124_fu_802_p2         |         -|   0|  0|  14|          13|          13|
    |p_mid128_fu_845_p2         |         -|   0|  0|  14|          13|          13|
    |p_mid142_fu_370_p2         |         -|   0|  0|  14|           9|           9|
    |p_mid144_fu_400_p2         |         -|   0|  0|  15|           8|           8|
    |p_mid166_fu_629_p2         |         -|   0|  0|  12|          11|          11|
    |p_mid180_fu_660_p2         |         -|   0|  0|  14|          13|          13|
    |p_mid194_fu_702_p2         |         -|   0|  0|  14|          13|          13|
    |and_ln107_1_fu_1039_p2     |       and|   0|  0|   2|           1|           1|
    |and_ln107_2_fu_1045_p2     |       and|   0|  0|   2|           1|           1|
    |and_ln107_3_fu_1126_p2     |       and|   0|  0|   2|           1|           1|
    |and_ln107_4_fu_1132_p2     |       and|   0|  0|   2|           1|           1|
    |and_ln107_5_fu_1209_p2     |       and|   0|  0|   2|           1|           1|
    |and_ln107_6_fu_1215_p2     |       and|   0|  0|   2|           1|           1|
    |and_ln107_fu_957_p2        |       and|   0|  0|   2|           1|           1|
    |and_ln91_fu_425_p2         |       and|   0|  0|   2|           1|           1|
    |icmp_ln107_10_fu_1177_p2   |      icmp|   0|  0|  11|           8|           2|
    |icmp_ln107_11_fu_1183_p2   |      icmp|   0|  0|  15|          23|           1|
    |icmp_ln107_12_fu_1189_p2   |      icmp|   0|  0|  11|           8|           2|
    |icmp_ln107_13_fu_1195_p2   |      icmp|   0|  0|  15|          23|           1|
    |icmp_ln107_1_fu_945_p2     |      icmp|   0|  0|  15|          23|           1|
    |icmp_ln107_2_fu_1003_p2    |      icmp|   0|  0|  11|           8|           2|
    |icmp_ln107_3_fu_1009_p2    |      icmp|   0|  0|  15|          23|           1|
    |icmp_ln107_4_fu_1021_p2    |      icmp|   0|  0|  11|           8|           2|
    |icmp_ln107_5_fu_1027_p2    |      icmp|   0|  0|  15|          23|           1|
    |icmp_ln107_6_fu_1090_p2    |      icmp|   0|  0|  11|           8|           2|
    |icmp_ln107_7_fu_1096_p2    |      icmp|   0|  0|  15|          23|           1|
    |icmp_ln107_8_fu_1108_p2    |      icmp|   0|  0|  11|           8|           2|
    |icmp_ln107_9_fu_1114_p2    |      icmp|   0|  0|  15|          23|           1|
    |icmp_ln107_fu_939_p2       |      icmp|   0|  0|  11|           8|           2|
    |icmp_ln91_fu_219_p2        |      icmp|   0|  0|  11|          11|          11|
    |icmp_ln93_fu_234_p2        |      icmp|   0|  0|  11|           8|           7|
    |icmp_ln95_fu_419_p2        |      icmp|   0|  0|   9|           4|           3|
    |empty_42_fu_565_p2         |        or|   0|  0|   9|           9|           1|
    |or_ln105_1_fu_912_p2       |        or|   0|  0|  13|           1|          13|
    |or_ln105_fu_898_p2         |        or|   0|  0|  13|           1|          13|
    |or_ln107_1_fu_1015_p2      |        or|   0|  0|   2|           1|           1|
    |or_ln107_2_fu_1033_p2      |        or|   0|  0|   2|           1|           1|
    |or_ln107_3_fu_1102_p2      |        or|   0|  0|   2|           1|           1|
    |or_ln107_4_fu_1120_p2      |        or|   0|  0|   2|           1|           1|
    |or_ln107_5_fu_1201_p2      |        or|   0|  0|   2|           1|           1|
    |or_ln107_6_fu_1205_p2      |        or|   0|  0|   2|           1|           1|
    |or_ln107_fu_951_p2         |        or|   0|  0|   2|           1|           1|
    |or_ln93_fu_444_p2          |        or|   0|  0|   2|           1|           1|
    |p_mid126_fu_815_p2         |        or|   0|  0|   9|           9|           1|
    |p_mid182_fu_673_p2         |        or|   0|  0|   9|           9|           1|
    |pool1_output_d0            |    select|   0|  0|  32|           1|          32|
    |select_ln107_1_fu_1050_p3  |    select|   0|  0|  32|           1|          32|
    |select_ln107_2_fu_1137_p3  |    select|   0|  0|  32|           1|          32|
    |select_ln107_fu_962_p3     |    select|   0|  0|  32|           1|          32|
    |select_ln91_1_fu_601_p3    |    select|   0|  0|   9|           1|           9|
    |select_ln91_2_fu_606_p3    |    select|   0|  0|   8|           1|           8|
    |select_ln91_3_fu_635_p3    |    select|   0|  0|  11|           1|          11|
    |select_ln91_4_fu_666_p3    |    select|   0|  0|  13|           1|          13|
    |select_ln91_5_fu_708_p3    |    select|   0|  0|  13|           1|          13|
    |select_ln91_6_fu_431_p3    |    select|   0|  0|   3|           1|           3|
    |select_ln91_fu_333_p3      |    select|   0|  0|   4|           1|           1|
    |select_ln93_1_fu_765_p3    |    select|   0|  0|  11|           1|          11|
    |select_ln93_2_fu_808_p3    |    select|   0|  0|  13|           1|          13|
    |select_ln93_3_fu_851_p3    |    select|   0|  0|  13|           1|          13|
    |select_ln93_4_fu_457_p3    |    select|   0|  0|   4|           1|           4|
    |select_ln93_5_fu_246_p3    |    select|   0|  0|   8|           1|           1|
    |select_ln93_fu_449_p3      |    select|   0|  0|   4|           1|           1|
    |ap_enable_pp0              |       xor|   0|  0|   2|           1|           2|
    |xor_ln91_fu_414_p2         |       xor|   0|  0|   2|           1|           2|
    +---------------------------+----------+----+---+----+------------+------------+
    |Total                      |          |   0|  0| 884|         550|         541|
    +---------------------------+----------+----+---+----+------------+------------+

    * Multiplexer: 
    +----------------------------------------+----+-----------+-----+-----------+
    |                  Name                  | LUT| Input Size| Bits| Total Bits|
    +----------------------------------------+----+-----------+-----+-----------+
    |ap_done_int                             |   9|          2|    1|          2|
    |ap_enable_reg_pp0_iter3                 |   9|          2|    1|          2|
    |ap_sig_allocacmp_indvar_flatten30_load  |   9|          2|    8|         16|
    |ap_sig_allocacmp_indvar_flatten98_load  |   9|          2|   11|         22|
    |ap_sig_allocacmp_output_col_load        |   9|          2|    4|          8|
    |channel_fu_104                          |   9|          2|    3|          6|
    |indvar_flatten30_fu_100                 |   9|          2|    8|         16|
    |indvar_flatten98_fu_108                 |   9|          2|   11|         22|
    |output_col_fu_92                        |   9|          2|    4|          8|
    |output_row_1_fu_96                      |   9|          2|    4|          8|
    +----------------------------------------+----+-----------+-----+-----------+
    |Total                                   |  90|         20|   55|        110|
    +----------------------------------------+----+-----------+-----+-----------+

    * Register: 
    +-----------------------------------+----+----+-----+-----------+
    |                Name               | FF | LUT| Bits| Const Bits|
    +-----------------------------------+----+----+-----+-----------+
    |add_ln105_1_reg_1354               |  12|   0|   13|          1|
    |add_ln105_reg_1348                 |  12|   0|   13|          1|
    |add_ln114_reg_1360                 |  11|   0|   11|          0|
    |add_ln93_reg_1331                  |   4|   0|    4|          0|
    |add_ln95_reg_1343                  |   4|   0|    4|          0|
    |and_ln91_reg_1324                  |   1|   0|    1|          0|
    |ap_CS_fsm                          |   1|   0|    1|          0|
    |ap_done_reg                        |   1|   0|    1|          0|
    |ap_enable_reg_pp0_iter1            |   1|   0|    1|          0|
    |ap_enable_reg_pp0_iter10           |   1|   0|    1|          0|
    |ap_enable_reg_pp0_iter11           |   1|   0|    1|          0|
    |ap_enable_reg_pp0_iter12           |   1|   0|    1|          0|
    |ap_enable_reg_pp0_iter13           |   1|   0|    1|          0|
    |ap_enable_reg_pp0_iter14           |   1|   0|    1|          0|
    |ap_enable_reg_pp0_iter15           |   1|   0|    1|          0|
    |ap_enable_reg_pp0_iter16           |   1|   0|    1|          0|
    |ap_enable_reg_pp0_iter2            |   1|   0|    1|          0|
    |ap_enable_reg_pp0_iter3            |   1|   0|    1|          0|
    |ap_enable_reg_pp0_iter4            |   1|   0|    1|          0|
    |ap_enable_reg_pp0_iter5            |   1|   0|    1|          0|
    |ap_enable_reg_pp0_iter6            |   1|   0|    1|          0|
    |ap_enable_reg_pp0_iter7            |   1|   0|    1|          0|
    |ap_enable_reg_pp0_iter8            |   1|   0|    1|          0|
    |ap_enable_reg_pp0_iter9            |   1|   0|    1|          0|
    |ap_loop_exit_ready_pp0_iter10_reg  |   1|   0|    1|          0|
    |ap_loop_exit_ready_pp0_iter11_reg  |   1|   0|    1|          0|
    |ap_loop_exit_ready_pp0_iter12_reg  |   1|   0|    1|          0|
    |ap_loop_exit_ready_pp0_iter13_reg  |   1|   0|    1|          0|
    |ap_loop_exit_ready_pp0_iter14_reg  |   1|   0|    1|          0|
    |ap_loop_exit_ready_pp0_iter15_reg  |   1|   0|    1|          0|
    |ap_loop_exit_ready_pp0_iter1_reg   |   1|   0|    1|          0|
    |ap_loop_exit_ready_pp0_iter2_reg   |   1|   0|    1|          0|
    |ap_loop_exit_ready_pp0_iter3_reg   |   1|   0|    1|          0|
    |ap_loop_exit_ready_pp0_iter4_reg   |   1|   0|    1|          0|
    |ap_loop_exit_ready_pp0_iter5_reg   |   1|   0|    1|          0|
    |ap_loop_exit_ready_pp0_iter6_reg   |   1|   0|    1|          0|
    |ap_loop_exit_ready_pp0_iter7_reg   |   1|   0|    1|          0|
    |ap_loop_exit_ready_pp0_iter8_reg   |   1|   0|    1|          0|
    |ap_loop_exit_ready_pp0_iter9_reg   |   1|   0|    1|          0|
    |channel_fu_104                     |   3|   0|    3|          0|
    |conv1_output_load_1_reg_1392       |  32|   0|   32|          0|
    |conv1_output_load_2_reg_1399       |  32|   0|   32|          0|
    |conv1_output_load_3_reg_1406       |  32|   0|   32|          0|
    |conv1_output_load_reg_1385         |  32|   0|   32|          0|
    |empty_35_reg_1295                  |   7|   0|    8|          1|
    |empty_46_reg_1314                  |   6|   0|    7|          1|
    |empty_47_reg_1319                  |   6|   0|    8|          2|
    |empty_reg_1289                     |   7|   0|    9|          2|
    |icmp_ln107_10_reg_1449             |   1|   0|    1|          0|
    |icmp_ln107_11_reg_1454             |   1|   0|    1|          0|
    |icmp_ln107_12_reg_1459             |   1|   0|    1|          0|
    |icmp_ln107_13_reg_1464             |   1|   0|    1|          0|
    |icmp_ln91_reg_1266                 |   1|   0|    1|          0|
    |icmp_ln93_reg_1270                 |   1|   0|    1|          0|
    |icmp_ln93_reg_1270_pp0_iter1_reg   |   1|   0|    1|          0|
    |indvar_flatten30_fu_100            |   8|   0|    8|          0|
    |indvar_flatten98_fu_108            |  11|   0|   11|          0|
    |output_col_fu_92                   |   4|   0|    4|          0|
    |output_row_1_fu_96                 |   4|   0|    4|          0|
    |output_row_reg_1283                |   4|   0|    4|          0|
    |p_mid142_reg_1301                  |   7|   0|    9|          2|
    |p_mid144_reg_1308                  |   7|   0|    8|          1|
    |select_ln107_1_reg_1430            |  32|   0|   32|          0|
    |select_ln107_2_reg_1442            |  32|   0|   32|          0|
    |select_ln107_reg_1418              |  32|   0|   32|          0|
    |select_ln93_reg_1337               |   4|   0|    4|          0|
    |tmp_12_reg_1437                    |   1|   0|    1|          0|
    |tmp_15_reg_1469                    |   1|   0|    1|          0|
    |tmp_7_reg_1413                     |   1|   0|    1|          0|
    |tmp_s_reg_1425                     |   1|   0|    1|          0|
    |add_ln114_reg_1360                 |  64|  32|   11|          0|
    |conv1_output_load_1_reg_1392       |  64|  32|   32|          0|
    |conv1_output_load_2_reg_1399       |  64|  32|   32|          0|
    |conv1_output_load_3_reg_1406       |  64|  32|   32|          0|
    |conv1_output_load_reg_1385         |  64|  32|   32|          0|
    |icmp_ln91_reg_1266                 |  64|  32|    1|          0|
    |select_ln107_1_reg_1430            |  64|  32|   32|          0|
    |select_ln107_2_reg_1442            |  64|  32|   32|          0|
    |select_ln107_reg_1418              |  64|  32|   32|          0|
    +-----------------------------------+----+----+-----+-----------+
    |Total                              | 966| 288|  637|         11|
    +-----------------------------------+----+----+-----+-----------+



================================================================
== Interface
================================================================
* Summary: 
+-----------------------+-----+-----+------------+--------------------------------------------------------+--------------+
|       RTL Ports       | Dir | Bits|  Protocol  |                      Source Object                     |    C Type    |
+-----------------------+-----+-----+------------+--------------------------------------------------------+--------------+
|ap_clk                 |   in|    1|  ap_ctrl_hs|  lenet_full_top_Pipeline_POOL_CHANNEL_POOL_ROW_POOL_COL|  return value|
|ap_rst                 |   in|    1|  ap_ctrl_hs|  lenet_full_top_Pipeline_POOL_CHANNEL_POOL_ROW_POOL_COL|  return value|
|ap_start               |   in|    1|  ap_ctrl_hs|  lenet_full_top_Pipeline_POOL_CHANNEL_POOL_ROW_POOL_COL|  return value|
|ap_done                |  out|    1|  ap_ctrl_hs|  lenet_full_top_Pipeline_POOL_CHANNEL_POOL_ROW_POOL_COL|  return value|
|ap_idle                |  out|    1|  ap_ctrl_hs|  lenet_full_top_Pipeline_POOL_CHANNEL_POOL_ROW_POOL_COL|  return value|
|ap_ready               |  out|    1|  ap_ctrl_hs|  lenet_full_top_Pipeline_POOL_CHANNEL_POOL_ROW_POOL_COL|  return value|
|grp_fu_1406_p_din0     |  out|   32|  ap_ctrl_hs|  lenet_full_top_Pipeline_POOL_CHANNEL_POOL_ROW_POOL_COL|  return value|
|grp_fu_1406_p_din1     |  out|   32|  ap_ctrl_hs|  lenet_full_top_Pipeline_POOL_CHANNEL_POOL_ROW_POOL_COL|  return value|
|grp_fu_1406_p_opcode   |  out|    5|  ap_ctrl_hs|  lenet_full_top_Pipeline_POOL_CHANNEL_POOL_ROW_POOL_COL|  return value|
|grp_fu_1406_p_dout0    |   in|    1|  ap_ctrl_hs|  lenet_full_top_Pipeline_POOL_CHANNEL_POOL_ROW_POOL_COL|  return value|
|grp_fu_1406_p_ce       |  out|    1|  ap_ctrl_hs|  lenet_full_top_Pipeline_POOL_CHANNEL_POOL_ROW_POOL_COL|  return value|
|grp_fu_1410_p_din0     |  out|   32|  ap_ctrl_hs|  lenet_full_top_Pipeline_POOL_CHANNEL_POOL_ROW_POOL_COL|  return value|
|grp_fu_1410_p_din1     |  out|   32|  ap_ctrl_hs|  lenet_full_top_Pipeline_POOL_CHANNEL_POOL_ROW_POOL_COL|  return value|
|grp_fu_1410_p_opcode   |  out|    5|  ap_ctrl_hs|  lenet_full_top_Pipeline_POOL_CHANNEL_POOL_ROW_POOL_COL|  return value|
|grp_fu_1410_p_dout0    |   in|    1|  ap_ctrl_hs|  lenet_full_top_Pipeline_POOL_CHANNEL_POOL_ROW_POOL_COL|  return value|
|grp_fu_1410_p_ce       |  out|    1|  ap_ctrl_hs|  lenet_full_top_Pipeline_POOL_CHANNEL_POOL_ROW_POOL_COL|  return value|
|grp_fu_1414_p_din0     |  out|   32|  ap_ctrl_hs|  lenet_full_top_Pipeline_POOL_CHANNEL_POOL_ROW_POOL_COL|  return value|
|grp_fu_1414_p_din1     |  out|   32|  ap_ctrl_hs|  lenet_full_top_Pipeline_POOL_CHANNEL_POOL_ROW_POOL_COL|  return value|
|grp_fu_1414_p_opcode   |  out|    5|  ap_ctrl_hs|  lenet_full_top_Pipeline_POOL_CHANNEL_POOL_ROW_POOL_COL|  return value|
|grp_fu_1414_p_dout0    |   in|    1|  ap_ctrl_hs|  lenet_full_top_Pipeline_POOL_CHANNEL_POOL_ROW_POOL_COL|  return value|
|grp_fu_1414_p_ce       |  out|    1|  ap_ctrl_hs|  lenet_full_top_Pipeline_POOL_CHANNEL_POOL_ROW_POOL_COL|  return value|
|grp_fu_1418_p_din0     |  out|   32|  ap_ctrl_hs|  lenet_full_top_Pipeline_POOL_CHANNEL_POOL_ROW_POOL_COL|  return value|
|grp_fu_1418_p_din1     |  out|   32|  ap_ctrl_hs|  lenet_full_top_Pipeline_POOL_CHANNEL_POOL_ROW_POOL_COL|  return value|
|grp_fu_1418_p_opcode   |  out|    5|  ap_ctrl_hs|  lenet_full_top_Pipeline_POOL_CHANNEL_POOL_ROW_POOL_COL|  return value|
|grp_fu_1418_p_dout0    |   in|    1|  ap_ctrl_hs|  lenet_full_top_Pipeline_POOL_CHANNEL_POOL_ROW_POOL_COL|  return value|
|grp_fu_1418_p_ce       |  out|    1|  ap_ctrl_hs|  lenet_full_top_Pipeline_POOL_CHANNEL_POOL_ROW_POOL_COL|  return value|
|conv1_output_address0  |  out|   13|   ap_memory|                                            conv1_output|         array|
|conv1_output_ce0       |  out|    1|   ap_memory|                                            conv1_output|         array|
|conv1_output_q0        |   in|   32|   ap_memory|                                            conv1_output|         array|
|conv1_output_address1  |  out|   13|   ap_memory|                                            conv1_output|         array|
|conv1_output_ce1       |  out|    1|   ap_memory|                                            conv1_output|         array|
|conv1_output_q1        |   in|   32|   ap_memory|                                            conv1_output|         array|
|conv1_output_address2  |  out|   13|   ap_memory|                                            conv1_output|         array|
|conv1_output_ce2       |  out|    1|   ap_memory|                                            conv1_output|         array|
|conv1_output_q2        |   in|   32|   ap_memory|                                            conv1_output|         array|
|conv1_output_address3  |  out|   13|   ap_memory|                                            conv1_output|         array|
|conv1_output_ce3       |  out|    1|   ap_memory|                                            conv1_output|         array|
|conv1_output_q3        |   in|   32|   ap_memory|                                            conv1_output|         array|
|pool1_output_address0  |  out|   11|   ap_memory|                                            pool1_output|         array|
|pool1_output_ce0       |  out|    1|   ap_memory|                                            pool1_output|         array|
|pool1_output_we0       |  out|    1|   ap_memory|                                            pool1_output|         array|
|pool1_output_d0        |  out|   32|   ap_memory|                                            pool1_output|         array|
+-----------------------+-----+-----+------------+--------------------------------------------------------+--------------+

