

================================================================
== Vitis HLS Report for 'lenet_w6a6_top'
================================================================
* Date:           Mon Sep 14 19:43:10 2026

* Version:        2022.2 (Build 3670227 on Oct 13 2022)
* Project:        w6a6_lc2_hls
* Solution:       solution1 (Vivado IP Flow Target)
* Product family: zynq
* Target device:  xc7z020-clg400-1


================================================================
== Performance Estimates
================================================================
+ Timing: 
    * Summary: 
    +--------+----------+----------+------------+
    |  Clock |  Target  | Estimated| Uncertainty|
    +--------+----------+----------+------------+
    |ap_clk  |  10.00 ns|  7.300 ns|     2.70 ns|
    +--------+----------+----------+------------+

+ Latency: 
    * Summary: 
    +---------+---------+----------+----------+--------+--------+---------+
    |  Latency (cycles) |  Latency (absolute) |     Interval    | Pipeline|
    |   min   |   max   |    min   |    max   |   min  |   max  |   Type  |
    +---------+---------+----------+----------+--------+--------+---------+
    |   487169|   487169|  4.872 ms|  4.872 ms|  487170|  487170|       no|
    +---------+---------+----------+----------+--------+--------+---------+

    + Detail: 
        * Instance: 
        +---------------------------------------------------------------------------+----------------------------------------------------------------+---------+---------+-----------+-----------+-------+-------+---------+
        |                                                                           |                                                                |  Latency (cycles) |   Latency (absolute)  |    Interval   | Pipeline|
        |                                  Instance                                 |                             Module                             |   min   |   max   |    min    |    max    |  min  |  max  |   Type  |
        +---------------------------------------------------------------------------+----------------------------------------------------------------+---------+---------+-----------+-----------+-------+-------+---------+
        |grp_lenet_w6a6_top_Pipeline_LOAD_LOCAL_WEIGHT_fu_396                       |lenet_w6a6_top_Pipeline_LOAD_LOCAL_WEIGHT                       |       28|       28|   0.280 us|   0.280 us|     28|     28|       no|
        |grp_lenet_w6a6_top_Pipeline_POOL_CHANNEL_POOL_ROW_POOL_COL_fu_405          |lenet_w6a6_top_Pipeline_POOL_CHANNEL_POOL_ROW_POOL_COL          |     1184|     1184|  11.840 us|  11.840 us|   1184|   1184|       no|
        |grp_lenet_w6a6_top_Pipeline_OUT_ROW_OUT_COL_fu_411                         |lenet_w6a6_top_Pipeline_OUT_ROW_OUT_COL                         |    19635|    19635|   0.196 ms|   0.196 ms|  19635|  19635|       no|
        |grp_lenet_w6a6_top_Pipeline_LOAD_LOCAL_WEIGHT1_fu_422                      |lenet_w6a6_top_Pipeline_LOAD_LOCAL_WEIGHT1                      |      153|      153|   1.530 us|   1.530 us|    153|    153|       no|
        |grp_lenet_w6a6_top_Pipeline_POOL_CHANNEL_POOL_ROW_POOL_COL2_fu_431         |lenet_w6a6_top_Pipeline_POOL_CHANNEL_POOL_ROW_POOL_COL2         |      409|      409|   4.090 us|   4.090 us|    409|    409|       no|
        |grp_lenet_w6a6_top_Pipeline_VITIS_LOOP_54_1_KERNEL_ROW_KERNEL_COL_fu_437   |lenet_w6a6_top_Pipeline_VITIS_LOOP_54_1_KERNEL_ROW_KERNEL_COL   |      157|      157|   1.570 us|   1.570 us|    157|    157|       no|
        |grp_lenet_w6a6_top_Pipeline_LOAD_LOCAL_WEIGHT3_fu_448                      |lenet_w6a6_top_Pipeline_LOAD_LOCAL_WEIGHT3                      |      403|      403|   4.030 us|   4.030 us|    403|    403|       no|
        |grp_lenet_w6a6_top_Pipeline_REQUANT_VECTOR_fu_457                          |lenet_w6a6_top_Pipeline_REQUANT_VECTOR                          |      126|      126|   1.260 us|   1.260 us|    126|    126|       no|
        |grp_lenet_w6a6_top_Pipeline_VITIS_LOOP_54_1_KERNEL_ROW_KERNEL_COL4_fu_463  |lenet_w6a6_top_Pipeline_VITIS_LOOP_54_1_KERNEL_ROW_KERNEL_COL4  |      407|      407|   4.070 us|   4.070 us|    407|    407|       no|
        |grp_lenet_w6a6_top_Pipeline_DENSE_OUTPUT_DENSE_INPUT_fu_471                |lenet_w6a6_top_Pipeline_DENSE_OUTPUT_DENSE_INPUT                |    10086|    10086|   0.101 ms|   0.101 ms|  10086|  10086|       no|
        |grp_lenet_w6a6_top_Pipeline_REQUANT_VECTOR5_fu_480                         |lenet_w6a6_top_Pipeline_REQUANT_VECTOR5                         |       90|       90|   0.900 us|   0.900 us|     90|     90|       no|
        |grp_lenet_w6a6_top_Pipeline_DENSE_INPUT_fu_486                             |lenet_w6a6_top_Pipeline_DENSE_INPUT                             |       90|       90|   0.900 us|   0.900 us|     90|     90|       no|
        +---------------------------------------------------------------------------+----------------------------------------------------------------+---------+---------+-----------+-----------+-------+-------+---------+

        * Loop: 
        +--------------------+---------+---------+----------+-----------+-----------+------+----------+
        |                    |  Latency (cycles) | Iteration|  Initiation Interval  | Trip |          |
        |      Loop Name     |   min   |   max   |  Latency |  achieved |   target  | Count| Pipelined|
        +--------------------+---------+---------+----------+-----------+-----------+------+----------+
        |- OUT_CHANNEL       |   118002|   118002|     19667|          -|          -|     6|        no|
        |- OUT_CHANNEL       |   258496|   258496|     16156|          -|          -|    16|        no|
        | + OUT_ROW_OUT_COL  |    16000|    16000|       160|          -|          -|   100|        no|
        |- OUT_CHANNEL       |    97800|    97800|       815|          -|          -|   120|        no|
        |- DENSE_OUTPUT      |      930|      930|        93|          -|          -|    10|        no|
        +--------------------+---------+---------+----------+-----------+-----------+------+----------+



================================================================
== Utilization Estimates
================================================================
* Summary: 
+-----------------+---------+-----+--------+-------+-----+
|       Name      | BRAM_18K| DSP |   FF   |  LUT  | URAM|
+-----------------+---------+-----+--------+-------+-----+
|DSP              |        -|    -|       -|      -|    -|
|Expression       |        -|    -|       0|    510|    -|
|FIFO             |        -|    -|       -|      -|    -|
|Instance         |        0|   48|    8007|  11225|    -|
|Memory           |       39|    -|      48|     40|    0|
|Multiplexer      |        -|    -|       -|   1178|    -|
|Register         |        -|    -|     686|      -|    -|
+-----------------+---------+-----+--------+-------+-----+
|Total            |       39|   48|    8741|  12953|    0|
+-----------------+---------+-----+--------+-------+-----+
|Available        |      280|  220|  106400|  53200|    0|
+-----------------+---------+-----+--------+-------+-----+
|Utilization (%)  |       13|   21|       8|     24|    0|
+-----------------+---------+-----+--------+-------+-----+

+ Detail: 
    * Instance: 
    +---------------------------------------------------------------------------+----------------------------------------------------------------+---------+----+------+------+-----+
    |                                  Instance                                 |                             Module                             | BRAM_18K| DSP|  FF  |  LUT | URAM|
    +---------------------------------------------------------------------------+----------------------------------------------------------------+---------+----+------+------+-----+
    |control_s_axi_U                                                            |control_s_axi                                                   |        0|   0|   246|   424|    0|
    |gmem0_m_axi_U                                                              |gmem0_m_axi                                                     |        0|   0|   754|  1438|    0|
    |gmem1_m_axi_U                                                              |gmem1_m_axi                                                     |        0|   0|   754|  1438|    0|
    |gmem2_m_axi_U                                                              |gmem2_m_axi                                                     |        0|   0|   718|  1318|    0|
    |grp_lenet_w6a6_top_Pipeline_DENSE_INPUT_fu_486                             |lenet_w6a6_top_Pipeline_DENSE_INPUT                             |        0|   1|   114|   123|    0|
    |grp_lenet_w6a6_top_Pipeline_DENSE_OUTPUT_DENSE_INPUT_fu_471                |lenet_w6a6_top_Pipeline_DENSE_OUTPUT_DENSE_INPUT                |        0|   1|   193|   258|    0|
    |grp_lenet_w6a6_top_Pipeline_LOAD_LOCAL_WEIGHT_fu_396                       |lenet_w6a6_top_Pipeline_LOAD_LOCAL_WEIGHT                       |        0|   0|    26|    71|    0|
    |grp_lenet_w6a6_top_Pipeline_LOAD_LOCAL_WEIGHT1_fu_422                      |lenet_w6a6_top_Pipeline_LOAD_LOCAL_WEIGHT1                      |        0|   0|    35|    75|    0|
    |grp_lenet_w6a6_top_Pipeline_LOAD_LOCAL_WEIGHT3_fu_448                      |lenet_w6a6_top_Pipeline_LOAD_LOCAL_WEIGHT3                      |        0|   0|    38|    74|    0|
    |grp_lenet_w6a6_top_Pipeline_OUT_ROW_OUT_COL_fu_411                         |lenet_w6a6_top_Pipeline_OUT_ROW_OUT_COL                         |        0|  16|   980|  1458|    0|
    |grp_lenet_w6a6_top_Pipeline_POOL_CHANNEL_POOL_ROW_POOL_COL_fu_405          |lenet_w6a6_top_Pipeline_POOL_CHANNEL_POOL_ROW_POOL_COL          |        0|  12|  1508|  1537|    0|
    |grp_lenet_w6a6_top_Pipeline_POOL_CHANNEL_POOL_ROW_POOL_COL2_fu_431         |lenet_w6a6_top_Pipeline_POOL_CHANNEL_POOL_ROW_POOL_COL2         |        0|   9|  1432|  1423|    0|
    |grp_lenet_w6a6_top_Pipeline_REQUANT_VECTOR_fu_457                          |lenet_w6a6_top_Pipeline_REQUANT_VECTOR                          |        0|   0|   245|   238|    0|
    |grp_lenet_w6a6_top_Pipeline_REQUANT_VECTOR5_fu_480                         |lenet_w6a6_top_Pipeline_REQUANT_VECTOR5                         |        0|   4|   445|   322|    0|
    |grp_lenet_w6a6_top_Pipeline_VITIS_LOOP_54_1_KERNEL_ROW_KERNEL_COL_fu_437   |lenet_w6a6_top_Pipeline_VITIS_LOOP_54_1_KERNEL_ROW_KERNEL_COL   |        0|   1|   176|   566|    0|
    |grp_lenet_w6a6_top_Pipeline_VITIS_LOOP_54_1_KERNEL_ROW_KERNEL_COL4_fu_463  |lenet_w6a6_top_Pipeline_VITIS_LOOP_54_1_KERNEL_ROW_KERNEL_COL4  |        0|   1|   156|   393|    0|
    |mul_32ns_35ns_64_2_1_U97                                                   |mul_32ns_35ns_64_2_1                                            |        0|   3|   187|    69|    0|
    +---------------------------------------------------------------------------+----------------------------------------------------------------+---------+----+------+------+-----+
    |Total                                                                      |                                                                |        0|  48|  8007| 11225|    0|
    +---------------------------------------------------------------------------+----------------------------------------------------------------+---------+----+------+------+-----+

    * DSP: 
    N/A

    * Memory: 
    +--------------------+-------------------------------------+---------+----+----+-----+------+-----+------+-------------+
    |       Memory       |                Module               | BRAM_18K| FF | LUT| URAM| Words| Bits| Banks| W*Bits*Banks|
    +--------------------+-------------------------------------+---------+----+----+-----+------+-----+------+-------------+
    |conv1_acc_V_U       |conv1_acc_V_RAM_1WNR_AUTO_1R1W       |       24|   0|   0|    0|  4704|   16|     1|        75264|
    |conv2_acc_V_U       |conv2_acc_V_RAM_1WNR_AUTO_1R1W       |        9|   0|   0|    0|  1600|   19|     1|        30400|
    |conv3_acc_V_U       |conv3_acc_V_RAM_AUTO_1R1W            |        1|   0|   0|    0|   120|   20|     1|         2400|
    |conv3_relu_V_U      |conv3_relu_V_RAM_AUTO_1R1W           |        0|   6|  12|    0|   120|    6|     1|          720|
    |fc1_acc_V_U         |fc1_acc_V_RAM_AUTO_1R1W              |        1|   0|   0|    0|    84|   18|     1|         1512|
    |fc1_relu_V_U        |fc1_relu_V_RAM_AUTO_1R1W             |        0|   6|   8|    0|    84|    6|     1|          504|
    |local_weight_V_2_U  |local_weight_V_2_RAM_AUTO_1R1W       |        0|   6|   8|    0|    75|    6|     1|          450|
    |local_weight_V_3_U  |local_weight_V_2_RAM_AUTO_1R1W       |        0|   6|   8|    0|    75|    6|     1|          450|
    |local_weight_V_4_U  |local_weight_V_4_RAM_1WNR_AUTO_1R1W  |        0|  12|   2|    0|    13|    6|     1|           78|
    |local_weight_V_5_U  |local_weight_V_4_RAM_1WNR_AUTO_1R1W  |        0|  12|   2|    0|    13|    6|     1|           78|
    |local_weight_V_U    |local_weight_V_RAM_AUTO_1R1W         |        1|   0|   0|    0|   200|    6|     1|         1200|
    |local_weight_V_1_U  |local_weight_V_RAM_AUTO_1R1W         |        1|   0|   0|    0|   200|    6|     1|         1200|
    |pool1_V_U           |pool1_V_RAM_AUTO_1R1W                |        1|   0|   0|    0|  1176|    6|     1|         7056|
    |pool2_V_U           |pool2_V_RAM_AUTO_1R1W                |        1|   0|   0|    0|   400|    6|     1|         2400|
    +--------------------+-------------------------------------+---------+----+----+-----+------+-----+------+-------------+
    |Total               |                                     |       39|  48|  40|    0|  8864|  133|    14|       123712|
    +--------------------+-------------------------------------+---------+----+----+-----+------+-----+------+-------------+

    * FIFO: 
    N/A

    * Expression: 
    +-------------------------+----------+----+---+----+------------+------------+
    |      Variable Name      | Operation| DSP| FF| LUT| Bitwidth P0| Bitwidth P1|
    +-------------------------+----------+----+---+----+------------+------------+
    |add_ln128_1_fu_801_p2    |         +|   0|  0|  71|          64|          16|
    |add_ln128_3_fu_821_p2    |         +|   0|  0|  13|           4|           1|
    |add_ln128_fu_758_p2      |         +|   0|  0|  71|          64|          16|
    |add_ln38_1_fu_515_p2     |         +|   0|  0|  11|           3|           1|
    |add_ln38_2_fu_586_p2     |         +|   0|  0|  71|          64|          12|
    |add_ln38_3_fu_580_p2     |         +|   0|  0|  13|           5|           1|
    |add_ln38_4_fu_747_p2     |         +|   0|  0|  14|           7|           1|
    |add_ln38_fu_526_p2       |         +|   0|  0|  71|          64|           8|
    |add_ln48_4_fu_647_p2     |         +|   0|  0|  13|           4|           1|
    |add_ln48_5_fu_667_p2     |         +|   0|  0|  14|           6|           6|
    |add_ln48_6_fu_676_p2     |         +|   0|  0|  15|           8|           8|
    |add_ln48_fu_626_p2       |         +|   0|  0|  14|           7|           1|
    |add_ln50_fu_681_p2       |         +|   0|  0|  13|           4|           1|
    |add_ln69_1_fu_718_p2     |         +|   0|  0|  12|          11|          11|
    |add_ln69_fu_708_p2       |         +|   0|  0|  14|           9|           9|
    |empty_89_fu_558_p2       |         -|   0|  0|  14|           9|           9|
    |icmp_ln128_fu_815_p2     |      icmp|   0|  0|   9|           4|           4|
    |icmp_ln38_1_fu_574_p2    |      icmp|   0|  0|  10|           5|           6|
    |icmp_ln38_2_fu_741_p2    |      icmp|   0|  0|  10|           7|           5|
    |icmp_ln38_fu_509_p2      |      icmp|   0|  0|   8|           3|           3|
    |icmp_ln48_fu_620_p2      |      icmp|   0|  0|  10|           7|           6|
    |icmp_ln50_fu_632_p2      |      icmp|   0|  0|   9|           4|           4|
    |ap_block_state37_io      |        or|   0|  0|   2|           1|           1|
    |select_ln48_8_fu_653_p3  |    select|   0|  0|   4|           1|           4|
    |select_ln48_fu_638_p3    |    select|   0|  0|   4|           1|           1|
    +-------------------------+----------+----+---+----+------------+------------+
    |Total                    |          |   0|  0| 510|         366|         136|
    +-------------------------+----------+----+---+----+------------+------------+

    * Multiplexer: 
    +---------------------------+-----+-----------+-----+-----------+
    |            Name           | LUT | Input Size| Bits| Total Bits|
    +---------------------------+-----+-----------+-----+-----------+
    |ap_NS_fsm                  |  261|         61|    1|         61|
    |conv1_acc_V_address0       |   14|          3|   13|         39|
    |conv1_acc_V_ce0            |   14|          3|    1|          3|
    |conv1_acc_V_ce1            |    9|          2|    1|          2|
    |conv1_acc_V_ce2            |    9|          2|    1|          2|
    |conv1_acc_V_ce3            |    9|          2|    1|          2|
    |conv1_acc_V_we0            |    9|          2|    1|          2|
    |conv2_acc_V_address0       |   14|          3|   11|         33|
    |conv2_acc_V_ce0            |   14|          3|    1|          3|
    |conv2_acc_V_ce1            |    9|          2|    1|          2|
    |conv2_acc_V_ce2            |    9|          2|    1|          2|
    |conv2_acc_V_ce3            |    9|          2|    1|          2|
    |conv3_acc_V_address0       |   14|          3|    7|         21|
    |conv3_acc_V_ce0            |   14|          3|    1|          3|
    |conv3_relu_V_address0      |   14|          3|    7|         21|
    |conv3_relu_V_ce0           |   14|          3|    1|          3|
    |conv3_relu_V_we0           |    9|          2|    1|          2|
    |fc1_acc_V_address0         |   14|          3|    7|         21|
    |fc1_acc_V_ce0              |   14|          3|    1|          3|
    |fc1_acc_V_we0              |    9|          2|    1|          2|
    |fc1_relu_V_address0        |   14|          3|    7|         21|
    |fc1_relu_V_ce0             |   14|          3|    1|          3|
    |fc1_relu_V_we0             |    9|          2|    1|          2|
    |gmem0_ARVALID              |    9|          2|    1|          2|
    |gmem0_RREADY               |    9|          2|    1|          2|
    |gmem1_ARADDR               |   59|         11|   64|        704|
    |gmem1_ARLEN                |   59|         11|   32|        352|
    |gmem1_ARVALID              |   37|          7|    1|          7|
    |gmem1_RREADY               |   31|          6|    1|          6|
    |gmem1_blk_n_AR             |    9|          2|    1|          2|
    |gmem2_blk_n_AW             |    9|          2|    1|          2|
    |gmem2_blk_n_B              |    9|          2|    1|          2|
    |gmem2_blk_n_W              |    9|          2|    1|          2|
    |grp_fu_1044_ce             |   14|          3|    1|          3|
    |grp_fu_1044_p0             |   14|          3|   32|         96|
    |grp_fu_1044_p1             |   14|          3|   35|        105|
    |indvar_flatten177_reg_363  |    9|          2|    7|         14|
    |local_weight_V_1_address0  |   14|          3|    8|         24|
    |local_weight_V_1_ce0       |   14|          3|    1|          3|
    |local_weight_V_1_we0       |    9|          2|    1|          2|
    |local_weight_V_2_address0  |   14|          3|    7|         21|
    |local_weight_V_2_ce0       |   14|          3|    1|          3|
    |local_weight_V_2_we0       |    9|          2|    1|          2|
    |local_weight_V_3_address0  |   14|          3|    7|         21|
    |local_weight_V_3_ce0       |   14|          3|    1|          3|
    |local_weight_V_3_we0       |    9|          2|    1|          2|
    |local_weight_V_4_address0  |   14|          3|    4|         12|
    |local_weight_V_4_ce0       |   14|          3|    1|          3|
    |local_weight_V_4_ce1       |    9|          2|    1|          2|
    |local_weight_V_4_we0       |    9|          2|    1|          2|
    |local_weight_V_5_address0  |   14|          3|    4|         12|
    |local_weight_V_5_ce0       |   14|          3|    1|          3|
    |local_weight_V_5_ce1       |    9|          2|    1|          2|
    |local_weight_V_5_we0       |    9|          2|    1|          2|
    |local_weight_V_address0    |   14|          3|    8|         24|
    |local_weight_V_ce0         |   14|          3|    1|          3|
    |local_weight_V_we0         |    9|          2|    1|          2|
    |oc_1_fu_258                |    9|          2|    5|         10|
    |oc_fu_186                  |    9|          2|    3|          6|
    |oh_reg_374                 |    9|          2|    4|          8|
    |output_index_1_fu_266      |    9|          2|    4|          8|
    |output_index_fu_262        |    9|          2|    7|         14|
    |ow_reg_385                 |    9|          2|    4|          8|
    |pool1_V_address0           |   14|          3|   11|         33|
    |pool1_V_ce0                |   14|          3|    1|          3|
    |pool1_V_we0                |    9|          2|    1|          2|
    |pool2_V_address0           |   14|          3|    9|         27|
    |pool2_V_ce0                |   14|          3|    1|          3|
    |pool2_V_we0                |    9|          2|    1|          2|
    +---------------------------+-----+-----------+-----+-----------+
    |Total                      | 1178|        255|  351|       1826|
    +---------------------------+-----+-----------+-----+-----------+

    * Register: 
    +----------------------------------------------------------------------------------------+----+----+-----+-----------+
    |                                          Name                                          | FF | LUT| Bits| Const Bits|
    +----------------------------------------------------------------------------------------+----+----+-----+-----------+
    |add_ln128_1_reg_1030                                                                    |  64|   0|   64|          0|
    |add_ln128_reg_1013                                                                      |  64|   0|   64|          0|
    |add_ln38_2_reg_940                                                                      |  64|   0|   64|          0|
    |add_ln38_3_reg_928                                                                      |   5|   0|    5|          0|
    |add_ln38_reg_906                                                                        |  64|   0|   64|          0|
    |add_ln48_6_reg_977                                                                      |   8|   0|    8|          0|
    |add_ln48_reg_959                                                                        |   7|   0|    7|          0|
    |add_ln50_reg_983                                                                        |   4|   0|    4|          0|
    |add_ln69_1_reg_988                                                                      |  11|   0|   11|          0|
    |ap_CS_fsm                                                                               |  60|   0|   60|          0|
    |empty_89_reg_912                                                                        |   7|   0|    9|          2|
    |feature_in_read_reg_862                                                                 |  64|   0|   64|          0|
    |gmem2_addr_reg_1019                                                                     |  64|   0|   64|          0|
    |grp_lenet_w6a6_top_Pipeline_DENSE_INPUT_fu_486_ap_start_reg                             |   1|   0|    1|          0|
    |grp_lenet_w6a6_top_Pipeline_DENSE_OUTPUT_DENSE_INPUT_fu_471_ap_start_reg                |   1|   0|    1|          0|
    |grp_lenet_w6a6_top_Pipeline_LOAD_LOCAL_WEIGHT1_fu_422_ap_start_reg                      |   1|   0|    1|          0|
    |grp_lenet_w6a6_top_Pipeline_LOAD_LOCAL_WEIGHT3_fu_448_ap_start_reg                      |   1|   0|    1|          0|
    |grp_lenet_w6a6_top_Pipeline_LOAD_LOCAL_WEIGHT_fu_396_ap_start_reg                       |   1|   0|    1|          0|
    |grp_lenet_w6a6_top_Pipeline_OUT_ROW_OUT_COL_fu_411_ap_start_reg                         |   1|   0|    1|          0|
    |grp_lenet_w6a6_top_Pipeline_POOL_CHANNEL_POOL_ROW_POOL_COL2_fu_431_ap_start_reg         |   1|   0|    1|          0|
    |grp_lenet_w6a6_top_Pipeline_POOL_CHANNEL_POOL_ROW_POOL_COL_fu_405_ap_start_reg          |   1|   0|    1|          0|
    |grp_lenet_w6a6_top_Pipeline_REQUANT_VECTOR5_fu_480_ap_start_reg                         |   1|   0|    1|          0|
    |grp_lenet_w6a6_top_Pipeline_REQUANT_VECTOR_fu_457_ap_start_reg                          |   1|   0|    1|          0|
    |grp_lenet_w6a6_top_Pipeline_VITIS_LOOP_54_1_KERNEL_ROW_KERNEL_COL4_fu_463_ap_start_reg  |   1|   0|    1|          0|
    |grp_lenet_w6a6_top_Pipeline_VITIS_LOOP_54_1_KERNEL_ROW_KERNEL_COL_fu_437_ap_start_reg   |   1|   0|    1|          0|
    |indvar_flatten177_reg_363                                                               |   7|   0|    7|          0|
    |logits_read_reg_847                                                                     |  64|   0|   64|          0|
    |oc_1_fu_258                                                                             |   5|   0|    5|          0|
    |oc_2_reg_890                                                                            |   3|   0|    3|          0|
    |oc_5_reg_998                                                                            |   7|   0|    7|          0|
    |oc_fu_186                                                                               |   3|   0|    3|          0|
    |oh_reg_374                                                                              |   4|   0|    4|          0|
    |output_index_1_fu_266                                                                   |   4|   0|    4|          0|
    |output_index_fu_262                                                                     |   7|   0|    7|          0|
    |ow_reg_385                                                                              |   4|   0|    4|          0|
    |p_shl15_cast_reg_946                                                                    |   4|   0|    8|          4|
    |select_ln48_8_reg_970                                                                   |   4|   0|    4|          0|
    |select_ln48_reg_964                                                                     |   4|   0|    4|          0|
    |weight_read_reg_852                                                                     |  64|   0|   64|          0|
    |zext_ln48_1_reg_951                                                                     |   4|   0|    6|          2|
    +----------------------------------------------------------------------------------------+----+----+-----+-----------+
    |Total                                                                                   | 686|   0|  694|          8|
    +----------------------------------------------------------------------------------------+----+----+-----+-----------+



================================================================
== Interface
================================================================
* Summary: 
+-----------------------+-----+-----+------------+----------------+--------------+
|       RTL Ports       | Dir | Bits|  Protocol  |  Source Object |    C Type    |
+-----------------------+-----+-----+------------+----------------+--------------+
|s_axi_control_AWVALID  |   in|    1|       s_axi|         control|        scalar|
|s_axi_control_AWREADY  |  out|    1|       s_axi|         control|        scalar|
|s_axi_control_AWADDR   |   in|    6|       s_axi|         control|        scalar|
|s_axi_control_WVALID   |   in|    1|       s_axi|         control|        scalar|
|s_axi_control_WREADY   |  out|    1|       s_axi|         control|        scalar|
|s_axi_control_WDATA    |   in|   32|       s_axi|         control|        scalar|
|s_axi_control_WSTRB    |   in|    4|       s_axi|         control|        scalar|
|s_axi_control_ARVALID  |   in|    1|       s_axi|         control|        scalar|
|s_axi_control_ARREADY  |  out|    1|       s_axi|         control|        scalar|
|s_axi_control_ARADDR   |   in|    6|       s_axi|         control|        scalar|
|s_axi_control_RVALID   |  out|    1|       s_axi|         control|        scalar|
|s_axi_control_RREADY   |   in|    1|       s_axi|         control|        scalar|
|s_axi_control_RDATA    |  out|   32|       s_axi|         control|        scalar|
|s_axi_control_RRESP    |  out|    2|       s_axi|         control|        scalar|
|s_axi_control_BVALID   |  out|    1|       s_axi|         control|        scalar|
|s_axi_control_BREADY   |   in|    1|       s_axi|         control|        scalar|
|s_axi_control_BRESP    |  out|    2|       s_axi|         control|        scalar|
|ap_clk                 |   in|    1|  ap_ctrl_hs|  lenet_w6a6_top|  return value|
|ap_rst_n               |   in|    1|  ap_ctrl_hs|  lenet_w6a6_top|  return value|
|interrupt              |  out|    1|  ap_ctrl_hs|  lenet_w6a6_top|  return value|
|m_axi_gmem0_AWVALID    |  out|    1|       m_axi|           gmem0|       pointer|
|m_axi_gmem0_AWREADY    |   in|    1|       m_axi|           gmem0|       pointer|
|m_axi_gmem0_AWADDR     |  out|   64|       m_axi|           gmem0|       pointer|
|m_axi_gmem0_AWID       |  out|    1|       m_axi|           gmem0|       pointer|
|m_axi_gmem0_AWLEN      |  out|    8|       m_axi|           gmem0|       pointer|
|m_axi_gmem0_AWSIZE     |  out|    3|       m_axi|           gmem0|       pointer|
|m_axi_gmem0_AWBURST    |  out|    2|       m_axi|           gmem0|       pointer|
|m_axi_gmem0_AWLOCK     |  out|    2|       m_axi|           gmem0|       pointer|
|m_axi_gmem0_AWCACHE    |  out|    4|       m_axi|           gmem0|       pointer|
|m_axi_gmem0_AWPROT     |  out|    3|       m_axi|           gmem0|       pointer|
|m_axi_gmem0_AWQOS      |  out|    4|       m_axi|           gmem0|       pointer|
|m_axi_gmem0_AWREGION   |  out|    4|       m_axi|           gmem0|       pointer|
|m_axi_gmem0_AWUSER     |  out|    1|       m_axi|           gmem0|       pointer|
|m_axi_gmem0_WVALID     |  out|    1|       m_axi|           gmem0|       pointer|
|m_axi_gmem0_WREADY     |   in|    1|       m_axi|           gmem0|       pointer|
|m_axi_gmem0_WDATA      |  out|   32|       m_axi|           gmem0|       pointer|
|m_axi_gmem0_WSTRB      |  out|    4|       m_axi|           gmem0|       pointer|
|m_axi_gmem0_WLAST      |  out|    1|       m_axi|           gmem0|       pointer|
|m_axi_gmem0_WID        |  out|    1|       m_axi|           gmem0|       pointer|
|m_axi_gmem0_WUSER      |  out|    1|       m_axi|           gmem0|       pointer|
|m_axi_gmem0_ARVALID    |  out|    1|       m_axi|           gmem0|       pointer|
|m_axi_gmem0_ARREADY    |   in|    1|       m_axi|           gmem0|       pointer|
|m_axi_gmem0_ARADDR     |  out|   64|       m_axi|           gmem0|       pointer|
|m_axi_gmem0_ARID       |  out|    1|       m_axi|           gmem0|       pointer|
|m_axi_gmem0_ARLEN      |  out|    8|       m_axi|           gmem0|       pointer|
|m_axi_gmem0_ARSIZE     |  out|    3|       m_axi|           gmem0|       pointer|
|m_axi_gmem0_ARBURST    |  out|    2|       m_axi|           gmem0|       pointer|
|m_axi_gmem0_ARLOCK     |  out|    2|       m_axi|           gmem0|       pointer|
|m_axi_gmem0_ARCACHE    |  out|    4|       m_axi|           gmem0|       pointer|
|m_axi_gmem0_ARPROT     |  out|    3|       m_axi|           gmem0|       pointer|
|m_axi_gmem0_ARQOS      |  out|    4|       m_axi|           gmem0|       pointer|
|m_axi_gmem0_ARREGION   |  out|    4|       m_axi|           gmem0|       pointer|
|m_axi_gmem0_ARUSER     |  out|    1|       m_axi|           gmem0|       pointer|
|m_axi_gmem0_RVALID     |   in|    1|       m_axi|           gmem0|       pointer|
|m_axi_gmem0_RREADY     |  out|    1|       m_axi|           gmem0|       pointer|
|m_axi_gmem0_RDATA      |   in|   32|       m_axi|           gmem0|       pointer|
|m_axi_gmem0_RLAST      |   in|    1|       m_axi|           gmem0|       pointer|
|m_axi_gmem0_RID        |   in|    1|       m_axi|           gmem0|       pointer|
|m_axi_gmem0_RUSER      |   in|    1|       m_axi|           gmem0|       pointer|
|m_axi_gmem0_RRESP      |   in|    2|       m_axi|           gmem0|       pointer|
|m_axi_gmem0_BVALID     |   in|    1|       m_axi|           gmem0|       pointer|
|m_axi_gmem0_BREADY     |  out|    1|       m_axi|           gmem0|       pointer|
|m_axi_gmem0_BRESP      |   in|    2|       m_axi|           gmem0|       pointer|
|m_axi_gmem0_BID        |   in|    1|       m_axi|           gmem0|       pointer|
|m_axi_gmem0_BUSER      |   in|    1|       m_axi|           gmem0|       pointer|
|m_axi_gmem1_AWVALID    |  out|    1|       m_axi|           gmem1|       pointer|
|m_axi_gmem1_AWREADY    |   in|    1|       m_axi|           gmem1|       pointer|
|m_axi_gmem1_AWADDR     |  out|   64|       m_axi|           gmem1|       pointer|
|m_axi_gmem1_AWID       |  out|    1|       m_axi|           gmem1|       pointer|
|m_axi_gmem1_AWLEN      |  out|    8|       m_axi|           gmem1|       pointer|
|m_axi_gmem1_AWSIZE     |  out|    3|       m_axi|           gmem1|       pointer|
|m_axi_gmem1_AWBURST    |  out|    2|       m_axi|           gmem1|       pointer|
|m_axi_gmem1_AWLOCK     |  out|    2|       m_axi|           gmem1|       pointer|
|m_axi_gmem1_AWCACHE    |  out|    4|       m_axi|           gmem1|       pointer|
|m_axi_gmem1_AWPROT     |  out|    3|       m_axi|           gmem1|       pointer|
|m_axi_gmem1_AWQOS      |  out|    4|       m_axi|           gmem1|       pointer|
|m_axi_gmem1_AWREGION   |  out|    4|       m_axi|           gmem1|       pointer|
|m_axi_gmem1_AWUSER     |  out|    1|       m_axi|           gmem1|       pointer|
|m_axi_gmem1_WVALID     |  out|    1|       m_axi|           gmem1|       pointer|
|m_axi_gmem1_WREADY     |   in|    1|       m_axi|           gmem1|       pointer|
|m_axi_gmem1_WDATA      |  out|   32|       m_axi|           gmem1|       pointer|
|m_axi_gmem1_WSTRB      |  out|    4|       m_axi|           gmem1|       pointer|
|m_axi_gmem1_WLAST      |  out|    1|       m_axi|           gmem1|       pointer|
|m_axi_gmem1_WID        |  out|    1|       m_axi|           gmem1|       pointer|
|m_axi_gmem1_WUSER      |  out|    1|       m_axi|           gmem1|       pointer|
|m_axi_gmem1_ARVALID    |  out|    1|       m_axi|           gmem1|       pointer|
|m_axi_gmem1_ARREADY    |   in|    1|       m_axi|           gmem1|       pointer|
|m_axi_gmem1_ARADDR     |  out|   64|       m_axi|           gmem1|       pointer|
|m_axi_gmem1_ARID       |  out|    1|       m_axi|           gmem1|       pointer|
|m_axi_gmem1_ARLEN      |  out|    8|       m_axi|           gmem1|       pointer|
|m_axi_gmem1_ARSIZE     |  out|    3|       m_axi|           gmem1|       pointer|
|m_axi_gmem1_ARBURST    |  out|    2|       m_axi|           gmem1|       pointer|
|m_axi_gmem1_ARLOCK     |  out|    2|       m_axi|           gmem1|       pointer|
|m_axi_gmem1_ARCACHE    |  out|    4|       m_axi|           gmem1|       pointer|
|m_axi_gmem1_ARPROT     |  out|    3|       m_axi|           gmem1|       pointer|
|m_axi_gmem1_ARQOS      |  out|    4|       m_axi|           gmem1|       pointer|
|m_axi_gmem1_ARREGION   |  out|    4|       m_axi|           gmem1|       pointer|
|m_axi_gmem1_ARUSER     |  out|    1|       m_axi|           gmem1|       pointer|
|m_axi_gmem1_RVALID     |   in|    1|       m_axi|           gmem1|       pointer|
|m_axi_gmem1_RREADY     |  out|    1|       m_axi|           gmem1|       pointer|
|m_axi_gmem1_RDATA      |   in|   32|       m_axi|           gmem1|       pointer|
|m_axi_gmem1_RLAST      |   in|    1|       m_axi|           gmem1|       pointer|
|m_axi_gmem1_RID        |   in|    1|       m_axi|           gmem1|       pointer|
|m_axi_gmem1_RUSER      |   in|    1|       m_axi|           gmem1|       pointer|
|m_axi_gmem1_RRESP      |   in|    2|       m_axi|           gmem1|       pointer|
|m_axi_gmem1_BVALID     |   in|    1|       m_axi|           gmem1|       pointer|
|m_axi_gmem1_BREADY     |  out|    1|       m_axi|           gmem1|       pointer|
|m_axi_gmem1_BRESP      |   in|    2|       m_axi|           gmem1|       pointer|
|m_axi_gmem1_BID        |   in|    1|       m_axi|           gmem1|       pointer|
|m_axi_gmem1_BUSER      |   in|    1|       m_axi|           gmem1|       pointer|
|m_axi_gmem2_AWVALID    |  out|    1|       m_axi|           gmem2|       pointer|
|m_axi_gmem2_AWREADY    |   in|    1|       m_axi|           gmem2|       pointer|
|m_axi_gmem2_AWADDR     |  out|   64|       m_axi|           gmem2|       pointer|
|m_axi_gmem2_AWID       |  out|    1|       m_axi|           gmem2|       pointer|
|m_axi_gmem2_AWLEN      |  out|    8|       m_axi|           gmem2|       pointer|
|m_axi_gmem2_AWSIZE     |  out|    3|       m_axi|           gmem2|       pointer|
|m_axi_gmem2_AWBURST    |  out|    2|       m_axi|           gmem2|       pointer|
|m_axi_gmem2_AWLOCK     |  out|    2|       m_axi|           gmem2|       pointer|
|m_axi_gmem2_AWCACHE    |  out|    4|       m_axi|           gmem2|       pointer|
|m_axi_gmem2_AWPROT     |  out|    3|       m_axi|           gmem2|       pointer|
|m_axi_gmem2_AWQOS      |  out|    4|       m_axi|           gmem2|       pointer|
|m_axi_gmem2_AWREGION   |  out|    4|       m_axi|           gmem2|       pointer|
|m_axi_gmem2_AWUSER     |  out|    1|       m_axi|           gmem2|       pointer|
|m_axi_gmem2_WVALID     |  out|    1|       m_axi|           gmem2|       pointer|
|m_axi_gmem2_WREADY     |   in|    1|       m_axi|           gmem2|       pointer|
|m_axi_gmem2_WDATA      |  out|   32|       m_axi|           gmem2|       pointer|
|m_axi_gmem2_WSTRB      |  out|    4|       m_axi|           gmem2|       pointer|
|m_axi_gmem2_WLAST      |  out|    1|       m_axi|           gmem2|       pointer|
|m_axi_gmem2_WID        |  out|    1|       m_axi|           gmem2|       pointer|
|m_axi_gmem2_WUSER      |  out|    1|       m_axi|           gmem2|       pointer|
|m_axi_gmem2_ARVALID    |  out|    1|       m_axi|           gmem2|       pointer|
|m_axi_gmem2_ARREADY    |   in|    1|       m_axi|           gmem2|       pointer|
|m_axi_gmem2_ARADDR     |  out|   64|       m_axi|           gmem2|       pointer|
|m_axi_gmem2_ARID       |  out|    1|       m_axi|           gmem2|       pointer|
|m_axi_gmem2_ARLEN      |  out|    8|       m_axi|           gmem2|       pointer|
|m_axi_gmem2_ARSIZE     |  out|    3|       m_axi|           gmem2|       pointer|
|m_axi_gmem2_ARBURST    |  out|    2|       m_axi|           gmem2|       pointer|
|m_axi_gmem2_ARLOCK     |  out|    2|       m_axi|           gmem2|       pointer|
|m_axi_gmem2_ARCACHE    |  out|    4|       m_axi|           gmem2|       pointer|
|m_axi_gmem2_ARPROT     |  out|    3|       m_axi|           gmem2|       pointer|
|m_axi_gmem2_ARQOS      |  out|    4|       m_axi|           gmem2|       pointer|
|m_axi_gmem2_ARREGION   |  out|    4|       m_axi|           gmem2|       pointer|
|m_axi_gmem2_ARUSER     |  out|    1|       m_axi|           gmem2|       pointer|
|m_axi_gmem2_RVALID     |   in|    1|       m_axi|           gmem2|       pointer|
|m_axi_gmem2_RREADY     |  out|    1|       m_axi|           gmem2|       pointer|
|m_axi_gmem2_RDATA      |   in|   32|       m_axi|           gmem2|       pointer|
|m_axi_gmem2_RLAST      |   in|    1|       m_axi|           gmem2|       pointer|
|m_axi_gmem2_RID        |   in|    1|       m_axi|           gmem2|       pointer|
|m_axi_gmem2_RUSER      |   in|    1|       m_axi|           gmem2|       pointer|
|m_axi_gmem2_RRESP      |   in|    2|       m_axi|           gmem2|       pointer|
|m_axi_gmem2_BVALID     |   in|    1|       m_axi|           gmem2|       pointer|
|m_axi_gmem2_BREADY     |  out|    1|       m_axi|           gmem2|       pointer|
|m_axi_gmem2_BRESP      |   in|    2|       m_axi|           gmem2|       pointer|
|m_axi_gmem2_BID        |   in|    1|       m_axi|           gmem2|       pointer|
|m_axi_gmem2_BUSER      |   in|    1|       m_axi|           gmem2|       pointer|
+-----------------------+-----+-----+------------+----------------+--------------+

