

================================================================
== Vitis HLS Report for 'lenet_full_top_Pipeline_DENSE_INPUT4'
================================================================
* Date:           Sun Sep  6 21:23:02 2026

* Version:        2022.2 (Build 3670227 on Oct 13 2022)
* Project:        clk_10ns_baseline
* Solution:       solution1 (Vivado IP Flow Target)
* Product family: zynq
* Target device:  xc7z020-clg400-1


================================================================
== Performance Estimates
================================================================
+ Timing: 
    * Summary: 
    +--------+----------+----------+------------+
    |  Clock |  Target  | Estimated| Uncertainty|
    +--------+----------+----------+------------+
    |ap_clk  |  10.00 ns|  7.300 ns|     2.70 ns|
    +--------+----------+----------+------------+

+ Latency: 
    * Summary: 
    +---------+---------+----------+----------+-----+-----+---------+
    |  Latency (cycles) |  Latency (absolute) |  Interval | Pipeline|
    |   min   |   max   |    min   |    max   | min | max |   Type  |
    +---------+---------+----------+----------+-----+-----+---------+
    |      432|      432|  4.320 us|  4.320 us|  432|  432|       no|
    +---------+---------+----------+----------+-----+-----+---------+

    + Detail: 
        * Instance: 
        N/A

        * Loop: 
        +---------------+---------+---------+----------+-----------+-----------+------+----------+
        |               |  Latency (cycles) | Iteration|  Initiation Interval  | Trip |          |
        |   Loop Name   |   min   |   max   |  Latency |  achieved |   target  | Count| Pipelined|
        +---------------+---------+---------+----------+-----------+-----------+------+----------+
        |- DENSE_INPUT  |      430|      430|        12|          5|          1|    84|       yes|
        +---------------+---------+---------+----------+-----------+-----------+------+----------+



================================================================
== Utilization Estimates
================================================================
* Summary: 
+-----------------+---------+-----+--------+-------+-----+
|       Name      | BRAM_18K| DSP |   FF   |  LUT  | URAM|
+-----------------+---------+-----+--------+-------+-----+
|DSP              |        -|    -|       -|      -|    -|
|Expression       |        -|    -|       0|     46|    -|
|FIFO             |        -|    -|       -|      -|    -|
|Instance         |        -|    -|       -|      -|    -|
|Memory           |        -|    -|       -|      -|    -|
|Multiplexer      |        -|    -|       -|    130|    -|
|Register         |        -|    -|     252|     32|    -|
+-----------------+---------+-----+--------+-------+-----+
|Total            |        0|    0|     252|    208|    0|
+-----------------+---------+-----+--------+-------+-----+
|Available        |      280|  220|  106400|  53200|    0|
+-----------------+---------+-----+--------+-------+-----+
|Utilization (%)  |        0|    0|      ~0|     ~0|    0|
+-----------------+---------+-----+--------+-------+-----+

+ Detail: 
    * Instance: 
    N/A

    * DSP: 
    N/A

    * Memory: 
    N/A

    * FIFO: 
    N/A

    * Expression: 
    +----------------------------------+----------+----+---+----+------------+------------+
    |           Variable Name          | Operation| DSP| FF| LUT| Bitwidth P0| Bitwidth P1|
    +----------------------------------+----------+----+---+----+------------+------------+
    |add_ln143_fu_170_p2               |         +|   0|  0|  14|           7|           1|
    |ap_block_pp0_stage1_00001         |       and|   0|  0|   2|           1|           1|
    |ap_block_state12_io               |       and|   0|  0|   2|           1|           1|
    |ap_block_state2_pp0_stage1_iter0  |       and|   0|  0|   2|           1|           1|
    |ap_predicate_op58_write_state12   |       and|   0|  0|   2|           1|           1|
    |icmp_ln143_fu_149_p2              |      icmp|   0|  0|  10|           7|           7|
    |ifzero197_fu_175_p2               |      icmp|   0|  0|  10|           7|           7|
    |ap_block_pp0_stage1_11001         |        or|   0|  0|   2|           1|           1|
    |ap_enable_pp0                     |       xor|   0|  0|   2|           1|           2|
    +----------------------------------+----------+----+---+----+------------+------------+
    |Total                             |          |   0|  0|  46|          27|          22|
    +----------------------------------+----------+----+---+----+------------+------------+

    * Multiplexer: 
    +-----------------------------------+----+-----------+-----+-----------+
    |                Name               | LUT| Input Size| Bits| Total Bits|
    +-----------------------------------+----+-----------+-----+-----------+
    |accumulator_fu_68                  |   9|          2|   32|         64|
    |ap_NS_fsm                          |  31|          6|    1|          6|
    |ap_done_int                        |   9|          2|    1|          2|
    |ap_enable_reg_pp0_iter0            |   9|          2|    1|          2|
    |ap_enable_reg_pp0_iter2            |   9|          2|    1|          2|
    |ap_loop_exit_ready_pp0_iter1_reg   |   9|          2|    1|          2|
    |ap_loop_exit_ready_pp0_iter2_reg   |   9|          2|    1|          2|
    |ap_sig_allocacmp_accumulator_load  |   9|          2|   32|         64|
    |ap_sig_allocacmp_input_index_1     |   9|          2|    7|         14|
    |gmem1_blk_n_R                      |   9|          2|    1|          2|
    |gmem3_blk_n_W                      |   9|          2|    1|          2|
    |input_index_fu_72                  |   9|          2|    7|         14|
    +-----------------------------------+----+-----------+-----+-----------+
    |Total                              | 130|         28|   86|        176|
    +-----------------------------------+----+-----------+-----+-----------+

    * Register: 
    +----------------------------------+----+----+-----+-----------+
    |               Name               | FF | LUT| Bits| Const Bits|
    +----------------------------------+----+----+-----+-----------+
    |accumulator_2_reg_275             |  32|   0|   32|          0|
    |accumulator_fu_68                 |  32|   0|   32|          0|
    |ap_CS_fsm                         |   5|   0|    5|          0|
    |ap_done_reg                       |   1|   0|    1|          0|
    |ap_enable_reg_pp0_iter0_reg       |   1|   0|    1|          0|
    |ap_enable_reg_pp0_iter1           |   1|   0|    1|          0|
    |ap_enable_reg_pp0_iter2           |   1|   0|    1|          0|
    |ap_loop_exit_ready_pp0_iter1_reg  |   1|   0|    1|          0|
    |ap_loop_exit_ready_pp0_iter2_reg  |   1|   0|    1|          0|
    |fc1_relu_load_reg_241             |  32|   0|   32|          0|
    |gmem1_addr_read_reg_246           |  32|   0|   32|          0|
    |icmp_ln143_reg_232                |   1|   0|    1|          0|
    |ifzero197_reg_256                 |   1|   0|    1|          0|
    |ifzero197_reg_256_pp0_iter1_reg   |   1|   0|    1|          0|
    |input_index_1_reg_227             |   7|   0|    7|          0|
    |input_index_fu_72                 |   7|   0|    7|          0|
    |mul9_i1_reg_260                   |  32|   0|   32|          0|
    |icmp_ln143_reg_232                |  64|  32|    1|          0|
    +----------------------------------+----+----+-----+-----------+
    |Total                             | 252|  32|  189|          0|
    +----------------------------------+----+----+-----+-----------+



================================================================
== Interface
================================================================
* Summary: 
+----------------------+-----+-----+------------+--------------------------------------+--------------+
|       RTL Ports      | Dir | Bits|  Protocol  |             Source Object            |    C Type    |
+----------------------+-----+-----+------------+--------------------------------------+--------------+
|ap_clk                |   in|    1|  ap_ctrl_hs|  lenet_full_top_Pipeline_DENSE_INPUT4|  return value|
|ap_rst                |   in|    1|  ap_ctrl_hs|  lenet_full_top_Pipeline_DENSE_INPUT4|  return value|
|ap_start              |   in|    1|  ap_ctrl_hs|  lenet_full_top_Pipeline_DENSE_INPUT4|  return value|
|ap_done               |  out|    1|  ap_ctrl_hs|  lenet_full_top_Pipeline_DENSE_INPUT4|  return value|
|ap_idle               |  out|    1|  ap_ctrl_hs|  lenet_full_top_Pipeline_DENSE_INPUT4|  return value|
|ap_ready              |  out|    1|  ap_ctrl_hs|  lenet_full_top_Pipeline_DENSE_INPUT4|  return value|
|grp_fu_1402_p_din0    |  out|   32|  ap_ctrl_hs|  lenet_full_top_Pipeline_DENSE_INPUT4|  return value|
|grp_fu_1402_p_din1    |  out|   32|  ap_ctrl_hs|  lenet_full_top_Pipeline_DENSE_INPUT4|  return value|
|grp_fu_1402_p_opcode  |  out|    2|  ap_ctrl_hs|  lenet_full_top_Pipeline_DENSE_INPUT4|  return value|
|grp_fu_1402_p_dout0   |   in|   32|  ap_ctrl_hs|  lenet_full_top_Pipeline_DENSE_INPUT4|  return value|
|grp_fu_1402_p_ce      |  out|    1|  ap_ctrl_hs|  lenet_full_top_Pipeline_DENSE_INPUT4|  return value|
|grp_fu_1406_p_din0    |  out|   32|  ap_ctrl_hs|  lenet_full_top_Pipeline_DENSE_INPUT4|  return value|
|grp_fu_1406_p_din1    |  out|   32|  ap_ctrl_hs|  lenet_full_top_Pipeline_DENSE_INPUT4|  return value|
|grp_fu_1406_p_dout0   |   in|   32|  ap_ctrl_hs|  lenet_full_top_Pipeline_DENSE_INPUT4|  return value|
|grp_fu_1406_p_ce      |  out|    1|  ap_ctrl_hs|  lenet_full_top_Pipeline_DENSE_INPUT4|  return value|
|accumulator_8         |   in|   32|     ap_none|                         accumulator_8|        scalar|
|m_axi_gmem3_AWVALID   |  out|    1|       m_axi|                                 gmem3|       pointer|
|m_axi_gmem3_AWREADY   |   in|    1|       m_axi|                                 gmem3|       pointer|
|m_axi_gmem3_AWADDR    |  out|   64|       m_axi|                                 gmem3|       pointer|
|m_axi_gmem3_AWID      |  out|    1|       m_axi|                                 gmem3|       pointer|
|m_axi_gmem3_AWLEN     |  out|   32|       m_axi|                                 gmem3|       pointer|
|m_axi_gmem3_AWSIZE    |  out|    3|       m_axi|                                 gmem3|       pointer|
|m_axi_gmem3_AWBURST   |  out|    2|       m_axi|                                 gmem3|       pointer|
|m_axi_gmem3_AWLOCK    |  out|    2|       m_axi|                                 gmem3|       pointer|
|m_axi_gmem3_AWCACHE   |  out|    4|       m_axi|                                 gmem3|       pointer|
|m_axi_gmem3_AWPROT    |  out|    3|       m_axi|                                 gmem3|       pointer|
|m_axi_gmem3_AWQOS     |  out|    4|       m_axi|                                 gmem3|       pointer|
|m_axi_gmem3_AWREGION  |  out|    4|       m_axi|                                 gmem3|       pointer|
|m_axi_gmem3_AWUSER    |  out|    1|       m_axi|                                 gmem3|       pointer|
|m_axi_gmem3_WVALID    |  out|    1|       m_axi|                                 gmem3|       pointer|
|m_axi_gmem3_WREADY    |   in|    1|       m_axi|                                 gmem3|       pointer|
|m_axi_gmem3_WDATA     |  out|   32|       m_axi|                                 gmem3|       pointer|
|m_axi_gmem3_WSTRB     |  out|    4|       m_axi|                                 gmem3|       pointer|
|m_axi_gmem3_WLAST     |  out|    1|       m_axi|                                 gmem3|       pointer|
|m_axi_gmem3_WID       |  out|    1|       m_axi|                                 gmem3|       pointer|
|m_axi_gmem3_WUSER     |  out|    1|       m_axi|                                 gmem3|       pointer|
|m_axi_gmem3_ARVALID   |  out|    1|       m_axi|                                 gmem3|       pointer|
|m_axi_gmem3_ARREADY   |   in|    1|       m_axi|                                 gmem3|       pointer|
|m_axi_gmem3_ARADDR    |  out|   64|       m_axi|                                 gmem3|       pointer|
|m_axi_gmem3_ARID      |  out|    1|       m_axi|                                 gmem3|       pointer|
|m_axi_gmem3_ARLEN     |  out|   32|       m_axi|                                 gmem3|       pointer|
|m_axi_gmem3_ARSIZE    |  out|    3|       m_axi|                                 gmem3|       pointer|
|m_axi_gmem3_ARBURST   |  out|    2|       m_axi|                                 gmem3|       pointer|
|m_axi_gmem3_ARLOCK    |  out|    2|       m_axi|                                 gmem3|       pointer|
|m_axi_gmem3_ARCACHE   |  out|    4|       m_axi|                                 gmem3|       pointer|
|m_axi_gmem3_ARPROT    |  out|    3|       m_axi|                                 gmem3|       pointer|
|m_axi_gmem3_ARQOS     |  out|    4|       m_axi|                                 gmem3|       pointer|
|m_axi_gmem3_ARREGION  |  out|    4|       m_axi|                                 gmem3|       pointer|
|m_axi_gmem3_ARUSER    |  out|    1|       m_axi|                                 gmem3|       pointer|
|m_axi_gmem3_RVALID    |   in|    1|       m_axi|                                 gmem3|       pointer|
|m_axi_gmem3_RREADY    |  out|    1|       m_axi|                                 gmem3|       pointer|
|m_axi_gmem3_RDATA     |   in|   32|       m_axi|                                 gmem3|       pointer|
|m_axi_gmem3_RLAST     |   in|    1|       m_axi|                                 gmem3|       pointer|
|m_axi_gmem3_RID       |   in|    1|       m_axi|                                 gmem3|       pointer|
|m_axi_gmem3_RFIFONUM  |   in|    9|       m_axi|                                 gmem3|       pointer|
|m_axi_gmem3_RUSER     |   in|    1|       m_axi|                                 gmem3|       pointer|
|m_axi_gmem3_RRESP     |   in|    2|       m_axi|                                 gmem3|       pointer|
|m_axi_gmem3_BVALID    |   in|    1|       m_axi|                                 gmem3|       pointer|
|m_axi_gmem3_BREADY    |  out|    1|       m_axi|                                 gmem3|       pointer|
|m_axi_gmem3_BRESP     |   in|    2|       m_axi|                                 gmem3|       pointer|
|m_axi_gmem3_BID       |   in|    1|       m_axi|                                 gmem3|       pointer|
|m_axi_gmem3_BUSER     |   in|    1|       m_axi|                                 gmem3|       pointer|
|m_axi_gmem1_AWVALID   |  out|    1|       m_axi|                                 gmem1|       pointer|
|m_axi_gmem1_AWREADY   |   in|    1|       m_axi|                                 gmem1|       pointer|
|m_axi_gmem1_AWADDR    |  out|   64|       m_axi|                                 gmem1|       pointer|
|m_axi_gmem1_AWID      |  out|    1|       m_axi|                                 gmem1|       pointer|
|m_axi_gmem1_AWLEN     |  out|   32|       m_axi|                                 gmem1|       pointer|
|m_axi_gmem1_AWSIZE    |  out|    3|       m_axi|                                 gmem1|       pointer|
|m_axi_gmem1_AWBURST   |  out|    2|       m_axi|                                 gmem1|       pointer|
|m_axi_gmem1_AWLOCK    |  out|    2|       m_axi|                                 gmem1|       pointer|
|m_axi_gmem1_AWCACHE   |  out|    4|       m_axi|                                 gmem1|       pointer|
|m_axi_gmem1_AWPROT    |  out|    3|       m_axi|                                 gmem1|       pointer|
|m_axi_gmem1_AWQOS     |  out|    4|       m_axi|                                 gmem1|       pointer|
|m_axi_gmem1_AWREGION  |  out|    4|       m_axi|                                 gmem1|       pointer|
|m_axi_gmem1_AWUSER    |  out|    1|       m_axi|                                 gmem1|       pointer|
|m_axi_gmem1_WVALID    |  out|    1|       m_axi|                                 gmem1|       pointer|
|m_axi_gmem1_WREADY    |   in|    1|       m_axi|                                 gmem1|       pointer|
|m_axi_gmem1_WDATA     |  out|   32|       m_axi|                                 gmem1|       pointer|
|m_axi_gmem1_WSTRB     |  out|    4|       m_axi|                                 gmem1|       pointer|
|m_axi_gmem1_WLAST     |  out|    1|       m_axi|                                 gmem1|       pointer|
|m_axi_gmem1_WID       |  out|    1|       m_axi|                                 gmem1|       pointer|
|m_axi_gmem1_WUSER     |  out|    1|       m_axi|                                 gmem1|       pointer|
|m_axi_gmem1_ARVALID   |  out|    1|       m_axi|                                 gmem1|       pointer|
|m_axi_gmem1_ARREADY   |   in|    1|       m_axi|                                 gmem1|       pointer|
|m_axi_gmem1_ARADDR    |  out|   64|       m_axi|                                 gmem1|       pointer|
|m_axi_gmem1_ARID      |  out|    1|       m_axi|                                 gmem1|       pointer|
|m_axi_gmem1_ARLEN     |  out|   32|       m_axi|                                 gmem1|       pointer|
|m_axi_gmem1_ARSIZE    |  out|    3|       m_axi|                                 gmem1|       pointer|
|m_axi_gmem1_ARBURST   |  out|    2|       m_axi|                                 gmem1|       pointer|
|m_axi_gmem1_ARLOCK    |  out|    2|       m_axi|                                 gmem1|       pointer|
|m_axi_gmem1_ARCACHE   |  out|    4|       m_axi|                                 gmem1|       pointer|
|m_axi_gmem1_ARPROT    |  out|    3|       m_axi|                                 gmem1|       pointer|
|m_axi_gmem1_ARQOS     |  out|    4|       m_axi|                                 gmem1|       pointer|
|m_axi_gmem1_ARREGION  |  out|    4|       m_axi|                                 gmem1|       pointer|
|m_axi_gmem1_ARUSER    |  out|    1|       m_axi|                                 gmem1|       pointer|
|m_axi_gmem1_RVALID    |   in|    1|       m_axi|                                 gmem1|       pointer|
|m_axi_gmem1_RREADY    |  out|    1|       m_axi|                                 gmem1|       pointer|
|m_axi_gmem1_RDATA     |   in|   32|       m_axi|                                 gmem1|       pointer|
|m_axi_gmem1_RLAST     |   in|    1|       m_axi|                                 gmem1|       pointer|
|m_axi_gmem1_RID       |   in|    1|       m_axi|                                 gmem1|       pointer|
|m_axi_gmem1_RFIFONUM  |   in|    9|       m_axi|                                 gmem1|       pointer|
|m_axi_gmem1_RUSER     |   in|    1|       m_axi|                                 gmem1|       pointer|
|m_axi_gmem1_RRESP     |   in|    2|       m_axi|                                 gmem1|       pointer|
|m_axi_gmem1_BVALID    |   in|    1|       m_axi|                                 gmem1|       pointer|
|m_axi_gmem1_BREADY    |  out|    1|       m_axi|                                 gmem1|       pointer|
|m_axi_gmem1_BRESP     |   in|    2|       m_axi|                                 gmem1|       pointer|
|m_axi_gmem1_BID       |   in|    1|       m_axi|                                 gmem1|       pointer|
|m_axi_gmem1_BUSER     |   in|    1|       m_axi|                                 gmem1|       pointer|
|sext_ln139_4          |   in|   62|     ap_none|                          sext_ln139_4|        scalar|
|sext_ln139_2          |   in|   62|     ap_none|                          sext_ln139_2|        scalar|
|fc1_relu_address0     |  out|    7|   ap_memory|                              fc1_relu|         array|
|fc1_relu_ce0          |  out|    1|   ap_memory|                              fc1_relu|         array|
|fc1_relu_q0           |   in|   32|   ap_memory|                              fc1_relu|         array|
+----------------------+-----+-----+------------+--------------------------------------+--------------+

