

================================================================
== Vitis HLS Report for 'lenet_full_top_Pipeline_POOL_CHANNEL_POOL_ROW_POOL_COL'
================================================================
* Date:           Sun Sep  6 21:22:57 2026

* Version:        2022.2 (Build 3670227 on Oct 13 2022)
* Project:        clk_10ns_baseline
* Solution:       solution1 (Vivado IP Flow Target)
* Product family: zynq
* Target device:  xc7z020-clg400-1


================================================================
== Performance Estimates
================================================================
+ Timing: 
    * Summary: 
    +--------+----------+----------+------------+
    |  Clock |  Target  | Estimated| Uncertainty|
    +--------+----------+----------+------------+
    |ap_clk  |  10.00 ns|  7.107 ns|     2.70 ns|
    +--------+----------+----------+------------+

+ Latency: 
    * Summary: 
    +---------+---------+-----------+-----------+------+------+---------+
    |  Latency (cycles) |   Latency (absolute)  |   Interval  | Pipeline|
    |   min   |   max   |    min    |    max    |  min |  max |   Type  |
    +---------+---------+-----------+-----------+------+------+---------+
    |     1188|     1188|  11.880 us|  11.880 us|  1188|  1188|       no|
    +---------+---------+-----------+-----------+------+------+---------+

    + Detail: 
        * Instance: 
        N/A

        * Loop: 
        +----------------------------------+---------+---------+----------+-----------+-----------+------+----------+
        |                                  |  Latency (cycles) | Iteration|  Initiation Interval  | Trip |          |
        |             Loop Name            |   min   |   max   |  Latency |  achieved |   target  | Count| Pipelined|
        +----------------------------------+---------+---------+----------+-----------+-----------+------+----------+
        |- POOL_CHANNEL_POOL_ROW_POOL_COL  |     1186|     1186|        12|          1|          1|  1176|       yes|
        +----------------------------------+---------+---------+----------+-----------+-----------+------+----------+



================================================================
== Utilization Estimates
================================================================
* Summary: 
+-----------------+---------+-----+--------+-------+-----+
|       Name      | BRAM_18K| DSP |   FF   |  LUT  | URAM|
+-----------------+---------+-----+--------+-------+-----+
|DSP              |        -|    -|       -|      -|    -|
|Expression       |        -|    -|       0|    884|    -|
|FIFO             |        -|    -|       -|      -|    -|
|Instance         |        -|    -|       -|      -|    -|
|Memory           |        -|    -|       -|      -|    -|
|Multiplexer      |        -|    -|       -|    108|    -|
|Register         |        -|    -|     768|    128|    -|
+-----------------+---------+-----+--------+-------+-----+
|Total            |        0|    0|     768|   1120|    0|
+-----------------+---------+-----+--------+-------+-----+
|Available        |      280|  220|  106400|  53200|    0|
+-----------------+---------+-----+--------+-------+-----+
|Utilization (%)  |        0|    0|      ~0|      2|    0|
+-----------------+---------+-----+--------+-------+-----+

+ Detail: 
    * Instance: 
    N/A

    * DSP: 
    N/A

    * Memory: 
    N/A

    * FIFO: 
    N/A

    * Expression: 
    +---------------------------+----------+----+---+----+------------+------------+
    |       Variable Name       | Operation| DSP| FF| LUT| Bitwidth P0| Bitwidth P1|
    +---------------------------+----------+----+---+----+------------+------------+
    |add_ln105_1_fu_904_p2      |         +|   0|  0|  14|          13|          13|
    |add_ln105_fu_882_p2        |         +|   0|  0|  14|          13|          13|
    |add_ln114_fu_926_p2        |         +|   0|  0|  12|          11|          11|
    |add_ln91_1_fu_283_p2       |         +|   0|  0|  12|          11|           1|
    |add_ln91_fu_309_p2         |         +|   0|  0|  11|           3|           1|
    |add_ln93_2_fu_439_p2       |         +|   0|  0|  15|           8|           1|
    |add_ln93_fu_383_p2         |         +|   0|  0|  13|           4|           1|
    |add_ln95_fu_433_p2         |         +|   0|  0|  13|           4|           1|
    |empty_36_fu_509_p2         |         +|   0|  0|  15|           8|           8|
    |empty_39_fu_267_p2         |         +|   0|  0|  14|           9|           9|
    |p_mid118_fu_752_p2         |         +|   0|  0|  15|           8|           8|
    |p_mid122_fu_415_p2         |         +|   0|  0|  14|           9|           9|
    |empty_35_fu_500_p2         |         -|   0|  0|  15|           8|           8|
    |empty_38_fu_539_p2         |         -|   0|  0|  12|          11|          11|
    |empty_41_fu_563_p2         |         -|   0|  0|  14|          13|          13|
    |empty_44_fu_598_p2         |         -|   0|  0|  14|          13|          13|
    |empty_fu_249_p2            |         -|   0|  0|  14|           9|           9|
    |p_mid120_fu_782_p2         |         -|   0|  0|  12|          11|          11|
    |p_mid124_fu_813_p2         |         -|   0|  0|  14|          13|          13|
    |p_mid128_fu_855_p2         |         -|   0|  0|  14|          13|          13|
    |p_mid142_fu_339_p2         |         -|   0|  0|  14|           9|           9|
    |p_mid144_fu_626_p2         |         -|   0|  0|  15|           8|           8|
    |p_mid166_fu_663_p2         |         -|   0|  0|  12|          11|          11|
    |p_mid180_fu_694_p2         |         -|   0|  0|  14|          13|          13|
    |p_mid194_fu_736_p2         |         -|   0|  0|  14|          13|          13|
    |and_ln107_1_fu_1050_p2     |       and|   0|  0|   2|           1|           1|
    |and_ln107_2_fu_1056_p2     |       and|   0|  0|   2|           1|           1|
    |and_ln107_3_fu_1138_p2     |       and|   0|  0|   2|           1|           1|
    |and_ln107_4_fu_1144_p2     |       and|   0|  0|   2|           1|           1|
    |and_ln107_5_fu_1226_p2     |       and|   0|  0|   2|           1|           1|
    |and_ln107_6_fu_1232_p2     |       and|   0|  0|   2|           1|           1|
    |and_ln107_fu_967_p2        |       and|   0|  0|   2|           1|           1|
    |and_ln91_fu_369_p2         |       and|   0|  0|   2|           1|           1|
    |icmp_ln107_10_fu_1190_p2   |      icmp|   0|  0|  11|           8|           2|
    |icmp_ln107_11_fu_1196_p2   |      icmp|   0|  0|  15|          23|           1|
    |icmp_ln107_12_fu_1208_p2   |      icmp|   0|  0|  11|           8|           2|
    |icmp_ln107_13_fu_1214_p2   |      icmp|   0|  0|  15|          23|           1|
    |icmp_ln107_1_fu_955_p2     |      icmp|   0|  0|  15|          23|           1|
    |icmp_ln107_2_fu_1014_p2    |      icmp|   0|  0|  11|           8|           2|
    |icmp_ln107_3_fu_1020_p2    |      icmp|   0|  0|  15|          23|           1|
    |icmp_ln107_4_fu_1032_p2    |      icmp|   0|  0|  11|           8|           2|
    |icmp_ln107_5_fu_1038_p2    |      icmp|   0|  0|  15|          23|           1|
    |icmp_ln107_6_fu_1102_p2    |      icmp|   0|  0|  11|           8|           2|
    |icmp_ln107_7_fu_1108_p2    |      icmp|   0|  0|  15|          23|           1|
    |icmp_ln107_8_fu_1120_p2    |      icmp|   0|  0|  11|           8|           2|
    |icmp_ln107_9_fu_1126_p2    |      icmp|   0|  0|  15|          23|           1|
    |icmp_ln107_fu_949_p2       |      icmp|   0|  0|  11|           8|           2|
    |icmp_ln91_fu_277_p2        |      icmp|   0|  0|  11|          11|          11|
    |icmp_ln93_fu_295_p2        |      icmp|   0|  0|  11|           8|           7|
    |icmp_ln95_fu_363_p2        |      icmp|   0|  0|   9|           4|           3|
    |empty_42_fu_569_p2         |        or|   0|  0|   9|           9|           1|
    |or_ln105_1_fu_915_p2       |        or|   0|  0|  13|           1|          13|
    |or_ln105_fu_893_p2         |        or|   0|  0|  13|           1|          13|
    |or_ln107_1_fu_1026_p2      |        or|   0|  0|   2|           1|           1|
    |or_ln107_2_fu_1044_p2      |        or|   0|  0|   2|           1|           1|
    |or_ln107_3_fu_1114_p2      |        or|   0|  0|   2|           1|           1|
    |or_ln107_4_fu_1132_p2      |        or|   0|  0|   2|           1|           1|
    |or_ln107_5_fu_1202_p2      |        or|   0|  0|   2|           1|           1|
    |or_ln107_6_fu_1220_p2      |        or|   0|  0|   2|           1|           1|
    |or_ln107_fu_961_p2         |        or|   0|  0|   2|           1|           1|
    |or_ln93_fu_389_p2          |        or|   0|  0|   2|           1|           1|
    |p_mid126_fu_826_p2         |        or|   0|  0|   9|           9|           1|
    |p_mid182_fu_707_p2         |        or|   0|  0|   9|           9|           1|
    |select_ln107_1_fu_1062_p3  |    select|   0|  0|  32|           1|          32|
    |select_ln107_2_fu_1150_p3  |    select|   0|  0|  32|           1|          32|
    |select_ln107_3_fu_1238_p3  |    select|   0|  0|  32|           1|          32|
    |select_ln107_fu_973_p3     |    select|   0|  0|  32|           1|          32|
    |select_ln91_1_fu_345_p3    |    select|   0|  0|   9|           1|           9|
    |select_ln91_2_fu_632_p3    |    select|   0|  0|   8|           1|           8|
    |select_ln91_3_fu_669_p3    |    select|   0|  0|  11|           1|          11|
    |select_ln91_4_fu_700_p3    |    select|   0|  0|  13|           1|          13|
    |select_ln91_5_fu_742_p3    |    select|   0|  0|  13|           1|          13|
    |select_ln91_6_fu_375_p3    |    select|   0|  0|   3|           1|           3|
    |select_ln91_fu_301_p3      |    select|   0|  0|   4|           1|           1|
    |select_ln93_1_fu_788_p3    |    select|   0|  0|  11|           1|          11|
    |select_ln93_2_fu_819_p3    |    select|   0|  0|  13|           1|          13|
    |select_ln93_3_fu_861_p3    |    select|   0|  0|  13|           1|          13|
    |select_ln93_4_fu_425_p3    |    select|   0|  0|   4|           1|           4|
    |select_ln93_5_fu_445_p3    |    select|   0|  0|   8|           1|           1|
    |select_ln93_fu_395_p3      |    select|   0|  0|   4|           1|           1|
    |ap_enable_pp0              |       xor|   0|  0|   2|           1|           2|
    |xor_ln91_fu_357_p2         |       xor|   0|  0|   2|           1|           2|
    +---------------------------+----------+----+---+----+------------+------------+
    |Total                      |          |   0|  0| 884|         550|         541|
    +---------------------------+----------+----+---+----+------------+------------+

    * Multiplexer: 
    +----------------------------------------+----+-----------+-----+-----------+
    |                  Name                  | LUT| Input Size| Bits| Total Bits|
    +----------------------------------------+----+-----------+-----+-----------+
    |ap_done_int                             |   9|          2|    1|          2|
    |ap_enable_reg_pp0_iter2                 |   9|          2|    1|          2|
    |ap_sig_allocacmp_channel_2              |   9|          2|    3|          6|
    |ap_sig_allocacmp_indvar_flatten30_load  |   9|          2|    8|         16|
    |ap_sig_allocacmp_indvar_flatten98_load  |   9|          2|   11|         22|
    |ap_sig_allocacmp_output_col_load        |   9|          2|    4|          8|
    |ap_sig_allocacmp_output_row             |   9|          2|    4|          8|
    |channel_fu_104                          |   9|          2|    3|          6|
    |indvar_flatten30_fu_100                 |   9|          2|    8|         16|
    |indvar_flatten98_fu_108                 |   9|          2|   11|         22|
    |output_col_fu_92                        |   9|          2|    4|          8|
    |output_row_1_fu_96                      |   9|          2|    4|          8|
    +----------------------------------------+----+-----------+-----+-----------+
    |Total                                   | 108|         24|   62|        124|
    +----------------------------------------+----+-----------+-----+-----------+

    * Register: 
    +------------------------------------------+----+----+-----+-----------+
    |                   Name                   | FF | LUT| Bits| Const Bits|
    +------------------------------------------+----+----+-----+-----------+
    |add_ln114_reg_1383                        |  11|   0|   11|          0|
    |add_ln91_reg_1317                         |   3|   0|    3|          0|
    |add_ln93_reg_1341                         |   4|   0|    4|          0|
    |and_ln91_reg_1334                         |   1|   0|    1|          0|
    |ap_CS_fsm                                 |   1|   0|    1|          0|
    |ap_done_reg                               |   1|   0|    1|          0|
    |ap_enable_reg_pp0_iter1                   |   1|   0|    1|          0|
    |ap_enable_reg_pp0_iter10                  |   1|   0|    1|          0|
    |ap_enable_reg_pp0_iter11                  |   1|   0|    1|          0|
    |ap_enable_reg_pp0_iter2                   |   1|   0|    1|          0|
    |ap_enable_reg_pp0_iter3                   |   1|   0|    1|          0|
    |ap_enable_reg_pp0_iter4                   |   1|   0|    1|          0|
    |ap_enable_reg_pp0_iter5                   |   1|   0|    1|          0|
    |ap_enable_reg_pp0_iter6                   |   1|   0|    1|          0|
    |ap_enable_reg_pp0_iter7                   |   1|   0|    1|          0|
    |ap_enable_reg_pp0_iter8                   |   1|   0|    1|          0|
    |ap_enable_reg_pp0_iter9                   |   1|   0|    1|          0|
    |ap_loop_exit_ready_pp0_iter10_reg         |   1|   0|    1|          0|
    |ap_loop_exit_ready_pp0_iter1_reg          |   1|   0|    1|          0|
    |ap_loop_exit_ready_pp0_iter2_reg          |   1|   0|    1|          0|
    |ap_loop_exit_ready_pp0_iter3_reg          |   1|   0|    1|          0|
    |ap_loop_exit_ready_pp0_iter4_reg          |   1|   0|    1|          0|
    |ap_loop_exit_ready_pp0_iter5_reg          |   1|   0|    1|          0|
    |ap_loop_exit_ready_pp0_iter6_reg          |   1|   0|    1|          0|
    |ap_loop_exit_ready_pp0_iter7_reg          |   1|   0|    1|          0|
    |ap_loop_exit_ready_pp0_iter8_reg          |   1|   0|    1|          0|
    |ap_loop_exit_ready_pp0_iter9_reg          |   1|   0|    1|          0|
    |channel_2_reg_1288                        |   3|   0|    3|          0|
    |channel_fu_104                            |   3|   0|    3|          0|
    |conv1_output_load_1_reg_1395              |  32|   0|   32|          0|
    |conv1_output_load_2_reg_1402              |  32|   0|   32|          0|
    |conv1_output_load_3_reg_1409              |  32|   0|   32|          0|
    |conv1_output_load_reg_1388                |  32|   0|   32|          0|
    |conv1_output_load_reg_1388_pp0_iter3_reg  |  32|   0|   32|          0|
    |empty_39_reg_1294                         |   8|   0|    9|          1|
    |empty_40_reg_1300                         |   7|   0|    8|          1|
    |empty_47_reg_1329                         |   6|   0|    8|          2|
    |empty_50_reg_1358                         |   7|   0|    8|          1|
    |icmp_ln91_reg_1305                        |   1|   0|    1|          0|
    |icmp_ln93_reg_1309                        |   1|   0|    1|          0|
    |indvar_flatten30_fu_100                   |   8|   0|    8|          0|
    |indvar_flatten98_fu_108                   |  11|   0|   11|          0|
    |output_col_fu_92                          |   4|   0|    4|          0|
    |output_row_1_fu_96                        |   4|   0|    4|          0|
    |output_row_reg_1283                       |   4|   0|    4|          0|
    |p_mid122_reg_1352                         |   8|   0|    9|          1|
    |p_mid142_reg_1323                         |   7|   0|    9|          2|
    |select_ln107_1_reg_1423                   |  32|   0|   32|          0|
    |select_ln107_1_reg_1423_pp0_iter7_reg     |  32|   0|   32|          0|
    |select_ln107_2_reg_1430                   |  32|   0|   32|          0|
    |select_ln107_2_reg_1430_pp0_iter9_reg     |  32|   0|   32|          0|
    |select_ln107_3_reg_1437                   |  32|   0|   32|          0|
    |select_ln107_reg_1416                     |  32|   0|   32|          0|
    |select_ln107_reg_1416_pp0_iter5_reg       |  32|   0|   32|          0|
    |select_ln93_reg_1346                      |   4|   0|    4|          0|
    |add_ln114_reg_1383                        |  64|  32|   11|          0|
    |conv1_output_load_1_reg_1395              |  64|  32|   32|          0|
    |conv1_output_load_2_reg_1402              |  64|  32|   32|          0|
    |conv1_output_load_3_reg_1409              |  64|  32|   32|          0|
    +------------------------------------------+----+----+-----+-----------+
    |Total                                     | 768| 128|  627|          8|
    +------------------------------------------+----+----+-----+-----------+



================================================================
== Interface
================================================================
* Summary: 
+-----------------------+-----+-----+------------+--------------------------------------------------------+--------------+
|       RTL Ports       | Dir | Bits|  Protocol  |                      Source Object                     |    C Type    |
+-----------------------+-----+-----+------------+--------------------------------------------------------+--------------+
|ap_clk                 |   in|    1|  ap_ctrl_hs|  lenet_full_top_Pipeline_POOL_CHANNEL_POOL_ROW_POOL_COL|  return value|
|ap_rst                 |   in|    1|  ap_ctrl_hs|  lenet_full_top_Pipeline_POOL_CHANNEL_POOL_ROW_POOL_COL|  return value|
|ap_start               |   in|    1|  ap_ctrl_hs|  lenet_full_top_Pipeline_POOL_CHANNEL_POOL_ROW_POOL_COL|  return value|
|ap_done                |  out|    1|  ap_ctrl_hs|  lenet_full_top_Pipeline_POOL_CHANNEL_POOL_ROW_POOL_COL|  return value|
|ap_idle                |  out|    1|  ap_ctrl_hs|  lenet_full_top_Pipeline_POOL_CHANNEL_POOL_ROW_POOL_COL|  return value|
|ap_ready               |  out|    1|  ap_ctrl_hs|  lenet_full_top_Pipeline_POOL_CHANNEL_POOL_ROW_POOL_COL|  return value|
|grp_fu_1410_p_din0     |  out|   32|  ap_ctrl_hs|  lenet_full_top_Pipeline_POOL_CHANNEL_POOL_ROW_POOL_COL|  return value|
|grp_fu_1410_p_din1     |  out|   32|  ap_ctrl_hs|  lenet_full_top_Pipeline_POOL_CHANNEL_POOL_ROW_POOL_COL|  return value|
|grp_fu_1410_p_opcode   |  out|    5|  ap_ctrl_hs|  lenet_full_top_Pipeline_POOL_CHANNEL_POOL_ROW_POOL_COL|  return value|
|grp_fu_1410_p_dout0    |   in|    1|  ap_ctrl_hs|  lenet_full_top_Pipeline_POOL_CHANNEL_POOL_ROW_POOL_COL|  return value|
|grp_fu_1410_p_ce       |  out|    1|  ap_ctrl_hs|  lenet_full_top_Pipeline_POOL_CHANNEL_POOL_ROW_POOL_COL|  return value|
|grp_fu_1414_p_din0     |  out|   32|  ap_ctrl_hs|  lenet_full_top_Pipeline_POOL_CHANNEL_POOL_ROW_POOL_COL|  return value|
|grp_fu_1414_p_din1     |  out|   32|  ap_ctrl_hs|  lenet_full_top_Pipeline_POOL_CHANNEL_POOL_ROW_POOL_COL|  return value|
|grp_fu_1414_p_opcode   |  out|    5|  ap_ctrl_hs|  lenet_full_top_Pipeline_POOL_CHANNEL_POOL_ROW_POOL_COL|  return value|
|grp_fu_1414_p_dout0    |   in|    1|  ap_ctrl_hs|  lenet_full_top_Pipeline_POOL_CHANNEL_POOL_ROW_POOL_COL|  return value|
|grp_fu_1414_p_ce       |  out|    1|  ap_ctrl_hs|  lenet_full_top_Pipeline_POOL_CHANNEL_POOL_ROW_POOL_COL|  return value|
|grp_fu_1418_p_din0     |  out|   32|  ap_ctrl_hs|  lenet_full_top_Pipeline_POOL_CHANNEL_POOL_ROW_POOL_COL|  return value|
|grp_fu_1418_p_din1     |  out|   32|  ap_ctrl_hs|  lenet_full_top_Pipeline_POOL_CHANNEL_POOL_ROW_POOL_COL|  return value|
|grp_fu_1418_p_opcode   |  out|    5|  ap_ctrl_hs|  lenet_full_top_Pipeline_POOL_CHANNEL_POOL_ROW_POOL_COL|  return value|
|grp_fu_1418_p_dout0    |   in|    1|  ap_ctrl_hs|  lenet_full_top_Pipeline_POOL_CHANNEL_POOL_ROW_POOL_COL|  return value|
|grp_fu_1418_p_ce       |  out|    1|  ap_ctrl_hs|  lenet_full_top_Pipeline_POOL_CHANNEL_POOL_ROW_POOL_COL|  return value|
|grp_fu_1422_p_din0     |  out|   32|  ap_ctrl_hs|  lenet_full_top_Pipeline_POOL_CHANNEL_POOL_ROW_POOL_COL|  return value|
|grp_fu_1422_p_din1     |  out|   32|  ap_ctrl_hs|  lenet_full_top_Pipeline_POOL_CHANNEL_POOL_ROW_POOL_COL|  return value|
|grp_fu_1422_p_opcode   |  out|    5|  ap_ctrl_hs|  lenet_full_top_Pipeline_POOL_CHANNEL_POOL_ROW_POOL_COL|  return value|
|grp_fu_1422_p_dout0    |   in|    1|  ap_ctrl_hs|  lenet_full_top_Pipeline_POOL_CHANNEL_POOL_ROW_POOL_COL|  return value|
|grp_fu_1422_p_ce       |  out|    1|  ap_ctrl_hs|  lenet_full_top_Pipeline_POOL_CHANNEL_POOL_ROW_POOL_COL|  return value|
|conv1_output_address0  |  out|   13|   ap_memory|                                            conv1_output|         array|
|conv1_output_ce0       |  out|    1|   ap_memory|                                            conv1_output|         array|
|conv1_output_q0        |   in|   32|   ap_memory|                                            conv1_output|         array|
|conv1_output_address1  |  out|   13|   ap_memory|                                            conv1_output|         array|
|conv1_output_ce1       |  out|    1|   ap_memory|                                            conv1_output|         array|
|conv1_output_q1        |   in|   32|   ap_memory|                                            conv1_output|         array|
|conv1_output_address2  |  out|   13|   ap_memory|                                            conv1_output|         array|
|conv1_output_ce2       |  out|    1|   ap_memory|                                            conv1_output|         array|
|conv1_output_q2        |   in|   32|   ap_memory|                                            conv1_output|         array|
|conv1_output_address3  |  out|   13|   ap_memory|                                            conv1_output|         array|
|conv1_output_ce3       |  out|    1|   ap_memory|                                            conv1_output|         array|
|conv1_output_q3        |   in|   32|   ap_memory|                                            conv1_output|         array|
|pool1_output_address0  |  out|   11|   ap_memory|                                            pool1_output|         array|
|pool1_output_ce0       |  out|    1|   ap_memory|                                            pool1_output|         array|
|pool1_output_we0       |  out|    1|   ap_memory|                                            pool1_output|         array|
|pool1_output_d0        |  out|   32|   ap_memory|                                            pool1_output|         array|
+-----------------------+-----+-----+------------+--------------------------------------------------------+--------------+

