

================================================================
== Vitis HLS Report for 'lenet_full_top_Pipeline_RELU_LOOP3'
================================================================
* Date:           Sun Sep  6 21:33:54 2026

* Version:        2022.2 (Build 3670227 on Oct 13 2022)
* Project:        mac_unroll_5
* Solution:       solution1 (Vivado IP Flow Target)
* Product family: zynq
* Target device:  xc7z020-clg400-1


================================================================
== Performance Estimates
================================================================
+ Timing: 
    * Summary: 
    +--------+----------+----------+------------+
    |  Clock |  Target  | Estimated| Uncertainty|
    +--------+----------+----------+------------+
    |ap_clk  |  10.00 ns|  6.409 ns|     2.70 ns|
    +--------+----------+----------+------------+

+ Latency: 
    * Summary: 
    +---------+---------+----------+----------+-----+-----+---------+
    |  Latency (cycles) |  Latency (absolute) |  Interval | Pipeline|
    |   min   |   max   |    min   |    max   | min | max |   Type  |
    +---------+---------+----------+----------+-----+-----+---------+
    |       89|       89|  0.890 us|  0.890 us|   89|   89|       no|
    +---------+---------+----------+----------+-----+-----+---------+

    + Detail: 
        * Instance: 
        N/A

        * Loop: 
        +-------------+---------+---------+----------+-----------+-----------+------+----------+
        |             |  Latency (cycles) | Iteration|  Initiation Interval  | Trip |          |
        |  Loop Name  |   min   |   max   |  Latency |  achieved |   target  | Count| Pipelined|
        +-------------+---------+---------+----------+-----------+-----------+------+----------+
        |- RELU_LOOP  |       87|       87|         5|          1|          1|    84|       yes|
        +-------------+---------+---------+----------+-----------+-----------+------+----------+



================================================================
== Utilization Estimates
================================================================
* Summary: 
+-----------------+---------+-----+--------+-------+-----+
|       Name      | BRAM_18K| DSP |   FF   |  LUT  | URAM|
+-----------------+---------+-----+--------+-------+-----+
|DSP              |        -|    -|       -|      -|    -|
|Expression       |        -|    -|       0|     88|    -|
|FIFO             |        -|    -|       -|      -|    -|
|Instance         |        -|    -|       -|      -|    -|
|Memory           |        -|    -|       -|      -|    -|
|Multiplexer      |        -|    -|       -|     36|    -|
|Register         |        -|    -|     183|     32|    -|
+-----------------+---------+-----+--------+-------+-----+
|Total            |        0|    0|     183|    156|    0|
+-----------------+---------+-----+--------+-------+-----+
|Available        |      280|  220|  106400|  53200|    0|
+-----------------+---------+-----+--------+-------+-----+
|Utilization (%)  |        0|    0|      ~0|     ~0|    0|
+-----------------+---------+-----+--------+-------+-----+

+ Detail: 
    * Instance: 
    N/A

    * DSP: 
    N/A

    * Memory: 
    N/A

    * FIFO: 
    N/A

    * Expression: 
    +------------------------+----------+----+---+----+------------+------------+
    |      Variable Name     | Operation| DSP| FF| LUT| Bitwidth P0| Bitwidth P1|
    +------------------------+----------+----+---+----+------------+------------+
    |add_ln127_fu_91_p2      |         +|   0|  0|  14|           7|           1|
    |and_ln129_fu_142_p2     |       and|   0|  0|   2|           1|           1|
    |icmp_ln127_fu_85_p2     |      icmp|   0|  0|  10|           7|           7|
    |icmp_ln129_1_fu_130_p2  |      icmp|   0|  0|  15|          23|           1|
    |icmp_ln129_fu_124_p2    |      icmp|   0|  0|  11|           8|           2|
    |or_ln129_fu_136_p2      |        or|   0|  0|   2|           1|           1|
    |select_ln129_fu_148_p3  |    select|   0|  0|  32|           1|          32|
    |ap_enable_pp0           |       xor|   0|  0|   2|           1|           2|
    +------------------------+----------+----+---+----+------------+------------+
    |Total                   |          |   0|  0|  88|          49|          47|
    +------------------------+----------+----+---+----+------------+------------+

    * Multiplexer: 
    +--------------------------+----+-----------+-----+-----------+
    |           Name           | LUT| Input Size| Bits| Total Bits|
    +--------------------------+----+-----------+-----+-----------+
    |ap_done_int               |   9|          2|    1|          2|
    |ap_enable_reg_pp0_iter1   |   9|          2|    1|          2|
    |ap_sig_allocacmp_index_1  |   9|          2|    7|         14|
    |index_fu_42               |   9|          2|    7|         14|
    +--------------------------+----+-----------+-----+-----------+
    |Total                     |  36|          8|   16|         32|
    +--------------------------+----+-----------+-----+-----------+

    * Register: 
    +----------------------------------+----+----+-----+-----------+
    |               Name               | FF | LUT| Bits| Const Bits|
    +----------------------------------+----+----+-----+-----------+
    |ap_CS_fsm                         |   1|   0|    1|          0|
    |ap_done_reg                       |   1|   0|    1|          0|
    |ap_enable_reg_pp0_iter1           |   1|   0|    1|          0|
    |ap_enable_reg_pp0_iter2           |   1|   0|    1|          0|
    |ap_enable_reg_pp0_iter3           |   1|   0|    1|          0|
    |ap_enable_reg_pp0_iter4           |   1|   0|    1|          0|
    |ap_loop_exit_ready_pp0_iter1_reg  |   1|   0|    1|          0|
    |ap_loop_exit_ready_pp0_iter2_reg  |   1|   0|    1|          0|
    |ap_loop_exit_ready_pp0_iter3_reg  |   1|   0|    1|          0|
    |index_1_cast_reg_166              |   7|   0|   64|         57|
    |index_fu_42                       |   7|   0|    7|          0|
    |select_ln129_reg_183              |  32|   0|   32|          0|
    |value_reg_176                     |  32|   0|   32|          0|
    |value_reg_176_pp0_iter2_reg       |  32|   0|   32|          0|
    |index_1_cast_reg_166              |  64|  32|   64|         57|
    +----------------------------------+----+----+-----+-----------+
    |Total                             | 183|  32|  240|        114|
    +----------------------------------+----+----+-----+-----------+



================================================================
== Interface
================================================================
* Summary: 
+----------------------+-----+-----+------------+------------------------------------+--------------+
|       RTL Ports      | Dir | Bits|  Protocol  |            Source Object           |    C Type    |
+----------------------+-----+-----+------------+------------------------------------+--------------+
|ap_clk                |   in|    1|  ap_ctrl_hs|  lenet_full_top_Pipeline_RELU_LOOP3|  return value|
|ap_rst                |   in|    1|  ap_ctrl_hs|  lenet_full_top_Pipeline_RELU_LOOP3|  return value|
|ap_start              |   in|    1|  ap_ctrl_hs|  lenet_full_top_Pipeline_RELU_LOOP3|  return value|
|ap_done               |  out|    1|  ap_ctrl_hs|  lenet_full_top_Pipeline_RELU_LOOP3|  return value|
|ap_idle               |  out|    1|  ap_ctrl_hs|  lenet_full_top_Pipeline_RELU_LOOP3|  return value|
|ap_ready              |  out|    1|  ap_ctrl_hs|  lenet_full_top_Pipeline_RELU_LOOP3|  return value|
|grp_fu_1410_p_din0    |  out|   32|  ap_ctrl_hs|  lenet_full_top_Pipeline_RELU_LOOP3|  return value|
|grp_fu_1410_p_din1    |  out|   32|  ap_ctrl_hs|  lenet_full_top_Pipeline_RELU_LOOP3|  return value|
|grp_fu_1410_p_opcode  |  out|    5|  ap_ctrl_hs|  lenet_full_top_Pipeline_RELU_LOOP3|  return value|
|grp_fu_1410_p_dout0   |   in|    1|  ap_ctrl_hs|  lenet_full_top_Pipeline_RELU_LOOP3|  return value|
|grp_fu_1410_p_ce      |  out|    1|  ap_ctrl_hs|  lenet_full_top_Pipeline_RELU_LOOP3|  return value|
|fc1_output_address0   |  out|    7|   ap_memory|                          fc1_output|         array|
|fc1_output_ce0        |  out|    1|   ap_memory|                          fc1_output|         array|
|fc1_output_q0         |   in|   32|   ap_memory|                          fc1_output|         array|
|fc1_relu_address0     |  out|    7|   ap_memory|                            fc1_relu|         array|
|fc1_relu_ce0          |  out|    1|   ap_memory|                            fc1_relu|         array|
|fc1_relu_we0          |  out|    1|   ap_memory|                            fc1_relu|         array|
|fc1_relu_d0           |  out|   32|   ap_memory|                            fc1_relu|         array|
+----------------------+-----+-----+------------+------------------------------------+--------------+

