Copyright 1986-2022 Xilinx, Inc. All Rights Reserved.
----------------------------------------------------------------------------------------------------------------------------------------------------------------------------------------
| Tool Version : Vivado v.2022.2 (win64) Build 3671981 Fri Oct 14 05:00:03 MDT 2022
| Date         : Mon Sep 14 23:15:38 2026
| Host         : Benedicta running 64-bit major release  (build 9200)
| Command      : report_timing_summary -delay_type max -max_paths 20 -file D:/GitHub/vivado/vivado/F_Quantization_W8A8/Vivado_W4A4_LC2_Impl_Patch/results/post_synth_timing_summary.rpt
| Design       : lenet_w4a4_top
| Device       : 7z020-clg400
| Speed File   : -1  PRODUCTION 1.12 2019-11-22
----------------------------------------------------------------------------------------------------------------------------------------------------------------------------------------

Timing Summary Report

------------------------------------------------------------------------------------------------
| Timer Settings
| --------------
------------------------------------------------------------------------------------------------

  Enable Multi Corner Analysis               :  Yes
  Enable Pessimism Removal                   :  Yes
  Pessimism Removal Resolution               :  Nearest Common Node
  Enable Input Delay Default Clock           :  No
  Enable Preset / Clear Arcs                 :  No
  Disable Flight Delays                      :  No
  Ignore I/O Paths                           :  No
  Timing Early Launch at Borrowing Latches   :  No
  Borrow Time for Max Delay Exceptions       :  Yes
  Merge Timing Exceptions                    :  Yes

  Corner  Analyze    Analyze    
  Name    Max Paths  Min Paths  
  ------  ---------  ---------  
  Slow    Yes        Yes        
  Fast    Yes        Yes        


------------------------------------------------------------------------------------------------
| Report Methodology
| ------------------
------------------------------------------------------------------------------------------------

No report available as report_methodology has not been run prior. Run report_methodology on the current design for the summary of methodology violations.



check_timing report

Table of Contents
-----------------
1. checking no_clock (0)
2. checking constant_clock (0)
3. checking pulse_width_clock (0)
4. checking unconstrained_internal_endpoints (0)
5. checking no_input_delay (130)
6. checking no_output_delay (283)
7. checking multiple_clock (0)
8. checking generated_clocks (0)
9. checking loops (0)
10. checking partial_input_delay (0)
11. checking partial_output_delay (0)
12. checking latch_loops (0)

1. checking no_clock (0)
------------------------
 There are 0 register/latch pins with no clock.


2. checking constant_clock (0)
------------------------------
 There are 0 register/latch pins with constant_clock.


3. checking pulse_width_clock (0)
---------------------------------
 There are 0 register/latch pins which need pulse_width check


4. checking unconstrained_internal_endpoints (0)
------------------------------------------------
 There are 0 pins that are not constrained for maximum delay.

 There are 0 pins that are not constrained for maximum delay due to constant clock.


5. checking no_input_delay (130)
--------------------------------
 There are 130 input ports with no input delay specified. (HIGH)

 There are 0 input ports with no input delay but user has a false path constraint.


6. checking no_output_delay (283)
---------------------------------
 There are 283 ports with no output delay specified. (HIGH)

 There are 0 ports with no output delay but user has a false path constraint

 There are 0 ports with no output delay but with a timing clock defined on it or propagating through it


7. checking multiple_clock (0)
------------------------------
 There are 0 register/latch pins with multiple clocks.


8. checking generated_clocks (0)
--------------------------------
 There are 0 generated clocks that are not connected to a clock source.


9. checking loops (0)
---------------------
 There are 0 combinational loops in the design.


10. checking partial_input_delay (0)
------------------------------------
 There are 0 input ports with partial input delay specified.


11. checking partial_output_delay (0)
-------------------------------------
 There are 0 ports with partial output delay specified.


12. checking latch_loops (0)
----------------------------
 There are 0 combinational latch loops in the design through latch input



------------------------------------------------------------------------------------------------
| Design Timing Summary
| ---------------------
------------------------------------------------------------------------------------------------

    WNS(ns)      TNS(ns)  TNS Failing Endpoints  TNS Total Endpoints     WPWS(ns)     TPWS(ns)  TPWS Failing Endpoints  TPWS Total Endpoints  
    -------      -------  ---------------------  -------------------     --------     --------  ----------------------  --------------------  
      1.820        0.000                      0                16751        3.750        0.000                       0                  6578  


All user specified timing constraints are met.


------------------------------------------------------------------------------------------------
| Clock Summary
| -------------
------------------------------------------------------------------------------------------------

Clock   Waveform(ns)       Period(ns)      Frequency(MHz)
-----   ------------       ----------      --------------
ap_clk  {0.000 5.000}      10.000          100.000         


------------------------------------------------------------------------------------------------
| Intra Clock Table
| -----------------
------------------------------------------------------------------------------------------------

Clock             WNS(ns)      TNS(ns)  TNS Failing Endpoints  TNS Total Endpoints     WPWS(ns)     TPWS(ns)  TPWS Failing Endpoints  TPWS Total Endpoints  
-----             -------      -------  ---------------------  -------------------     --------     --------  ----------------------  --------------------  
ap_clk              1.820        0.000                      0                16751        3.750        0.000                       0                  6578  


------------------------------------------------------------------------------------------------
| Inter Clock Table
| -----------------
------------------------------------------------------------------------------------------------

From Clock    To Clock          WNS(ns)      TNS(ns)  TNS Failing Endpoints  TNS Total Endpoints  
----------    --------          -------      -------  ---------------------  -------------------  


------------------------------------------------------------------------------------------------
| Other Path Groups Table
| -----------------------
------------------------------------------------------------------------------------------------

Path Group    From Clock    To Clock          WNS(ns)      TNS(ns)  TNS Failing Endpoints  TNS Total Endpoints  
----------    ----------    --------          -------      -------  ---------------------  -------------------  


------------------------------------------------------------------------------------------------
| Timing Details
| --------------
------------------------------------------------------------------------------------------------


---------------------------------------------------------------------------------------------------
From Clock:  ap_clk
  To Clock:  ap_clk

Setup :            0  Failing Endpoints,  Worst Slack        1.820ns,  Total Violation        0.000ns
Hold  :           NA  Failing Endpoints,  Worst Slack           NA  ,  Total Violation           NA
PW    :            0  Failing Endpoints,  Worst Slack        3.750ns,  Total Violation        0.000ns
---------------------------------------------------------------------------------------------------


Max Delay Paths
--------------------------------------------------------------------------------------
Slack (MET) :             1.820ns  (required time - arrival time)
  Source:                 conv3_acc_V_U/ram_reg/CLKARDCLK
                            (rising edge-triggered cell RAMB18E1 clocked by ap_clk  {rise@0.000ns fall@5.000ns period=10.000ns})
  Destination:            mul_32ns_37ns_68_2_1_U134/dout_reg__0/PCIN[0]
                            (rising edge-triggered cell DSP48E1 clocked by ap_clk  {rise@0.000ns fall@5.000ns period=10.000ns})
  Path Group:             ap_clk
  Path Type:              Setup (Max at Slow Process Corner)
  Requirement:            10.000ns  (ap_clk rise@10.000ns - ap_clk rise@0.000ns)
  Data Path Delay:        6.696ns  (logic 5.042ns (75.294%)  route 1.654ns (24.706%))
  Logic Levels:           2  (DSP48E1=1 LUT4=1)
  Clock Path Skew:        -0.049ns (DCD - SCD + CPR)
    Destination Clock Delay (DCD):    0.924ns = ( 10.924 - 10.000 ) 
    Source Clock Delay      (SCD):    0.973ns
    Clock Pessimism Removal (CPR):    0.000ns
  Clock Uncertainty:      0.035ns  ((TSJ^2 + TIJ^2)^1/2 + DJ) / 2 + PE
    Total System Jitter     (TSJ):    0.071ns
    Total Input Jitter      (TIJ):    0.000ns
    Discrete Jitter          (DJ):    0.000ns
    Phase Error              (PE):    0.000ns

    Location             Delay type                Incr(ns)  Path(ns)    Netlist Resource(s)
  -------------------------------------------------------------------    -------------------
                         (clock ap_clk rise edge)     0.000     0.000 r  
                                                      0.000     0.000 r  ap_clk (IN)
                         net (fo=6593, unset)         0.973     0.973    conv3_acc_V_U/ap_clk
                         RAMB18E1                                     r  conv3_acc_V_U/ram_reg/CLKARDCLK
  -------------------------------------------------------------------    -------------------
                         RAMB18E1 (Prop_ramb18e1_CLKARDCLK_DOADO[15])
                                                      0.882     1.855 r  conv3_acc_V_U/ram_reg/DOADO[15]
                         net (fo=3, unplaced)         0.800     2.655    conv2_acc_V_U/DOADO[1]
                         LUT4 (Prop_lut4_I2_O)        0.124     2.779 r  conv2_acc_V_U/tmp_product_i_1/O
                         net (fo=34, unplaced)        0.800     3.578    mul_32ns_37ns_68_2_1_U134/B[15]
                         DSP48E1 (Prop_dsp48e1_A[16]_PCOUT[0])
                                                      4.036     7.614 r  mul_32ns_37ns_68_2_1_U134/tmp_product__0/PCOUT[0]
                         net (fo=1, unplaced)         0.055     7.669    mul_32ns_37ns_68_2_1_U134/tmp_product__0_n_153
                         DSP48E1                                      r  mul_32ns_37ns_68_2_1_U134/dout_reg__0/PCIN[0]
  -------------------------------------------------------------------    -------------------

                         (clock ap_clk rise edge)    10.000    10.000 r  
                                                      0.000    10.000 r  ap_clk (IN)
                         net (fo=6593, unset)         0.924    10.924    mul_32ns_37ns_68_2_1_U134/ap_clk
                         DSP48E1                                      r  mul_32ns_37ns_68_2_1_U134/dout_reg__0/CLK
                         clock pessimism              0.000    10.924    
                         clock uncertainty           -0.035    10.889    
                         DSP48E1 (Setup_dsp48e1_CLK_PCIN[0])
                                                     -1.400     9.489    mul_32ns_37ns_68_2_1_U134/dout_reg__0
  -------------------------------------------------------------------
                         required time                          9.489    
                         arrival time                          -7.669    
  -------------------------------------------------------------------
                         slack                                  1.820    

Slack (MET) :             1.820ns  (required time - arrival time)
  Source:                 conv3_acc_V_U/ram_reg/CLKARDCLK
                            (rising edge-triggered cell RAMB18E1 clocked by ap_clk  {rise@0.000ns fall@5.000ns period=10.000ns})
  Destination:            mul_32ns_37ns_68_2_1_U134/dout_reg__0/PCIN[10]
                            (rising edge-triggered cell DSP48E1 clocked by ap_clk  {rise@0.000ns fall@5.000ns period=10.000ns})
  Path Group:             ap_clk
  Path Type:              Setup (Max at Slow Process Corner)
  Requirement:            10.000ns  (ap_clk rise@10.000ns - ap_clk rise@0.000ns)
  Data Path Delay:        6.696ns  (logic 5.042ns (75.294%)  route 1.654ns (24.706%))
  Logic Levels:           2  (DSP48E1=1 LUT4=1)
  Clock Path Skew:        -0.049ns (DCD - SCD + CPR)
    Destination Clock Delay (DCD):    0.924ns = ( 10.924 - 10.000 ) 
    Source Clock Delay      (SCD):    0.973ns
    Clock Pessimism Removal (CPR):    0.000ns
  Clock Uncertainty:      0.035ns  ((TSJ^2 + TIJ^2)^1/2 + DJ) / 2 + PE
    Total System Jitter     (TSJ):    0.071ns
    Total Input Jitter      (TIJ):    0.000ns
    Discrete Jitter          (DJ):    0.000ns
    Phase Error              (PE):    0.000ns

    Location             Delay type                Incr(ns)  Path(ns)    Netlist Resource(s)
  -------------------------------------------------------------------    -------------------
                         (clock ap_clk rise edge)     0.000     0.000 r  
                                                      0.000     0.000 r  ap_clk (IN)
                         net (fo=6593, unset)         0.973     0.973    conv3_acc_V_U/ap_clk
                         RAMB18E1                                     r  conv3_acc_V_U/ram_reg/CLKARDCLK
  -------------------------------------------------------------------    -------------------
                         RAMB18E1 (Prop_ramb18e1_CLKARDCLK_DOADO[15])
                                                      0.882     1.855 r  conv3_acc_V_U/ram_reg/DOADO[15]
                         net (fo=3, unplaced)         0.800     2.655    conv2_acc_V_U/DOADO[1]
                         LUT4 (Prop_lut4_I2_O)        0.124     2.779 r  conv2_acc_V_U/tmp_product_i_1/O
                         net (fo=34, unplaced)        0.800     3.578    mul_32ns_37ns_68_2_1_U134/B[15]
                         DSP48E1 (Prop_dsp48e1_A[16]_PCOUT[10])
                                                      4.036     7.614 r  mul_32ns_37ns_68_2_1_U134/tmp_product__0/PCOUT[10]
                         net (fo=1, unplaced)         0.055     7.669    mul_32ns_37ns_68_2_1_U134/tmp_product__0_n_143
                         DSP48E1                                      r  mul_32ns_37ns_68_2_1_U134/dout_reg__0/PCIN[10]
  -------------------------------------------------------------------    -------------------

                         (clock ap_clk rise edge)    10.000    10.000 r  
                                                      0.000    10.000 r  ap_clk (IN)
                         net (fo=6593, unset)         0.924    10.924    mul_32ns_37ns_68_2_1_U134/ap_clk
                         DSP48E1                                      r  mul_32ns_37ns_68_2_1_U134/dout_reg__0/CLK
                         clock pessimism              0.000    10.924    
                         clock uncertainty           -0.035    10.889    
                         DSP48E1 (Setup_dsp48e1_CLK_PCIN[10])
                                                     -1.400     9.489    mul_32ns_37ns_68_2_1_U134/dout_reg__0
  -------------------------------------------------------------------
                         required time                          9.489    
                         arrival time                          -7.669    
  -------------------------------------------------------------------
                         slack                                  1.820    

Slack (MET) :             1.820ns  (required time - arrival time)
  Source:                 conv3_acc_V_U/ram_reg/CLKARDCLK
                            (rising edge-triggered cell RAMB18E1 clocked by ap_clk  {rise@0.000ns fall@5.000ns period=10.000ns})
  Destination:            mul_32ns_37ns_68_2_1_U134/dout_reg__0/PCIN[11]
                            (rising edge-triggered cell DSP48E1 clocked by ap_clk  {rise@0.000ns fall@5.000ns period=10.000ns})
  Path Group:             ap_clk
  Path Type:              Setup (Max at Slow Process Corner)
  Requirement:            10.000ns  (ap_clk rise@10.000ns - ap_clk rise@0.000ns)
  Data Path Delay:        6.696ns  (logic 5.042ns (75.294%)  route 1.654ns (24.706%))
  Logic Levels:           2  (DSP48E1=1 LUT4=1)
  Clock Path Skew:        -0.049ns (DCD - SCD + CPR)
    Destination Clock Delay (DCD):    0.924ns = ( 10.924 - 10.000 ) 
    Source Clock Delay      (SCD):    0.973ns
    Clock Pessimism Removal (CPR):    0.000ns
  Clock Uncertainty:      0.035ns  ((TSJ^2 + TIJ^2)^1/2 + DJ) / 2 + PE
    Total System Jitter     (TSJ):    0.071ns
    Total Input Jitter      (TIJ):    0.000ns
    Discrete Jitter          (DJ):    0.000ns
    Phase Error              (PE):    0.000ns

    Location             Delay type                Incr(ns)  Path(ns)    Netlist Resource(s)
  -------------------------------------------------------------------    -------------------
                         (clock ap_clk rise edge)     0.000     0.000 r  
                                                      0.000     0.000 r  ap_clk (IN)
                         net (fo=6593, unset)         0.973     0.973    conv3_acc_V_U/ap_clk
                         RAMB18E1                                     r  conv3_acc_V_U/ram_reg/CLKARDCLK
  -------------------------------------------------------------------    -------------------
                         RAMB18E1 (Prop_ramb18e1_CLKARDCLK_DOADO[15])
                                                      0.882     1.855 r  conv3_acc_V_U/ram_reg/DOADO[15]
                         net (fo=3, unplaced)         0.800     2.655    conv2_acc_V_U/DOADO[1]
                         LUT4 (Prop_lut4_I2_O)        0.124     2.779 r  conv2_acc_V_U/tmp_product_i_1/O
                         net (fo=34, unplaced)        0.800     3.578    mul_32ns_37ns_68_2_1_U134/B[15]
                         DSP48E1 (Prop_dsp48e1_A[16]_PCOUT[11])
                                                      4.036     7.614 r  mul_32ns_37ns_68_2_1_U134/tmp_product__0/PCOUT[11]
                         net (fo=1, unplaced)         0.055     7.669    mul_32ns_37ns_68_2_1_U134/tmp_product__0_n_142
                         DSP48E1                                      r  mul_32ns_37ns_68_2_1_U134/dout_reg__0/PCIN[11]
  -------------------------------------------------------------------    -------------------

                         (clock ap_clk rise edge)    10.000    10.000 r  
                                                      0.000    10.000 r  ap_clk (IN)
                         net (fo=6593, unset)         0.924    10.924    mul_32ns_37ns_68_2_1_U134/ap_clk
                         DSP48E1                                      r  mul_32ns_37ns_68_2_1_U134/dout_reg__0/CLK
                         clock pessimism              0.000    10.924    
                         clock uncertainty           -0.035    10.889    
                         DSP48E1 (Setup_dsp48e1_CLK_PCIN[11])
                                                     -1.400     9.489    mul_32ns_37ns_68_2_1_U134/dout_reg__0
  -------------------------------------------------------------------
                         required time                          9.489    
                         arrival time                          -7.669    
  -------------------------------------------------------------------
                         slack                                  1.820    

Slack (MET) :             1.820ns  (required time - arrival time)
  Source:                 conv3_acc_V_U/ram_reg/CLKARDCLK
                            (rising edge-triggered cell RAMB18E1 clocked by ap_clk  {rise@0.000ns fall@5.000ns period=10.000ns})
  Destination:            mul_32ns_37ns_68_2_1_U134/dout_reg__0/PCIN[12]
                            (rising edge-triggered cell DSP48E1 clocked by ap_clk  {rise@0.000ns fall@5.000ns period=10.000ns})
  Path Group:             ap_clk
  Path Type:              Setup (Max at Slow Process Corner)
  Requirement:            10.000ns  (ap_clk rise@10.000ns - ap_clk rise@0.000ns)
  Data Path Delay:        6.696ns  (logic 5.042ns (75.294%)  route 1.654ns (24.706%))
  Logic Levels:           2  (DSP48E1=1 LUT4=1)
  Clock Path Skew:        -0.049ns (DCD - SCD + CPR)
    Destination Clock Delay (DCD):    0.924ns = ( 10.924 - 10.000 ) 
    Source Clock Delay      (SCD):    0.973ns
    Clock Pessimism Removal (CPR):    0.000ns
  Clock Uncertainty:      0.035ns  ((TSJ^2 + TIJ^2)^1/2 + DJ) / 2 + PE
    Total System Jitter     (TSJ):    0.071ns
    Total Input Jitter      (TIJ):    0.000ns
    Discrete Jitter          (DJ):    0.000ns
    Phase Error              (PE):    0.000ns

    Location             Delay type                Incr(ns)  Path(ns)    Netlist Resource(s)
  -------------------------------------------------------------------    -------------------
                         (clock ap_clk rise edge)     0.000     0.000 r  
                                                      0.000     0.000 r  ap_clk (IN)
                         net (fo=6593, unset)         0.973     0.973    conv3_acc_V_U/ap_clk
                         RAMB18E1                                     r  conv3_acc_V_U/ram_reg/CLKARDCLK
  -------------------------------------------------------------------    -------------------
                         RAMB18E1 (Prop_ramb18e1_CLKARDCLK_DOADO[15])
                                                      0.882     1.855 r  conv3_acc_V_U/ram_reg/DOADO[15]
                         net (fo=3, unplaced)         0.800     2.655    conv2_acc_V_U/DOADO[1]
                         LUT4 (Prop_lut4_I2_O)        0.124     2.779 r  conv2_acc_V_U/tmp_product_i_1/O
                         net (fo=34, unplaced)        0.800     3.578    mul_32ns_37ns_68_2_1_U134/B[15]
                         DSP48E1 (Prop_dsp48e1_A[16]_PCOUT[12])
                                                      4.036     7.614 r  mul_32ns_37ns_68_2_1_U134/tmp_product__0/PCOUT[12]
                         net (fo=1, unplaced)         0.055     7.669    mul_32ns_37ns_68_2_1_U134/tmp_product__0_n_141
                         DSP48E1                                      r  mul_32ns_37ns_68_2_1_U134/dout_reg__0/PCIN[12]
  -------------------------------------------------------------------    -------------------

                         (clock ap_clk rise edge)    10.000    10.000 r  
                                                      0.000    10.000 r  ap_clk (IN)
                         net (fo=6593, unset)         0.924    10.924    mul_32ns_37ns_68_2_1_U134/ap_clk
                         DSP48E1                                      r  mul_32ns_37ns_68_2_1_U134/dout_reg__0/CLK
                         clock pessimism              0.000    10.924    
                         clock uncertainty           -0.035    10.889    
                         DSP48E1 (Setup_dsp48e1_CLK_PCIN[12])
                                                     -1.400     9.489    mul_32ns_37ns_68_2_1_U134/dout_reg__0
  -------------------------------------------------------------------
                         required time                          9.489    
                         arrival time                          -7.669    
  -------------------------------------------------------------------
                         slack                                  1.820    

Slack (MET) :             1.820ns  (required time - arrival time)
  Source:                 conv3_acc_V_U/ram_reg/CLKARDCLK
                            (rising edge-triggered cell RAMB18E1 clocked by ap_clk  {rise@0.000ns fall@5.000ns period=10.000ns})
  Destination:            mul_32ns_37ns_68_2_1_U134/dout_reg__0/PCIN[13]
                            (rising edge-triggered cell DSP48E1 clocked by ap_clk  {rise@0.000ns fall@5.000ns period=10.000ns})
  Path Group:             ap_clk
  Path Type:              Setup (Max at Slow Process Corner)
  Requirement:            10.000ns  (ap_clk rise@10.000ns - ap_clk rise@0.000ns)
  Data Path Delay:        6.696ns  (logic 5.042ns (75.294%)  route 1.654ns (24.706%))
  Logic Levels:           2  (DSP48E1=1 LUT4=1)
  Clock Path Skew:        -0.049ns (DCD - SCD + CPR)
    Destination Clock Delay (DCD):    0.924ns = ( 10.924 - 10.000 ) 
    Source Clock Delay      (SCD):    0.973ns
    Clock Pessimism Removal (CPR):    0.000ns
  Clock Uncertainty:      0.035ns  ((TSJ^2 + TIJ^2)^1/2 + DJ) / 2 + PE
    Total System Jitter     (TSJ):    0.071ns
    Total Input Jitter      (TIJ):    0.000ns
    Discrete Jitter          (DJ):    0.000ns
    Phase Error              (PE):    0.000ns

    Location             Delay type                Incr(ns)  Path(ns)    Netlist Resource(s)
  -------------------------------------------------------------------    -------------------
                         (clock ap_clk rise edge)     0.000     0.000 r  
                                                      0.000     0.000 r  ap_clk (IN)
                         net (fo=6593, unset)         0.973     0.973    conv3_acc_V_U/ap_clk
                         RAMB18E1                                     r  conv3_acc_V_U/ram_reg/CLKARDCLK
  -------------------------------------------------------------------    -------------------
                         RAMB18E1 (Prop_ramb18e1_CLKARDCLK_DOADO[15])
                                                      0.882     1.855 r  conv3_acc_V_U/ram_reg/DOADO[15]
                         net (fo=3, unplaced)         0.800     2.655    conv2_acc_V_U/DOADO[1]
                         LUT4 (Prop_lut4_I2_O)        0.124     2.779 r  conv2_acc_V_U/tmp_product_i_1/O
                         net (fo=34, unplaced)        0.800     3.578    mul_32ns_37ns_68_2_1_U134/B[15]
                         DSP48E1 (Prop_dsp48e1_A[16]_PCOUT[13])
                                                      4.036     7.614 r  mul_32ns_37ns_68_2_1_U134/tmp_product__0/PCOUT[13]
                         net (fo=1, unplaced)         0.055     7.669    mul_32ns_37ns_68_2_1_U134/tmp_product__0_n_140
                         DSP48E1                                      r  mul_32ns_37ns_68_2_1_U134/dout_reg__0/PCIN[13]
  -------------------------------------------------------------------    -------------------

                         (clock ap_clk rise edge)    10.000    10.000 r  
                                                      0.000    10.000 r  ap_clk (IN)
                         net (fo=6593, unset)         0.924    10.924    mul_32ns_37ns_68_2_1_U134/ap_clk
                         DSP48E1                                      r  mul_32ns_37ns_68_2_1_U134/dout_reg__0/CLK
                         clock pessimism              0.000    10.924    
                         clock uncertainty           -0.035    10.889    
                         DSP48E1 (Setup_dsp48e1_CLK_PCIN[13])
                                                     -1.400     9.489    mul_32ns_37ns_68_2_1_U134/dout_reg__0
  -------------------------------------------------------------------
                         required time                          9.489    
                         arrival time                          -7.669    
  -------------------------------------------------------------------
                         slack                                  1.820    

Slack (MET) :             1.820ns  (required time - arrival time)
  Source:                 conv3_acc_V_U/ram_reg/CLKARDCLK
                            (rising edge-triggered cell RAMB18E1 clocked by ap_clk  {rise@0.000ns fall@5.000ns period=10.000ns})
  Destination:            mul_32ns_37ns_68_2_1_U134/dout_reg__0/PCIN[14]
                            (rising edge-triggered cell DSP48E1 clocked by ap_clk  {rise@0.000ns fall@5.000ns period=10.000ns})
  Path Group:             ap_clk
  Path Type:              Setup (Max at Slow Process Corner)
  Requirement:            10.000ns  (ap_clk rise@10.000ns - ap_clk rise@0.000ns)
  Data Path Delay:        6.696ns  (logic 5.042ns (75.294%)  route 1.654ns (24.706%))
  Logic Levels:           2  (DSP48E1=1 LUT4=1)
  Clock Path Skew:        -0.049ns (DCD - SCD + CPR)
    Destination Clock Delay (DCD):    0.924ns = ( 10.924 - 10.000 ) 
    Source Clock Delay      (SCD):    0.973ns
    Clock Pessimism Removal (CPR):    0.000ns
  Clock Uncertainty:      0.035ns  ((TSJ^2 + TIJ^2)^1/2 + DJ) / 2 + PE
    Total System Jitter     (TSJ):    0.071ns
    Total Input Jitter      (TIJ):    0.000ns
    Discrete Jitter          (DJ):    0.000ns
    Phase Error              (PE):    0.000ns

    Location             Delay type                Incr(ns)  Path(ns)    Netlist Resource(s)
  -------------------------------------------------------------------    -------------------
                         (clock ap_clk rise edge)     0.000     0.000 r  
                                                      0.000     0.000 r  ap_clk (IN)
                         net (fo=6593, unset)         0.973     0.973    conv3_acc_V_U/ap_clk
                         RAMB18E1                                     r  conv3_acc_V_U/ram_reg/CLKARDCLK
  -------------------------------------------------------------------    -------------------
                         RAMB18E1 (Prop_ramb18e1_CLKARDCLK_DOADO[15])
                                                      0.882     1.855 r  conv3_acc_V_U/ram_reg/DOADO[15]
                         net (fo=3, unplaced)         0.800     2.655    conv2_acc_V_U/DOADO[1]
                         LUT4 (Prop_lut4_I2_O)        0.124     2.779 r  conv2_acc_V_U/tmp_product_i_1/O
                         net (fo=34, unplaced)        0.800     3.578    mul_32ns_37ns_68_2_1_U134/B[15]
                         DSP48E1 (Prop_dsp48e1_A[16]_PCOUT[14])
                                                      4.036     7.614 r  mul_32ns_37ns_68_2_1_U134/tmp_product__0/PCOUT[14]
                         net (fo=1, unplaced)         0.055     7.669    mul_32ns_37ns_68_2_1_U134/tmp_product__0_n_139
                         DSP48E1                                      r  mul_32ns_37ns_68_2_1_U134/dout_reg__0/PCIN[14]
  -------------------------------------------------------------------    -------------------

                         (clock ap_clk rise edge)    10.000    10.000 r  
                                                      0.000    10.000 r  ap_clk (IN)
                         net (fo=6593, unset)         0.924    10.924    mul_32ns_37ns_68_2_1_U134/ap_clk
                         DSP48E1                                      r  mul_32ns_37ns_68_2_1_U134/dout_reg__0/CLK
                         clock pessimism              0.000    10.924    
                         clock uncertainty           -0.035    10.889    
                         DSP48E1 (Setup_dsp48e1_CLK_PCIN[14])
                                                     -1.400     9.489    mul_32ns_37ns_68_2_1_U134/dout_reg__0
  -------------------------------------------------------------------
                         required time                          9.489    
                         arrival time                          -7.669    
  -------------------------------------------------------------------
                         slack                                  1.820    

Slack (MET) :             1.820ns  (required time - arrival time)
  Source:                 conv3_acc_V_U/ram_reg/CLKARDCLK
                            (rising edge-triggered cell RAMB18E1 clocked by ap_clk  {rise@0.000ns fall@5.000ns period=10.000ns})
  Destination:            mul_32ns_37ns_68_2_1_U134/dout_reg__0/PCIN[15]
                            (rising edge-triggered cell DSP48E1 clocked by ap_clk  {rise@0.000ns fall@5.000ns period=10.000ns})
  Path Group:             ap_clk
  Path Type:              Setup (Max at Slow Process Corner)
  Requirement:            10.000ns  (ap_clk rise@10.000ns - ap_clk rise@0.000ns)
  Data Path Delay:        6.696ns  (logic 5.042ns (75.294%)  route 1.654ns (24.706%))
  Logic Levels:           2  (DSP48E1=1 LUT4=1)
  Clock Path Skew:        -0.049ns (DCD - SCD + CPR)
    Destination Clock Delay (DCD):    0.924ns = ( 10.924 - 10.000 ) 
    Source Clock Delay      (SCD):    0.973ns
    Clock Pessimism Removal (CPR):    0.000ns
  Clock Uncertainty:      0.035ns  ((TSJ^2 + TIJ^2)^1/2 + DJ) / 2 + PE
    Total System Jitter     (TSJ):    0.071ns
    Total Input Jitter      (TIJ):    0.000ns
    Discrete Jitter          (DJ):    0.000ns
    Phase Error              (PE):    0.000ns

    Location             Delay type                Incr(ns)  Path(ns)    Netlist Resource(s)
  -------------------------------------------------------------------    -------------------
                         (clock ap_clk rise edge)     0.000     0.000 r  
                                                      0.000     0.000 r  ap_clk (IN)
                         net (fo=6593, unset)         0.973     0.973    conv3_acc_V_U/ap_clk
                         RAMB18E1                                     r  conv3_acc_V_U/ram_reg/CLKARDCLK
  -------------------------------------------------------------------    -------------------
                         RAMB18E1 (Prop_ramb18e1_CLKARDCLK_DOADO[15])
                                                      0.882     1.855 r  conv3_acc_V_U/ram_reg/DOADO[15]
                         net (fo=3, unplaced)         0.800     2.655    conv2_acc_V_U/DOADO[1]
                         LUT4 (Prop_lut4_I2_O)        0.124     2.779 r  conv2_acc_V_U/tmp_product_i_1/O
                         net (fo=34, unplaced)        0.800     3.578    mul_32ns_37ns_68_2_1_U134/B[15]
                         DSP48E1 (Prop_dsp48e1_A[16]_PCOUT[15])
                                                      4.036     7.614 r  mul_32ns_37ns_68_2_1_U134/tmp_product__0/PCOUT[15]
                         net (fo=1, unplaced)         0.055     7.669    mul_32ns_37ns_68_2_1_U134/tmp_product__0_n_138
                         DSP48E1                                      r  mul_32ns_37ns_68_2_1_U134/dout_reg__0/PCIN[15]
  -------------------------------------------------------------------    -------------------

                         (clock ap_clk rise edge)    10.000    10.000 r  
                                                      0.000    10.000 r  ap_clk (IN)
                         net (fo=6593, unset)         0.924    10.924    mul_32ns_37ns_68_2_1_U134/ap_clk
                         DSP48E1                                      r  mul_32ns_37ns_68_2_1_U134/dout_reg__0/CLK
                         clock pessimism              0.000    10.924    
                         clock uncertainty           -0.035    10.889    
                         DSP48E1 (Setup_dsp48e1_CLK_PCIN[15])
                                                     -1.400     9.489    mul_32ns_37ns_68_2_1_U134/dout_reg__0
  -------------------------------------------------------------------
                         required time                          9.489    
                         arrival time                          -7.669    
  -------------------------------------------------------------------
                         slack                                  1.820    

Slack (MET) :             1.820ns  (required time - arrival time)
  Source:                 conv3_acc_V_U/ram_reg/CLKARDCLK
                            (rising edge-triggered cell RAMB18E1 clocked by ap_clk  {rise@0.000ns fall@5.000ns period=10.000ns})
  Destination:            mul_32ns_37ns_68_2_1_U134/dout_reg__0/PCIN[16]
                            (rising edge-triggered cell DSP48E1 clocked by ap_clk  {rise@0.000ns fall@5.000ns period=10.000ns})
  Path Group:             ap_clk
  Path Type:              Setup (Max at Slow Process Corner)
  Requirement:            10.000ns  (ap_clk rise@10.000ns - ap_clk rise@0.000ns)
  Data Path Delay:        6.696ns  (logic 5.042ns (75.294%)  route 1.654ns (24.706%))
  Logic Levels:           2  (DSP48E1=1 LUT4=1)
  Clock Path Skew:        -0.049ns (DCD - SCD + CPR)
    Destination Clock Delay (DCD):    0.924ns = ( 10.924 - 10.000 ) 
    Source Clock Delay      (SCD):    0.973ns
    Clock Pessimism Removal (CPR):    0.000ns
  Clock Uncertainty:      0.035ns  ((TSJ^2 + TIJ^2)^1/2 + DJ) / 2 + PE
    Total System Jitter     (TSJ):    0.071ns
    Total Input Jitter      (TIJ):    0.000ns
    Discrete Jitter          (DJ):    0.000ns
    Phase Error              (PE):    0.000ns

    Location             Delay type                Incr(ns)  Path(ns)    Netlist Resource(s)
  -------------------------------------------------------------------    -------------------
                         (clock ap_clk rise edge)     0.000     0.000 r  
                                                      0.000     0.000 r  ap_clk (IN)
                         net (fo=6593, unset)         0.973     0.973    conv3_acc_V_U/ap_clk
                         RAMB18E1                                     r  conv3_acc_V_U/ram_reg/CLKARDCLK
  -------------------------------------------------------------------    -------------------
                         RAMB18E1 (Prop_ramb18e1_CLKARDCLK_DOADO[15])
                                                      0.882     1.855 r  conv3_acc_V_U/ram_reg/DOADO[15]
                         net (fo=3, unplaced)         0.800     2.655    conv2_acc_V_U/DOADO[1]
                         LUT4 (Prop_lut4_I2_O)        0.124     2.779 r  conv2_acc_V_U/tmp_product_i_1/O
                         net (fo=34, unplaced)        0.800     3.578    mul_32ns_37ns_68_2_1_U134/B[15]
                         DSP48E1 (Prop_dsp48e1_A[16]_PCOUT[16])
                                                      4.036     7.614 r  mul_32ns_37ns_68_2_1_U134/tmp_product__0/PCOUT[16]
                         net (fo=1, unplaced)         0.055     7.669    mul_32ns_37ns_68_2_1_U134/tmp_product__0_n_137
                         DSP48E1                                      r  mul_32ns_37ns_68_2_1_U134/dout_reg__0/PCIN[16]
  -------------------------------------------------------------------    -------------------

                         (clock ap_clk rise edge)    10.000    10.000 r  
                                                      0.000    10.000 r  ap_clk (IN)
                         net (fo=6593, unset)         0.924    10.924    mul_32ns_37ns_68_2_1_U134/ap_clk
                         DSP48E1                                      r  mul_32ns_37ns_68_2_1_U134/dout_reg__0/CLK
                         clock pessimism              0.000    10.924    
                         clock uncertainty           -0.035    10.889    
                         DSP48E1 (Setup_dsp48e1_CLK_PCIN[16])
                                                     -1.400     9.489    mul_32ns_37ns_68_2_1_U134/dout_reg__0
  -------------------------------------------------------------------
                         required time                          9.489    
                         arrival time                          -7.669    
  -------------------------------------------------------------------
                         slack                                  1.820    

Slack (MET) :             1.820ns  (required time - arrival time)
  Source:                 conv3_acc_V_U/ram_reg/CLKARDCLK
                            (rising edge-triggered cell RAMB18E1 clocked by ap_clk  {rise@0.000ns fall@5.000ns period=10.000ns})
  Destination:            mul_32ns_37ns_68_2_1_U134/dout_reg__0/PCIN[17]
                            (rising edge-triggered cell DSP48E1 clocked by ap_clk  {rise@0.000ns fall@5.000ns period=10.000ns})
  Path Group:             ap_clk
  Path Type:              Setup (Max at Slow Process Corner)
  Requirement:            10.000ns  (ap_clk rise@10.000ns - ap_clk rise@0.000ns)
  Data Path Delay:        6.696ns  (logic 5.042ns (75.294%)  route 1.654ns (24.706%))
  Logic Levels:           2  (DSP48E1=1 LUT4=1)
  Clock Path Skew:        -0.049ns (DCD - SCD + CPR)
    Destination Clock Delay (DCD):    0.924ns = ( 10.924 - 10.000 ) 
    Source Clock Delay      (SCD):    0.973ns
    Clock Pessimism Removal (CPR):    0.000ns
  Clock Uncertainty:      0.035ns  ((TSJ^2 + TIJ^2)^1/2 + DJ) / 2 + PE
    Total System Jitter     (TSJ):    0.071ns
    Total Input Jitter      (TIJ):    0.000ns
    Discrete Jitter          (DJ):    0.000ns
    Phase Error              (PE):    0.000ns

    Location             Delay type                Incr(ns)  Path(ns)    Netlist Resource(s)
  -------------------------------------------------------------------    -------------------
                         (clock ap_clk rise edge)     0.000     0.000 r  
                                                      0.000     0.000 r  ap_clk (IN)
                         net (fo=6593, unset)         0.973     0.973    conv3_acc_V_U/ap_clk
                         RAMB18E1                                     r  conv3_acc_V_U/ram_reg/CLKARDCLK
  -------------------------------------------------------------------    -------------------
                         RAMB18E1 (Prop_ramb18e1_CLKARDCLK_DOADO[15])
                                                      0.882     1.855 r  conv3_acc_V_U/ram_reg/DOADO[15]
                         net (fo=3, unplaced)         0.800     2.655    conv2_acc_V_U/DOADO[1]
                         LUT4 (Prop_lut4_I2_O)        0.124     2.779 r  conv2_acc_V_U/tmp_product_i_1/O
                         net (fo=34, unplaced)        0.800     3.578    mul_32ns_37ns_68_2_1_U134/B[15]
                         DSP48E1 (Prop_dsp48e1_A[16]_PCOUT[17])
                                                      4.036     7.614 r  mul_32ns_37ns_68_2_1_U134/tmp_product__0/PCOUT[17]
                         net (fo=1, unplaced)         0.055     7.669    mul_32ns_37ns_68_2_1_U134/tmp_product__0_n_136
                         DSP48E1                                      r  mul_32ns_37ns_68_2_1_U134/dout_reg__0/PCIN[17]
  -------------------------------------------------------------------    -------------------

                         (clock ap_clk rise edge)    10.000    10.000 r  
                                                      0.000    10.000 r  ap_clk (IN)
                         net (fo=6593, unset)         0.924    10.924    mul_32ns_37ns_68_2_1_U134/ap_clk
                         DSP48E1                                      r  mul_32ns_37ns_68_2_1_U134/dout_reg__0/CLK
                         clock pessimism              0.000    10.924    
                         clock uncertainty           -0.035    10.889    
                         DSP48E1 (Setup_dsp48e1_CLK_PCIN[17])
                                                     -1.400     9.489    mul_32ns_37ns_68_2_1_U134/dout_reg__0
  -------------------------------------------------------------------
                         required time                          9.489    
                         arrival time                          -7.669    
  -------------------------------------------------------------------
                         slack                                  1.820    

Slack (MET) :             1.820ns  (required time - arrival time)
  Source:                 conv3_acc_V_U/ram_reg/CLKARDCLK
                            (rising edge-triggered cell RAMB18E1 clocked by ap_clk  {rise@0.000ns fall@5.000ns period=10.000ns})
  Destination:            mul_32ns_37ns_68_2_1_U134/dout_reg__0/PCIN[18]
                            (rising edge-triggered cell DSP48E1 clocked by ap_clk  {rise@0.000ns fall@5.000ns period=10.000ns})
  Path Group:             ap_clk
  Path Type:              Setup (Max at Slow Process Corner)
  Requirement:            10.000ns  (ap_clk rise@10.000ns - ap_clk rise@0.000ns)
  Data Path Delay:        6.696ns  (logic 5.042ns (75.294%)  route 1.654ns (24.706%))
  Logic Levels:           2  (DSP48E1=1 LUT4=1)
  Clock Path Skew:        -0.049ns (DCD - SCD + CPR)
    Destination Clock Delay (DCD):    0.924ns = ( 10.924 - 10.000 ) 
    Source Clock Delay      (SCD):    0.973ns
    Clock Pessimism Removal (CPR):    0.000ns
  Clock Uncertainty:      0.035ns  ((TSJ^2 + TIJ^2)^1/2 + DJ) / 2 + PE
    Total System Jitter     (TSJ):    0.071ns
    Total Input Jitter      (TIJ):    0.000ns
    Discrete Jitter          (DJ):    0.000ns
    Phase Error              (PE):    0.000ns

    Location             Delay type                Incr(ns)  Path(ns)    Netlist Resource(s)
  -------------------------------------------------------------------    -------------------
                         (clock ap_clk rise edge)     0.000     0.000 r  
                                                      0.000     0.000 r  ap_clk (IN)
                         net (fo=6593, unset)         0.973     0.973    conv3_acc_V_U/ap_clk
                         RAMB18E1                                     r  conv3_acc_V_U/ram_reg/CLKARDCLK
  -------------------------------------------------------------------    -------------------
                         RAMB18E1 (Prop_ramb18e1_CLKARDCLK_DOADO[15])
                                                      0.882     1.855 r  conv3_acc_V_U/ram_reg/DOADO[15]
                         net (fo=3, unplaced)         0.800     2.655    conv2_acc_V_U/DOADO[1]
                         LUT4 (Prop_lut4_I2_O)        0.124     2.779 r  conv2_acc_V_U/tmp_product_i_1/O
                         net (fo=34, unplaced)        0.800     3.578    mul_32ns_37ns_68_2_1_U134/B[15]
                         DSP48E1 (Prop_dsp48e1_A[16]_PCOUT[18])
                                                      4.036     7.614 r  mul_32ns_37ns_68_2_1_U134/tmp_product__0/PCOUT[18]
                         net (fo=1, unplaced)         0.055     7.669    mul_32ns_37ns_68_2_1_U134/tmp_product__0_n_135
                         DSP48E1                                      r  mul_32ns_37ns_68_2_1_U134/dout_reg__0/PCIN[18]
  -------------------------------------------------------------------    -------------------

                         (clock ap_clk rise edge)    10.000    10.000 r  
                                                      0.000    10.000 r  ap_clk (IN)
                         net (fo=6593, unset)         0.924    10.924    mul_32ns_37ns_68_2_1_U134/ap_clk
                         DSP48E1                                      r  mul_32ns_37ns_68_2_1_U134/dout_reg__0/CLK
                         clock pessimism              0.000    10.924    
                         clock uncertainty           -0.035    10.889    
                         DSP48E1 (Setup_dsp48e1_CLK_PCIN[18])
                                                     -1.400     9.489    mul_32ns_37ns_68_2_1_U134/dout_reg__0
  -------------------------------------------------------------------
                         required time                          9.489    
                         arrival time                          -7.669    
  -------------------------------------------------------------------
                         slack                                  1.820    

Slack (MET) :             1.820ns  (required time - arrival time)
  Source:                 conv3_acc_V_U/ram_reg/CLKARDCLK
                            (rising edge-triggered cell RAMB18E1 clocked by ap_clk  {rise@0.000ns fall@5.000ns period=10.000ns})
  Destination:            mul_32ns_37ns_68_2_1_U134/dout_reg__0/PCIN[19]
                            (rising edge-triggered cell DSP48E1 clocked by ap_clk  {rise@0.000ns fall@5.000ns period=10.000ns})
  Path Group:             ap_clk
  Path Type:              Setup (Max at Slow Process Corner)
  Requirement:            10.000ns  (ap_clk rise@10.000ns - ap_clk rise@0.000ns)
  Data Path Delay:        6.696ns  (logic 5.042ns (75.294%)  route 1.654ns (24.706%))
  Logic Levels:           2  (DSP48E1=1 LUT4=1)
  Clock Path Skew:        -0.049ns (DCD - SCD + CPR)
    Destination Clock Delay (DCD):    0.924ns = ( 10.924 - 10.000 ) 
    Source Clock Delay      (SCD):    0.973ns
    Clock Pessimism Removal (CPR):    0.000ns
  Clock Uncertainty:      0.035ns  ((TSJ^2 + TIJ^2)^1/2 + DJ) / 2 + PE
    Total System Jitter     (TSJ):    0.071ns
    Total Input Jitter      (TIJ):    0.000ns
    Discrete Jitter          (DJ):    0.000ns
    Phase Error              (PE):    0.000ns

    Location             Delay type                Incr(ns)  Path(ns)    Netlist Resource(s)
  -------------------------------------------------------------------    -------------------
                         (clock ap_clk rise edge)     0.000     0.000 r  
                                                      0.000     0.000 r  ap_clk (IN)
                         net (fo=6593, unset)         0.973     0.973    conv3_acc_V_U/ap_clk
                         RAMB18E1                                     r  conv3_acc_V_U/ram_reg/CLKARDCLK
  -------------------------------------------------------------------    -------------------
                         RAMB18E1 (Prop_ramb18e1_CLKARDCLK_DOADO[15])
                                                      0.882     1.855 r  conv3_acc_V_U/ram_reg/DOADO[15]
                         net (fo=3, unplaced)         0.800     2.655    conv2_acc_V_U/DOADO[1]
                         LUT4 (Prop_lut4_I2_O)        0.124     2.779 r  conv2_acc_V_U/tmp_product_i_1/O
                         net (fo=34, unplaced)        0.800     3.578    mul_32ns_37ns_68_2_1_U134/B[15]
                         DSP48E1 (Prop_dsp48e1_A[16]_PCOUT[19])
                                                      4.036     7.614 r  mul_32ns_37ns_68_2_1_U134/tmp_product__0/PCOUT[19]
                         net (fo=1, unplaced)         0.055     7.669    mul_32ns_37ns_68_2_1_U134/tmp_product__0_n_134
                         DSP48E1                                      r  mul_32ns_37ns_68_2_1_U134/dout_reg__0/PCIN[19]
  -------------------------------------------------------------------    -------------------

                         (clock ap_clk rise edge)    10.000    10.000 r  
                                                      0.000    10.000 r  ap_clk (IN)
                         net (fo=6593, unset)         0.924    10.924    mul_32ns_37ns_68_2_1_U134/ap_clk
                         DSP48E1                                      r  mul_32ns_37ns_68_2_1_U134/dout_reg__0/CLK
                         clock pessimism              0.000    10.924    
                         clock uncertainty           -0.035    10.889    
                         DSP48E1 (Setup_dsp48e1_CLK_PCIN[19])
                                                     -1.400     9.489    mul_32ns_37ns_68_2_1_U134/dout_reg__0
  -------------------------------------------------------------------
                         required time                          9.489    
                         arrival time                          -7.669    
  -------------------------------------------------------------------
                         slack                                  1.820    

Slack (MET) :             1.820ns  (required time - arrival time)
  Source:                 conv3_acc_V_U/ram_reg/CLKARDCLK
                            (rising edge-triggered cell RAMB18E1 clocked by ap_clk  {rise@0.000ns fall@5.000ns period=10.000ns})
  Destination:            mul_32ns_37ns_68_2_1_U134/dout_reg__0/PCIN[1]
                            (rising edge-triggered cell DSP48E1 clocked by ap_clk  {rise@0.000ns fall@5.000ns period=10.000ns})
  Path Group:             ap_clk
  Path Type:              Setup (Max at Slow Process Corner)
  Requirement:            10.000ns  (ap_clk rise@10.000ns - ap_clk rise@0.000ns)
  Data Path Delay:        6.696ns  (logic 5.042ns (75.294%)  route 1.654ns (24.706%))
  Logic Levels:           2  (DSP48E1=1 LUT4=1)
  Clock Path Skew:        -0.049ns (DCD - SCD + CPR)
    Destination Clock Delay (DCD):    0.924ns = ( 10.924 - 10.000 ) 
    Source Clock Delay      (SCD):    0.973ns
    Clock Pessimism Removal (CPR):    0.000ns
  Clock Uncertainty:      0.035ns  ((TSJ^2 + TIJ^2)^1/2 + DJ) / 2 + PE
    Total System Jitter     (TSJ):    0.071ns
    Total Input Jitter      (TIJ):    0.000ns
    Discrete Jitter          (DJ):    0.000ns
    Phase Error              (PE):    0.000ns

    Location             Delay type                Incr(ns)  Path(ns)    Netlist Resource(s)
  -------------------------------------------------------------------    -------------------
                         (clock ap_clk rise edge)     0.000     0.000 r  
                                                      0.000     0.000 r  ap_clk (IN)
                         net (fo=6593, unset)         0.973     0.973    conv3_acc_V_U/ap_clk
                         RAMB18E1                                     r  conv3_acc_V_U/ram_reg/CLKARDCLK
  -------------------------------------------------------------------    -------------------
                         RAMB18E1 (Prop_ramb18e1_CLKARDCLK_DOADO[15])
                                                      0.882     1.855 r  conv3_acc_V_U/ram_reg/DOADO[15]
                         net (fo=3, unplaced)         0.800     2.655    conv2_acc_V_U/DOADO[1]
                         LUT4 (Prop_lut4_I2_O)        0.124     2.779 r  conv2_acc_V_U/tmp_product_i_1/O
                         net (fo=34, unplaced)        0.800     3.578    mul_32ns_37ns_68_2_1_U134/B[15]
                         DSP48E1 (Prop_dsp48e1_A[16]_PCOUT[1])
                                                      4.036     7.614 r  mul_32ns_37ns_68_2_1_U134/tmp_product__0/PCOUT[1]
                         net (fo=1, unplaced)         0.055     7.669    mul_32ns_37ns_68_2_1_U134/tmp_product__0_n_152
                         DSP48E1                                      r  mul_32ns_37ns_68_2_1_U134/dout_reg__0/PCIN[1]
  -------------------------------------------------------------------    -------------------

                         (clock ap_clk rise edge)    10.000    10.000 r  
                                                      0.000    10.000 r  ap_clk (IN)
                         net (fo=6593, unset)         0.924    10.924    mul_32ns_37ns_68_2_1_U134/ap_clk
                         DSP48E1                                      r  mul_32ns_37ns_68_2_1_U134/dout_reg__0/CLK
                         clock pessimism              0.000    10.924    
                         clock uncertainty           -0.035    10.889    
                         DSP48E1 (Setup_dsp48e1_CLK_PCIN[1])
                                                     -1.400     9.489    mul_32ns_37ns_68_2_1_U134/dout_reg__0
  -------------------------------------------------------------------
                         required time                          9.489    
                         arrival time                          -7.669    
  -------------------------------------------------------------------
                         slack                                  1.820    

Slack (MET) :             1.820ns  (required time - arrival time)
  Source:                 conv3_acc_V_U/ram_reg/CLKARDCLK
                            (rising edge-triggered cell RAMB18E1 clocked by ap_clk  {rise@0.000ns fall@5.000ns period=10.000ns})
  Destination:            mul_32ns_37ns_68_2_1_U134/dout_reg__0/PCIN[20]
                            (rising edge-triggered cell DSP48E1 clocked by ap_clk  {rise@0.000ns fall@5.000ns period=10.000ns})
  Path Group:             ap_clk
  Path Type:              Setup (Max at Slow Process Corner)
  Requirement:            10.000ns  (ap_clk rise@10.000ns - ap_clk rise@0.000ns)
  Data Path Delay:        6.696ns  (logic 5.042ns (75.294%)  route 1.654ns (24.706%))
  Logic Levels:           2  (DSP48E1=1 LUT4=1)
  Clock Path Skew:        -0.049ns (DCD - SCD + CPR)
    Destination Clock Delay (DCD):    0.924ns = ( 10.924 - 10.000 ) 
    Source Clock Delay      (SCD):    0.973ns
    Clock Pessimism Removal (CPR):    0.000ns
  Clock Uncertainty:      0.035ns  ((TSJ^2 + TIJ^2)^1/2 + DJ) / 2 + PE
    Total System Jitter     (TSJ):    0.071ns
    Total Input Jitter      (TIJ):    0.000ns
    Discrete Jitter          (DJ):    0.000ns
    Phase Error              (PE):    0.000ns

    Location             Delay type                Incr(ns)  Path(ns)    Netlist Resource(s)
  -------------------------------------------------------------------    -------------------
                         (clock ap_clk rise edge)     0.000     0.000 r  
                                                      0.000     0.000 r  ap_clk (IN)
                         net (fo=6593, unset)         0.973     0.973    conv3_acc_V_U/ap_clk
                         RAMB18E1                                     r  conv3_acc_V_U/ram_reg/CLKARDCLK
  -------------------------------------------------------------------    -------------------
                         RAMB18E1 (Prop_ramb18e1_CLKARDCLK_DOADO[15])
                                                      0.882     1.855 r  conv3_acc_V_U/ram_reg/DOADO[15]
                         net (fo=3, unplaced)         0.800     2.655    conv2_acc_V_U/DOADO[1]
                         LUT4 (Prop_lut4_I2_O)        0.124     2.779 r  conv2_acc_V_U/tmp_product_i_1/O
                         net (fo=34, unplaced)        0.800     3.578    mul_32ns_37ns_68_2_1_U134/B[15]
                         DSP48E1 (Prop_dsp48e1_A[16]_PCOUT[20])
                                                      4.036     7.614 r  mul_32ns_37ns_68_2_1_U134/tmp_product__0/PCOUT[20]
                         net (fo=1, unplaced)         0.055     7.669    mul_32ns_37ns_68_2_1_U134/tmp_product__0_n_133
                         DSP48E1                                      r  mul_32ns_37ns_68_2_1_U134/dout_reg__0/PCIN[20]
  -------------------------------------------------------------------    -------------------

                         (clock ap_clk rise edge)    10.000    10.000 r  
                                                      0.000    10.000 r  ap_clk (IN)
                         net (fo=6593, unset)         0.924    10.924    mul_32ns_37ns_68_2_1_U134/ap_clk
                         DSP48E1                                      r  mul_32ns_37ns_68_2_1_U134/dout_reg__0/CLK
                         clock pessimism              0.000    10.924    
                         clock uncertainty           -0.035    10.889    
                         DSP48E1 (Setup_dsp48e1_CLK_PCIN[20])
                                                     -1.400     9.489    mul_32ns_37ns_68_2_1_U134/dout_reg__0
  -------------------------------------------------------------------
                         required time                          9.489    
                         arrival time                          -7.669    
  -------------------------------------------------------------------
                         slack                                  1.820    

Slack (MET) :             1.820ns  (required time - arrival time)
  Source:                 conv3_acc_V_U/ram_reg/CLKARDCLK
                            (rising edge-triggered cell RAMB18E1 clocked by ap_clk  {rise@0.000ns fall@5.000ns period=10.000ns})
  Destination:            mul_32ns_37ns_68_2_1_U134/dout_reg__0/PCIN[21]
                            (rising edge-triggered cell DSP48E1 clocked by ap_clk  {rise@0.000ns fall@5.000ns period=10.000ns})
  Path Group:             ap_clk
  Path Type:              Setup (Max at Slow Process Corner)
  Requirement:            10.000ns  (ap_clk rise@10.000ns - ap_clk rise@0.000ns)
  Data Path Delay:        6.696ns  (logic 5.042ns (75.294%)  route 1.654ns (24.706%))
  Logic Levels:           2  (DSP48E1=1 LUT4=1)
  Clock Path Skew:        -0.049ns (DCD - SCD + CPR)
    Destination Clock Delay (DCD):    0.924ns = ( 10.924 - 10.000 ) 
    Source Clock Delay      (SCD):    0.973ns
    Clock Pessimism Removal (CPR):    0.000ns
  Clock Uncertainty:      0.035ns  ((TSJ^2 + TIJ^2)^1/2 + DJ) / 2 + PE
    Total System Jitter     (TSJ):    0.071ns
    Total Input Jitter      (TIJ):    0.000ns
    Discrete Jitter          (DJ):    0.000ns
    Phase Error              (PE):    0.000ns

    Location             Delay type                Incr(ns)  Path(ns)    Netlist Resource(s)
  -------------------------------------------------------------------    -------------------
                         (clock ap_clk rise edge)     0.000     0.000 r  
                                                      0.000     0.000 r  ap_clk (IN)
                         net (fo=6593, unset)         0.973     0.973    conv3_acc_V_U/ap_clk
                         RAMB18E1                                     r  conv3_acc_V_U/ram_reg/CLKARDCLK
  -------------------------------------------------------------------    -------------------
                         RAMB18E1 (Prop_ramb18e1_CLKARDCLK_DOADO[15])
                                                      0.882     1.855 r  conv3_acc_V_U/ram_reg/DOADO[15]
                         net (fo=3, unplaced)         0.800     2.655    conv2_acc_V_U/DOADO[1]
                         LUT4 (Prop_lut4_I2_O)        0.124     2.779 r  conv2_acc_V_U/tmp_product_i_1/O
                         net (fo=34, unplaced)        0.800     3.578    mul_32ns_37ns_68_2_1_U134/B[15]
                         DSP48E1 (Prop_dsp48e1_A[16]_PCOUT[21])
                                                      4.036     7.614 r  mul_32ns_37ns_68_2_1_U134/tmp_product__0/PCOUT[21]
                         net (fo=1, unplaced)         0.055     7.669    mul_32ns_37ns_68_2_1_U134/tmp_product__0_n_132
                         DSP48E1                                      r  mul_32ns_37ns_68_2_1_U134/dout_reg__0/PCIN[21]
  -------------------------------------------------------------------    -------------------

                         (clock ap_clk rise edge)    10.000    10.000 r  
                                                      0.000    10.000 r  ap_clk (IN)
                         net (fo=6593, unset)         0.924    10.924    mul_32ns_37ns_68_2_1_U134/ap_clk
                         DSP48E1                                      r  mul_32ns_37ns_68_2_1_U134/dout_reg__0/CLK
                         clock pessimism              0.000    10.924    
                         clock uncertainty           -0.035    10.889    
                         DSP48E1 (Setup_dsp48e1_CLK_PCIN[21])
                                                     -1.400     9.489    mul_32ns_37ns_68_2_1_U134/dout_reg__0
  -------------------------------------------------------------------
                         required time                          9.489    
                         arrival time                          -7.669    
  -------------------------------------------------------------------
                         slack                                  1.820    

Slack (MET) :             1.820ns  (required time - arrival time)
  Source:                 conv3_acc_V_U/ram_reg/CLKARDCLK
                            (rising edge-triggered cell RAMB18E1 clocked by ap_clk  {rise@0.000ns fall@5.000ns period=10.000ns})
  Destination:            mul_32ns_37ns_68_2_1_U134/dout_reg__0/PCIN[22]
                            (rising edge-triggered cell DSP48E1 clocked by ap_clk  {rise@0.000ns fall@5.000ns period=10.000ns})
  Path Group:             ap_clk
  Path Type:              Setup (Max at Slow Process Corner)
  Requirement:            10.000ns  (ap_clk rise@10.000ns - ap_clk rise@0.000ns)
  Data Path Delay:        6.696ns  (logic 5.042ns (75.294%)  route 1.654ns (24.706%))
  Logic Levels:           2  (DSP48E1=1 LUT4=1)
  Clock Path Skew:        -0.049ns (DCD - SCD + CPR)
    Destination Clock Delay (DCD):    0.924ns = ( 10.924 - 10.000 ) 
    Source Clock Delay      (SCD):    0.973ns
    Clock Pessimism Removal (CPR):    0.000ns
  Clock Uncertainty:      0.035ns  ((TSJ^2 + TIJ^2)^1/2 + DJ) / 2 + PE
    Total System Jitter     (TSJ):    0.071ns
    Total Input Jitter      (TIJ):    0.000ns
    Discrete Jitter          (DJ):    0.000ns
    Phase Error              (PE):    0.000ns

    Location             Delay type                Incr(ns)  Path(ns)    Netlist Resource(s)
  -------------------------------------------------------------------    -------------------
                         (clock ap_clk rise edge)     0.000     0.000 r  
                                                      0.000     0.000 r  ap_clk (IN)
                         net (fo=6593, unset)         0.973     0.973    conv3_acc_V_U/ap_clk
                         RAMB18E1                                     r  conv3_acc_V_U/ram_reg/CLKARDCLK
  -------------------------------------------------------------------    -------------------
                         RAMB18E1 (Prop_ramb18e1_CLKARDCLK_DOADO[15])
                                                      0.882     1.855 r  conv3_acc_V_U/ram_reg/DOADO[15]
                         net (fo=3, unplaced)         0.800     2.655    conv2_acc_V_U/DOADO[1]
                         LUT4 (Prop_lut4_I2_O)        0.124     2.779 r  conv2_acc_V_U/tmp_product_i_1/O
                         net (fo=34, unplaced)        0.800     3.578    mul_32ns_37ns_68_2_1_U134/B[15]
                         DSP48E1 (Prop_dsp48e1_A[16]_PCOUT[22])
                                                      4.036     7.614 r  mul_32ns_37ns_68_2_1_U134/tmp_product__0/PCOUT[22]
                         net (fo=1, unplaced)         0.055     7.669    mul_32ns_37ns_68_2_1_U134/tmp_product__0_n_131
                         DSP48E1                                      r  mul_32ns_37ns_68_2_1_U134/dout_reg__0/PCIN[22]
  -------------------------------------------------------------------    -------------------

                         (clock ap_clk rise edge)    10.000    10.000 r  
                                                      0.000    10.000 r  ap_clk (IN)
                         net (fo=6593, unset)         0.924    10.924    mul_32ns_37ns_68_2_1_U134/ap_clk
                         DSP48E1                                      r  mul_32ns_37ns_68_2_1_U134/dout_reg__0/CLK
                         clock pessimism              0.000    10.924    
                         clock uncertainty           -0.035    10.889    
                         DSP48E1 (Setup_dsp48e1_CLK_PCIN[22])
                                                     -1.400     9.489    mul_32ns_37ns_68_2_1_U134/dout_reg__0
  -------------------------------------------------------------------
                         required time                          9.489    
                         arrival time                          -7.669    
  -------------------------------------------------------------------
                         slack                                  1.820    

Slack (MET) :             1.820ns  (required time - arrival time)
  Source:                 conv3_acc_V_U/ram_reg/CLKARDCLK
                            (rising edge-triggered cell RAMB18E1 clocked by ap_clk  {rise@0.000ns fall@5.000ns period=10.000ns})
  Destination:            mul_32ns_37ns_68_2_1_U134/dout_reg__0/PCIN[23]
                            (rising edge-triggered cell DSP48E1 clocked by ap_clk  {rise@0.000ns fall@5.000ns period=10.000ns})
  Path Group:             ap_clk
  Path Type:              Setup (Max at Slow Process Corner)
  Requirement:            10.000ns  (ap_clk rise@10.000ns - ap_clk rise@0.000ns)
  Data Path Delay:        6.696ns  (logic 5.042ns (75.294%)  route 1.654ns (24.706%))
  Logic Levels:           2  (DSP48E1=1 LUT4=1)
  Clock Path Skew:        -0.049ns (DCD - SCD + CPR)
    Destination Clock Delay (DCD):    0.924ns = ( 10.924 - 10.000 ) 
    Source Clock Delay      (SCD):    0.973ns
    Clock Pessimism Removal (CPR):    0.000ns
  Clock Uncertainty:      0.035ns  ((TSJ^2 + TIJ^2)^1/2 + DJ) / 2 + PE
    Total System Jitter     (TSJ):    0.071ns
    Total Input Jitter      (TIJ):    0.000ns
    Discrete Jitter          (DJ):    0.000ns
    Phase Error              (PE):    0.000ns

    Location             Delay type                Incr(ns)  Path(ns)    Netlist Resource(s)
  -------------------------------------------------------------------    -------------------
                         (clock ap_clk rise edge)     0.000     0.000 r  
                                                      0.000     0.000 r  ap_clk (IN)
                         net (fo=6593, unset)         0.973     0.973    conv3_acc_V_U/ap_clk
                         RAMB18E1                                     r  conv3_acc_V_U/ram_reg/CLKARDCLK
  -------------------------------------------------------------------    -------------------
                         RAMB18E1 (Prop_ramb18e1_CLKARDCLK_DOADO[15])
                                                      0.882     1.855 r  conv3_acc_V_U/ram_reg/DOADO[15]
                         net (fo=3, unplaced)         0.800     2.655    conv2_acc_V_U/DOADO[1]
                         LUT4 (Prop_lut4_I2_O)        0.124     2.779 r  conv2_acc_V_U/tmp_product_i_1/O
                         net (fo=34, unplaced)        0.800     3.578    mul_32ns_37ns_68_2_1_U134/B[15]
                         DSP48E1 (Prop_dsp48e1_A[16]_PCOUT[23])
                                                      4.036     7.614 r  mul_32ns_37ns_68_2_1_U134/tmp_product__0/PCOUT[23]
                         net (fo=1, unplaced)         0.055     7.669    mul_32ns_37ns_68_2_1_U134/tmp_product__0_n_130
                         DSP48E1                                      r  mul_32ns_37ns_68_2_1_U134/dout_reg__0/PCIN[23]
  -------------------------------------------------------------------    -------------------

                         (clock ap_clk rise edge)    10.000    10.000 r  
                                                      0.000    10.000 r  ap_clk (IN)
                         net (fo=6593, unset)         0.924    10.924    mul_32ns_37ns_68_2_1_U134/ap_clk
                         DSP48E1                                      r  mul_32ns_37ns_68_2_1_U134/dout_reg__0/CLK
                         clock pessimism              0.000    10.924    
                         clock uncertainty           -0.035    10.889    
                         DSP48E1 (Setup_dsp48e1_CLK_PCIN[23])
                                                     -1.400     9.489    mul_32ns_37ns_68_2_1_U134/dout_reg__0
  -------------------------------------------------------------------
                         required time                          9.489    
                         arrival time                          -7.669    
  -------------------------------------------------------------------
                         slack                                  1.820    

Slack (MET) :             1.820ns  (required time - arrival time)
  Source:                 conv3_acc_V_U/ram_reg/CLKARDCLK
                            (rising edge-triggered cell RAMB18E1 clocked by ap_clk  {rise@0.000ns fall@5.000ns period=10.000ns})
  Destination:            mul_32ns_37ns_68_2_1_U134/dout_reg__0/PCIN[24]
                            (rising edge-triggered cell DSP48E1 clocked by ap_clk  {rise@0.000ns fall@5.000ns period=10.000ns})
  Path Group:             ap_clk
  Path Type:              Setup (Max at Slow Process Corner)
  Requirement:            10.000ns  (ap_clk rise@10.000ns - ap_clk rise@0.000ns)
  Data Path Delay:        6.696ns  (logic 5.042ns (75.294%)  route 1.654ns (24.706%))
  Logic Levels:           2  (DSP48E1=1 LUT4=1)
  Clock Path Skew:        -0.049ns (DCD - SCD + CPR)
    Destination Clock Delay (DCD):    0.924ns = ( 10.924 - 10.000 ) 
    Source Clock Delay      (SCD):    0.973ns
    Clock Pessimism Removal (CPR):    0.000ns
  Clock Uncertainty:      0.035ns  ((TSJ^2 + TIJ^2)^1/2 + DJ) / 2 + PE
    Total System Jitter     (TSJ):    0.071ns
    Total Input Jitter      (TIJ):    0.000ns
    Discrete Jitter          (DJ):    0.000ns
    Phase Error              (PE):    0.000ns

    Location             Delay type                Incr(ns)  Path(ns)    Netlist Resource(s)
  -------------------------------------------------------------------    -------------------
                         (clock ap_clk rise edge)     0.000     0.000 r  
                                                      0.000     0.000 r  ap_clk (IN)
                         net (fo=6593, unset)         0.973     0.973    conv3_acc_V_U/ap_clk
                         RAMB18E1                                     r  conv3_acc_V_U/ram_reg/CLKARDCLK
  -------------------------------------------------------------------    -------------------
                         RAMB18E1 (Prop_ramb18e1_CLKARDCLK_DOADO[15])
                                                      0.882     1.855 r  conv3_acc_V_U/ram_reg/DOADO[15]
                         net (fo=3, unplaced)         0.800     2.655    conv2_acc_V_U/DOADO[1]
                         LUT4 (Prop_lut4_I2_O)        0.124     2.779 r  conv2_acc_V_U/tmp_product_i_1/O
                         net (fo=34, unplaced)        0.800     3.578    mul_32ns_37ns_68_2_1_U134/B[15]
                         DSP48E1 (Prop_dsp48e1_A[16]_PCOUT[24])
                                                      4.036     7.614 r  mul_32ns_37ns_68_2_1_U134/tmp_product__0/PCOUT[24]
                         net (fo=1, unplaced)         0.055     7.669    mul_32ns_37ns_68_2_1_U134/tmp_product__0_n_129
                         DSP48E1                                      r  mul_32ns_37ns_68_2_1_U134/dout_reg__0/PCIN[24]
  -------------------------------------------------------------------    -------------------

                         (clock ap_clk rise edge)    10.000    10.000 r  
                                                      0.000    10.000 r  ap_clk (IN)
                         net (fo=6593, unset)         0.924    10.924    mul_32ns_37ns_68_2_1_U134/ap_clk
                         DSP48E1                                      r  mul_32ns_37ns_68_2_1_U134/dout_reg__0/CLK
                         clock pessimism              0.000    10.924    
                         clock uncertainty           -0.035    10.889    
                         DSP48E1 (Setup_dsp48e1_CLK_PCIN[24])
                                                     -1.400     9.489    mul_32ns_37ns_68_2_1_U134/dout_reg__0
  -------------------------------------------------------------------
                         required time                          9.489    
                         arrival time                          -7.669    
  -------------------------------------------------------------------
                         slack                                  1.820    

Slack (MET) :             1.820ns  (required time - arrival time)
  Source:                 conv3_acc_V_U/ram_reg/CLKARDCLK
                            (rising edge-triggered cell RAMB18E1 clocked by ap_clk  {rise@0.000ns fall@5.000ns period=10.000ns})
  Destination:            mul_32ns_37ns_68_2_1_U134/dout_reg__0/PCIN[25]
                            (rising edge-triggered cell DSP48E1 clocked by ap_clk  {rise@0.000ns fall@5.000ns period=10.000ns})
  Path Group:             ap_clk
  Path Type:              Setup (Max at Slow Process Corner)
  Requirement:            10.000ns  (ap_clk rise@10.000ns - ap_clk rise@0.000ns)
  Data Path Delay:        6.696ns  (logic 5.042ns (75.294%)  route 1.654ns (24.706%))
  Logic Levels:           2  (DSP48E1=1 LUT4=1)
  Clock Path Skew:        -0.049ns (DCD - SCD + CPR)
    Destination Clock Delay (DCD):    0.924ns = ( 10.924 - 10.000 ) 
    Source Clock Delay      (SCD):    0.973ns
    Clock Pessimism Removal (CPR):    0.000ns
  Clock Uncertainty:      0.035ns  ((TSJ^2 + TIJ^2)^1/2 + DJ) / 2 + PE
    Total System Jitter     (TSJ):    0.071ns
    Total Input Jitter      (TIJ):    0.000ns
    Discrete Jitter          (DJ):    0.000ns
    Phase Error              (PE):    0.000ns

    Location             Delay type                Incr(ns)  Path(ns)    Netlist Resource(s)
  -------------------------------------------------------------------    -------------------
                         (clock ap_clk rise edge)     0.000     0.000 r  
                                                      0.000     0.000 r  ap_clk (IN)
                         net (fo=6593, unset)         0.973     0.973    conv3_acc_V_U/ap_clk
                         RAMB18E1                                     r  conv3_acc_V_U/ram_reg/CLKARDCLK
  -------------------------------------------------------------------    -------------------
                         RAMB18E1 (Prop_ramb18e1_CLKARDCLK_DOADO[15])
                                                      0.882     1.855 r  conv3_acc_V_U/ram_reg/DOADO[15]
                         net (fo=3, unplaced)         0.800     2.655    conv2_acc_V_U/DOADO[1]
                         LUT4 (Prop_lut4_I2_O)        0.124     2.779 r  conv2_acc_V_U/tmp_product_i_1/O
                         net (fo=34, unplaced)        0.800     3.578    mul_32ns_37ns_68_2_1_U134/B[15]
                         DSP48E1 (Prop_dsp48e1_A[16]_PCOUT[25])
                                                      4.036     7.614 r  mul_32ns_37ns_68_2_1_U134/tmp_product__0/PCOUT[25]
                         net (fo=1, unplaced)         0.055     7.669    mul_32ns_37ns_68_2_1_U134/tmp_product__0_n_128
                         DSP48E1                                      r  mul_32ns_37ns_68_2_1_U134/dout_reg__0/PCIN[25]
  -------------------------------------------------------------------    -------------------

                         (clock ap_clk rise edge)    10.000    10.000 r  
                                                      0.000    10.000 r  ap_clk (IN)
                         net (fo=6593, unset)         0.924    10.924    mul_32ns_37ns_68_2_1_U134/ap_clk
                         DSP48E1                                      r  mul_32ns_37ns_68_2_1_U134/dout_reg__0/CLK
                         clock pessimism              0.000    10.924    
                         clock uncertainty           -0.035    10.889    
                         DSP48E1 (Setup_dsp48e1_CLK_PCIN[25])
                                                     -1.400     9.489    mul_32ns_37ns_68_2_1_U134/dout_reg__0
  -------------------------------------------------------------------
                         required time                          9.489    
                         arrival time                          -7.669    
  -------------------------------------------------------------------
                         slack                                  1.820    

Slack (MET) :             1.820ns  (required time - arrival time)
  Source:                 conv3_acc_V_U/ram_reg/CLKARDCLK
                            (rising edge-triggered cell RAMB18E1 clocked by ap_clk  {rise@0.000ns fall@5.000ns period=10.000ns})
  Destination:            mul_32ns_37ns_68_2_1_U134/dout_reg__0/PCIN[26]
                            (rising edge-triggered cell DSP48E1 clocked by ap_clk  {rise@0.000ns fall@5.000ns period=10.000ns})
  Path Group:             ap_clk
  Path Type:              Setup (Max at Slow Process Corner)
  Requirement:            10.000ns  (ap_clk rise@10.000ns - ap_clk rise@0.000ns)
  Data Path Delay:        6.696ns  (logic 5.042ns (75.294%)  route 1.654ns (24.706%))
  Logic Levels:           2  (DSP48E1=1 LUT4=1)
  Clock Path Skew:        -0.049ns (DCD - SCD + CPR)
    Destination Clock Delay (DCD):    0.924ns = ( 10.924 - 10.000 ) 
    Source Clock Delay      (SCD):    0.973ns
    Clock Pessimism Removal (CPR):    0.000ns
  Clock Uncertainty:      0.035ns  ((TSJ^2 + TIJ^2)^1/2 + DJ) / 2 + PE
    Total System Jitter     (TSJ):    0.071ns
    Total Input Jitter      (TIJ):    0.000ns
    Discrete Jitter          (DJ):    0.000ns
    Phase Error              (PE):    0.000ns

    Location             Delay type                Incr(ns)  Path(ns)    Netlist Resource(s)
  -------------------------------------------------------------------    -------------------
                         (clock ap_clk rise edge)     0.000     0.000 r  
                                                      0.000     0.000 r  ap_clk (IN)
                         net (fo=6593, unset)         0.973     0.973    conv3_acc_V_U/ap_clk
                         RAMB18E1                                     r  conv3_acc_V_U/ram_reg/CLKARDCLK
  -------------------------------------------------------------------    -------------------
                         RAMB18E1 (Prop_ramb18e1_CLKARDCLK_DOADO[15])
                                                      0.882     1.855 r  conv3_acc_V_U/ram_reg/DOADO[15]
                         net (fo=3, unplaced)         0.800     2.655    conv2_acc_V_U/DOADO[1]
                         LUT4 (Prop_lut4_I2_O)        0.124     2.779 r  conv2_acc_V_U/tmp_product_i_1/O
                         net (fo=34, unplaced)        0.800     3.578    mul_32ns_37ns_68_2_1_U134/B[15]
                         DSP48E1 (Prop_dsp48e1_A[16]_PCOUT[26])
                                                      4.036     7.614 r  mul_32ns_37ns_68_2_1_U134/tmp_product__0/PCOUT[26]
                         net (fo=1, unplaced)         0.055     7.669    mul_32ns_37ns_68_2_1_U134/tmp_product__0_n_127
                         DSP48E1                                      r  mul_32ns_37ns_68_2_1_U134/dout_reg__0/PCIN[26]
  -------------------------------------------------------------------    -------------------

                         (clock ap_clk rise edge)    10.000    10.000 r  
                                                      0.000    10.000 r  ap_clk (IN)
                         net (fo=6593, unset)         0.924    10.924    mul_32ns_37ns_68_2_1_U134/ap_clk
                         DSP48E1                                      r  mul_32ns_37ns_68_2_1_U134/dout_reg__0/CLK
                         clock pessimism              0.000    10.924    
                         clock uncertainty           -0.035    10.889    
                         DSP48E1 (Setup_dsp48e1_CLK_PCIN[26])
                                                     -1.400     9.489    mul_32ns_37ns_68_2_1_U134/dout_reg__0
  -------------------------------------------------------------------
                         required time                          9.489    
                         arrival time                          -7.669    
  -------------------------------------------------------------------
                         slack                                  1.820    

Slack (MET) :             1.820ns  (required time - arrival time)
  Source:                 conv3_acc_V_U/ram_reg/CLKARDCLK
                            (rising edge-triggered cell RAMB18E1 clocked by ap_clk  {rise@0.000ns fall@5.000ns period=10.000ns})
  Destination:            mul_32ns_37ns_68_2_1_U134/dout_reg__0/PCIN[27]
                            (rising edge-triggered cell DSP48E1 clocked by ap_clk  {rise@0.000ns fall@5.000ns period=10.000ns})
  Path Group:             ap_clk
  Path Type:              Setup (Max at Slow Process Corner)
  Requirement:            10.000ns  (ap_clk rise@10.000ns - ap_clk rise@0.000ns)
  Data Path Delay:        6.696ns  (logic 5.042ns (75.294%)  route 1.654ns (24.706%))
  Logic Levels:           2  (DSP48E1=1 LUT4=1)
  Clock Path Skew:        -0.049ns (DCD - SCD + CPR)
    Destination Clock Delay (DCD):    0.924ns = ( 10.924 - 10.000 ) 
    Source Clock Delay      (SCD):    0.973ns
    Clock Pessimism Removal (CPR):    0.000ns
  Clock Uncertainty:      0.035ns  ((TSJ^2 + TIJ^2)^1/2 + DJ) / 2 + PE
    Total System Jitter     (TSJ):    0.071ns
    Total Input Jitter      (TIJ):    0.000ns
    Discrete Jitter          (DJ):    0.000ns
    Phase Error              (PE):    0.000ns

    Location             Delay type                Incr(ns)  Path(ns)    Netlist Resource(s)
  -------------------------------------------------------------------    -------------------
                         (clock ap_clk rise edge)     0.000     0.000 r  
                                                      0.000     0.000 r  ap_clk (IN)
                         net (fo=6593, unset)         0.973     0.973    conv3_acc_V_U/ap_clk
                         RAMB18E1                                     r  conv3_acc_V_U/ram_reg/CLKARDCLK
  -------------------------------------------------------------------    -------------------
                         RAMB18E1 (Prop_ramb18e1_CLKARDCLK_DOADO[15])
                                                      0.882     1.855 r  conv3_acc_V_U/ram_reg/DOADO[15]
                         net (fo=3, unplaced)         0.800     2.655    conv2_acc_V_U/DOADO[1]
                         LUT4 (Prop_lut4_I2_O)        0.124     2.779 r  conv2_acc_V_U/tmp_product_i_1/O
                         net (fo=34, unplaced)        0.800     3.578    mul_32ns_37ns_68_2_1_U134/B[15]
                         DSP48E1 (Prop_dsp48e1_A[16]_PCOUT[27])
                                                      4.036     7.614 r  mul_32ns_37ns_68_2_1_U134/tmp_product__0/PCOUT[27]
                         net (fo=1, unplaced)         0.055     7.669    mul_32ns_37ns_68_2_1_U134/tmp_product__0_n_126
                         DSP48E1                                      r  mul_32ns_37ns_68_2_1_U134/dout_reg__0/PCIN[27]
  -------------------------------------------------------------------    -------------------

                         (clock ap_clk rise edge)    10.000    10.000 r  
                                                      0.000    10.000 r  ap_clk (IN)
                         net (fo=6593, unset)         0.924    10.924    mul_32ns_37ns_68_2_1_U134/ap_clk
                         DSP48E1                                      r  mul_32ns_37ns_68_2_1_U134/dout_reg__0/CLK
                         clock pessimism              0.000    10.924    
                         clock uncertainty           -0.035    10.889    
                         DSP48E1 (Setup_dsp48e1_CLK_PCIN[27])
                                                     -1.400     9.489    mul_32ns_37ns_68_2_1_U134/dout_reg__0
  -------------------------------------------------------------------
                         required time                          9.489    
                         arrival time                          -7.669    
  -------------------------------------------------------------------
                         slack                                  1.820    





Pulse Width Checks
--------------------------------------------------------------------------------------
Clock Name:         ap_clk
Waveform(ns):       { 0.000 5.000 }
Period(ns):         10.000
Sources:            { ap_clk }

Check Type        Corner  Lib Pin      Reference Pin  Required(ns)  Actual(ns)  Slack(ns)  Location  Pin
Min Period        n/a     DSP48E1/CLK  n/a            3.884         10.000      6.116                grp_lenet_w4a4_top_Pipeline_OUT_ROW_OUT_COL_fu_592/mac_muladd_4s_4s_8s_9_4_1_U18/lenet_w4a4_top_mac_muladd_4s_4s_8s_9_4_1_DSP48_0_U/m_reg_reg/CLK
Min Period        n/a     DSP48E1/CLK  n/a            3.884         10.000      6.116                grp_lenet_w4a4_top_Pipeline_OUT_ROW_OUT_COL_fu_592/mac_muladd_4s_4s_8s_9_4_1_U19/lenet_w4a4_top_mac_muladd_4s_4s_8s_9_4_1_DSP48_0_U/m_reg_reg/CLK
Min Period        n/a     DSP48E1/CLK  n/a            3.884         10.000      6.116                grp_lenet_w4a4_top_Pipeline_OUT_ROW_OUT_COL_fu_592/mac_muladd_4s_4s_8s_9_4_1_U21/lenet_w4a4_top_mac_muladd_4s_4s_8s_9_4_1_DSP48_0_U/m_reg_reg/CLK
Min Period        n/a     DSP48E1/CLK  n/a            3.884         10.000      6.116                grp_lenet_w4a4_top_Pipeline_OUT_ROW_OUT_COL_fu_592/mac_muladd_4s_4s_8s_9_4_1_U21/lenet_w4a4_top_mac_muladd_4s_4s_8s_9_4_1_DSP48_0_U/p_reg_reg/CLK
Min Period        n/a     DSP48E1/CLK  n/a            3.884         10.000      6.116                grp_lenet_w4a4_top_Pipeline_OUT_ROW_OUT_COL_fu_592/mac_muladd_4s_4s_8s_9_4_1_U22/lenet_w4a4_top_mac_muladd_4s_4s_8s_9_4_1_DSP48_0_U/m_reg_reg/CLK
Min Period        n/a     DSP48E1/CLK  n/a            3.884         10.000      6.116                grp_lenet_w4a4_top_Pipeline_OUT_ROW_OUT_COL_fu_592/mac_muladd_4s_4s_8s_9_4_1_U23/lenet_w4a4_top_mac_muladd_4s_4s_8s_9_4_1_DSP48_0_U/m_reg_reg/CLK
Min Period        n/a     DSP48E1/CLK  n/a            3.884         10.000      6.116                grp_lenet_w4a4_top_Pipeline_OUT_ROW_OUT_COL_fu_592/mac_muladd_4s_4s_8s_9_4_1_U23/lenet_w4a4_top_mac_muladd_4s_4s_8s_9_4_1_DSP48_0_U/p_reg_reg/CLK
Min Period        n/a     DSP48E1/CLK  n/a            3.884         10.000      6.116                grp_lenet_w4a4_top_Pipeline_OUT_ROW_OUT_COL_fu_592/mac_muladd_4s_4s_8s_9_4_1_U24/lenet_w4a4_top_mac_muladd_4s_4s_8s_9_4_1_DSP48_0_U/m_reg_reg/CLK
Min Period        n/a     DSP48E1/CLK  n/a            3.884         10.000      6.116                grp_lenet_w4a4_top_Pipeline_OUT_ROW_OUT_COL_fu_592/mac_muladd_4s_4s_8s_9_4_1_U25/lenet_w4a4_top_mac_muladd_4s_4s_8s_9_4_1_DSP48_0_U/m_reg_reg/CLK
Min Period        n/a     DSP48E1/CLK  n/a            3.884         10.000      6.116                grp_lenet_w4a4_top_Pipeline_OUT_ROW_OUT_COL_fu_592/mac_muladd_4s_4s_8s_9_4_1_U31/lenet_w4a4_top_mac_muladd_4s_4s_8s_9_4_1_DSP48_0_U/m_reg_reg/CLK
Min Period        n/a     DSP48E1/CLK  n/a            3.884         10.000      6.116                grp_lenet_w4a4_top_Pipeline_OUT_ROW_OUT_COL_fu_592/mac_muladd_4s_4s_8s_9_4_1_U31/lenet_w4a4_top_mac_muladd_4s_4s_8s_9_4_1_DSP48_0_U/p_reg_reg/CLK
Min Period        n/a     DSP48E1/CLK  n/a            3.687         10.000      6.313                grp_lenet_w4a4_top_Pipeline_POOL_CHANNEL_POOL_ROW_POOL_COL2_fu_628/mul_32ns_37ns_68_2_1_U89/dout_reg/CLK
Min Period        n/a     DSP48E1/CLK  n/a            3.687         10.000      6.313                grp_lenet_w4a4_top_Pipeline_POOL_CHANNEL_POOL_ROW_POOL_COL2_fu_628/mul_32ns_37ns_68_2_1_U89/dout_reg__0/CLK
Min Period        n/a     DSP48E1/CLK  n/a            3.687         10.000      6.313                grp_lenet_w4a4_top_Pipeline_POOL_CHANNEL_POOL_ROW_POOL_COL2_fu_628/mul_32ns_37ns_68_2_1_U90/dout_reg/CLK
Min Period        n/a     DSP48E1/CLK  n/a            3.687         10.000      6.313                grp_lenet_w4a4_top_Pipeline_POOL_CHANNEL_POOL_ROW_POOL_COL2_fu_628/mul_32ns_37ns_68_2_1_U90/dout_reg__0/CLK
Min Period        n/a     DSP48E1/CLK  n/a            3.687         10.000      6.313                grp_lenet_w4a4_top_Pipeline_POOL_CHANNEL_POOL_ROW_POOL_COL2_fu_628/mul_32ns_37ns_68_2_1_U91/dout_reg/CLK
Min Period        n/a     DSP48E1/CLK  n/a            3.687         10.000      6.313                grp_lenet_w4a4_top_Pipeline_POOL_CHANNEL_POOL_ROW_POOL_COL2_fu_628/mul_32ns_37ns_68_2_1_U91/dout_reg__0/CLK
Min Period        n/a     DSP48E1/CLK  n/a            3.687         10.000      6.313                grp_lenet_w4a4_top_Pipeline_POOL_CHANNEL_POOL_ROW_POOL_COL_fu_586/mul_32ns_36ns_67_2_1_U65/dout_reg/CLK
Min Period        n/a     DSP48E1/CLK  n/a            3.687         10.000      6.313                grp_lenet_w4a4_top_Pipeline_POOL_CHANNEL_POOL_ROW_POOL_COL_fu_586/mul_32ns_36ns_67_2_1_U65/dout_reg__0/CLK
Min Period        n/a     DSP48E1/CLK  n/a            3.687         10.000      6.313                grp_lenet_w4a4_top_Pipeline_POOL_CHANNEL_POOL_ROW_POOL_COL_fu_586/mul_32ns_36ns_67_2_1_U66/dout_reg/CLK
Low Pulse Width   Slow    RAMS32/CLK   n/a            1.250         5.000       3.750                conv3_relu_V_U/ram_reg_0_15_0_0/SP/CLK
Low Pulse Width   Fast    RAMS32/CLK   n/a            1.250         5.000       3.750                conv3_relu_V_U/ram_reg_0_15_0_0/SP/CLK
Low Pulse Width   Slow    RAMS32/CLK   n/a            1.250         5.000       3.750                conv3_relu_V_U/ram_reg_0_15_0_0__0/SP/CLK
Low Pulse Width   Fast    RAMS32/CLK   n/a            1.250         5.000       3.750                conv3_relu_V_U/ram_reg_0_15_0_0__0/SP/CLK
Low Pulse Width   Slow    RAMS32/CLK   n/a            1.250         5.000       3.750                conv3_relu_V_U/ram_reg_0_15_0_0__1/SP/CLK
Low Pulse Width   Fast    RAMS32/CLK   n/a            1.250         5.000       3.750                conv3_relu_V_U/ram_reg_0_15_0_0__1/SP/CLK
Low Pulse Width   Slow    RAMS32/CLK   n/a            1.250         5.000       3.750                conv3_relu_V_U/ram_reg_0_15_0_0__2/SP/CLK
Low Pulse Width   Fast    RAMS32/CLK   n/a            1.250         5.000       3.750                conv3_relu_V_U/ram_reg_0_15_0_0__2/SP/CLK
Low Pulse Width   Slow    RAMS32/CLK   n/a            1.250         5.000       3.750                conv3_relu_V_U/ram_reg_0_15_0_0__3/SP/CLK
Low Pulse Width   Fast    RAMS32/CLK   n/a            1.250         5.000       3.750                conv3_relu_V_U/ram_reg_0_15_0_0__3/SP/CLK
Low Pulse Width   Slow    RAMS32/CLK   n/a            1.250         5.000       3.750                conv3_relu_V_U/ram_reg_0_15_0_0__4/SP/CLK
Low Pulse Width   Fast    RAMS32/CLK   n/a            1.250         5.000       3.750                conv3_relu_V_U/ram_reg_0_15_0_0__4/SP/CLK
Low Pulse Width   Slow    RAMS32/CLK   n/a            1.250         5.000       3.750                conv3_relu_V_U/ram_reg_0_31_0_0/SP/CLK
Low Pulse Width   Fast    RAMS32/CLK   n/a            1.250         5.000       3.750                conv3_relu_V_U/ram_reg_0_31_0_0/SP/CLK
Low Pulse Width   Slow    RAMS32/CLK   n/a            1.250         5.000       3.750                conv3_relu_V_U/ram_reg_0_31_0_0__0/SP/CLK
Low Pulse Width   Fast    RAMS32/CLK   n/a            1.250         5.000       3.750                conv3_relu_V_U/ram_reg_0_31_0_0__0/SP/CLK
Low Pulse Width   Slow    RAMS32/CLK   n/a            1.250         5.000       3.750                conv3_relu_V_U/ram_reg_0_31_0_0__1/SP/CLK
Low Pulse Width   Fast    RAMS32/CLK   n/a            1.250         5.000       3.750                conv3_relu_V_U/ram_reg_0_31_0_0__1/SP/CLK
Low Pulse Width   Slow    RAMS64E/CLK  n/a            1.250         5.000       3.750                conv3_relu_V_U/ram_reg_0_63_0_0/SP/CLK
Low Pulse Width   Fast    RAMS64E/CLK  n/a            1.250         5.000       3.750                conv3_relu_V_U/ram_reg_0_63_0_0/SP/CLK
High Pulse Width  Slow    RAMS32/CLK   n/a            1.250         5.000       3.750                conv3_relu_V_U/ram_reg_0_15_0_0/SP/CLK
High Pulse Width  Fast    RAMS32/CLK   n/a            1.250         5.000       3.750                conv3_relu_V_U/ram_reg_0_15_0_0/SP/CLK
High Pulse Width  Slow    RAMS32/CLK   n/a            1.250         5.000       3.750                conv3_relu_V_U/ram_reg_0_15_0_0__0/SP/CLK
High Pulse Width  Fast    RAMS32/CLK   n/a            1.250         5.000       3.750                conv3_relu_V_U/ram_reg_0_15_0_0__0/SP/CLK
High Pulse Width  Slow    RAMS32/CLK   n/a            1.250         5.000       3.750                conv3_relu_V_U/ram_reg_0_15_0_0__1/SP/CLK
High Pulse Width  Fast    RAMS32/CLK   n/a            1.250         5.000       3.750                conv3_relu_V_U/ram_reg_0_15_0_0__1/SP/CLK
High Pulse Width  Slow    RAMS32/CLK   n/a            1.250         5.000       3.750                conv3_relu_V_U/ram_reg_0_15_0_0__2/SP/CLK
High Pulse Width  Fast    RAMS32/CLK   n/a            1.250         5.000       3.750                conv3_relu_V_U/ram_reg_0_15_0_0__2/SP/CLK
High Pulse Width  Slow    RAMS32/CLK   n/a            1.250         5.000       3.750                conv3_relu_V_U/ram_reg_0_15_0_0__3/SP/CLK
High Pulse Width  Fast    RAMS32/CLK   n/a            1.250         5.000       3.750                conv3_relu_V_U/ram_reg_0_15_0_0__3/SP/CLK
High Pulse Width  Slow    RAMS32/CLK   n/a            1.250         5.000       3.750                conv3_relu_V_U/ram_reg_0_15_0_0__4/SP/CLK
High Pulse Width  Fast    RAMS32/CLK   n/a            1.250         5.000       3.750                conv3_relu_V_U/ram_reg_0_15_0_0__4/SP/CLK
High Pulse Width  Slow    RAMS32/CLK   n/a            1.250         5.000       3.750                conv3_relu_V_U/ram_reg_0_31_0_0/SP/CLK
High Pulse Width  Fast    RAMS32/CLK   n/a            1.250         5.000       3.750                conv3_relu_V_U/ram_reg_0_31_0_0/SP/CLK
High Pulse Width  Slow    RAMS32/CLK   n/a            1.250         5.000       3.750                conv3_relu_V_U/ram_reg_0_31_0_0__0/SP/CLK
High Pulse Width  Fast    RAMS32/CLK   n/a            1.250         5.000       3.750                conv3_relu_V_U/ram_reg_0_31_0_0__0/SP/CLK
High Pulse Width  Slow    RAMS32/CLK   n/a            1.250         5.000       3.750                conv3_relu_V_U/ram_reg_0_31_0_0__1/SP/CLK
High Pulse Width  Fast    RAMS32/CLK   n/a            1.250         5.000       3.750                conv3_relu_V_U/ram_reg_0_31_0_0__1/SP/CLK
High Pulse Width  Slow    RAMS64E/CLK  n/a            1.250         5.000       3.750                conv3_relu_V_U/ram_reg_0_63_0_0/SP/CLK
High Pulse Width  Fast    RAMS64E/CLK  n/a            1.250         5.000       3.750                conv3_relu_V_U/ram_reg_0_63_0_0/SP/CLK



