Copyright 1986-2022 Xilinx, Inc. All Rights Reserved.
------------------------------------------------------------------------------------------------------------------------------------
| Tool Version : Vivado v.2022.2 (win64) Build 3671981 Fri Oct 14 05:00:03 MDT 2022
| Date         : Mon Sep 14 23:16:47 2026
| Host         : Benedicta running 64-bit major release  (build 9200)
| Command      : report_drc -file D:/GitHub/vivado/vivado/F_Quantization_W8A8/Vivado_W4A4_LC2_Impl_Patch/results/post_route_drc.rpt
| Design       : lenet_w4a4_top
| Device       : xc7z020clg400-1
| Speed File   : -1
| Design State : Fully Routed
------------------------------------------------------------------------------------------------------------------------------------

Report DRC

Table of Contents
-----------------
1. REPORT SUMMARY
2. REPORT DETAILS

1. REPORT SUMMARY
-----------------
            Netlist: lenet_w4a4_top
          Floorplan: design_1
      Design limits: <entire design considered>
           Ruledeck: default
             Max violations: <unlimited>
             Violations found: 69
+--------+----------+------------------------+------------+
| Rule   | Severity | Description            | Violations |
+--------+----------+------------------------+------------+
| DPIP-1 | Warning  | Input pipelining       | 13         |
| DPOP-1 | Warning  | PREG Output pipelining | 18         |
| DPOP-2 | Warning  | MREG Output pipelining | 37         |
| ZPS7-1 | Warning  | PS7 block required     | 1          |
+--------+----------+------------------------+------------+

2. REPORT DETAILS
-----------------
DPIP-1#1 Warning
Input pipelining  
DSP grp_lenet_w4a4_top_Pipeline_DENSE_OUTPUT_DENSE_INPUT6_fu_694/mac_muladd_3ns_4s_14s_14_4_1_U121/lenet_w4a4_top_mac_muladd_3ns_4s_14s_14_4_1_DSP48_4_U/p_reg_reg input grp_lenet_w4a4_top_Pipeline_DENSE_OUTPUT_DENSE_INPUT6_fu_694/mac_muladd_3ns_4s_14s_14_4_1_U121/lenet_w4a4_top_mac_muladd_3ns_4s_14s_14_4_1_DSP48_4_U/p_reg_reg/C[47:0] is not pipelined. Pipelining DSP48 input will improve performance.
Related violations: <none>

DPIP-1#2 Warning
Input pipelining  
DSP grp_lenet_w4a4_top_Pipeline_DENSE_OUTPUT_DENSE_INPUT_fu_679/mac_muladd_3ns_4s_14s_14_4_1_U110/lenet_w4a4_top_mac_muladd_3ns_4s_14s_14_4_1_DSP48_4_U/p_reg_reg input grp_lenet_w4a4_top_Pipeline_DENSE_OUTPUT_DENSE_INPUT_fu_679/mac_muladd_3ns_4s_14s_14_4_1_U110/lenet_w4a4_top_mac_muladd_3ns_4s_14s_14_4_1_DSP48_4_U/p_reg_reg/C[47:0] is not pipelined. Pipelining DSP48 input will improve performance.
Related violations: <none>

DPIP-1#3 Warning
Input pipelining  
DSP grp_lenet_w4a4_top_Pipeline_OUT_ROW_OUT_COL_fu_592/mac_muladd_4s_4s_8s_9_4_1_U18/lenet_w4a4_top_mac_muladd_4s_4s_8s_9_4_1_DSP48_0_U/p_reg_reg input grp_lenet_w4a4_top_Pipeline_OUT_ROW_OUT_COL_fu_592/mac_muladd_4s_4s_8s_9_4_1_U18/lenet_w4a4_top_mac_muladd_4s_4s_8s_9_4_1_DSP48_0_U/p_reg_reg/A[29:0] is not pipelined. Pipelining DSP48 input will improve performance.
Related violations: <none>

DPIP-1#4 Warning
Input pipelining  
DSP grp_lenet_w4a4_top_Pipeline_OUT_ROW_OUT_COL_fu_592/mac_muladd_4s_4s_8s_9_4_1_U24/lenet_w4a4_top_mac_muladd_4s_4s_8s_9_4_1_DSP48_0_U/p_reg_reg input grp_lenet_w4a4_top_Pipeline_OUT_ROW_OUT_COL_fu_592/mac_muladd_4s_4s_8s_9_4_1_U24/lenet_w4a4_top_mac_muladd_4s_4s_8s_9_4_1_DSP48_0_U/p_reg_reg/A[29:0] is not pipelined. Pipelining DSP48 input will improve performance.
Related violations: <none>

DPIP-1#5 Warning
Input pipelining  
DSP grp_lenet_w4a4_top_Pipeline_OUT_ROW_OUT_COL_fu_592/mac_muladd_4s_4s_8s_9_4_1_U25/lenet_w4a4_top_mac_muladd_4s_4s_8s_9_4_1_DSP48_0_U/p_reg_reg input grp_lenet_w4a4_top_Pipeline_OUT_ROW_OUT_COL_fu_592/mac_muladd_4s_4s_8s_9_4_1_U25/lenet_w4a4_top_mac_muladd_4s_4s_8s_9_4_1_DSP48_0_U/p_reg_reg/A[29:0] is not pipelined. Pipelining DSP48 input will improve performance.
Related violations: <none>

DPIP-1#6 Warning
Input pipelining  
DSP mul_32ns_37ns_68_2_1_U134/dout_reg input mul_32ns_37ns_68_2_1_U134/dout_reg/A[29:0] is not pipelined. Pipelining DSP48 input will improve performance.
Related violations: <none>

DPIP-1#7 Warning
Input pipelining  
DSP mul_32ns_37ns_68_2_1_U134/dout_reg input mul_32ns_37ns_68_2_1_U134/dout_reg/B[17:0] is not pipelined. Pipelining DSP48 input will improve performance.
Related violations: <none>

DPIP-1#8 Warning
Input pipelining  
DSP mul_32ns_37ns_68_2_1_U134/dout_reg__0 input mul_32ns_37ns_68_2_1_U134/dout_reg__0/A[29:0] is not pipelined. Pipelining DSP48 input will improve performance.
Related violations: <none>

DPIP-1#9 Warning
Input pipelining  
DSP mul_32ns_37ns_68_2_1_U134/dout_reg__0 input mul_32ns_37ns_68_2_1_U134/dout_reg__0/B[17:0] is not pipelined. Pipelining DSP48 input will improve performance.
Related violations: <none>

DPIP-1#10 Warning
Input pipelining  
DSP mul_32ns_37ns_68_2_1_U134/tmp_product input mul_32ns_37ns_68_2_1_U134/tmp_product/A[29:0] is not pipelined. Pipelining DSP48 input will improve performance.
Related violations: <none>

DPIP-1#11 Warning
Input pipelining  
DSP mul_32ns_37ns_68_2_1_U134/tmp_product input mul_32ns_37ns_68_2_1_U134/tmp_product/B[17:0] is not pipelined. Pipelining DSP48 input will improve performance.
Related violations: <none>

DPIP-1#12 Warning
Input pipelining  
DSP mul_32ns_37ns_68_2_1_U134/tmp_product__0 input mul_32ns_37ns_68_2_1_U134/tmp_product__0/A[29:0] is not pipelined. Pipelining DSP48 input will improve performance.
Related violations: <none>

DPIP-1#13 Warning
Input pipelining  
DSP mul_32ns_37ns_68_2_1_U134/tmp_product__0 input mul_32ns_37ns_68_2_1_U134/tmp_product__0/B[17:0] is not pipelined. Pipelining DSP48 input will improve performance.
Related violations: <none>

DPOP-1#1 Warning
PREG Output pipelining  
DSP grp_lenet_w4a4_top_Pipeline_POOL_CHANNEL_POOL_ROW_POOL_COL2_fu_628/mul_32ns_37ns_68_2_1_U89/tmp_product output grp_lenet_w4a4_top_Pipeline_POOL_CHANNEL_POOL_ROW_POOL_COL2_fu_628/mul_32ns_37ns_68_2_1_U89/tmp_product/P[47:0] is not pipelined (PREG=0). Pipelining the DSP48 output will improve performance and often saves power so it is suggested whenever possible to fully pipeline this function.  If this DSP48 function was inferred, it is suggested to describe an additional register stage after this function.  If the DSP48 was instantiated in the design, it is suggested to set the PREG attribute to 1.
Related violations: <none>

DPOP-1#2 Warning
PREG Output pipelining  
DSP grp_lenet_w4a4_top_Pipeline_POOL_CHANNEL_POOL_ROW_POOL_COL2_fu_628/mul_32ns_37ns_68_2_1_U89/tmp_product__0 output grp_lenet_w4a4_top_Pipeline_POOL_CHANNEL_POOL_ROW_POOL_COL2_fu_628/mul_32ns_37ns_68_2_1_U89/tmp_product__0/P[47:0] is not pipelined (PREG=0). Pipelining the DSP48 output will improve performance and often saves power so it is suggested whenever possible to fully pipeline this function.  If this DSP48 function was inferred, it is suggested to describe an additional register stage after this function.  If the DSP48 was instantiated in the design, it is suggested to set the PREG attribute to 1.
Related violations: <none>

DPOP-1#3 Warning
PREG Output pipelining  
DSP grp_lenet_w4a4_top_Pipeline_POOL_CHANNEL_POOL_ROW_POOL_COL2_fu_628/mul_32ns_37ns_68_2_1_U90/tmp_product output grp_lenet_w4a4_top_Pipeline_POOL_CHANNEL_POOL_ROW_POOL_COL2_fu_628/mul_32ns_37ns_68_2_1_U90/tmp_product/P[47:0] is not pipelined (PREG=0). Pipelining the DSP48 output will improve performance and often saves power so it is suggested whenever possible to fully pipeline this function.  If this DSP48 function was inferred, it is suggested to describe an additional register stage after this function.  If the DSP48 was instantiated in the design, it is suggested to set the PREG attribute to 1.
Related violations: <none>

DPOP-1#4 Warning
PREG Output pipelining  
DSP grp_lenet_w4a4_top_Pipeline_POOL_CHANNEL_POOL_ROW_POOL_COL2_fu_628/mul_32ns_37ns_68_2_1_U90/tmp_product__0 output grp_lenet_w4a4_top_Pipeline_POOL_CHANNEL_POOL_ROW_POOL_COL2_fu_628/mul_32ns_37ns_68_2_1_U90/tmp_product__0/P[47:0] is not pipelined (PREG=0). Pipelining the DSP48 output will improve performance and often saves power so it is suggested whenever possible to fully pipeline this function.  If this DSP48 function was inferred, it is suggested to describe an additional register stage after this function.  If the DSP48 was instantiated in the design, it is suggested to set the PREG attribute to 1.
Related violations: <none>

DPOP-1#5 Warning
PREG Output pipelining  
DSP grp_lenet_w4a4_top_Pipeline_POOL_CHANNEL_POOL_ROW_POOL_COL2_fu_628/mul_32ns_37ns_68_2_1_U91/tmp_product output grp_lenet_w4a4_top_Pipeline_POOL_CHANNEL_POOL_ROW_POOL_COL2_fu_628/mul_32ns_37ns_68_2_1_U91/tmp_product/P[47:0] is not pipelined (PREG=0). Pipelining the DSP48 output will improve performance and often saves power so it is suggested whenever possible to fully pipeline this function.  If this DSP48 function was inferred, it is suggested to describe an additional register stage after this function.  If the DSP48 was instantiated in the design, it is suggested to set the PREG attribute to 1.
Related violations: <none>

DPOP-1#6 Warning
PREG Output pipelining  
DSP grp_lenet_w4a4_top_Pipeline_POOL_CHANNEL_POOL_ROW_POOL_COL2_fu_628/mul_32ns_37ns_68_2_1_U91/tmp_product__0 output grp_lenet_w4a4_top_Pipeline_POOL_CHANNEL_POOL_ROW_POOL_COL2_fu_628/mul_32ns_37ns_68_2_1_U91/tmp_product__0/P[47:0] is not pipelined (PREG=0). Pipelining the DSP48 output will improve performance and often saves power so it is suggested whenever possible to fully pipeline this function.  If this DSP48 function was inferred, it is suggested to describe an additional register stage after this function.  If the DSP48 was instantiated in the design, it is suggested to set the PREG attribute to 1.
Related violations: <none>

DPOP-1#7 Warning
PREG Output pipelining  
DSP grp_lenet_w4a4_top_Pipeline_POOL_CHANNEL_POOL_ROW_POOL_COL_fu_586/mul_32ns_36ns_67_2_1_U65/tmp_product output grp_lenet_w4a4_top_Pipeline_POOL_CHANNEL_POOL_ROW_POOL_COL_fu_586/mul_32ns_36ns_67_2_1_U65/tmp_product/P[47:0] is not pipelined (PREG=0). Pipelining the DSP48 output will improve performance and often saves power so it is suggested whenever possible to fully pipeline this function.  If this DSP48 function was inferred, it is suggested to describe an additional register stage after this function.  If the DSP48 was instantiated in the design, it is suggested to set the PREG attribute to 1.
Related violations: <none>

DPOP-1#8 Warning
PREG Output pipelining  
DSP grp_lenet_w4a4_top_Pipeline_POOL_CHANNEL_POOL_ROW_POOL_COL_fu_586/mul_32ns_36ns_67_2_1_U65/tmp_product__0 output grp_lenet_w4a4_top_Pipeline_POOL_CHANNEL_POOL_ROW_POOL_COL_fu_586/mul_32ns_36ns_67_2_1_U65/tmp_product__0/P[47:0] is not pipelined (PREG=0). Pipelining the DSP48 output will improve performance and often saves power so it is suggested whenever possible to fully pipeline this function.  If this DSP48 function was inferred, it is suggested to describe an additional register stage after this function.  If the DSP48 was instantiated in the design, it is suggested to set the PREG attribute to 1.
Related violations: <none>

DPOP-1#9 Warning
PREG Output pipelining  
DSP grp_lenet_w4a4_top_Pipeline_POOL_CHANNEL_POOL_ROW_POOL_COL_fu_586/mul_32ns_36ns_67_2_1_U66/tmp_product output grp_lenet_w4a4_top_Pipeline_POOL_CHANNEL_POOL_ROW_POOL_COL_fu_586/mul_32ns_36ns_67_2_1_U66/tmp_product/P[47:0] is not pipelined (PREG=0). Pipelining the DSP48 output will improve performance and often saves power so it is suggested whenever possible to fully pipeline this function.  If this DSP48 function was inferred, it is suggested to describe an additional register stage after this function.  If the DSP48 was instantiated in the design, it is suggested to set the PREG attribute to 1.
Related violations: <none>

DPOP-1#10 Warning
PREG Output pipelining  
DSP grp_lenet_w4a4_top_Pipeline_POOL_CHANNEL_POOL_ROW_POOL_COL_fu_586/mul_32ns_36ns_67_2_1_U66/tmp_product__0 output grp_lenet_w4a4_top_Pipeline_POOL_CHANNEL_POOL_ROW_POOL_COL_fu_586/mul_32ns_36ns_67_2_1_U66/tmp_product__0/P[47:0] is not pipelined (PREG=0). Pipelining the DSP48 output will improve performance and often saves power so it is suggested whenever possible to fully pipeline this function.  If this DSP48 function was inferred, it is suggested to describe an additional register stage after this function.  If the DSP48 was instantiated in the design, it is suggested to set the PREG attribute to 1.
Related violations: <none>

DPOP-1#11 Warning
PREG Output pipelining  
DSP grp_lenet_w4a4_top_Pipeline_POOL_CHANNEL_POOL_ROW_POOL_COL_fu_586/mul_32ns_36ns_67_2_1_U67/tmp_product output grp_lenet_w4a4_top_Pipeline_POOL_CHANNEL_POOL_ROW_POOL_COL_fu_586/mul_32ns_36ns_67_2_1_U67/tmp_product/P[47:0] is not pipelined (PREG=0). Pipelining the DSP48 output will improve performance and often saves power so it is suggested whenever possible to fully pipeline this function.  If this DSP48 function was inferred, it is suggested to describe an additional register stage after this function.  If the DSP48 was instantiated in the design, it is suggested to set the PREG attribute to 1.
Related violations: <none>

DPOP-1#12 Warning
PREG Output pipelining  
DSP grp_lenet_w4a4_top_Pipeline_POOL_CHANNEL_POOL_ROW_POOL_COL_fu_586/mul_32ns_36ns_67_2_1_U67/tmp_product__0 output grp_lenet_w4a4_top_Pipeline_POOL_CHANNEL_POOL_ROW_POOL_COL_fu_586/mul_32ns_36ns_67_2_1_U67/tmp_product__0/P[47:0] is not pipelined (PREG=0). Pipelining the DSP48 output will improve performance and often saves power so it is suggested whenever possible to fully pipeline this function.  If this DSP48 function was inferred, it is suggested to describe an additional register stage after this function.  If the DSP48 was instantiated in the design, it is suggested to set the PREG attribute to 1.
Related violations: <none>

DPOP-1#13 Warning
PREG Output pipelining  
DSP grp_lenet_w4a4_top_Pipeline_POOL_CHANNEL_POOL_ROW_POOL_COL_fu_586/mul_32ns_36ns_67_2_1_U68/tmp_product output grp_lenet_w4a4_top_Pipeline_POOL_CHANNEL_POOL_ROW_POOL_COL_fu_586/mul_32ns_36ns_67_2_1_U68/tmp_product/P[47:0] is not pipelined (PREG=0). Pipelining the DSP48 output will improve performance and often saves power so it is suggested whenever possible to fully pipeline this function.  If this DSP48 function was inferred, it is suggested to describe an additional register stage after this function.  If the DSP48 was instantiated in the design, it is suggested to set the PREG attribute to 1.
Related violations: <none>

DPOP-1#14 Warning
PREG Output pipelining  
DSP grp_lenet_w4a4_top_Pipeline_POOL_CHANNEL_POOL_ROW_POOL_COL_fu_586/mul_32ns_36ns_67_2_1_U68/tmp_product__0 output grp_lenet_w4a4_top_Pipeline_POOL_CHANNEL_POOL_ROW_POOL_COL_fu_586/mul_32ns_36ns_67_2_1_U68/tmp_product__0/P[47:0] is not pipelined (PREG=0). Pipelining the DSP48 output will improve performance and often saves power so it is suggested whenever possible to fully pipeline this function.  If this DSP48 function was inferred, it is suggested to describe an additional register stage after this function.  If the DSP48 was instantiated in the design, it is suggested to set the PREG attribute to 1.
Related violations: <none>

DPOP-1#15 Warning
PREG Output pipelining  
DSP grp_lenet_w4a4_top_Pipeline_REQUANT_VECTOR5_fu_688/mul_32ns_38ns_69_2_1_U116/tmp_product output grp_lenet_w4a4_top_Pipeline_REQUANT_VECTOR5_fu_688/mul_32ns_38ns_69_2_1_U116/tmp_product/P[47:0] is not pipelined (PREG=0). Pipelining the DSP48 output will improve performance and often saves power so it is suggested whenever possible to fully pipeline this function.  If this DSP48 function was inferred, it is suggested to describe an additional register stage after this function.  If the DSP48 was instantiated in the design, it is suggested to set the PREG attribute to 1.
Related violations: <none>

DPOP-1#16 Warning
PREG Output pipelining  
DSP grp_lenet_w4a4_top_Pipeline_REQUANT_VECTOR5_fu_688/mul_32ns_38ns_69_2_1_U116/tmp_product__0 output grp_lenet_w4a4_top_Pipeline_REQUANT_VECTOR5_fu_688/mul_32ns_38ns_69_2_1_U116/tmp_product__0/P[47:0] is not pipelined (PREG=0). Pipelining the DSP48 output will improve performance and often saves power so it is suggested whenever possible to fully pipeline this function.  If this DSP48 function was inferred, it is suggested to describe an additional register stage after this function.  If the DSP48 was instantiated in the design, it is suggested to set the PREG attribute to 1.
Related violations: <none>

DPOP-1#17 Warning
PREG Output pipelining  
DSP mul_32ns_37ns_68_2_1_U134/tmp_product output mul_32ns_37ns_68_2_1_U134/tmp_product/P[47:0] is not pipelined (PREG=0). Pipelining the DSP48 output will improve performance and often saves power so it is suggested whenever possible to fully pipeline this function.  If this DSP48 function was inferred, it is suggested to describe an additional register stage after this function.  If the DSP48 was instantiated in the design, it is suggested to set the PREG attribute to 1.
Related violations: <none>

DPOP-1#18 Warning
PREG Output pipelining  
DSP mul_32ns_37ns_68_2_1_U134/tmp_product__0 output mul_32ns_37ns_68_2_1_U134/tmp_product__0/P[47:0] is not pipelined (PREG=0). Pipelining the DSP48 output will improve performance and often saves power so it is suggested whenever possible to fully pipeline this function.  If this DSP48 function was inferred, it is suggested to describe an additional register stage after this function.  If the DSP48 was instantiated in the design, it is suggested to set the PREG attribute to 1.
Related violations: <none>

DPOP-2#1 Warning
MREG Output pipelining  
DSP grp_lenet_w4a4_top_Pipeline_OUT_ROW_OUT_COL_fu_592/mac_muladd_4s_4s_8s_9_4_1_U31/lenet_w4a4_top_mac_muladd_4s_4s_8s_9_4_1_DSP48_0_U/p_reg_reg multiplier stage grp_lenet_w4a4_top_Pipeline_OUT_ROW_OUT_COL_fu_592/mac_muladd_4s_4s_8s_9_4_1_U31/lenet_w4a4_top_mac_muladd_4s_4s_8s_9_4_1_DSP48_0_U/p_reg_reg/P[47:0] is not pipelined (MREG=0). Pipelining the multiplier function will improve performance and will save significant power so it is suggested whenever possible to fully pipeline this function.  If this multiplier was inferred, it is suggested to describe an additional register stage after this function.  If there is no registered adder/accumulator following the multiply function, two pipeline stages are suggested to allow both the MREG and PREG registers to be used.  If the DSP48 was instantiated in the design, it is suggested to set both the MREG and PREG attributes to 1 when performing multiply functions.
Related violations: <none>

DPOP-2#2 Warning
MREG Output pipelining  
DSP grp_lenet_w4a4_top_Pipeline_POOL_CHANNEL_POOL_ROW_POOL_COL2_fu_628/mul_32ns_37ns_68_2_1_U89/dout_reg multiplier stage grp_lenet_w4a4_top_Pipeline_POOL_CHANNEL_POOL_ROW_POOL_COL2_fu_628/mul_32ns_37ns_68_2_1_U89/dout_reg/P[47:0] is not pipelined (MREG=0). Pipelining the multiplier function will improve performance and will save significant power so it is suggested whenever possible to fully pipeline this function.  If this multiplier was inferred, it is suggested to describe an additional register stage after this function.  If there is no registered adder/accumulator following the multiply function, two pipeline stages are suggested to allow both the MREG and PREG registers to be used.  If the DSP48 was instantiated in the design, it is suggested to set both the MREG and PREG attributes to 1 when performing multiply functions.
Related violations: <none>

DPOP-2#3 Warning
MREG Output pipelining  
DSP grp_lenet_w4a4_top_Pipeline_POOL_CHANNEL_POOL_ROW_POOL_COL2_fu_628/mul_32ns_37ns_68_2_1_U89/dout_reg__0 multiplier stage grp_lenet_w4a4_top_Pipeline_POOL_CHANNEL_POOL_ROW_POOL_COL2_fu_628/mul_32ns_37ns_68_2_1_U89/dout_reg__0/P[47:0] is not pipelined (MREG=0). Pipelining the multiplier function will improve performance and will save significant power so it is suggested whenever possible to fully pipeline this function.  If this multiplier was inferred, it is suggested to describe an additional register stage after this function.  If there is no registered adder/accumulator following the multiply function, two pipeline stages are suggested to allow both the MREG and PREG registers to be used.  If the DSP48 was instantiated in the design, it is suggested to set both the MREG and PREG attributes to 1 when performing multiply functions.
Related violations: <none>

DPOP-2#4 Warning
MREG Output pipelining  
DSP grp_lenet_w4a4_top_Pipeline_POOL_CHANNEL_POOL_ROW_POOL_COL2_fu_628/mul_32ns_37ns_68_2_1_U89/tmp_product multiplier stage grp_lenet_w4a4_top_Pipeline_POOL_CHANNEL_POOL_ROW_POOL_COL2_fu_628/mul_32ns_37ns_68_2_1_U89/tmp_product/P[47:0] is not pipelined (MREG=0). Pipelining the multiplier function will improve performance and will save significant power so it is suggested whenever possible to fully pipeline this function.  If this multiplier was inferred, it is suggested to describe an additional register stage after this function.  If there is no registered adder/accumulator following the multiply function, two pipeline stages are suggested to allow both the MREG and PREG registers to be used.  If the DSP48 was instantiated in the design, it is suggested to set both the MREG and PREG attributes to 1 when performing multiply functions.
Related violations: <none>

DPOP-2#5 Warning
MREG Output pipelining  
DSP grp_lenet_w4a4_top_Pipeline_POOL_CHANNEL_POOL_ROW_POOL_COL2_fu_628/mul_32ns_37ns_68_2_1_U89/tmp_product__0 multiplier stage grp_lenet_w4a4_top_Pipeline_POOL_CHANNEL_POOL_ROW_POOL_COL2_fu_628/mul_32ns_37ns_68_2_1_U89/tmp_product__0/P[47:0] is not pipelined (MREG=0). Pipelining the multiplier function will improve performance and will save significant power so it is suggested whenever possible to fully pipeline this function.  If this multiplier was inferred, it is suggested to describe an additional register stage after this function.  If there is no registered adder/accumulator following the multiply function, two pipeline stages are suggested to allow both the MREG and PREG registers to be used.  If the DSP48 was instantiated in the design, it is suggested to set both the MREG and PREG attributes to 1 when performing multiply functions.
Related violations: <none>

DPOP-2#6 Warning
MREG Output pipelining  
DSP grp_lenet_w4a4_top_Pipeline_POOL_CHANNEL_POOL_ROW_POOL_COL2_fu_628/mul_32ns_37ns_68_2_1_U90/dout_reg multiplier stage grp_lenet_w4a4_top_Pipeline_POOL_CHANNEL_POOL_ROW_POOL_COL2_fu_628/mul_32ns_37ns_68_2_1_U90/dout_reg/P[47:0] is not pipelined (MREG=0). Pipelining the multiplier function will improve performance and will save significant power so it is suggested whenever possible to fully pipeline this function.  If this multiplier was inferred, it is suggested to describe an additional register stage after this function.  If there is no registered adder/accumulator following the multiply function, two pipeline stages are suggested to allow both the MREG and PREG registers to be used.  If the DSP48 was instantiated in the design, it is suggested to set both the MREG and PREG attributes to 1 when performing multiply functions.
Related violations: <none>

DPOP-2#7 Warning
MREG Output pipelining  
DSP grp_lenet_w4a4_top_Pipeline_POOL_CHANNEL_POOL_ROW_POOL_COL2_fu_628/mul_32ns_37ns_68_2_1_U90/dout_reg__0 multiplier stage grp_lenet_w4a4_top_Pipeline_POOL_CHANNEL_POOL_ROW_POOL_COL2_fu_628/mul_32ns_37ns_68_2_1_U90/dout_reg__0/P[47:0] is not pipelined (MREG=0). Pipelining the multiplier function will improve performance and will save significant power so it is suggested whenever possible to fully pipeline this function.  If this multiplier was inferred, it is suggested to describe an additional register stage after this function.  If there is no registered adder/accumulator following the multiply function, two pipeline stages are suggested to allow both the MREG and PREG registers to be used.  If the DSP48 was instantiated in the design, it is suggested to set both the MREG and PREG attributes to 1 when performing multiply functions.
Related violations: <none>

DPOP-2#8 Warning
MREG Output pipelining  
DSP grp_lenet_w4a4_top_Pipeline_POOL_CHANNEL_POOL_ROW_POOL_COL2_fu_628/mul_32ns_37ns_68_2_1_U90/tmp_product multiplier stage grp_lenet_w4a4_top_Pipeline_POOL_CHANNEL_POOL_ROW_POOL_COL2_fu_628/mul_32ns_37ns_68_2_1_U90/tmp_product/P[47:0] is not pipelined (MREG=0). Pipelining the multiplier function will improve performance and will save significant power so it is suggested whenever possible to fully pipeline this function.  If this multiplier was inferred, it is suggested to describe an additional register stage after this function.  If there is no registered adder/accumulator following the multiply function, two pipeline stages are suggested to allow both the MREG and PREG registers to be used.  If the DSP48 was instantiated in the design, it is suggested to set both the MREG and PREG attributes to 1 when performing multiply functions.
Related violations: <none>

DPOP-2#9 Warning
MREG Output pipelining  
DSP grp_lenet_w4a4_top_Pipeline_POOL_CHANNEL_POOL_ROW_POOL_COL2_fu_628/mul_32ns_37ns_68_2_1_U90/tmp_product__0 multiplier stage grp_lenet_w4a4_top_Pipeline_POOL_CHANNEL_POOL_ROW_POOL_COL2_fu_628/mul_32ns_37ns_68_2_1_U90/tmp_product__0/P[47:0] is not pipelined (MREG=0). Pipelining the multiplier function will improve performance and will save significant power so it is suggested whenever possible to fully pipeline this function.  If this multiplier was inferred, it is suggested to describe an additional register stage after this function.  If there is no registered adder/accumulator following the multiply function, two pipeline stages are suggested to allow both the MREG and PREG registers to be used.  If the DSP48 was instantiated in the design, it is suggested to set both the MREG and PREG attributes to 1 when performing multiply functions.
Related violations: <none>

DPOP-2#10 Warning
MREG Output pipelining  
DSP grp_lenet_w4a4_top_Pipeline_POOL_CHANNEL_POOL_ROW_POOL_COL2_fu_628/mul_32ns_37ns_68_2_1_U91/dout_reg multiplier stage grp_lenet_w4a4_top_Pipeline_POOL_CHANNEL_POOL_ROW_POOL_COL2_fu_628/mul_32ns_37ns_68_2_1_U91/dout_reg/P[47:0] is not pipelined (MREG=0). Pipelining the multiplier function will improve performance and will save significant power so it is suggested whenever possible to fully pipeline this function.  If this multiplier was inferred, it is suggested to describe an additional register stage after this function.  If there is no registered adder/accumulator following the multiply function, two pipeline stages are suggested to allow both the MREG and PREG registers to be used.  If the DSP48 was instantiated in the design, it is suggested to set both the MREG and PREG attributes to 1 when performing multiply functions.
Related violations: <none>

DPOP-2#11 Warning
MREG Output pipelining  
DSP grp_lenet_w4a4_top_Pipeline_POOL_CHANNEL_POOL_ROW_POOL_COL2_fu_628/mul_32ns_37ns_68_2_1_U91/dout_reg__0 multiplier stage grp_lenet_w4a4_top_Pipeline_POOL_CHANNEL_POOL_ROW_POOL_COL2_fu_628/mul_32ns_37ns_68_2_1_U91/dout_reg__0/P[47:0] is not pipelined (MREG=0). Pipelining the multiplier function will improve performance and will save significant power so it is suggested whenever possible to fully pipeline this function.  If this multiplier was inferred, it is suggested to describe an additional register stage after this function.  If there is no registered adder/accumulator following the multiply function, two pipeline stages are suggested to allow both the MREG and PREG registers to be used.  If the DSP48 was instantiated in the design, it is suggested to set both the MREG and PREG attributes to 1 when performing multiply functions.
Related violations: <none>

DPOP-2#12 Warning
MREG Output pipelining  
DSP grp_lenet_w4a4_top_Pipeline_POOL_CHANNEL_POOL_ROW_POOL_COL2_fu_628/mul_32ns_37ns_68_2_1_U91/tmp_product multiplier stage grp_lenet_w4a4_top_Pipeline_POOL_CHANNEL_POOL_ROW_POOL_COL2_fu_628/mul_32ns_37ns_68_2_1_U91/tmp_product/P[47:0] is not pipelined (MREG=0). Pipelining the multiplier function will improve performance and will save significant power so it is suggested whenever possible to fully pipeline this function.  If this multiplier was inferred, it is suggested to describe an additional register stage after this function.  If there is no registered adder/accumulator following the multiply function, two pipeline stages are suggested to allow both the MREG and PREG registers to be used.  If the DSP48 was instantiated in the design, it is suggested to set both the MREG and PREG attributes to 1 when performing multiply functions.
Related violations: <none>

DPOP-2#13 Warning
MREG Output pipelining  
DSP grp_lenet_w4a4_top_Pipeline_POOL_CHANNEL_POOL_ROW_POOL_COL2_fu_628/mul_32ns_37ns_68_2_1_U91/tmp_product__0 multiplier stage grp_lenet_w4a4_top_Pipeline_POOL_CHANNEL_POOL_ROW_POOL_COL2_fu_628/mul_32ns_37ns_68_2_1_U91/tmp_product__0/P[47:0] is not pipelined (MREG=0). Pipelining the multiplier function will improve performance and will save significant power so it is suggested whenever possible to fully pipeline this function.  If this multiplier was inferred, it is suggested to describe an additional register stage after this function.  If there is no registered adder/accumulator following the multiply function, two pipeline stages are suggested to allow both the MREG and PREG registers to be used.  If the DSP48 was instantiated in the design, it is suggested to set both the MREG and PREG attributes to 1 when performing multiply functions.
Related violations: <none>

DPOP-2#14 Warning
MREG Output pipelining  
DSP grp_lenet_w4a4_top_Pipeline_POOL_CHANNEL_POOL_ROW_POOL_COL_fu_586/mul_32ns_36ns_67_2_1_U65/dout_reg multiplier stage grp_lenet_w4a4_top_Pipeline_POOL_CHANNEL_POOL_ROW_POOL_COL_fu_586/mul_32ns_36ns_67_2_1_U65/dout_reg/P[47:0] is not pipelined (MREG=0). Pipelining the multiplier function will improve performance and will save significant power so it is suggested whenever possible to fully pipeline this function.  If this multiplier was inferred, it is suggested to describe an additional register stage after this function.  If there is no registered adder/accumulator following the multiply function, two pipeline stages are suggested to allow both the MREG and PREG registers to be used.  If the DSP48 was instantiated in the design, it is suggested to set both the MREG and PREG attributes to 1 when performing multiply functions.
Related violations: <none>

DPOP-2#15 Warning
MREG Output pipelining  
DSP grp_lenet_w4a4_top_Pipeline_POOL_CHANNEL_POOL_ROW_POOL_COL_fu_586/mul_32ns_36ns_67_2_1_U65/dout_reg__0 multiplier stage grp_lenet_w4a4_top_Pipeline_POOL_CHANNEL_POOL_ROW_POOL_COL_fu_586/mul_32ns_36ns_67_2_1_U65/dout_reg__0/P[47:0] is not pipelined (MREG=0). Pipelining the multiplier function will improve performance and will save significant power so it is suggested whenever possible to fully pipeline this function.  If this multiplier was inferred, it is suggested to describe an additional register stage after this function.  If there is no registered adder/accumulator following the multiply function, two pipeline stages are suggested to allow both the MREG and PREG registers to be used.  If the DSP48 was instantiated in the design, it is suggested to set both the MREG and PREG attributes to 1 when performing multiply functions.
Related violations: <none>

DPOP-2#16 Warning
MREG Output pipelining  
DSP grp_lenet_w4a4_top_Pipeline_POOL_CHANNEL_POOL_ROW_POOL_COL_fu_586/mul_32ns_36ns_67_2_1_U65/tmp_product multiplier stage grp_lenet_w4a4_top_Pipeline_POOL_CHANNEL_POOL_ROW_POOL_COL_fu_586/mul_32ns_36ns_67_2_1_U65/tmp_product/P[47:0] is not pipelined (MREG=0). Pipelining the multiplier function will improve performance and will save significant power so it is suggested whenever possible to fully pipeline this function.  If this multiplier was inferred, it is suggested to describe an additional register stage after this function.  If there is no registered adder/accumulator following the multiply function, two pipeline stages are suggested to allow both the MREG and PREG registers to be used.  If the DSP48 was instantiated in the design, it is suggested to set both the MREG and PREG attributes to 1 when performing multiply functions.
Related violations: <none>

DPOP-2#17 Warning
MREG Output pipelining  
DSP grp_lenet_w4a4_top_Pipeline_POOL_CHANNEL_POOL_ROW_POOL_COL_fu_586/mul_32ns_36ns_67_2_1_U65/tmp_product__0 multiplier stage grp_lenet_w4a4_top_Pipeline_POOL_CHANNEL_POOL_ROW_POOL_COL_fu_586/mul_32ns_36ns_67_2_1_U65/tmp_product__0/P[47:0] is not pipelined (MREG=0). Pipelining the multiplier function will improve performance and will save significant power so it is suggested whenever possible to fully pipeline this function.  If this multiplier was inferred, it is suggested to describe an additional register stage after this function.  If there is no registered adder/accumulator following the multiply function, two pipeline stages are suggested to allow both the MREG and PREG registers to be used.  If the DSP48 was instantiated in the design, it is suggested to set both the MREG and PREG attributes to 1 when performing multiply functions.
Related violations: <none>

DPOP-2#18 Warning
MREG Output pipelining  
DSP grp_lenet_w4a4_top_Pipeline_POOL_CHANNEL_POOL_ROW_POOL_COL_fu_586/mul_32ns_36ns_67_2_1_U66/dout_reg multiplier stage grp_lenet_w4a4_top_Pipeline_POOL_CHANNEL_POOL_ROW_POOL_COL_fu_586/mul_32ns_36ns_67_2_1_U66/dout_reg/P[47:0] is not pipelined (MREG=0). Pipelining the multiplier function will improve performance and will save significant power so it is suggested whenever possible to fully pipeline this function.  If this multiplier was inferred, it is suggested to describe an additional register stage after this function.  If there is no registered adder/accumulator following the multiply function, two pipeline stages are suggested to allow both the MREG and PREG registers to be used.  If the DSP48 was instantiated in the design, it is suggested to set both the MREG and PREG attributes to 1 when performing multiply functions.
Related violations: <none>

DPOP-2#19 Warning
MREG Output pipelining  
DSP grp_lenet_w4a4_top_Pipeline_POOL_CHANNEL_POOL_ROW_POOL_COL_fu_586/mul_32ns_36ns_67_2_1_U66/dout_reg__0 multiplier stage grp_lenet_w4a4_top_Pipeline_POOL_CHANNEL_POOL_ROW_POOL_COL_fu_586/mul_32ns_36ns_67_2_1_U66/dout_reg__0/P[47:0] is not pipelined (MREG=0). Pipelining the multiplier function will improve performance and will save significant power so it is suggested whenever possible to fully pipeline this function.  If this multiplier was inferred, it is suggested to describe an additional register stage after this function.  If there is no registered adder/accumulator following the multiply function, two pipeline stages are suggested to allow both the MREG and PREG registers to be used.  If the DSP48 was instantiated in the design, it is suggested to set both the MREG and PREG attributes to 1 when performing multiply functions.
Related violations: <none>

DPOP-2#20 Warning
MREG Output pipelining  
DSP grp_lenet_w4a4_top_Pipeline_POOL_CHANNEL_POOL_ROW_POOL_COL_fu_586/mul_32ns_36ns_67_2_1_U66/tmp_product multiplier stage grp_lenet_w4a4_top_Pipeline_POOL_CHANNEL_POOL_ROW_POOL_COL_fu_586/mul_32ns_36ns_67_2_1_U66/tmp_product/P[47:0] is not pipelined (MREG=0). Pipelining the multiplier function will improve performance and will save significant power so it is suggested whenever possible to fully pipeline this function.  If this multiplier was inferred, it is suggested to describe an additional register stage after this function.  If there is no registered adder/accumulator following the multiply function, two pipeline stages are suggested to allow both the MREG and PREG registers to be used.  If the DSP48 was instantiated in the design, it is suggested to set both the MREG and PREG attributes to 1 when performing multiply functions.
Related violations: <none>

DPOP-2#21 Warning
MREG Output pipelining  
DSP grp_lenet_w4a4_top_Pipeline_POOL_CHANNEL_POOL_ROW_POOL_COL_fu_586/mul_32ns_36ns_67_2_1_U66/tmp_product__0 multiplier stage grp_lenet_w4a4_top_Pipeline_POOL_CHANNEL_POOL_ROW_POOL_COL_fu_586/mul_32ns_36ns_67_2_1_U66/tmp_product__0/P[47:0] is not pipelined (MREG=0). Pipelining the multiplier function will improve performance and will save significant power so it is suggested whenever possible to fully pipeline this function.  If this multiplier was inferred, it is suggested to describe an additional register stage after this function.  If there is no registered adder/accumulator following the multiply function, two pipeline stages are suggested to allow both the MREG and PREG registers to be used.  If the DSP48 was instantiated in the design, it is suggested to set both the MREG and PREG attributes to 1 when performing multiply functions.
Related violations: <none>

DPOP-2#22 Warning
MREG Output pipelining  
DSP grp_lenet_w4a4_top_Pipeline_POOL_CHANNEL_POOL_ROW_POOL_COL_fu_586/mul_32ns_36ns_67_2_1_U67/dout_reg multiplier stage grp_lenet_w4a4_top_Pipeline_POOL_CHANNEL_POOL_ROW_POOL_COL_fu_586/mul_32ns_36ns_67_2_1_U67/dout_reg/P[47:0] is not pipelined (MREG=0). Pipelining the multiplier function will improve performance and will save significant power so it is suggested whenever possible to fully pipeline this function.  If this multiplier was inferred, it is suggested to describe an additional register stage after this function.  If there is no registered adder/accumulator following the multiply function, two pipeline stages are suggested to allow both the MREG and PREG registers to be used.  If the DSP48 was instantiated in the design, it is suggested to set both the MREG and PREG attributes to 1 when performing multiply functions.
Related violations: <none>

DPOP-2#23 Warning
MREG Output pipelining  
DSP grp_lenet_w4a4_top_Pipeline_POOL_CHANNEL_POOL_ROW_POOL_COL_fu_586/mul_32ns_36ns_67_2_1_U67/dout_reg__0 multiplier stage grp_lenet_w4a4_top_Pipeline_POOL_CHANNEL_POOL_ROW_POOL_COL_fu_586/mul_32ns_36ns_67_2_1_U67/dout_reg__0/P[47:0] is not pipelined (MREG=0). Pipelining the multiplier function will improve performance and will save significant power so it is suggested whenever possible to fully pipeline this function.  If this multiplier was inferred, it is suggested to describe an additional register stage after this function.  If there is no registered adder/accumulator following the multiply function, two pipeline stages are suggested to allow both the MREG and PREG registers to be used.  If the DSP48 was instantiated in the design, it is suggested to set both the MREG and PREG attributes to 1 when performing multiply functions.
Related violations: <none>

DPOP-2#24 Warning
MREG Output pipelining  
DSP grp_lenet_w4a4_top_Pipeline_POOL_CHANNEL_POOL_ROW_POOL_COL_fu_586/mul_32ns_36ns_67_2_1_U67/tmp_product multiplier stage grp_lenet_w4a4_top_Pipeline_POOL_CHANNEL_POOL_ROW_POOL_COL_fu_586/mul_32ns_36ns_67_2_1_U67/tmp_product/P[47:0] is not pipelined (MREG=0). Pipelining the multiplier function will improve performance and will save significant power so it is suggested whenever possible to fully pipeline this function.  If this multiplier was inferred, it is suggested to describe an additional register stage after this function.  If there is no registered adder/accumulator following the multiply function, two pipeline stages are suggested to allow both the MREG and PREG registers to be used.  If the DSP48 was instantiated in the design, it is suggested to set both the MREG and PREG attributes to 1 when performing multiply functions.
Related violations: <none>

DPOP-2#25 Warning
MREG Output pipelining  
DSP grp_lenet_w4a4_top_Pipeline_POOL_CHANNEL_POOL_ROW_POOL_COL_fu_586/mul_32ns_36ns_67_2_1_U67/tmp_product__0 multiplier stage grp_lenet_w4a4_top_Pipeline_POOL_CHANNEL_POOL_ROW_POOL_COL_fu_586/mul_32ns_36ns_67_2_1_U67/tmp_product__0/P[47:0] is not pipelined (MREG=0). Pipelining the multiplier function will improve performance and will save significant power so it is suggested whenever possible to fully pipeline this function.  If this multiplier was inferred, it is suggested to describe an additional register stage after this function.  If there is no registered adder/accumulator following the multiply function, two pipeline stages are suggested to allow both the MREG and PREG registers to be used.  If the DSP48 was instantiated in the design, it is suggested to set both the MREG and PREG attributes to 1 when performing multiply functions.
Related violations: <none>

DPOP-2#26 Warning
MREG Output pipelining  
DSP grp_lenet_w4a4_top_Pipeline_POOL_CHANNEL_POOL_ROW_POOL_COL_fu_586/mul_32ns_36ns_67_2_1_U68/dout_reg multiplier stage grp_lenet_w4a4_top_Pipeline_POOL_CHANNEL_POOL_ROW_POOL_COL_fu_586/mul_32ns_36ns_67_2_1_U68/dout_reg/P[47:0] is not pipelined (MREG=0). Pipelining the multiplier function will improve performance and will save significant power so it is suggested whenever possible to fully pipeline this function.  If this multiplier was inferred, it is suggested to describe an additional register stage after this function.  If there is no registered adder/accumulator following the multiply function, two pipeline stages are suggested to allow both the MREG and PREG registers to be used.  If the DSP48 was instantiated in the design, it is suggested to set both the MREG and PREG attributes to 1 when performing multiply functions.
Related violations: <none>

DPOP-2#27 Warning
MREG Output pipelining  
DSP grp_lenet_w4a4_top_Pipeline_POOL_CHANNEL_POOL_ROW_POOL_COL_fu_586/mul_32ns_36ns_67_2_1_U68/dout_reg__0 multiplier stage grp_lenet_w4a4_top_Pipeline_POOL_CHANNEL_POOL_ROW_POOL_COL_fu_586/mul_32ns_36ns_67_2_1_U68/dout_reg__0/P[47:0] is not pipelined (MREG=0). Pipelining the multiplier function will improve performance and will save significant power so it is suggested whenever possible to fully pipeline this function.  If this multiplier was inferred, it is suggested to describe an additional register stage after this function.  If there is no registered adder/accumulator following the multiply function, two pipeline stages are suggested to allow both the MREG and PREG registers to be used.  If the DSP48 was instantiated in the design, it is suggested to set both the MREG and PREG attributes to 1 when performing multiply functions.
Related violations: <none>

DPOP-2#28 Warning
MREG Output pipelining  
DSP grp_lenet_w4a4_top_Pipeline_POOL_CHANNEL_POOL_ROW_POOL_COL_fu_586/mul_32ns_36ns_67_2_1_U68/tmp_product multiplier stage grp_lenet_w4a4_top_Pipeline_POOL_CHANNEL_POOL_ROW_POOL_COL_fu_586/mul_32ns_36ns_67_2_1_U68/tmp_product/P[47:0] is not pipelined (MREG=0). Pipelining the multiplier function will improve performance and will save significant power so it is suggested whenever possible to fully pipeline this function.  If this multiplier was inferred, it is suggested to describe an additional register stage after this function.  If there is no registered adder/accumulator following the multiply function, two pipeline stages are suggested to allow both the MREG and PREG registers to be used.  If the DSP48 was instantiated in the design, it is suggested to set both the MREG and PREG attributes to 1 when performing multiply functions.
Related violations: <none>

DPOP-2#29 Warning
MREG Output pipelining  
DSP grp_lenet_w4a4_top_Pipeline_POOL_CHANNEL_POOL_ROW_POOL_COL_fu_586/mul_32ns_36ns_67_2_1_U68/tmp_product__0 multiplier stage grp_lenet_w4a4_top_Pipeline_POOL_CHANNEL_POOL_ROW_POOL_COL_fu_586/mul_32ns_36ns_67_2_1_U68/tmp_product__0/P[47:0] is not pipelined (MREG=0). Pipelining the multiplier function will improve performance and will save significant power so it is suggested whenever possible to fully pipeline this function.  If this multiplier was inferred, it is suggested to describe an additional register stage after this function.  If there is no registered adder/accumulator following the multiply function, two pipeline stages are suggested to allow both the MREG and PREG registers to be used.  If the DSP48 was instantiated in the design, it is suggested to set both the MREG and PREG attributes to 1 when performing multiply functions.
Related violations: <none>

DPOP-2#30 Warning
MREG Output pipelining  
DSP grp_lenet_w4a4_top_Pipeline_REQUANT_VECTOR5_fu_688/mul_32ns_38ns_69_2_1_U116/dout_reg multiplier stage grp_lenet_w4a4_top_Pipeline_REQUANT_VECTOR5_fu_688/mul_32ns_38ns_69_2_1_U116/dout_reg/P[47:0] is not pipelined (MREG=0). Pipelining the multiplier function will improve performance and will save significant power so it is suggested whenever possible to fully pipeline this function.  If this multiplier was inferred, it is suggested to describe an additional register stage after this function.  If there is no registered adder/accumulator following the multiply function, two pipeline stages are suggested to allow both the MREG and PREG registers to be used.  If the DSP48 was instantiated in the design, it is suggested to set both the MREG and PREG attributes to 1 when performing multiply functions.
Related violations: <none>

DPOP-2#31 Warning
MREG Output pipelining  
DSP grp_lenet_w4a4_top_Pipeline_REQUANT_VECTOR5_fu_688/mul_32ns_38ns_69_2_1_U116/dout_reg__0 multiplier stage grp_lenet_w4a4_top_Pipeline_REQUANT_VECTOR5_fu_688/mul_32ns_38ns_69_2_1_U116/dout_reg__0/P[47:0] is not pipelined (MREG=0). Pipelining the multiplier function will improve performance and will save significant power so it is suggested whenever possible to fully pipeline this function.  If this multiplier was inferred, it is suggested to describe an additional register stage after this function.  If there is no registered adder/accumulator following the multiply function, two pipeline stages are suggested to allow both the MREG and PREG registers to be used.  If the DSP48 was instantiated in the design, it is suggested to set both the MREG and PREG attributes to 1 when performing multiply functions.
Related violations: <none>

DPOP-2#32 Warning
MREG Output pipelining  
DSP grp_lenet_w4a4_top_Pipeline_REQUANT_VECTOR5_fu_688/mul_32ns_38ns_69_2_1_U116/tmp_product multiplier stage grp_lenet_w4a4_top_Pipeline_REQUANT_VECTOR5_fu_688/mul_32ns_38ns_69_2_1_U116/tmp_product/P[47:0] is not pipelined (MREG=0). Pipelining the multiplier function will improve performance and will save significant power so it is suggested whenever possible to fully pipeline this function.  If this multiplier was inferred, it is suggested to describe an additional register stage after this function.  If there is no registered adder/accumulator following the multiply function, two pipeline stages are suggested to allow both the MREG and PREG registers to be used.  If the DSP48 was instantiated in the design, it is suggested to set both the MREG and PREG attributes to 1 when performing multiply functions.
Related violations: <none>

DPOP-2#33 Warning
MREG Output pipelining  
DSP grp_lenet_w4a4_top_Pipeline_REQUANT_VECTOR5_fu_688/mul_32ns_38ns_69_2_1_U116/tmp_product__0 multiplier stage grp_lenet_w4a4_top_Pipeline_REQUANT_VECTOR5_fu_688/mul_32ns_38ns_69_2_1_U116/tmp_product__0/P[47:0] is not pipelined (MREG=0). Pipelining the multiplier function will improve performance and will save significant power so it is suggested whenever possible to fully pipeline this function.  If this multiplier was inferred, it is suggested to describe an additional register stage after this function.  If there is no registered adder/accumulator following the multiply function, two pipeline stages are suggested to allow both the MREG and PREG registers to be used.  If the DSP48 was instantiated in the design, it is suggested to set both the MREG and PREG attributes to 1 when performing multiply functions.
Related violations: <none>

DPOP-2#34 Warning
MREG Output pipelining  
DSP mul_32ns_37ns_68_2_1_U134/dout_reg multiplier stage mul_32ns_37ns_68_2_1_U134/dout_reg/P[47:0] is not pipelined (MREG=0). Pipelining the multiplier function will improve performance and will save significant power so it is suggested whenever possible to fully pipeline this function.  If this multiplier was inferred, it is suggested to describe an additional register stage after this function.  If there is no registered adder/accumulator following the multiply function, two pipeline stages are suggested to allow both the MREG and PREG registers to be used.  If the DSP48 was instantiated in the design, it is suggested to set both the MREG and PREG attributes to 1 when performing multiply functions.
Related violations: <none>

DPOP-2#35 Warning
MREG Output pipelining  
DSP mul_32ns_37ns_68_2_1_U134/dout_reg__0 multiplier stage mul_32ns_37ns_68_2_1_U134/dout_reg__0/P[47:0] is not pipelined (MREG=0). Pipelining the multiplier function will improve performance and will save significant power so it is suggested whenever possible to fully pipeline this function.  If this multiplier was inferred, it is suggested to describe an additional register stage after this function.  If there is no registered adder/accumulator following the multiply function, two pipeline stages are suggested to allow both the MREG and PREG registers to be used.  If the DSP48 was instantiated in the design, it is suggested to set both the MREG and PREG attributes to 1 when performing multiply functions.
Related violations: <none>

DPOP-2#36 Warning
MREG Output pipelining  
DSP mul_32ns_37ns_68_2_1_U134/tmp_product multiplier stage mul_32ns_37ns_68_2_1_U134/tmp_product/P[47:0] is not pipelined (MREG=0). Pipelining the multiplier function will improve performance and will save significant power so it is suggested whenever possible to fully pipeline this function.  If this multiplier was inferred, it is suggested to describe an additional register stage after this function.  If there is no registered adder/accumulator following the multiply function, two pipeline stages are suggested to allow both the MREG and PREG registers to be used.  If the DSP48 was instantiated in the design, it is suggested to set both the MREG and PREG attributes to 1 when performing multiply functions.
Related violations: <none>

DPOP-2#37 Warning
MREG Output pipelining  
DSP mul_32ns_37ns_68_2_1_U134/tmp_product__0 multiplier stage mul_32ns_37ns_68_2_1_U134/tmp_product__0/P[47:0] is not pipelined (MREG=0). Pipelining the multiplier function will improve performance and will save significant power so it is suggested whenever possible to fully pipeline this function.  If this multiplier was inferred, it is suggested to describe an additional register stage after this function.  If there is no registered adder/accumulator following the multiply function, two pipeline stages are suggested to allow both the MREG and PREG registers to be used.  If the DSP48 was instantiated in the design, it is suggested to set both the MREG and PREG attributes to 1 when performing multiply functions.
Related violations: <none>

ZPS7-1#1 Warning
PS7 block required  
The PS7 cell must be used in this Zynq design in order to enable correct default configuration.
Related violations: <none>


