

================================================================
== Vitis HLS Report for 'lenet_w4a4_top'
================================================================
* Date:           Mon Sep 14 19:43:55 2026

* Version:        2022.2 (Build 3670227 on Oct 13 2022)
* Project:        w4a4_lc2_hls
* Solution:       solution1 (Vivado IP Flow Target)
* Product family: zynq
* Target device:  xc7z020-clg400-1


================================================================
== Performance Estimates
================================================================
+ Timing: 
    * Summary: 
    +--------+----------+----------+------------+
    |  Clock |  Target  | Estimated| Uncertainty|
    +--------+----------+----------+------------+
    |ap_clk  |  10.00 ns|  7.300 ns|     2.70 ns|
    +--------+----------+----------+------------+

+ Latency: 
    * Summary: 
    +---------+---------+----------+----------+--------+--------+---------+
    |  Latency (cycles) |  Latency (absolute) |     Interval    | Pipeline|
    |   min   |   max   |    min   |    max   |   min  |   max  |   Type  |
    +---------+---------+----------+----------+--------+--------+---------+
    |   380843|   380843|  3.808 ms|  3.808 ms|  380844|  380844|       no|
    +---------+---------+----------+----------+--------+--------+---------+

    + Detail: 
        * Instance: 
        +----------------------------------------------------------------------------+-----------------------------------------------------------------+---------+---------+-----------+-----------+-------+-------+---------+
        |                                                                            |                                                                 |  Latency (cycles) |   Latency (absolute)  |    Interval   | Pipeline|
        |                                  Instance                                  |                              Module                             |   min   |   max   |    min    |    max    |  min  |  max  |   Type  |
        +----------------------------------------------------------------------------+-----------------------------------------------------------------+---------+---------+-----------+-----------+-------+-------+---------+
        |grp_lenet_w4a4_top_Pipeline_UNPACK_INPUT_fu_566                             |lenet_w4a4_top_Pipeline_UNPACK_INPUT                             |     1034|     1034|  10.340 us|  10.340 us|   1034|   1034|       no|
        |grp_lenet_w4a4_top_Pipeline_LOAD_LOCAL_WEIGHT_fu_576                        |lenet_w4a4_top_Pipeline_LOAD_LOCAL_WEIGHT                        |       35|       35|   0.350 us|   0.350 us|     35|     35|       no|
        |grp_lenet_w4a4_top_Pipeline_POOL_CHANNEL_POOL_ROW_POOL_COL_fu_586           |lenet_w4a4_top_Pipeline_POOL_CHANNEL_POOL_ROW_POOL_COL           |     1184|     1184|  11.840 us|  11.840 us|   1184|   1184|       no|
        |grp_lenet_w4a4_top_Pipeline_OUT_ROW_OUT_COL_fu_592                          |lenet_w4a4_top_Pipeline_OUT_ROW_OUT_COL                          |     1576|     1576|  15.760 us|  15.760 us|   1576|   1576|       no|
        |grp_lenet_w4a4_top_Pipeline_POOL_CHANNEL_POOL_ROW_POOL_COL2_fu_628          |lenet_w4a4_top_Pipeline_POOL_CHANNEL_POOL_ROW_POOL_COL2          |      409|      409|   4.090 us|   4.090 us|    409|    409|       no|
        |grp_lenet_w4a4_top_Pipeline_LOAD_LOCAL_WEIGHT1_fu_634                       |lenet_w4a4_top_Pipeline_LOAD_LOCAL_WEIGHT1                       |      160|      160|   1.600 us|   1.600 us|    160|    160|       no|
        |grp_lenet_w4a4_top_Pipeline_VITIS_LOOP_147_1_KERNEL_ROW_KERNEL_COL_fu_644   |lenet_w4a4_top_Pipeline_VITIS_LOOP_147_1_KERNEL_ROW_KERNEL_COL   |      157|      157|   1.570 us|   1.570 us|    157|    157|       no|
        |grp_lenet_w4a4_top_Pipeline_LOAD_LOCAL_WEIGHT3_fu_655                       |lenet_w4a4_top_Pipeline_LOAD_LOCAL_WEIGHT3                       |      410|      410|   4.100 us|   4.100 us|    410|    410|       no|
        |grp_lenet_w4a4_top_Pipeline_REQUANT_VECTOR_fu_665                           |lenet_w4a4_top_Pipeline_REQUANT_VECTOR                           |      126|      126|   1.260 us|   1.260 us|    126|    126|       no|
        |grp_lenet_w4a4_top_Pipeline_VITIS_LOOP_147_1_KERNEL_ROW_KERNEL_COL4_fu_671  |lenet_w4a4_top_Pipeline_VITIS_LOOP_147_1_KERNEL_ROW_KERNEL_COL4  |      407|      407|   4.070 us|   4.070 us|    407|    407|       no|
        |grp_lenet_w4a4_top_Pipeline_DENSE_OUTPUT_DENSE_INPUT_fu_679                 |lenet_w4a4_top_Pipeline_DENSE_OUTPUT_DENSE_INPUT                 |    10095|    10095|   0.101 ms|   0.101 ms|  10095|  10095|       no|
        |grp_lenet_w4a4_top_Pipeline_REQUANT_VECTOR5_fu_688                          |lenet_w4a4_top_Pipeline_REQUANT_VECTOR5                          |       90|       90|   0.900 us|   0.900 us|     90|     90|       no|
        |grp_lenet_w4a4_top_Pipeline_DENSE_OUTPUT_DENSE_INPUT6_fu_694                |lenet_w4a4_top_Pipeline_DENSE_OUTPUT_DENSE_INPUT6                |      857|      857|   8.570 us|   8.570 us|    857|    857|       no|
        |grp_lenet_w4a4_top_Pipeline_REQUANT_VECTOR7_fu_703                          |lenet_w4a4_top_Pipeline_REQUANT_VECTOR7                          |       17|       17|   0.170 us|   0.170 us|     17|     17|       no|
        |grp_lenet_w4a4_top_Pipeline_WRITE_LOGITS_fu_709                             |lenet_w4a4_top_Pipeline_WRITE_LOGITS                             |       13|       13|   0.130 us|   0.130 us|     13|     13|       no|
        +----------------------------------------------------------------------------+-----------------------------------------------------------------+---------+---------+-----------+-----------+-------+-------+---------+

        * Loop: 
        +--------------------+---------+---------+----------+-----------+-----------+------+----------+
        |                    |  Latency (cycles) | Iteration|  Initiation Interval  | Trip |          |
        |      Loop Name     |   min   |   max   |  Latency |  achieved |   target  | Count| Pipelined|
        +--------------------+---------+---------+----------+-----------+-----------+------+----------+
        |- OUT_CHANNEL       |     9732|     9732|      1622|          -|          -|     6|        no|
        |- OUT_CHANNEL       |   258624|   258624|     16164|          -|          -|    16|        no|
        | + OUT_ROW_OUT_COL  |    16000|    16000|       160|          -|          -|   100|        no|
        |- OUT_CHANNEL       |    98640|    98640|       822|          -|          -|   120|        no|
        +--------------------+---------+---------+----------+-----------+-----------+------+----------+



================================================================
== Utilization Estimates
================================================================
* Summary: 
+-----------------+---------+-----+--------+-------+-----+
|       Name      | BRAM_18K| DSP |   FF   |  LUT  | URAM|
+-----------------+---------+-----+--------+-------+-----+
|DSP              |        -|    -|       -|      -|    -|
|Expression       |        -|    -|       0|    240|    -|
|FIFO             |        -|    -|       -|      -|    -|
|Instance         |        0|   57|    9826|  13143|    -|
|Memory           |       40|    -|      56|     52|    0|
|Multiplexer      |        -|    -|       -|   1455|    -|
|Register         |        -|    -|     573|      -|    -|
+-----------------+---------+-----+--------+-------+-----+
|Total            |       40|   57|   10455|  14890|    0|
+-----------------+---------+-----+--------+-------+-----+
|Available        |      280|  220|  106400|  53200|    0|
+-----------------+---------+-----+--------+-------+-----+
|Utilization (%)  |       14|   25|       9|     27|    0|
+-----------------+---------+-----+--------+-------+-----+

+ Detail: 
    * Instance: 
    +----------------------------------------------------------------------------+-----------------------------------------------------------------+---------+----+------+------+-----+
    |                                  Instance                                  |                              Module                             | BRAM_18K| DSP|  FF  |  LUT | URAM|
    +----------------------------------------------------------------------------+-----------------------------------------------------------------+---------+----+------+------+-----+
    |control_s_axi_U                                                             |control_s_axi                                                    |        0|   0|   246|   424|    0|
    |gmem0_m_axi_U                                                               |gmem0_m_axi                                                      |        0|   0|   754|  1438|    0|
    |gmem1_m_axi_U                                                               |gmem1_m_axi                                                      |        0|   0|   754|  1438|    0|
    |gmem2_m_axi_U                                                               |gmem2_m_axi                                                      |        0|   0|   718|  1318|    0|
    |grp_lenet_w4a4_top_Pipeline_DENSE_OUTPUT_DENSE_INPUT_fu_679                 |lenet_w4a4_top_Pipeline_DENSE_OUTPUT_DENSE_INPUT                 |        0|   1|   509|   537|    0|
    |grp_lenet_w4a4_top_Pipeline_DENSE_OUTPUT_DENSE_INPUT6_fu_694                |lenet_w4a4_top_Pipeline_DENSE_OUTPUT_DENSE_INPUT6                |        0|   2|   484|   460|    0|
    |grp_lenet_w4a4_top_Pipeline_LOAD_LOCAL_WEIGHT_fu_576                        |lenet_w4a4_top_Pipeline_LOAD_LOCAL_WEIGHT                        |        0|   0|   294|   266|    0|
    |grp_lenet_w4a4_top_Pipeline_LOAD_LOCAL_WEIGHT1_fu_634                       |lenet_w4a4_top_Pipeline_LOAD_LOCAL_WEIGHT1                       |        0|   0|   300|   281|    0|
    |grp_lenet_w4a4_top_Pipeline_LOAD_LOCAL_WEIGHT3_fu_655                       |lenet_w4a4_top_Pipeline_LOAD_LOCAL_WEIGHT3                       |        0|   0|   302|   289|    0|
    |grp_lenet_w4a4_top_Pipeline_OUT_ROW_OUT_COL_fu_592                          |lenet_w4a4_top_Pipeline_OUT_ROW_OUT_COL                          |        0|  16|   600|  1080|    0|
    |grp_lenet_w4a4_top_Pipeline_POOL_CHANNEL_POOL_ROW_POOL_COL_fu_586           |lenet_w4a4_top_Pipeline_POOL_CHANNEL_POOL_ROW_POOL_COL           |        0|  16|  1599|  1631|    0|
    |grp_lenet_w4a4_top_Pipeline_POOL_CHANNEL_POOL_ROW_POOL_COL2_fu_628          |lenet_w4a4_top_Pipeline_POOL_CHANNEL_POOL_ROW_POOL_COL2          |        0|  12|  1478|  1554|    0|
    |grp_lenet_w4a4_top_Pipeline_REQUANT_VECTOR_fu_665                           |lenet_w4a4_top_Pipeline_REQUANT_VECTOR                           |        0|   0|   246|   240|    0|
    |grp_lenet_w4a4_top_Pipeline_REQUANT_VECTOR5_fu_688                          |lenet_w4a4_top_Pipeline_REQUANT_VECTOR5                          |        0|   4|   460|   398|    0|
    |grp_lenet_w4a4_top_Pipeline_REQUANT_VECTOR7_fu_703                          |lenet_w4a4_top_Pipeline_REQUANT_VECTOR7                          |        0|   0|   359|   399|    0|
    |grp_lenet_w4a4_top_Pipeline_UNPACK_INPUT_fu_566                             |lenet_w4a4_top_Pipeline_UNPACK_INPUT                             |        0|   0|   177|   189|    0|
    |grp_lenet_w4a4_top_Pipeline_VITIS_LOOP_147_1_KERNEL_ROW_KERNEL_COL_fu_644   |lenet_w4a4_top_Pipeline_VITIS_LOOP_147_1_KERNEL_ROW_KERNEL_COL   |        0|   1|   172|   566|    0|
    |grp_lenet_w4a4_top_Pipeline_VITIS_LOOP_147_1_KERNEL_ROW_KERNEL_COL4_fu_671  |lenet_w4a4_top_Pipeline_VITIS_LOOP_147_1_KERNEL_ROW_KERNEL_COL4  |        0|   1|   152|   393|    0|
    |grp_lenet_w4a4_top_Pipeline_WRITE_LOGITS_fu_709                             |lenet_w4a4_top_Pipeline_WRITE_LOGITS                             |        0|   0|    14|    71|    0|
    |mul_32ns_37ns_68_2_1_U134                                                   |mul_32ns_37ns_68_2_1                                             |        0|   4|   208|   120|    0|
    |mul_4ns_9ns_12_1_1_U133                                                     |mul_4ns_9ns_12_1_1                                               |        0|   0|     0|    51|    0|
    +----------------------------------------------------------------------------+-----------------------------------------------------------------+---------+----+------+------+-----+
    |Total                                                                       |                                                                 |        0|  57|  9826| 13143|    0|
    +----------------------------------------------------------------------------+-----------------------------------------------------------------+---------+----+------+------+-----+

    * DSP: 
    N/A

    * Memory: 
    +--------------------+--------------------------------+---------+----+----+-----+------+-----+------+-------------+
    |       Memory       |             Module             | BRAM_18K| FF | LUT| URAM| Words| Bits| Banks| W*Bits*Banks|
    +--------------------+--------------------------------+---------+----+----+-----+------+-----+------+-------------+
    |conv1_acc_V_U       |conv1_acc_V_RAM_1WNR_AUTO_1R1W  |       18|   0|   0|    0|  4704|   12|     1|        56448|
    |conv2_acc_V_U       |conv2_acc_V_RAM_1WNR_AUTO_1R1W  |        6|   0|   0|    0|  1600|   15|     1|        24000|
    |conv3_acc_V_U       |conv3_acc_V_RAM_AUTO_1R1W       |        1|   0|   0|    0|   120|   16|     1|         1920|
    |conv3_relu_V_U      |conv3_relu_V_RAM_AUTO_1R1W      |        0|   3|   6|    0|   120|    3|     1|          360|
    |fc1_acc_V_U         |fc1_acc_V_RAM_AUTO_1R1W         |        1|   0|   0|    0|    84|   14|     1|         1176|
    |fc1_relu_V_U        |fc1_relu_V_RAM_AUTO_1R1W        |        0|   3|   4|    0|    84|    3|     1|          252|
    |fc2_acc_V_U         |fc2_acc_V_RAM_AUTO_1R1W         |        0|  14|   3|    0|    10|   14|     1|          140|
    |fc2_quant_V_U       |fc2_quant_V_RAM_AUTO_1R1W       |        0|   4|   1|    0|    10|    4|     1|           40|
    |input_V_U           |input_V_RAM_1WNR_AUTO_1R1W      |       12|   0|   0|    0|  1024|    4|     1|         4096|
    |local_weight_V_2_U  |local_weight_V_2_RAM_AUTO_1R1W  |        0|   4|   5|    0|    75|    4|     1|          300|
    |local_weight_V_3_U  |local_weight_V_2_RAM_AUTO_1R1W  |        0|   4|   5|    0|    75|    4|     1|          300|
    |local_weight_V_4_U  |local_weight_V_4_RAM_AUTO_1R1W  |        0|   8|   1|    0|    13|    4|     1|           52|
    |local_weight_V_5_U  |local_weight_V_4_RAM_AUTO_1R1W  |        0|   8|   1|    0|    13|    4|     1|           52|
    |local_weight_V_U    |local_weight_V_RAM_AUTO_1R1W    |        0|   4|  13|    0|   200|    4|     1|          800|
    |local_weight_V_1_U  |local_weight_V_RAM_AUTO_1R1W    |        0|   4|  13|    0|   200|    4|     1|          800|
    |pool1_V_U           |pool1_V_RAM_AUTO_1R1W           |        1|   0|   0|    0|  1176|    3|     1|         3528|
    |pool2_V_U           |pool2_V_RAM_AUTO_1R1W           |        1|   0|   0|    0|   400|    3|     1|         1200|
    +--------------------+--------------------------------+---------+----+----+-----+------+-----+------+-------------+
    |Total               |                                |       40|  56|  52|    0|  9908|  115|    17|        95464|
    +--------------------+--------------------------------+---------+----+----+-----+------+-----+------+-------------+

    * FIFO: 
    N/A

    * Expression: 
    +--------------------------+----------+----+---+----+------------+------------+
    |       Variable Name      | Operation| DSP| FF| LUT| Bitwidth P0| Bitwidth P1|
    +--------------------------+----------+----+---+----+------------+------------+
    |add_ln125_1_fu_805_p2     |         +|   0|  0|  13|           5|           1|
    |add_ln125_2_fu_986_p2     |         +|   0|  0|  14|           7|           1|
    |add_ln125_3_fu_734_p2     |         +|   0|  0|  15|           8|           5|
    |add_ln125_4_fu_974_p2     |         +|   0|  0|  23|          16|           9|
    |add_ln125_fu_746_p2       |         +|   0|  0|  11|           3|           1|
    |add_ln138_4_fu_882_p2     |         +|   0|  0|  13|           4|           1|
    |add_ln138_5_fu_902_p2     |         +|   0|  0|  14|           6|           6|
    |add_ln138_6_fu_911_p2     |         +|   0|  0|  15|           8|           8|
    |add_ln138_fu_861_p2       |         +|   0|  0|  14|           7|           1|
    |add_ln141_fu_916_p2       |         +|   0|  0|  13|           4|           1|
    |add_ln187_1_fu_953_p2     |         +|   0|  0|  12|          11|          11|
    |add_ln187_fu_943_p2       |         +|   0|  0|  14|           9|           9|
    |empty_99_fu_789_p2        |         -|   0|  0|  14|           9|           9|
    |icmp_ln125_1_fu_799_p2    |      icmp|   0|  0|  10|           5|           6|
    |icmp_ln125_2_fu_980_p2    |      icmp|   0|  0|  10|           7|           5|
    |icmp_ln125_fu_740_p2      |      icmp|   0|  0|   8|           3|           3|
    |icmp_ln138_fu_855_p2      |      icmp|   0|  0|  10|           7|           6|
    |icmp_ln141_fu_867_p2      |      icmp|   0|  0|   9|           4|           4|
    |select_ln138_7_fu_888_p3  |    select|   0|  0|   4|           1|           4|
    |select_ln138_fu_873_p3    |    select|   0|  0|   4|           1|           1|
    +--------------------------+----------+----+---+----+------------+------------+
    |Total                     |          |   0|  0| 240|         125|          92|
    +--------------------------+----------+----+---+----+------------+------------+

    * Multiplexer: 
    +---------------------------+-----+-----------+-----+-----------+
    |            Name           | LUT | Input Size| Bits| Total Bits|
    +---------------------------+-----+-----------+-----+-----------+
    |ap_NS_fsm                  |  189|         43|    1|         43|
    |conv1_acc_V_address0       |   14|          3|   13|         39|
    |conv1_acc_V_ce0            |   14|          3|    1|          3|
    |conv1_acc_V_ce1            |    9|          2|    1|          2|
    |conv1_acc_V_ce2            |    9|          2|    1|          2|
    |conv1_acc_V_ce3            |    9|          2|    1|          2|
    |conv1_acc_V_we0            |    9|          2|    1|          2|
    |conv2_acc_V_address0       |   14|          3|   11|         33|
    |conv2_acc_V_ce0            |   14|          3|    1|          3|
    |conv2_acc_V_ce1            |    9|          2|    1|          2|
    |conv2_acc_V_ce2            |    9|          2|    1|          2|
    |conv2_acc_V_ce3            |    9|          2|    1|          2|
    |conv3_acc_V_address0       |   14|          3|    7|         21|
    |conv3_acc_V_ce0            |   14|          3|    1|          3|
    |conv3_relu_V_address0      |   14|          3|    7|         21|
    |conv3_relu_V_ce0           |   14|          3|    1|          3|
    |conv3_relu_V_we0           |    9|          2|    1|          2|
    |fc1_acc_V_address0         |   14|          3|    7|         21|
    |fc1_acc_V_ce0              |   14|          3|    1|          3|
    |fc1_acc_V_we0              |    9|          2|    1|          2|
    |fc1_relu_V_address0        |   14|          3|    7|         21|
    |fc1_relu_V_ce0             |   14|          3|    1|          3|
    |fc1_relu_V_we0             |    9|          2|    1|          2|
    |fc2_acc_V_address0         |   14|          3|    4|         12|
    |fc2_acc_V_ce0              |   14|          3|    1|          3|
    |fc2_acc_V_we0              |    9|          2|    1|          2|
    |fc2_quant_V_address0       |   14|          3|    4|         12|
    |fc2_quant_V_ce0            |   14|          3|    1|          3|
    |fc2_quant_V_we0            |    9|          2|    1|          2|
    |gmem0_ARVALID              |    9|          2|    1|          2|
    |gmem0_RREADY               |    9|          2|    1|          2|
    |gmem1_ARADDR               |   31|          6|   64|        384|
    |gmem1_ARLEN                |   31|          6|   32|        192|
    |gmem1_ARVALID              |   31|          6|    1|          6|
    |gmem1_RREADY               |   31|          6|    1|          6|
    |gmem2_AWADDR               |   14|          3|   64|        192|
    |gmem2_AWLEN                |   14|          3|   32|         96|
    |gmem2_AWVALID              |   14|          3|    1|          3|
    |gmem2_BREADY               |   14|          3|    1|          3|
    |gmem2_WVALID               |    9|          2|    1|          2|
    |gmem2_blk_n_AW             |    9|          2|    1|          2|
    |gmem2_blk_n_B              |    9|          2|    1|          2|
    |grp_fu_1456_ce             |   20|          4|    1|          4|
    |grp_fu_1456_p0             |   20|          4|   32|        128|
    |grp_fu_1456_p1             |   20|          4|   37|        148|
    |indvar_flatten189_reg_533  |    9|          2|    7|         14|
    |input_V_address0           |   14|          3|   10|         30|
    |input_V_ce0                |   14|          3|    1|          3|
    |input_V_ce1                |    9|          2|    1|          2|
    |input_V_ce10               |    9|          2|    1|          2|
    |input_V_ce11               |    9|          2|    1|          2|
    |input_V_ce12               |    9|          2|    1|          2|
    |input_V_ce2                |    9|          2|    1|          2|
    |input_V_ce3                |    9|          2|    1|          2|
    |input_V_ce4                |    9|          2|    1|          2|
    |input_V_ce5                |    9|          2|    1|          2|
    |input_V_ce6                |    9|          2|    1|          2|
    |input_V_ce7                |    9|          2|    1|          2|
    |input_V_ce8                |    9|          2|    1|          2|
    |input_V_ce9                |    9|          2|    1|          2|
    |input_V_we0                |    9|          2|    1|          2|
    |local_weight_V_1_address0  |   14|          3|    8|         24|
    |local_weight_V_1_ce0       |   14|          3|    1|          3|
    |local_weight_V_1_we0       |    9|          2|    1|          2|
    |local_weight_V_2_address0  |   14|          3|    7|         21|
    |local_weight_V_2_ce0       |   14|          3|    1|          3|
    |local_weight_V_2_we0       |    9|          2|    1|          2|
    |local_weight_V_3_address0  |   14|          3|    7|         21|
    |local_weight_V_3_ce0       |   14|          3|    1|          3|
    |local_weight_V_3_we0       |    9|          2|    1|          2|
    |local_weight_V_4_address0  |   48|          9|    4|         36|
    |local_weight_V_4_address1  |   37|          7|    4|         28|
    |local_weight_V_4_ce0       |   14|          3|    1|          3|
    |local_weight_V_4_we0       |    9|          2|    1|          2|
    |local_weight_V_5_address0  |   42|          8|    4|         32|
    |local_weight_V_5_address1  |   37|          7|    4|         28|
    |local_weight_V_5_ce0       |   14|          3|    1|          3|
    |local_weight_V_5_we0       |    9|          2|    1|          2|
    |local_weight_V_address0    |   14|          3|    8|         24|
    |local_weight_V_ce0         |   14|          3|    1|          3|
    |local_weight_V_we0         |    9|          2|    1|          2|
    |oc_1_fu_278                |    9|          2|    5|         10|
    |oc_fu_198                  |    9|          2|    3|          6|
    |oh_1_reg_544               |    9|          2|    4|          8|
    |output_index_fu_286        |    9|          2|    7|         14|
    |ow_reg_555                 |    9|          2|    4|          8|
    |phi_mul389_fu_282          |    9|          2|   16|         32|
    |phi_mul_fu_194             |    9|          2|    8|         16|
    |pool1_V_address0           |   14|          3|   11|         33|
    |pool1_V_ce0                |   14|          3|    1|          3|
    |pool1_V_we0                |    9|          2|    1|          2|
    |pool2_V_address0           |   14|          3|    9|         27|
    |pool2_V_ce0                |   14|          3|    1|          3|
    |pool2_V_we0                |    9|          2|    1|          2|
    +---------------------------+-----+-----------+-----+-----------+
    |Total                      | 1455|        310|  512|       1924|
    +---------------------------+-----+-----------+-----+-----------+

    * Register: 
    +-----------------------------------------------------------------------------------------+----+----+-----+-----------+
    |                                           Name                                          | FF | LUT| Bits| Const Bits|
    +-----------------------------------------------------------------------------------------+----+----+-----+-----------+
    |add_ln125_1_reg_1356                                                                     |   5|   0|    5|          0|
    |add_ln138_6_reg_1416                                                                     |   8|   0|    8|          0|
    |add_ln138_reg_1398                                                                       |   7|   0|    7|          0|
    |add_ln141_reg_1422                                                                       |   4|   0|    4|          0|
    |add_ln187_1_reg_1427                                                                     |  11|   0|   11|          0|
    |ap_CS_fsm                                                                                |  42|   0|   42|          0|
    |empty_101_reg_1361                                                                       |   4|   0|    4|          0|
    |empty_102_reg_1366                                                                       |  12|   0|   12|          0|
    |empty_99_reg_1325                                                                        |   7|   0|    9|          2|
    |feature_in_read_reg_1057                                                                 |  64|   0|   64|          0|
    |grp_lenet_w4a4_top_Pipeline_DENSE_OUTPUT_DENSE_INPUT6_fu_694_ap_start_reg                |   1|   0|    1|          0|
    |grp_lenet_w4a4_top_Pipeline_DENSE_OUTPUT_DENSE_INPUT_fu_679_ap_start_reg                 |   1|   0|    1|          0|
    |grp_lenet_w4a4_top_Pipeline_LOAD_LOCAL_WEIGHT1_fu_634_ap_start_reg                       |   1|   0|    1|          0|
    |grp_lenet_w4a4_top_Pipeline_LOAD_LOCAL_WEIGHT3_fu_655_ap_start_reg                       |   1|   0|    1|          0|
    |grp_lenet_w4a4_top_Pipeline_LOAD_LOCAL_WEIGHT_fu_576_ap_start_reg                        |   1|   0|    1|          0|
    |grp_lenet_w4a4_top_Pipeline_OUT_ROW_OUT_COL_fu_592_ap_start_reg                          |   1|   0|    1|          0|
    |grp_lenet_w4a4_top_Pipeline_POOL_CHANNEL_POOL_ROW_POOL_COL2_fu_628_ap_start_reg          |   1|   0|    1|          0|
    |grp_lenet_w4a4_top_Pipeline_POOL_CHANNEL_POOL_ROW_POOL_COL_fu_586_ap_start_reg           |   1|   0|    1|          0|
    |grp_lenet_w4a4_top_Pipeline_REQUANT_VECTOR5_fu_688_ap_start_reg                          |   1|   0|    1|          0|
    |grp_lenet_w4a4_top_Pipeline_REQUANT_VECTOR7_fu_703_ap_start_reg                          |   1|   0|    1|          0|
    |grp_lenet_w4a4_top_Pipeline_REQUANT_VECTOR_fu_665_ap_start_reg                           |   1|   0|    1|          0|
    |grp_lenet_w4a4_top_Pipeline_UNPACK_INPUT_fu_566_ap_start_reg                             |   1|   0|    1|          0|
    |grp_lenet_w4a4_top_Pipeline_VITIS_LOOP_147_1_KERNEL_ROW_KERNEL_COL4_fu_671_ap_start_reg  |   1|   0|    1|          0|
    |grp_lenet_w4a4_top_Pipeline_VITIS_LOOP_147_1_KERNEL_ROW_KERNEL_COL_fu_644_ap_start_reg   |   1|   0|    1|          0|
    |grp_lenet_w4a4_top_Pipeline_WRITE_LOGITS_fu_709_ap_start_reg                             |   1|   0|    1|          0|
    |indvar_flatten189_reg_533                                                                |   7|   0|    7|          0|
    |local_weight_V_4_load_10_reg_1320                                                        |   4|   0|    4|          0|
    |local_weight_V_4_load_11_reg_1335                                                        |   4|   0|    4|          0|
    |local_weight_V_4_load_12_reg_1345                                                        |   4|   0|    4|          0|
    |local_weight_V_4_load_1_reg_1230                                                         |   4|   0|    4|          0|
    |local_weight_V_4_load_2_reg_1240                                                         |   4|   0|    4|          0|
    |local_weight_V_4_load_3_reg_1250                                                         |   4|   0|    4|          0|
    |local_weight_V_4_load_4_reg_1260                                                         |   4|   0|    4|          0|
    |local_weight_V_4_load_5_reg_1270                                                         |   4|   0|    4|          0|
    |local_weight_V_4_load_6_reg_1280                                                         |   4|   0|    4|          0|
    |local_weight_V_4_load_7_reg_1290                                                         |   4|   0|    4|          0|
    |local_weight_V_4_load_8_reg_1300                                                         |   4|   0|    4|          0|
    |local_weight_V_4_load_9_reg_1310                                                         |   4|   0|    4|          0|
    |local_weight_V_4_load_reg_1220                                                           |   4|   0|    4|          0|
    |local_weight_V_5_load_10_reg_1330                                                        |   4|   0|    4|          0|
    |local_weight_V_5_load_11_reg_1340                                                        |   4|   0|    4|          0|
    |local_weight_V_5_load_1_reg_1235                                                         |   4|   0|    4|          0|
    |local_weight_V_5_load_2_reg_1245                                                         |   4|   0|    4|          0|
    |local_weight_V_5_load_3_reg_1255                                                         |   4|   0|    4|          0|
    |local_weight_V_5_load_4_reg_1265                                                         |   4|   0|    4|          0|
    |local_weight_V_5_load_5_reg_1275                                                         |   4|   0|    4|          0|
    |local_weight_V_5_load_6_reg_1285                                                         |   4|   0|    4|          0|
    |local_weight_V_5_load_7_reg_1295                                                         |   4|   0|    4|          0|
    |local_weight_V_5_load_8_reg_1305                                                         |   4|   0|    4|          0|
    |local_weight_V_5_load_9_reg_1315                                                         |   4|   0|    4|          0|
    |local_weight_V_5_load_reg_1225                                                           |   4|   0|    4|          0|
    |logits_read_reg_1043                                                                     |  64|   0|   64|          0|
    |oc_1_fu_278                                                                              |   5|   0|    5|          0|
    |oc_2_reg_1204                                                                            |   3|   0|    3|          0|
    |oc_5_reg_1437                                                                            |   7|   0|    7|          0|
    |oc_fu_198                                                                                |   3|   0|    3|          0|
    |oh_1_reg_544                                                                             |   4|   0|    4|          0|
    |output_index_fu_286                                                                      |   7|   0|    7|          0|
    |ow_reg_555                                                                               |   4|   0|    4|          0|
    |p_shl13_cast_reg_1385                                                                    |   4|   0|    8|          4|
    |phi_mul389_fu_282                                                                        |  16|   0|   16|          0|
    |phi_mul389_load_reg_1432                                                                 |  16|   0|   16|          0|
    |phi_mul_fu_194                                                                           |   8|   0|    8|          0|
    |phi_mul_load_reg_1199                                                                    |   8|   0|    8|          0|
    |select_ln138_7_reg_1409                                                                  |   4|   0|    4|          0|
    |select_ln138_reg_1403                                                                    |   4|   0|    4|          0|
    |trunc_ln7_reg_1445                                                                       |  62|   0|   62|          0|
    |weight_read_reg_1048                                                                     |  64|   0|   64|          0|
    |zext_ln138_1_reg_1390                                                                    |   4|   0|    6|          2|
    +-----------------------------------------------------------------------------------------+----+----+-----+-----------+
    |Total                                                                                    | 573|   0|  581|          8|
    +-----------------------------------------------------------------------------------------+----+----+-----+-----------+



================================================================
== Interface
================================================================
* Summary: 
+-----------------------+-----+-----+------------+----------------+--------------+
|       RTL Ports       | Dir | Bits|  Protocol  |  Source Object |    C Type    |
+-----------------------+-----+-----+------------+----------------+--------------+
|s_axi_control_AWVALID  |   in|    1|       s_axi|         control|        scalar|
|s_axi_control_AWREADY  |  out|    1|       s_axi|         control|        scalar|
|s_axi_control_AWADDR   |   in|    6|       s_axi|         control|        scalar|
|s_axi_control_WVALID   |   in|    1|       s_axi|         control|        scalar|
|s_axi_control_WREADY   |  out|    1|       s_axi|         control|        scalar|
|s_axi_control_WDATA    |   in|   32|       s_axi|         control|        scalar|
|s_axi_control_WSTRB    |   in|    4|       s_axi|         control|        scalar|
|s_axi_control_ARVALID  |   in|    1|       s_axi|         control|        scalar|
|s_axi_control_ARREADY  |  out|    1|       s_axi|         control|        scalar|
|s_axi_control_ARADDR   |   in|    6|       s_axi|         control|        scalar|
|s_axi_control_RVALID   |  out|    1|       s_axi|         control|        scalar|
|s_axi_control_RREADY   |   in|    1|       s_axi|         control|        scalar|
|s_axi_control_RDATA    |  out|   32|       s_axi|         control|        scalar|
|s_axi_control_RRESP    |  out|    2|       s_axi|         control|        scalar|
|s_axi_control_BVALID   |  out|    1|       s_axi|         control|        scalar|
|s_axi_control_BREADY   |   in|    1|       s_axi|         control|        scalar|
|s_axi_control_BRESP    |  out|    2|       s_axi|         control|        scalar|
|ap_clk                 |   in|    1|  ap_ctrl_hs|  lenet_w4a4_top|  return value|
|ap_rst_n               |   in|    1|  ap_ctrl_hs|  lenet_w4a4_top|  return value|
|interrupt              |  out|    1|  ap_ctrl_hs|  lenet_w4a4_top|  return value|
|m_axi_gmem0_AWVALID    |  out|    1|       m_axi|           gmem0|       pointer|
|m_axi_gmem0_AWREADY    |   in|    1|       m_axi|           gmem0|       pointer|
|m_axi_gmem0_AWADDR     |  out|   64|       m_axi|           gmem0|       pointer|
|m_axi_gmem0_AWID       |  out|    1|       m_axi|           gmem0|       pointer|
|m_axi_gmem0_AWLEN      |  out|    8|       m_axi|           gmem0|       pointer|
|m_axi_gmem0_AWSIZE     |  out|    3|       m_axi|           gmem0|       pointer|
|m_axi_gmem0_AWBURST    |  out|    2|       m_axi|           gmem0|       pointer|
|m_axi_gmem0_AWLOCK     |  out|    2|       m_axi|           gmem0|       pointer|
|m_axi_gmem0_AWCACHE    |  out|    4|       m_axi|           gmem0|       pointer|
|m_axi_gmem0_AWPROT     |  out|    3|       m_axi|           gmem0|       pointer|
|m_axi_gmem0_AWQOS      |  out|    4|       m_axi|           gmem0|       pointer|
|m_axi_gmem0_AWREGION   |  out|    4|       m_axi|           gmem0|       pointer|
|m_axi_gmem0_AWUSER     |  out|    1|       m_axi|           gmem0|       pointer|
|m_axi_gmem0_WVALID     |  out|    1|       m_axi|           gmem0|       pointer|
|m_axi_gmem0_WREADY     |   in|    1|       m_axi|           gmem0|       pointer|
|m_axi_gmem0_WDATA      |  out|   32|       m_axi|           gmem0|       pointer|
|m_axi_gmem0_WSTRB      |  out|    4|       m_axi|           gmem0|       pointer|
|m_axi_gmem0_WLAST      |  out|    1|       m_axi|           gmem0|       pointer|
|m_axi_gmem0_WID        |  out|    1|       m_axi|           gmem0|       pointer|
|m_axi_gmem0_WUSER      |  out|    1|       m_axi|           gmem0|       pointer|
|m_axi_gmem0_ARVALID    |  out|    1|       m_axi|           gmem0|       pointer|
|m_axi_gmem0_ARREADY    |   in|    1|       m_axi|           gmem0|       pointer|
|m_axi_gmem0_ARADDR     |  out|   64|       m_axi|           gmem0|       pointer|
|m_axi_gmem0_ARID       |  out|    1|       m_axi|           gmem0|       pointer|
|m_axi_gmem0_ARLEN      |  out|    8|       m_axi|           gmem0|       pointer|
|m_axi_gmem0_ARSIZE     |  out|    3|       m_axi|           gmem0|       pointer|
|m_axi_gmem0_ARBURST    |  out|    2|       m_axi|           gmem0|       pointer|
|m_axi_gmem0_ARLOCK     |  out|    2|       m_axi|           gmem0|       pointer|
|m_axi_gmem0_ARCACHE    |  out|    4|       m_axi|           gmem0|       pointer|
|m_axi_gmem0_ARPROT     |  out|    3|       m_axi|           gmem0|       pointer|
|m_axi_gmem0_ARQOS      |  out|    4|       m_axi|           gmem0|       pointer|
|m_axi_gmem0_ARREGION   |  out|    4|       m_axi|           gmem0|       pointer|
|m_axi_gmem0_ARUSER     |  out|    1|       m_axi|           gmem0|       pointer|
|m_axi_gmem0_RVALID     |   in|    1|       m_axi|           gmem0|       pointer|
|m_axi_gmem0_RREADY     |  out|    1|       m_axi|           gmem0|       pointer|
|m_axi_gmem0_RDATA      |   in|   32|       m_axi|           gmem0|       pointer|
|m_axi_gmem0_RLAST      |   in|    1|       m_axi|           gmem0|       pointer|
|m_axi_gmem0_RID        |   in|    1|       m_axi|           gmem0|       pointer|
|m_axi_gmem0_RUSER      |   in|    1|       m_axi|           gmem0|       pointer|
|m_axi_gmem0_RRESP      |   in|    2|       m_axi|           gmem0|       pointer|
|m_axi_gmem0_BVALID     |   in|    1|       m_axi|           gmem0|       pointer|
|m_axi_gmem0_BREADY     |  out|    1|       m_axi|           gmem0|       pointer|
|m_axi_gmem0_BRESP      |   in|    2|       m_axi|           gmem0|       pointer|
|m_axi_gmem0_BID        |   in|    1|       m_axi|           gmem0|       pointer|
|m_axi_gmem0_BUSER      |   in|    1|       m_axi|           gmem0|       pointer|
|m_axi_gmem1_AWVALID    |  out|    1|       m_axi|           gmem1|       pointer|
|m_axi_gmem1_AWREADY    |   in|    1|       m_axi|           gmem1|       pointer|
|m_axi_gmem1_AWADDR     |  out|   64|       m_axi|           gmem1|       pointer|
|m_axi_gmem1_AWID       |  out|    1|       m_axi|           gmem1|       pointer|
|m_axi_gmem1_AWLEN      |  out|    8|       m_axi|           gmem1|       pointer|
|m_axi_gmem1_AWSIZE     |  out|    3|       m_axi|           gmem1|       pointer|
|m_axi_gmem1_AWBURST    |  out|    2|       m_axi|           gmem1|       pointer|
|m_axi_gmem1_AWLOCK     |  out|    2|       m_axi|           gmem1|       pointer|
|m_axi_gmem1_AWCACHE    |  out|    4|       m_axi|           gmem1|       pointer|
|m_axi_gmem1_AWPROT     |  out|    3|       m_axi|           gmem1|       pointer|
|m_axi_gmem1_AWQOS      |  out|    4|       m_axi|           gmem1|       pointer|
|m_axi_gmem1_AWREGION   |  out|    4|       m_axi|           gmem1|       pointer|
|m_axi_gmem1_AWUSER     |  out|    1|       m_axi|           gmem1|       pointer|
|m_axi_gmem1_WVALID     |  out|    1|       m_axi|           gmem1|       pointer|
|m_axi_gmem1_WREADY     |   in|    1|       m_axi|           gmem1|       pointer|
|m_axi_gmem1_WDATA      |  out|   32|       m_axi|           gmem1|       pointer|
|m_axi_gmem1_WSTRB      |  out|    4|       m_axi|           gmem1|       pointer|
|m_axi_gmem1_WLAST      |  out|    1|       m_axi|           gmem1|       pointer|
|m_axi_gmem1_WID        |  out|    1|       m_axi|           gmem1|       pointer|
|m_axi_gmem1_WUSER      |  out|    1|       m_axi|           gmem1|       pointer|
|m_axi_gmem1_ARVALID    |  out|    1|       m_axi|           gmem1|       pointer|
|m_axi_gmem1_ARREADY    |   in|    1|       m_axi|           gmem1|       pointer|
|m_axi_gmem1_ARADDR     |  out|   64|       m_axi|           gmem1|       pointer|
|m_axi_gmem1_ARID       |  out|    1|       m_axi|           gmem1|       pointer|
|m_axi_gmem1_ARLEN      |  out|    8|       m_axi|           gmem1|       pointer|
|m_axi_gmem1_ARSIZE     |  out|    3|       m_axi|           gmem1|       pointer|
|m_axi_gmem1_ARBURST    |  out|    2|       m_axi|           gmem1|       pointer|
|m_axi_gmem1_ARLOCK     |  out|    2|       m_axi|           gmem1|       pointer|
|m_axi_gmem1_ARCACHE    |  out|    4|       m_axi|           gmem1|       pointer|
|m_axi_gmem1_ARPROT     |  out|    3|       m_axi|           gmem1|       pointer|
|m_axi_gmem1_ARQOS      |  out|    4|       m_axi|           gmem1|       pointer|
|m_axi_gmem1_ARREGION   |  out|    4|       m_axi|           gmem1|       pointer|
|m_axi_gmem1_ARUSER     |  out|    1|       m_axi|           gmem1|       pointer|
|m_axi_gmem1_RVALID     |   in|    1|       m_axi|           gmem1|       pointer|
|m_axi_gmem1_RREADY     |  out|    1|       m_axi|           gmem1|       pointer|
|m_axi_gmem1_RDATA      |   in|   32|       m_axi|           gmem1|       pointer|
|m_axi_gmem1_RLAST      |   in|    1|       m_axi|           gmem1|       pointer|
|m_axi_gmem1_RID        |   in|    1|       m_axi|           gmem1|       pointer|
|m_axi_gmem1_RUSER      |   in|    1|       m_axi|           gmem1|       pointer|
|m_axi_gmem1_RRESP      |   in|    2|       m_axi|           gmem1|       pointer|
|m_axi_gmem1_BVALID     |   in|    1|       m_axi|           gmem1|       pointer|
|m_axi_gmem1_BREADY     |  out|    1|       m_axi|           gmem1|       pointer|
|m_axi_gmem1_BRESP      |   in|    2|       m_axi|           gmem1|       pointer|
|m_axi_gmem1_BID        |   in|    1|       m_axi|           gmem1|       pointer|
|m_axi_gmem1_BUSER      |   in|    1|       m_axi|           gmem1|       pointer|
|m_axi_gmem2_AWVALID    |  out|    1|       m_axi|           gmem2|       pointer|
|m_axi_gmem2_AWREADY    |   in|    1|       m_axi|           gmem2|       pointer|
|m_axi_gmem2_AWADDR     |  out|   64|       m_axi|           gmem2|       pointer|
|m_axi_gmem2_AWID       |  out|    1|       m_axi|           gmem2|       pointer|
|m_axi_gmem2_AWLEN      |  out|    8|       m_axi|           gmem2|       pointer|
|m_axi_gmem2_AWSIZE     |  out|    3|       m_axi|           gmem2|       pointer|
|m_axi_gmem2_AWBURST    |  out|    2|       m_axi|           gmem2|       pointer|
|m_axi_gmem2_AWLOCK     |  out|    2|       m_axi|           gmem2|       pointer|
|m_axi_gmem2_AWCACHE    |  out|    4|       m_axi|           gmem2|       pointer|
|m_axi_gmem2_AWPROT     |  out|    3|       m_axi|           gmem2|       pointer|
|m_axi_gmem2_AWQOS      |  out|    4|       m_axi|           gmem2|       pointer|
|m_axi_gmem2_AWREGION   |  out|    4|       m_axi|           gmem2|       pointer|
|m_axi_gmem2_AWUSER     |  out|    1|       m_axi|           gmem2|       pointer|
|m_axi_gmem2_WVALID     |  out|    1|       m_axi|           gmem2|       pointer|
|m_axi_gmem2_WREADY     |   in|    1|       m_axi|           gmem2|       pointer|
|m_axi_gmem2_WDATA      |  out|   32|       m_axi|           gmem2|       pointer|
|m_axi_gmem2_WSTRB      |  out|    4|       m_axi|           gmem2|       pointer|
|m_axi_gmem2_WLAST      |  out|    1|       m_axi|           gmem2|       pointer|
|m_axi_gmem2_WID        |  out|    1|       m_axi|           gmem2|       pointer|
|m_axi_gmem2_WUSER      |  out|    1|       m_axi|           gmem2|       pointer|
|m_axi_gmem2_ARVALID    |  out|    1|       m_axi|           gmem2|       pointer|
|m_axi_gmem2_ARREADY    |   in|    1|       m_axi|           gmem2|       pointer|
|m_axi_gmem2_ARADDR     |  out|   64|       m_axi|           gmem2|       pointer|
|m_axi_gmem2_ARID       |  out|    1|       m_axi|           gmem2|       pointer|
|m_axi_gmem2_ARLEN      |  out|    8|       m_axi|           gmem2|       pointer|
|m_axi_gmem2_ARSIZE     |  out|    3|       m_axi|           gmem2|       pointer|
|m_axi_gmem2_ARBURST    |  out|    2|       m_axi|           gmem2|       pointer|
|m_axi_gmem2_ARLOCK     |  out|    2|       m_axi|           gmem2|       pointer|
|m_axi_gmem2_ARCACHE    |  out|    4|       m_axi|           gmem2|       pointer|
|m_axi_gmem2_ARPROT     |  out|    3|       m_axi|           gmem2|       pointer|
|m_axi_gmem2_ARQOS      |  out|    4|       m_axi|           gmem2|       pointer|
|m_axi_gmem2_ARREGION   |  out|    4|       m_axi|           gmem2|       pointer|
|m_axi_gmem2_ARUSER     |  out|    1|       m_axi|           gmem2|       pointer|
|m_axi_gmem2_RVALID     |   in|    1|       m_axi|           gmem2|       pointer|
|m_axi_gmem2_RREADY     |  out|    1|       m_axi|           gmem2|       pointer|
|m_axi_gmem2_RDATA      |   in|   32|       m_axi|           gmem2|       pointer|
|m_axi_gmem2_RLAST      |   in|    1|       m_axi|           gmem2|       pointer|
|m_axi_gmem2_RID        |   in|    1|       m_axi|           gmem2|       pointer|
|m_axi_gmem2_RUSER      |   in|    1|       m_axi|           gmem2|       pointer|
|m_axi_gmem2_RRESP      |   in|    2|       m_axi|           gmem2|       pointer|
|m_axi_gmem2_BVALID     |   in|    1|       m_axi|           gmem2|       pointer|
|m_axi_gmem2_BREADY     |  out|    1|       m_axi|           gmem2|       pointer|
|m_axi_gmem2_BRESP      |   in|    2|       m_axi|           gmem2|       pointer|
|m_axi_gmem2_BID        |   in|    1|       m_axi|           gmem2|       pointer|
|m_axi_gmem2_BUSER      |   in|    1|       m_axi|           gmem2|       pointer|
+-----------------------+-----+-----+------------+----------------+--------------+

