
*** Running vivado
    with args -log lenet_system_wrapper.vdi -applog -m64 -product Vivado -messageDb vivado.pb -mode batch -source lenet_system_wrapper.tcl -notrace



****** Vivado v2022.2 (64-bit)
  **** SW Build 3671981 on Fri Oct 14 05:00:03 MDT 2022
  **** IP Build 3669848 on Fri Oct 14 08:30:02 MDT 2022
    ** Copyright 1986-2022 Xilinx, Inc. All Rights Reserved.

source lenet_system_wrapper.tcl -notrace
Command: open_checkpoint D:/lenet_project/vivado/LeNet_Zynq_System/LeNet_Zynq_System.runs/impl_1/lenet_system_wrapper.dcp
INFO: [Device 21-403] Loading part xc7z020clg400-1
Netlist sorting complete. Time (s): cpu = 00:00:00 ; elapsed = 00:00:00.435 . Memory (MB): peak = 1518.145 ; gain = 0.000
INFO: [Netlist 29-17] Analyzing 858 Unisim elements for replacement
INFO: [Netlist 29-28] Unisim Transformation completed in 1 CPU seconds
INFO: [Project 1-479] Netlist was created with Vivado 2022.2
INFO: [Project 1-570] Preparing netlist for logic optimization
INFO: [Timing 38-478] Restoring timing data from binary archive.
INFO: [Timing 38-479] Binary timing data restore complete.
INFO: [Project 1-856] Restoring constraints from binary archive.
INFO: [Project 1-853] Binary constraint restore complete.
Reading XDEF placement.
Reading placer database...
Reading XDEF routing.
Read XDEF Files: Time (s): cpu = 00:00:00 ; elapsed = 00:00:00.130 . Memory (MB): peak = 2331.238 ; gain = 0.000
Restored from archive | CPU: 0.000000 secs | Memory: 0.000000 MB |
Finished XDEF File Restore: Time (s): cpu = 00:00:00 ; elapsed = 00:00:00.130 . Memory (MB): peak = 2331.238 ; gain = 0.000
Netlist sorting complete. Time (s): cpu = 00:00:00 ; elapsed = 00:00:00.008 . Memory (MB): peak = 2331.238 ; gain = 0.000
INFO: [Project 1-111] Unisim Transformation Summary:
  A total of 167 instances were transformed.
  RAM16X1D => RAM32X1D (RAMD32(x2)): 1 instance 
  RAM32M => RAM32M (RAMD32(x6), RAMS32(x2)): 166 instances

INFO: [Project 1-604] Checkpoint was created with Vivado v2022.2 (64-bit) build 3671981
OpenCheckpoint Checksum | Checksum: 10ca48e8e
----- Checksum: PlaceDB: 401615bb ShapeSum: cc8e78d3 RouteDB: 00000000 
open_checkpoint: Time (s): cpu = 00:00:15 ; elapsed = 00:00:16 . Memory (MB): peak = 2331.238 ; gain = 1447.355
INFO: [IP_Flow 19-234] Refreshing IP repositories
INFO: [IP_Flow 19-1700] Loaded user IP repository 'd:/lenet_project/hls/lenet_full_hls/solution1/impl/ip'.
INFO: [IP_Flow 19-2313] Loaded Vivado IP repository 'D:/Xilinx/Vivado/2022.2/data/ip'.
Command: opt_design
Attempting to get a license for feature 'Implementation' and/or device 'xc7z020'
INFO: [Common 17-349] Got license for feature 'Implementation' and/or device 'xc7z020'
Running DRC as a precondition to command opt_design

Starting DRC Task
INFO: [DRC 23-27] Running DRC with 2 threads
INFO: [Project 1-461] DRC finished with 0 Errors
INFO: [Project 1-462] Please refer to the DRC report (report_drc) for more information.

Time (s): cpu = 00:00:01 ; elapsed = 00:00:00.763 . Memory (MB): peak = 2340.309 ; gain = 9.066

Starting Cache Timing Information Task
Ending Cache Timing Information Task | Checksum: 119838d60

Time (s): cpu = 00:00:00 ; elapsed = 00:00:00.054 . Memory (MB): peak = 2340.309 ; gain = 0.000

Starting Logic Optimization Task

Phase 1 Retarget
INFO: [Opt 31-1287] Pulled Inverter lenet_system_i/lenet_full_top_0/inst/gmem0_m_axi_U/bus_read/fifo_rctl/sect_addr_buf[63]_i_1__2 into driver instance lenet_system_i/lenet_full_top_0/inst/gmem0_m_axi_U/bus_read/fifo_rctl/state[1]_i_2__1, which resulted in an inversion of 19 pins
INFO: [Opt 31-1287] Pulled Inverter lenet_system_i/lenet_full_top_0/inst/gmem1_m_axi_U/bus_read/fifo_rctl/sect_addr_buf[63]_i_1__1 into driver instance lenet_system_i/lenet_full_top_0/inst/gmem1_m_axi_U/bus_read/fifo_rctl/state[1]_i_2__0, which resulted in an inversion of 19 pins
INFO: [Opt 31-1287] Pulled Inverter lenet_system_i/lenet_full_top_0/inst/gmem2_m_axi_U/bus_read/fifo_rctl/sect_addr_buf[63]_i_1__0 into driver instance lenet_system_i/lenet_full_top_0/inst/gmem2_m_axi_U/bus_read/fifo_rctl/state[1]_i_2, which resulted in an inversion of 19 pins
INFO: [Opt 31-1287] Pulled Inverter lenet_system_i/lenet_full_top_0/inst/grp_lenet_full_top_Pipeline_DENSE_INPUT4_fu_491/ap_CS_fsm[2]_i_1__3 into driver instance lenet_system_i/lenet_full_top_0/inst/grp_lenet_full_top_Pipeline_DENSE_INPUT4_fu_491/ap_CS_fsm[2]_i_2, which resulted in an inversion of 8 pins
INFO: [Opt 31-1287] Pulled Inverter lenet_system_i/lenet_full_top_0/inst/grp_lenet_full_top_Pipeline_POOL_CHANNEL_POOL_ROW_POOL_COL_fu_419/flow_control_loop_pipe_sequential_init_U/icmp_ln93_reg_1309[0]_i_2 into driver instance lenet_system_i/lenet_full_top_0/inst/grp_lenet_full_top_Pipeline_POOL_CHANNEL_POOL_ROW_POOL_COL_fu_419/flow_control_loop_pipe_sequential_init_U/indvar_flatten30_fu_100[7]_i_2, which resulted in an inversion of 30 pins
INFO: [Opt 31-1287] Pulled Inverter lenet_system_i/lenet_full_top_0/inst/grp_lenet_full_top_Pipeline_RELU_LOOP3_fu_474/flow_control_loop_pipe_sequential_init_U/index_1_cast_reg_166[6]_i_1 into driver instance lenet_system_i/lenet_full_top_0/inst/grp_lenet_full_top_Pipeline_RELU_LOOP3_fu_474/flow_control_loop_pipe_sequential_init_U/index_fu_42[6]_i_3__0, which resulted in an inversion of 4 pins
INFO: [Opt 31-1287] Pulled Inverter lenet_system_i/lenet_full_top_0/inst/grp_lenet_full_top_Pipeline_RELU_LOOP_fu_457/flow_control_loop_pipe_sequential_init_U/index_cast_reg_166[6]_i_1 into driver instance lenet_system_i/lenet_full_top_0/inst/grp_lenet_full_top_Pipeline_RELU_LOOP_fu_457/flow_control_loop_pipe_sequential_init_U/index_fu_42[6]_i_3, which resulted in an inversion of 4 pins
INFO: [Opt 31-1287] Pulled Inverter lenet_system_i/smartconnect_0/inst/switchboards/w_switchboard/inst/gen_mi[0].inst_opipe_payld/gen_pipe[1].pipe[1][87]_i_1 into driver instance lenet_system_i/smartconnect_0/inst/m00_nodes/m00_w_node/inst/inst_si_handler/gen_si_handler.gen_request_fifos.gen_req_fifo[3].inst_req_fifo/gen_xpm_memory_fifo.inst_fifo/s_sc_recv[3]_INST_0, which resulted in an inversion of 10 pins
INFO: [Opt 31-138] Pushed 21 inverter(s) to 123 load pin(s).
INFO: [Opt 31-49] Retargeted 0 cell(s).
Phase 1 Retarget | Checksum: 172f73d9b

Time (s): cpu = 00:00:01 ; elapsed = 00:00:00.997 . Memory (MB): peak = 2654.500 ; gain = 0.000
INFO: [Opt 31-389] Phase Retarget created 138 cells and removed 212 cells
INFO: [Opt 31-1021] In phase Retarget, 43 netlist objects are constrained preventing optimization. Please run opt_design with -debug_log to get more detail. 

Phase 2 Constant propagation
INFO: [Opt 31-138] Pushed 0 inverter(s) to 0 load pin(s).
Phase 2 Constant propagation | Checksum: 18eb80d2b

Time (s): cpu = 00:00:01 ; elapsed = 00:00:01 . Memory (MB): peak = 2654.500 ; gain = 0.000
INFO: [Opt 31-389] Phase Constant propagation created 68 cells and removed 591 cells
INFO: [Opt 31-1021] In phase Constant propagation, 56 netlist objects are constrained preventing optimization. Please run opt_design with -debug_log to get more detail. 

Phase 3 Sweep
Phase 3 Sweep | Checksum: 1a73ae4e9

Time (s): cpu = 00:00:02 ; elapsed = 00:00:02 . Memory (MB): peak = 2654.500 ; gain = 0.000
INFO: [Opt 31-389] Phase Sweep created 0 cells and removed 508 cells
INFO: [Opt 31-1021] In phase Sweep, 70 netlist objects are constrained preventing optimization. Please run opt_design with -debug_log to get more detail. 

Phase 4 BUFG optimization
Phase 4 BUFG optimization | Checksum: 1a73ae4e9

Time (s): cpu = 00:00:02 ; elapsed = 00:00:02 . Memory (MB): peak = 2654.500 ; gain = 0.000
INFO: [Opt 31-662] Phase BUFG optimization created 0 cells of which 0 are BUFGs and removed 0 cells.

Phase 5 Shift Register Optimization
INFO: [Opt 31-1064] SRL Remap converted 0 SRLs to 0 registers and converted 0 registers of register chains to 0 SRLs
Phase 5 Shift Register Optimization | Checksum: 1a73ae4e9

Time (s): cpu = 00:00:02 ; elapsed = 00:00:02 . Memory (MB): peak = 2654.500 ; gain = 0.000
INFO: [Opt 31-389] Phase Shift Register Optimization created 0 cells and removed 0 cells

Phase 6 Post Processing Netlist
Phase 6 Post Processing Netlist | Checksum: 194c401b0

Time (s): cpu = 00:00:02 ; elapsed = 00:00:02 . Memory (MB): peak = 2654.500 ; gain = 0.000
INFO: [Opt 31-389] Phase Post Processing Netlist created 0 cells and removed 0 cells
INFO: [Opt 31-1021] In phase Post Processing Netlist, 42 netlist objects are constrained preventing optimization. Please run opt_design with -debug_log to get more detail. 
Opt_design Change Summary
=========================


-------------------------------------------------------------------------------------------------------------------------
|  Phase                        |  #Cells created  |  #Cells Removed  |  #Constrained objects preventing optimizations  |
-------------------------------------------------------------------------------------------------------------------------
|  Retarget                     |             138  |             212  |                                             43  |
|  Constant propagation         |              68  |             591  |                                             56  |
|  Sweep                        |               0  |             508  |                                             70  |
|  BUFG optimization            |               0  |               0  |                                              0  |
|  Shift Register Optimization  |               0  |               0  |                                              0  |
|  Post Processing Netlist      |               0  |               0  |                                             42  |
-------------------------------------------------------------------------------------------------------------------------



Starting Connectivity Check Task

Time (s): cpu = 00:00:00 ; elapsed = 00:00:00.043 . Memory (MB): peak = 2654.500 ; gain = 0.000
Ending Logic Optimization Task | Checksum: 16aaa33ea

Time (s): cpu = 00:00:03 ; elapsed = 00:00:03 . Memory (MB): peak = 2654.500 ; gain = 0.000

Starting Power Optimization Task
INFO: [Pwropt 34-132] Skipping clock gating for clocks with a period < 2.00 ns.
INFO: [Timing 38-35] Done setting XDC timing constraints.
INFO: [Pwropt 34-9] Applying IDT optimizations ...
INFO: [Pwropt 34-10] Applying ODC optimizations ...
Running Vector-less Activity Propagation...

Finished Running Vector-less Activity Propagation


Starting PowerOpt Patch Enables Task
INFO: [Pwropt 34-162] WRITE_MODE attribute of 0 BRAM(s) out of a total of 41 has been updated to save power. Run report_power_opt to get a complete listing of the BRAMs updated.
INFO: [Pwropt 34-201] Structural ODC has moved 0 WE to EN ports
Number of BRAM Ports augmented: 21 newly gated: 5 Total Ports: 82
Ending PowerOpt Patch Enables Task | Checksum: 103008838

Time (s): cpu = 00:00:01 ; elapsed = 00:00:00.202 . Memory (MB): peak = 2925.020 ; gain = 0.000
Ending Power Optimization Task | Checksum: 103008838

Time (s): cpu = 00:00:09 ; elapsed = 00:00:05 . Memory (MB): peak = 2925.020 ; gain = 270.520

Starting Final Cleanup Task

Starting Logic Optimization Task
INFO: [Timing 38-35] Done setting XDC timing constraints.
Ending Logic Optimization Task | Checksum: 1d3c3fc01

Time (s): cpu = 00:00:03 ; elapsed = 00:00:02 . Memory (MB): peak = 2925.020 ; gain = 0.000
Ending Final Cleanup Task | Checksum: 1d3c3fc01

Time (s): cpu = 00:00:04 ; elapsed = 00:00:04 . Memory (MB): peak = 2925.020 ; gain = 0.000

Starting Netlist Obfuscation Task
Netlist sorting complete. Time (s): cpu = 00:00:00 ; elapsed = 00:00:00.007 . Memory (MB): peak = 2925.020 ; gain = 0.000
Ending Netlist Obfuscation Task | Checksum: 1d3c3fc01

Time (s): cpu = 00:00:00 ; elapsed = 00:00:00.011 . Memory (MB): peak = 2925.020 ; gain = 0.000
INFO: [Common 17-83] Releasing license: Implementation
48 Infos, 0 Warnings, 0 Critical Warnings and 0 Errors encountered.
opt_design completed successfully
opt_design: Time (s): cpu = 00:00:19 ; elapsed = 00:00:14 . Memory (MB): peak = 2925.020 ; gain = 593.781
INFO: [Timing 38-480] Writing timing data to binary archive.
Writing XDEF routing.
Writing XDEF routing logical nets.
Writing XDEF routing special nets.
Write XDEF Complete: Time (s): cpu = 00:00:00 ; elapsed = 00:00:00.050 . Memory (MB): peak = 2925.020 ; gain = 0.000
INFO: [Common 17-1381] The checkpoint 'D:/lenet_project/vivado/LeNet_Zynq_System/LeNet_Zynq_System.runs/impl_1/lenet_system_wrapper_opt.dcp' has been generated.
INFO: [runtcl-4] Executing : report_drc -file lenet_system_wrapper_drc_opted.rpt -pb lenet_system_wrapper_drc_opted.pb -rpx lenet_system_wrapper_drc_opted.rpx
Command: report_drc -file lenet_system_wrapper_drc_opted.rpt -pb lenet_system_wrapper_drc_opted.pb -rpx lenet_system_wrapper_drc_opted.rpx
INFO: [IP_Flow 19-1839] IP Catalog is up to date.
INFO: [DRC 23-27] Running DRC with 2 threads
INFO: [Vivado_Tcl 2-168] The results of DRC are in file D:/lenet_project/vivado/LeNet_Zynq_System/LeNet_Zynq_System.runs/impl_1/lenet_system_wrapper_drc_opted.rpt.
report_drc completed successfully
Command: place_design
Attempting to get a license for feature 'Implementation' and/or device 'xc7z020'
INFO: [Common 17-349] Got license for feature 'Implementation' and/or device 'xc7z020'
INFO: [DRC 23-27] Running DRC with 2 threads
INFO: [Vivado_Tcl 4-198] DRC finished with 0 Errors
INFO: [Vivado_Tcl 4-199] Please refer to the DRC report (report_drc) for more information.
Running DRC as a precondition to command place_design
INFO: [DRC 23-27] Running DRC with 2 threads
INFO: [Vivado_Tcl 4-198] DRC finished with 0 Errors, 1 Advisories
INFO: [Vivado_Tcl 4-199] Please refer to the DRC report (report_drc) for more information.

Starting Placer Task
INFO: [Place 30-611] Multithreading enabled for place_design using a maximum of 2 CPUs

Phase 1 Placer Initialization

Phase 1.1 Placer Initialization Netlist Sorting
Netlist sorting complete. Time (s): cpu = 00:00:00 ; elapsed = 00:00:00.011 . Memory (MB): peak = 2925.020 ; gain = 0.000
Phase 1.1 Placer Initialization Netlist Sorting | Checksum: 10bc0983e

Time (s): cpu = 00:00:00 ; elapsed = 00:00:00.026 . Memory (MB): peak = 2925.020 ; gain = 0.000
Netlist sorting complete. Time (s): cpu = 00:00:00 ; elapsed = 00:00:00.007 . Memory (MB): peak = 2925.020 ; gain = 0.000

Phase 1.2 IO Placement/ Clock Placement/ Build Placer Device
INFO: [Timing 38-35] Done setting XDC timing constraints.
Phase 1.2 IO Placement/ Clock Placement/ Build Placer Device | Checksum: 1d2a531f

Time (s): cpu = 00:00:02 ; elapsed = 00:00:02 . Memory (MB): peak = 2925.020 ; gain = 0.000

Phase 1.3 Build Placer Netlist Model
Phase 1.3 Build Placer Netlist Model | Checksum: df81a259

Time (s): cpu = 00:00:07 ; elapsed = 00:00:06 . Memory (MB): peak = 2925.020 ; gain = 0.000

Phase 1.4 Constrain Clocks/Macros
Phase 1.4 Constrain Clocks/Macros | Checksum: df81a259

Time (s): cpu = 00:00:07 ; elapsed = 00:00:06 . Memory (MB): peak = 2925.020 ; gain = 0.000
Phase 1 Placer Initialization | Checksum: df81a259

Time (s): cpu = 00:00:07 ; elapsed = 00:00:06 . Memory (MB): peak = 2925.020 ; gain = 0.000

Phase 2 Global Placement

Phase 2.1 Floorplanning
Phase 2.1 Floorplanning | Checksum: 6859f832

Time (s): cpu = 00:00:09 ; elapsed = 00:00:07 . Memory (MB): peak = 2925.020 ; gain = 0.000

Phase 2.2 Update Timing before SLR Path Opt
Phase 2.2 Update Timing before SLR Path Opt | Checksum: 2892669d

Time (s): cpu = 00:00:10 ; elapsed = 00:00:08 . Memory (MB): peak = 2925.020 ; gain = 0.000

Phase 2.3 Post-Processing in Floorplanning
Phase 2.3 Post-Processing in Floorplanning | Checksum: 2892669d

Time (s): cpu = 00:00:10 ; elapsed = 00:00:08 . Memory (MB): peak = 2925.020 ; gain = 0.000

Phase 2.4 Global Placement Core

Phase 2.4.1 UpdateTiming Before Physical Synthesis
Phase 2.4.1 UpdateTiming Before Physical Synthesis | Checksum: 1ce39024a

Time (s): cpu = 00:00:22 ; elapsed = 00:00:16 . Memory (MB): peak = 2925.020 ; gain = 0.000

Phase 2.4.2 Physical Synthesis In Placer
INFO: [Physopt 32-1035] Found 1 LUTNM shape to break, 725 LUT instances to create LUTNM shape
INFO: [Physopt 32-1044] Break lutnm for timing: one critical 1, two critical 0, total 1, new lutff created 0
INFO: [Physopt 32-1138] End 1 Pass. Optimized 278 nets or LUTs. Breaked 1 LUT, combined 277 existing LUTs and moved 0 existing LUT
INFO: [Physopt 32-65] No nets found for high-fanout optimization.
INFO: [Physopt 32-232] Optimized 0 net. Created 0 new instance.
INFO: [Physopt 32-775] End 1 Pass. Optimized 0 net or cell. Created 0 new cell, deleted 0 existing cell and moved 0 existing cell
INFO: [Physopt 32-456] No candidate cells for DSP register optimization found in the design.
INFO: [Physopt 32-775] End 2 Pass. Optimized 0 net or cell. Created 0 new cell, deleted 0 existing cell and moved 0 existing cell
INFO: [Physopt 32-1123] No candidate cells found for Shift Register to Pipeline optimization
INFO: [Physopt 32-775] End 2 Pass. Optimized 0 net or cell. Created 0 new cell, deleted 0 existing cell and moved 0 existing cell
INFO: [Physopt 32-677] No candidate cells for Shift Register optimization found in the design
INFO: [Physopt 32-775] End 1 Pass. Optimized 0 net or cell. Created 0 new cell, deleted 0 existing cell and moved 0 existing cell
INFO: [Physopt 32-526] No candidate cells for BRAM register optimization found in the design
INFO: [Physopt 32-775] End 1 Pass. Optimized 0 net or cell. Created 0 new cell, deleted 0 existing cell and moved 0 existing cell
INFO: [Physopt 32-846] No candidate cells for URAM register optimization found in the design
INFO: [Physopt 32-775] End 2 Pass. Optimized 0 net or cell. Created 0 new cell, deleted 0 existing cell and moved 0 existing cell
INFO: [Physopt 32-949] No candidate nets found for dynamic/static region interface net replication
INFO: [Physopt 32-775] End 1 Pass. Optimized 0 net or cell. Created 0 new cell, deleted 0 existing cell and moved 0 existing cell
Netlist sorting complete. Time (s): cpu = 00:00:00 ; elapsed = 00:00:00.008 . Memory (MB): peak = 2925.020 ; gain = 0.000

Summary of Physical Synthesis Optimizations
============================================


-----------------------------------------------------------------------------------------------------------------------------------------------------------
|  Optimization                                     |  Added Cells  |  Removed Cells  |  Optimized Cells/Nets  |  Dont Touch  |  Iterations  |  Elapsed   |
-----------------------------------------------------------------------------------------------------------------------------------------------------------
|  LUT Combining                                    |            1  |            277  |                   278  |           0  |           1  |  00:00:00  |
|  Retime                                           |            0  |              0  |                     0  |           0  |           1  |  00:00:00  |
|  Very High Fanout                                 |            0  |              0  |                     0  |           0  |           1  |  00:00:00  |
|  DSP Register                                     |            0  |              0  |                     0  |           0  |           1  |  00:00:00  |
|  Shift Register to Pipeline                       |            0  |              0  |                     0  |           0  |           1  |  00:00:00  |
|  Shift Register                                   |            0  |              0  |                     0  |           0  |           1  |  00:00:00  |
|  BRAM Register                                    |            0  |              0  |                     0  |           0  |           1  |  00:00:00  |
|  URAM Register                                    |            0  |              0  |                     0  |           0  |           1  |  00:00:00  |
|  Dynamic/Static Region Interface Net Replication  |            0  |              0  |                     0  |           0  |           1  |  00:00:00  |
|  Total                                            |            1  |            277  |                   278  |           0  |           9  |  00:00:01  |
-----------------------------------------------------------------------------------------------------------------------------------------------------------


Phase 2.4.2 Physical Synthesis In Placer | Checksum: 1fabf918c

Time (s): cpu = 00:00:24 ; elapsed = 00:00:18 . Memory (MB): peak = 2925.020 ; gain = 0.000
Phase 2.4 Global Placement Core | Checksum: 1f98acd65

Time (s): cpu = 00:00:26 ; elapsed = 00:00:19 . Memory (MB): peak = 2925.020 ; gain = 0.000
Phase 2 Global Placement | Checksum: 1f98acd65

Time (s): cpu = 00:00:26 ; elapsed = 00:00:19 . Memory (MB): peak = 2925.020 ; gain = 0.000

Phase 3 Detail Placement

Phase 3.1 Commit Multi Column Macros
Phase 3.1 Commit Multi Column Macros | Checksum: 18fe0d2c8

Time (s): cpu = 00:00:28 ; elapsed = 00:00:20 . Memory (MB): peak = 2925.020 ; gain = 0.000

Phase 3.2 Commit Most Macros & LUTRAMs
Phase 3.2 Commit Most Macros & LUTRAMs | Checksum: 154863ea8

Time (s): cpu = 00:00:31 ; elapsed = 00:00:22 . Memory (MB): peak = 2925.020 ; gain = 0.000

Phase 3.3 Area Swap Optimization
Phase 3.3 Area Swap Optimization | Checksum: 1690aef9c

Time (s): cpu = 00:00:31 ; elapsed = 00:00:22 . Memory (MB): peak = 2925.020 ; gain = 0.000

Phase 3.4 Pipeline Register Optimization
Phase 3.4 Pipeline Register Optimization | Checksum: 22646ceb7

Time (s): cpu = 00:00:31 ; elapsed = 00:00:22 . Memory (MB): peak = 2925.020 ; gain = 0.000

Phase 3.5 Fast Optimization
Phase 3.5 Fast Optimization | Checksum: 1f829a524

Time (s): cpu = 00:00:35 ; elapsed = 00:00:25 . Memory (MB): peak = 2925.020 ; gain = 0.000

Phase 3.6 Small Shape Detail Placement
Phase 3.6 Small Shape Detail Placement | Checksum: 21c812121

Time (s): cpu = 00:00:39 ; elapsed = 00:00:30 . Memory (MB): peak = 2925.020 ; gain = 0.000

Phase 3.7 Re-assign LUT pins
Phase 3.7 Re-assign LUT pins | Checksum: 20a21be38

Time (s): cpu = 00:00:40 ; elapsed = 00:00:31 . Memory (MB): peak = 2925.020 ; gain = 0.000

Phase 3.8 Pipeline Register Optimization
Phase 3.8 Pipeline Register Optimization | Checksum: 1da224c9e

Time (s): cpu = 00:00:40 ; elapsed = 00:00:31 . Memory (MB): peak = 2925.020 ; gain = 0.000

Phase 3.9 Fast Optimization
Phase 3.9 Fast Optimization | Checksum: 1495d3330

Time (s): cpu = 00:00:46 ; elapsed = 00:00:36 . Memory (MB): peak = 2925.020 ; gain = 0.000
Phase 3 Detail Placement | Checksum: 1495d3330

Time (s): cpu = 00:00:46 ; elapsed = 00:00:36 . Memory (MB): peak = 2925.020 ; gain = 0.000

Phase 4 Post Placement Optimization and Clean-Up

Phase 4.1 Post Commit Optimization
INFO: [Timing 38-35] Done setting XDC timing constraints.

Phase 4.1.1 Post Placement Optimization
Post Placement Optimization Initialization | Checksum: f5acb49c

Phase 4.1.1.1 BUFG Insertion

Starting Physical Synthesis Task

Phase 1 Physical Synthesis Initialization
INFO: [Physopt 32-721] Multithreading enabled for phys_opt_design using a maximum of 2 CPUs
INFO: [Physopt 32-619] Estimated Timing Summary | WNS=-1.556 | TNS=-16.097 |
Phase 1 Physical Synthesis Initialization | Checksum: 14c3613ed

Time (s): cpu = 00:00:01 ; elapsed = 00:00:00.800 . Memory (MB): peak = 2925.020 ; gain = 0.000
INFO: [Place 46-33] Processed net lenet_system_i/lenet_full_top_0/inst/gmem3_m_axi_U/bus_write/wreq_throttle/req_fifo/U_fifo_srl/SR[0], BUFG insertion was skipped due to placement/routing conflicts.
INFO: [Place 46-56] BUFG insertion identified 1 candidate nets. Inserted BUFG: 0, Replicated BUFG Driver: 0, Skipped due to Placement/Routing Conflicts: 1, Skipped due to Timing Degradation: 0, Skipped due to Illegal Netlist: 0.
Ending Physical Synthesis Task | Checksum: 1a5427421

Time (s): cpu = 00:00:01 ; elapsed = 00:00:01 . Memory (MB): peak = 2925.020 ; gain = 0.000
Phase 4.1.1.1 BUFG Insertion | Checksum: f5acb49c

Time (s): cpu = 00:00:53 ; elapsed = 00:00:41 . Memory (MB): peak = 2925.020 ; gain = 0.000

Phase 4.1.1.2 Post Placement Timing Optimization
INFO: [Place 30-746] Post Placement Timing Summary WNS=0.540. For the most accurate timing information please run report_timing.
Phase 4.1.1.2 Post Placement Timing Optimization | Checksum: 10d468130

Time (s): cpu = 00:00:55 ; elapsed = 00:00:43 . Memory (MB): peak = 2925.020 ; gain = 0.000

Time (s): cpu = 00:00:55 ; elapsed = 00:00:43 . Memory (MB): peak = 2925.020 ; gain = 0.000
Phase 4.1 Post Commit Optimization | Checksum: 10d468130

Time (s): cpu = 00:00:55 ; elapsed = 00:00:43 . Memory (MB): peak = 2925.020 ; gain = 0.000

Phase 4.2 Post Placement Cleanup
Phase 4.2 Post Placement Cleanup | Checksum: 10d468130

Time (s): cpu = 00:00:55 ; elapsed = 00:00:43 . Memory (MB): peak = 2925.020 ; gain = 0.000

Phase 4.3 Placer Reporting

Phase 4.3.1 Print Estimated Congestion
INFO: [Place 30-612] Post-Placement Estimated Congestion 
 ____________________________________________________
|           | Global Congestion | Short Congestion  |
| Direction | Region Size       | Region Size       |
|___________|___________________|___________________|
|      North|                1x1|                2x2|
|___________|___________________|___________________|
|      South|                2x2|                2x2|
|___________|___________________|___________________|
|       East|                1x1|                1x1|
|___________|___________________|___________________|
|       West|                1x1|                1x1|
|___________|___________________|___________________|

Phase 4.3.1 Print Estimated Congestion | Checksum: 10d468130

Time (s): cpu = 00:00:55 ; elapsed = 00:00:43 . Memory (MB): peak = 2925.020 ; gain = 0.000
Phase 4.3 Placer Reporting | Checksum: 10d468130

Time (s): cpu = 00:00:55 ; elapsed = 00:00:43 . Memory (MB): peak = 2925.020 ; gain = 0.000

Phase 4.4 Final Placement Cleanup
Netlist sorting complete. Time (s): cpu = 00:00:00 ; elapsed = 00:00:00.010 . Memory (MB): peak = 2925.020 ; gain = 0.000

Time (s): cpu = 00:00:55 ; elapsed = 00:00:44 . Memory (MB): peak = 2925.020 ; gain = 0.000
Phase 4 Post Placement Optimization and Clean-Up | Checksum: 16b01ddcd

Time (s): cpu = 00:00:55 ; elapsed = 00:00:44 . Memory (MB): peak = 2925.020 ; gain = 0.000
Ending Placer Task | Checksum: 168148e1f

Time (s): cpu = 00:00:56 ; elapsed = 00:00:44 . Memory (MB): peak = 2925.020 ; gain = 0.000
INFO: [Common 17-83] Releasing license: Implementation
89 Infos, 0 Warnings, 0 Critical Warnings and 0 Errors encountered.
place_design completed successfully
place_design: Time (s): cpu = 00:00:58 ; elapsed = 00:00:45 . Memory (MB): peak = 2925.020 ; gain = 0.000
INFO: [Timing 38-480] Writing timing data to binary archive.
Writing XDEF routing.
Writing XDEF routing logical nets.
Writing XDEF routing special nets.
Write XDEF Complete: Time (s): cpu = 00:00:04 ; elapsed = 00:00:02 . Memory (MB): peak = 2925.020 ; gain = 0.000
INFO: [Common 17-1381] The checkpoint 'D:/lenet_project/vivado/LeNet_Zynq_System/LeNet_Zynq_System.runs/impl_1/lenet_system_wrapper_placed.dcp' has been generated.
INFO: [runtcl-4] Executing : report_io -file lenet_system_wrapper_io_placed.rpt
report_io: Time (s): cpu = 00:00:00 ; elapsed = 00:00:00.036 . Memory (MB): peak = 2925.020 ; gain = 0.000
INFO: [runtcl-4] Executing : report_utilization -file lenet_system_wrapper_utilization_placed.rpt -pb lenet_system_wrapper_utilization_placed.pb
INFO: [runtcl-4] Executing : report_control_sets -verbose -file lenet_system_wrapper_control_sets_placed.rpt
report_control_sets: Time (s): cpu = 00:00:00 ; elapsed = 00:00:00.063 . Memory (MB): peak = 2925.020 ; gain = 0.000
Command: phys_opt_design
Attempting to get a license for feature 'Implementation' and/or device 'xc7z020'
INFO: [Common 17-349] Got license for feature 'Implementation' and/or device 'xc7z020'

Starting Initial Update Timing Task

Time (s): cpu = 00:00:04 ; elapsed = 00:00:03 . Memory (MB): peak = 2925.020 ; gain = 0.000
INFO: [Vivado_Tcl 4-383] Design worst setup slack (WNS) is greater than or equal to 0.000 ns. Skipping all physical synthesis optimizations.
INFO: [Vivado_Tcl 4-232] No setup violation found. The netlist was not modified.
INFO: [Common 17-83] Releasing license: Implementation
98 Infos, 0 Warnings, 0 Critical Warnings and 0 Errors encountered.
phys_opt_design completed successfully
INFO: [Timing 38-480] Writing timing data to binary archive.
Writing XDEF routing.
Writing XDEF routing logical nets.
Writing XDEF routing special nets.
Write XDEF Complete: Time (s): cpu = 00:00:05 ; elapsed = 00:00:02 . Memory (MB): peak = 2925.020 ; gain = 0.000
INFO: [Common 17-1381] The checkpoint 'D:/lenet_project/vivado/LeNet_Zynq_System/LeNet_Zynq_System.runs/impl_1/lenet_system_wrapper_physopt.dcp' has been generated.
Command: route_design
Attempting to get a license for feature 'Implementation' and/or device 'xc7z020'
INFO: [Common 17-349] Got license for feature 'Implementation' and/or device 'xc7z020'
Running DRC as a precondition to command route_design
INFO: [DRC 23-27] Running DRC with 2 threads
INFO: [Vivado_Tcl 4-198] DRC finished with 0 Errors
INFO: [Vivado_Tcl 4-199] Please refer to the DRC report (report_drc) for more information.


Starting Routing Task
INFO: [Route 35-254] Multithreading enabled for route_design using a maximum of 2 CPUs

Phase 1 Build RT Design
Checksum: PlaceDB: 9e942596 ConstDB: 0 ShapeSum: c9806889 RouteDB: 0
Post Restoration Checksum: NetGraph: 8dac8d48 NumContArr: 1dc440c9 Constraints: 0 Timing: 0
Phase 1 Build RT Design | Checksum: ab70ce11

Time (s): cpu = 00:00:20 ; elapsed = 00:00:16 . Memory (MB): peak = 2943.648 ; gain = 18.629

Phase 2 Router Initialization

Phase 2.1 Fix Topology Constraints
Phase 2.1 Fix Topology Constraints | Checksum: ab70ce11

Time (s): cpu = 00:00:21 ; elapsed = 00:00:16 . Memory (MB): peak = 2947.012 ; gain = 21.992

Phase 2.2 Pre Route Cleanup
Phase 2.2 Pre Route Cleanup | Checksum: ab70ce11

Time (s): cpu = 00:00:21 ; elapsed = 00:00:17 . Memory (MB): peak = 2947.012 ; gain = 21.992
 Number of Nodes with overlaps = 0

Phase 2.3 Update Timing
Phase 2.3 Update Timing | Checksum: 1277f8be5

Time (s): cpu = 00:00:28 ; elapsed = 00:00:22 . Memory (MB): peak = 2976.945 ; gain = 51.926
INFO: [Route 35-416] Intermediate Timing Summary | WNS=0.731  | TNS=0.000  | WHS=-0.209 | THS=-416.893|


Router Utilization Summary
  Global Vertical Routing Utilization    = 0 %
  Global Horizontal Routing Utilization  = 0 %
  Routable Net Status*
  *Does not include unroutable nets such as driverless and loadless.
  Run report_route_status for detailed report.
  Number of Failed Nets               = 26717
    (Failed Nets is the sum of unrouted and partially routed nets)
  Number of Unrouted Nets             = 26717
  Number of Partially Routed Nets     = 0
  Number of Node Overlaps             = 0

Phase 2 Router Initialization | Checksum: 177c60c5e

Time (s): cpu = 00:00:32 ; elapsed = 00:00:24 . Memory (MB): peak = 3028.285 ; gain = 103.266

Phase 3 Initial Routing

Phase 3.1 Global Routing
Phase 3.1 Global Routing | Checksum: 177c60c5e

Time (s): cpu = 00:00:32 ; elapsed = 00:00:24 . Memory (MB): peak = 3028.285 ; gain = 103.266
Phase 3 Initial Routing | Checksum: 1c12b15d4

Time (s): cpu = 00:00:41 ; elapsed = 00:00:29 . Memory (MB): peak = 3074.594 ; gain = 149.574

Phase 4 Rip-up And Reroute

Phase 4.1 Global Iteration 0
 Number of Nodes with overlaps = 3335
 Number of Nodes with overlaps = 613
 Number of Nodes with overlaps = 169
 Number of Nodes with overlaps = 62
 Number of Nodes with overlaps = 20
 Number of Nodes with overlaps = 5
 Number of Nodes with overlaps = 0
INFO: [Route 35-416] Intermediate Timing Summary | WNS=0.301  | TNS=0.000  | WHS=N/A    | THS=N/A    |

Phase 4.1 Global Iteration 0 | Checksum: 1ae756bab

Time (s): cpu = 00:00:59 ; elapsed = 00:00:45 . Memory (MB): peak = 3074.594 ; gain = 149.574

Phase 4.2 Global Iteration 1
 Number of Nodes with overlaps = 4
 Number of Nodes with overlaps = 0
INFO: [Route 35-416] Intermediate Timing Summary | WNS=0.301  | TNS=0.000  | WHS=N/A    | THS=N/A    |

Phase 4.2 Global Iteration 1 | Checksum: 1219364aa

Time (s): cpu = 00:00:59 ; elapsed = 00:00:45 . Memory (MB): peak = 3074.594 ; gain = 149.574
Phase 4 Rip-up And Reroute | Checksum: 1219364aa

Time (s): cpu = 00:00:59 ; elapsed = 00:00:45 . Memory (MB): peak = 3074.594 ; gain = 149.574

Phase 5 Delay and Skew Optimization

Phase 5.1 Delay CleanUp

Phase 5.1.1 Update Timing
Phase 5.1.1 Update Timing | Checksum: 90f26224

Time (s): cpu = 00:01:01 ; elapsed = 00:00:46 . Memory (MB): peak = 3074.594 ; gain = 149.574
INFO: [Route 35-416] Intermediate Timing Summary | WNS=0.416  | TNS=0.000  | WHS=N/A    | THS=N/A    |

Phase 5.1 Delay CleanUp | Checksum: 90f26224

Time (s): cpu = 00:01:01 ; elapsed = 00:00:46 . Memory (MB): peak = 3074.594 ; gain = 149.574

Phase 5.2 Clock Skew Optimization
Phase 5.2 Clock Skew Optimization | Checksum: 90f26224

Time (s): cpu = 00:01:01 ; elapsed = 00:00:46 . Memory (MB): peak = 3074.594 ; gain = 149.574
Phase 5 Delay and Skew Optimization | Checksum: 90f26224

Time (s): cpu = 00:01:01 ; elapsed = 00:00:46 . Memory (MB): peak = 3074.594 ; gain = 149.574

Phase 6 Post Hold Fix

Phase 6.1 Hold Fix Iter

Phase 6.1.1 Update Timing
Phase 6.1.1 Update Timing | Checksum: da41bf80

Time (s): cpu = 00:01:03 ; elapsed = 00:00:48 . Memory (MB): peak = 3074.594 ; gain = 149.574
INFO: [Route 35-416] Intermediate Timing Summary | WNS=0.416  | TNS=0.000  | WHS=0.028  | THS=0.000  |

Phase 6.1 Hold Fix Iter | Checksum: 11ee0f740

Time (s): cpu = 00:01:03 ; elapsed = 00:00:48 . Memory (MB): peak = 3074.594 ; gain = 149.574
Phase 6 Post Hold Fix | Checksum: 11ee0f740

Time (s): cpu = 00:01:03 ; elapsed = 00:00:48 . Memory (MB): peak = 3074.594 ; gain = 149.574

Phase 7 Route finalize

Router Utilization Summary
  Global Vertical Routing Utilization    = 6.26452 %
  Global Horizontal Routing Utilization  = 8.43247 %
  Routable Net Status*
  *Does not include unroutable nets such as driverless and loadless.
  Run report_route_status for detailed report.
  Number of Failed Nets               = 0
    (Failed Nets is the sum of unrouted and partially routed nets)
  Number of Unrouted Nets             = 0
  Number of Partially Routed Nets     = 0
  Number of Node Overlaps             = 0

Phase 7 Route finalize | Checksum: 87886361

Time (s): cpu = 00:01:04 ; elapsed = 00:00:48 . Memory (MB): peak = 3074.594 ; gain = 149.574

Phase 8 Verifying routed nets

 Verification completed successfully
Phase 8 Verifying routed nets | Checksum: 87886361

Time (s): cpu = 00:01:04 ; elapsed = 00:00:48 . Memory (MB): peak = 3074.594 ; gain = 149.574

Phase 9 Depositing Routes
Phase 9 Depositing Routes | Checksum: afe2d7f1

Time (s): cpu = 00:01:05 ; elapsed = 00:00:50 . Memory (MB): peak = 3074.594 ; gain = 149.574

Phase 10 Post Router Timing
INFO: [Route 35-57] Estimated Timing Summary | WNS=0.416  | TNS=0.000  | WHS=0.028  | THS=0.000  |

INFO: [Route 35-327] The final timing numbers are based on the router estimated timing analysis. For a complete and accurate timing signoff, please run report_timing_summary.
Phase 10 Post Router Timing | Checksum: afe2d7f1

Time (s): cpu = 00:01:07 ; elapsed = 00:00:51 . Memory (MB): peak = 3074.594 ; gain = 149.574
INFO: [Route 35-16] Router Completed Successfully

Time (s): cpu = 00:01:07 ; elapsed = 00:00:51 . Memory (MB): peak = 3074.594 ; gain = 149.574

Routing Is Done.
INFO: [Common 17-83] Releasing license: Implementation
114 Infos, 0 Warnings, 0 Critical Warnings and 0 Errors encountered.
route_design completed successfully
route_design: Time (s): cpu = 00:01:09 ; elapsed = 00:00:52 . Memory (MB): peak = 3074.594 ; gain = 149.574
INFO: [Timing 38-480] Writing timing data to binary archive.
Writing XDEF routing.
Writing XDEF routing logical nets.
Writing XDEF routing special nets.
Write XDEF Complete: Time (s): cpu = 00:00:04 ; elapsed = 00:00:02 . Memory (MB): peak = 3074.594 ; gain = 0.000
INFO: [Common 17-1381] The checkpoint 'D:/lenet_project/vivado/LeNet_Zynq_System/LeNet_Zynq_System.runs/impl_1/lenet_system_wrapper_routed.dcp' has been generated.
write_checkpoint: Time (s): cpu = 00:00:07 ; elapsed = 00:00:05 . Memory (MB): peak = 3074.594 ; gain = 0.000
INFO: [runtcl-4] Executing : report_drc -file lenet_system_wrapper_drc_routed.rpt -pb lenet_system_wrapper_drc_routed.pb -rpx lenet_system_wrapper_drc_routed.rpx
Command: report_drc -file lenet_system_wrapper_drc_routed.rpt -pb lenet_system_wrapper_drc_routed.pb -rpx lenet_system_wrapper_drc_routed.rpx
INFO: [IP_Flow 19-1839] IP Catalog is up to date.
INFO: [DRC 23-27] Running DRC with 2 threads
INFO: [Vivado_Tcl 2-168] The results of DRC are in file D:/lenet_project/vivado/LeNet_Zynq_System/LeNet_Zynq_System.runs/impl_1/lenet_system_wrapper_drc_routed.rpt.
report_drc completed successfully
INFO: [runtcl-4] Executing : report_methodology -file lenet_system_wrapper_methodology_drc_routed.rpt -pb lenet_system_wrapper_methodology_drc_routed.pb -rpx lenet_system_wrapper_methodology_drc_routed.rpx
Command: report_methodology -file lenet_system_wrapper_methodology_drc_routed.rpt -pb lenet_system_wrapper_methodology_drc_routed.pb -rpx lenet_system_wrapper_methodology_drc_routed.rpx
INFO: [Timing 38-35] Done setting XDC timing constraints.
INFO: [DRC 23-133] Running Methodology with 2 threads
INFO: [Vivado_Tcl 2-1520] The results of Report Methodology are in file D:/lenet_project/vivado/LeNet_Zynq_System/LeNet_Zynq_System.runs/impl_1/lenet_system_wrapper_methodology_drc_routed.rpt.
report_methodology completed successfully
report_methodology: Time (s): cpu = 00:00:10 ; elapsed = 00:00:06 . Memory (MB): peak = 3074.594 ; gain = 0.000
INFO: [runtcl-4] Executing : report_power -file lenet_system_wrapper_power_routed.rpt -pb lenet_system_wrapper_power_summary_routed.pb -rpx lenet_system_wrapper_power_routed.rpx
Command: report_power -file lenet_system_wrapper_power_routed.rpt -pb lenet_system_wrapper_power_summary_routed.pb -rpx lenet_system_wrapper_power_routed.rpx
INFO: [Timing 38-35] Done setting XDC timing constraints.
Running Vector-less Activity Propagation...

Finished Running Vector-less Activity Propagation
126 Infos, 0 Warnings, 0 Critical Warnings and 0 Errors encountered.
report_power completed successfully
INFO: [runtcl-4] Executing : report_route_status -file lenet_system_wrapper_route_status.rpt -pb lenet_system_wrapper_route_status.pb
INFO: [runtcl-4] Executing : report_timing_summary -max_paths 10 -report_unconstrained -file lenet_system_wrapper_timing_summary_routed.rpt -pb lenet_system_wrapper_timing_summary_routed.pb -rpx lenet_system_wrapper_timing_summary_routed.rpx -warn_on_violation 
INFO: [Timing 38-91] UpdateTimingParams: Speed grade: -1, Delay Type: min_max.
INFO: [Timing 38-191] Multithreading enabled for timing update using a maximum of 2 CPUs
INFO: [runtcl-4] Executing : report_incremental_reuse -file lenet_system_wrapper_incremental_reuse_routed.rpt
INFO: [Vivado_Tcl 4-1062] Incremental flow is disabled. No incremental reuse Info to report.
INFO: [runtcl-4] Executing : report_clock_utilization -file lenet_system_wrapper_clock_utilization_routed.rpt
INFO: [runtcl-4] Executing : report_bus_skew -warn_on_violation -file lenet_system_wrapper_bus_skew_routed.rpt -pb lenet_system_wrapper_bus_skew_routed.pb -rpx lenet_system_wrapper_bus_skew_routed.rpx
INFO: [Timing 38-91] UpdateTimingParams: Speed grade: -1, Delay Type: min_max.
INFO: [Timing 38-191] Multithreading enabled for timing update using a maximum of 2 CPUs
INFO: [Common 17-206] Exiting Vivado at Sun Sep  6 17:21:55 2026...
