INFO: [COSIM-47] Using XSIM for RTL simulation.
INFO: [COSIM-14] Instrumenting C test bench ...
   Build using "D:/Xilinx/Vitis_HLS/2022.2/tps/win64/msys64/mingw64/bin/g++"
   Compiling tb_lenet_w4a4.cpp_pre.cpp.tb.cpp
   Compiling apatb_lenet_w4a4_top.cpp
   Compiling lenet_w4a4.cpp_pre.cpp.tb.cpp
   Compiling apatb_lenet_w4a4_top_ir.ll
   Generating cosim.tv.exe
INFO: [COSIM-302] Starting C TB testing ... 
INFO: [COSIM-333] Generating C post check test bench ...
INFO: [COSIM-12] Generating RTL test bench ...
INFO: [COSIM-1] *** C/RTL co-simulation file generation completed. ***
INFO: [COSIM-323] Starting verilog simulation. 
INFO: [COSIM-15] Starting XSIM ...
INFO: [COSIM-316] Starting C post checking ...
D:/GitHub/vivado/vivado/lenet_project/handoff/LeNet_DSE_Framework_2022_2/model/input_raw.txt logits: -2 -1 -1 0 0 -1 -5 4 -1 0 | prediction=7 expected=7 [PASS]
W4A4_CSIM_SUMMARY: PASS failures=0

D:\GitHub\vivado\vivado\F_Quantization_W8A8\hls_w4a4\work\w4a4_hls_cosim_final\solution1\sim\verilog>set PATH= 

D:\GitHub\vivado\vivado\F_Quantization_W8A8\hls_w4a4\work\w4a4_hls_cosim_final\solution1\sim\verilog>call D:/Xilinx/Vivado/2022.2/bin/xelab xil_defaultlib.apatb_lenet_w4a4_top_top glbl -Oenable_linking_all_libraries  -prj lenet_w4a4_top.prj -L smartconnect_v1_0 -L axi_protocol_checker_v1_1_12 -L axi_protocol_checker_v1_1_13 -L axis_protocol_checker_v1_1_11 -L axis_protocol_checker_v1_1_12 -L xil_defaultlib -L unisims_ver -L xpm  -L floating_point_v7_0_20 -L floating_point_v7_1_15 --lib "ieee_proposed=./ieee_proposed" -s lenet_w4a4_top  
Vivado Simulator v2022.2
Copyright 1986-1999, 2001-2022 Xilinx, Inc. All Rights Reserved.
Running: D:/Xilinx/Vivado/2022.2/bin/unwrapped/win64.o/xelab.exe xil_defaultlib.apatb_lenet_w4a4_top_top glbl -Oenable_linking_all_libraries -prj lenet_w4a4_top.prj -L smartconnect_v1_0 -L axi_protocol_checker_v1_1_12 -L axi_protocol_checker_v1_1_13 -L axis_protocol_checker_v1_1_11 -L axis_protocol_checker_v1_1_12 -L xil_defaultlib -L unisims_ver -L xpm -L floating_point_v7_0_20 -L floating_point_v7_1_15 --lib ieee_proposed=./ieee_proposed -s lenet_w4a4_top 
Multi-threading is on. Using 30 slave threads.
INFO: [VRFC 10-2263] Analyzing SystemVerilog file "D:/GitHub/vivado/vivado/F_Quantization_W8A8/hls_w4a4/work/w4a4_hls_cosim_final/solution1/sim/verilog/glbl.v" into library work
INFO: [VRFC 10-311] analyzing module glbl
INFO: [VRFC 10-2263] Analyzing SystemVerilog file "D:/GitHub/vivado/vivado/F_Quantization_W8A8/hls_w4a4/work/w4a4_hls_cosim_final/solution1/sim/verilog/AESL_axi_master_gmem0.v" into library xil_defaultlib
INFO: [VRFC 10-311] analyzing module AESL_axi_master_gmem0
INFO: [VRFC 10-2263] Analyzing SystemVerilog file "D:/GitHub/vivado/vivado/F_Quantization_W8A8/hls_w4a4/work/w4a4_hls_cosim_final/solution1/sim/verilog/AESL_axi_master_gmem1.v" into library xil_defaultlib
INFO: [VRFC 10-311] analyzing module AESL_axi_master_gmem1
INFO: [VRFC 10-2263] Analyzing SystemVerilog file "D:/GitHub/vivado/vivado/F_Quantization_W8A8/hls_w4a4/work/w4a4_hls_cosim_final/solution1/sim/verilog/AESL_axi_master_gmem2.v" into library xil_defaultlib
INFO: [VRFC 10-311] analyzing module AESL_axi_master_gmem2
INFO: [VRFC 10-2263] Analyzing SystemVerilog file "D:/GitHub/vivado/vivado/F_Quantization_W8A8/hls_w4a4/work/w4a4_hls_cosim_final/solution1/sim/verilog/AESL_axi_slave_control.v" into library xil_defaultlib
INFO: [VRFC 10-311] analyzing module AESL_axi_slave_control
INFO: [VRFC 10-2263] Analyzing SystemVerilog file "D:/GitHub/vivado/vivado/F_Quantization_W8A8/hls_w4a4/work/w4a4_hls_cosim_final/solution1/sim/verilog/lenet_w4a4_top.autotb.v" into library xil_defaultlib
INFO: [VRFC 10-311] analyzing module apatb_lenet_w4a4_top_top
INFO: [VRFC 10-2263] Analyzing SystemVerilog file "D:/GitHub/vivado/vivado/F_Quantization_W8A8/hls_w4a4/work/w4a4_hls_cosim_final/solution1/sim/verilog/lenet_w4a4_top.v" into library xil_defaultlib
INFO: [VRFC 10-311] analyzing module lenet_w4a4_top
INFO: [VRFC 10-2263] Analyzing SystemVerilog file "D:/GitHub/vivado/vivado/F_Quantization_W8A8/hls_w4a4/work/w4a4_hls_cosim_final/solution1/sim/verilog/lenet_w4a4_top_control_s_axi.v" into library xil_defaultlib
INFO: [VRFC 10-311] analyzing module lenet_w4a4_top_control_s_axi
INFO: [VRFC 10-2263] Analyzing SystemVerilog file "D:/GitHub/vivado/vivado/F_Quantization_W8A8/hls_w4a4/work/w4a4_hls_cosim_final/solution1/sim/verilog/lenet_w4a4_top_conv1_acc_V_RAM_1WNR_AUTO_1R1W.v" into library xil_defaultlib
INFO: [VRFC 10-311] analyzing module lenet_w4a4_top_conv1_acc_V_RAM_1WNR_AUTO_1R1W
INFO: [VRFC 10-2263] Analyzing SystemVerilog file "D:/GitHub/vivado/vivado/F_Quantization_W8A8/hls_w4a4/work/w4a4_hls_cosim_final/solution1/sim/verilog/lenet_w4a4_top_conv2_acc_V_RAM_1WNR_AUTO_1R1W.v" into library xil_defaultlib
INFO: [VRFC 10-311] analyzing module lenet_w4a4_top_conv2_acc_V_RAM_1WNR_AUTO_1R1W
INFO: [VRFC 10-2263] Analyzing SystemVerilog file "D:/GitHub/vivado/vivado/F_Quantization_W8A8/hls_w4a4/work/w4a4_hls_cosim_final/solution1/sim/verilog/lenet_w4a4_top_conv3_acc_V_RAM_AUTO_1R1W.v" into library xil_defaultlib
INFO: [VRFC 10-311] analyzing module lenet_w4a4_top_conv3_acc_V_RAM_AUTO_1R1W
INFO: [VRFC 10-2263] Analyzing SystemVerilog file "D:/GitHub/vivado/vivado/F_Quantization_W8A8/hls_w4a4/work/w4a4_hls_cosim_final/solution1/sim/verilog/lenet_w4a4_top_conv3_relu_V_RAM_AUTO_1R1W.v" into library xil_defaultlib
INFO: [VRFC 10-311] analyzing module lenet_w4a4_top_conv3_relu_V_RAM_AUTO_1R1W
INFO: [VRFC 10-2263] Analyzing SystemVerilog file "D:/GitHub/vivado/vivado/F_Quantization_W8A8/hls_w4a4/work/w4a4_hls_cosim_final/solution1/sim/verilog/lenet_w4a4_top_fc1_acc_V_RAM_AUTO_1R1W.v" into library xil_defaultlib
INFO: [VRFC 10-311] analyzing module lenet_w4a4_top_fc1_acc_V_RAM_AUTO_1R1W
INFO: [VRFC 10-2263] Analyzing SystemVerilog file "D:/GitHub/vivado/vivado/F_Quantization_W8A8/hls_w4a4/work/w4a4_hls_cosim_final/solution1/sim/verilog/lenet_w4a4_top_fc1_relu_V_RAM_AUTO_1R1W.v" into library xil_defaultlib
INFO: [VRFC 10-311] analyzing module lenet_w4a4_top_fc1_relu_V_RAM_AUTO_1R1W
INFO: [VRFC 10-2263] Analyzing SystemVerilog file "D:/GitHub/vivado/vivado/F_Quantization_W8A8/hls_w4a4/work/w4a4_hls_cosim_final/solution1/sim/verilog/lenet_w4a4_top_fc2_acc_V_RAM_AUTO_1R1W.v" into library xil_defaultlib
INFO: [VRFC 10-311] analyzing module lenet_w4a4_top_fc2_acc_V_RAM_AUTO_1R1W
INFO: [VRFC 10-2263] Analyzing SystemVerilog file "D:/GitHub/vivado/vivado/F_Quantization_W8A8/hls_w4a4/work/w4a4_hls_cosim_final/solution1/sim/verilog/lenet_w4a4_top_fc2_quant_V_RAM_AUTO_1R1W.v" into library xil_defaultlib
INFO: [VRFC 10-311] analyzing module lenet_w4a4_top_fc2_quant_V_RAM_AUTO_1R1W
INFO: [VRFC 10-2263] Analyzing SystemVerilog file "D:/GitHub/vivado/vivado/F_Quantization_W8A8/hls_w4a4/work/w4a4_hls_cosim_final/solution1/sim/verilog/lenet_w4a4_top_flow_control_loop_pipe_sequential_init.v" into library xil_defaultlib
INFO: [VRFC 10-311] analyzing module lenet_w4a4_top_flow_control_loop_pipe_sequential_init
INFO: [VRFC 10-2263] Analyzing SystemVerilog file "D:/GitHub/vivado/vivado/F_Quantization_W8A8/hls_w4a4/work/w4a4_hls_cosim_final/solution1/sim/verilog/lenet_w4a4_top_gmem0_m_axi.v" into library xil_defaultlib
INFO: [VRFC 10-311] analyzing module lenet_w4a4_top_gmem0_m_axi
INFO: [VRFC 10-311] analyzing module lenet_w4a4_top_gmem0_m_axi_load
INFO: [VRFC 10-311] analyzing module lenet_w4a4_top_gmem0_m_axi_store
INFO: [VRFC 10-311] analyzing module lenet_w4a4_top_gmem0_m_axi_read
INFO: [VRFC 10-311] analyzing module lenet_w4a4_top_gmem0_m_axi_write
INFO: [VRFC 10-311] analyzing module lenet_w4a4_top_gmem0_m_axi_throttle
INFO: [VRFC 10-311] analyzing module lenet_w4a4_top_gmem0_m_axi_reg_slice
INFO: [VRFC 10-311] analyzing module lenet_w4a4_top_gmem0_m_axi_fifo
INFO: [VRFC 10-311] analyzing module lenet_w4a4_top_gmem0_m_axi_srl
INFO: [VRFC 10-311] analyzing module lenet_w4a4_top_gmem0_m_axi_mem
INFO: [VRFC 10-2263] Analyzing SystemVerilog file "D:/GitHub/vivado/vivado/F_Quantization_W8A8/hls_w4a4/work/w4a4_hls_cosim_final/solution1/sim/verilog/lenet_w4a4_top_gmem1_m_axi.v" into library xil_defaultlib
INFO: [VRFC 10-311] analyzing module lenet_w4a4_top_gmem1_m_axi
INFO: [VRFC 10-311] analyzing module lenet_w4a4_top_gmem1_m_axi_load
INFO: [VRFC 10-311] analyzing module lenet_w4a4_top_gmem1_m_axi_store
INFO: [VRFC 10-311] analyzing module lenet_w4a4_top_gmem1_m_axi_read
INFO: [VRFC 10-311] analyzing module lenet_w4a4_top_gmem1_m_axi_write
INFO: [VRFC 10-311] analyzing module lenet_w4a4_top_gmem1_m_axi_throttle
INFO: [VRFC 10-311] analyzing module lenet_w4a4_top_gmem1_m_axi_reg_slice
INFO: [VRFC 10-311] analyzing module lenet_w4a4_top_gmem1_m_axi_fifo
INFO: [VRFC 10-311] analyzing module lenet_w4a4_top_gmem1_m_axi_srl
INFO: [VRFC 10-311] analyzing module lenet_w4a4_top_gmem1_m_axi_mem
INFO: [VRFC 10-2263] Analyzing SystemVerilog file "D:/GitHub/vivado/vivado/F_Quantization_W8A8/hls_w4a4/work/w4a4_hls_cosim_final/solution1/sim/verilog/lenet_w4a4_top_gmem2_m_axi.v" into library xil_defaultlib
INFO: [VRFC 10-311] analyzing module lenet_w4a4_top_gmem2_m_axi
INFO: [VRFC 10-311] analyzing module lenet_w4a4_top_gmem2_m_axi_load
INFO: [VRFC 10-311] analyzing module lenet_w4a4_top_gmem2_m_axi_store
INFO: [VRFC 10-311] analyzing module lenet_w4a4_top_gmem2_m_axi_read
INFO: [VRFC 10-311] analyzing module lenet_w4a4_top_gmem2_m_axi_write
INFO: [VRFC 10-311] analyzing module lenet_w4a4_top_gmem2_m_axi_throttle
INFO: [VRFC 10-311] analyzing module lenet_w4a4_top_gmem2_m_axi_reg_slice
INFO: [VRFC 10-311] analyzing module lenet_w4a4_top_gmem2_m_axi_fifo
INFO: [VRFC 10-311] analyzing module lenet_w4a4_top_gmem2_m_axi_srl
INFO: [VRFC 10-311] analyzing module lenet_w4a4_top_gmem2_m_axi_mem
INFO: [VRFC 10-2263] Analyzing SystemVerilog file "D:/GitHub/vivado/vivado/F_Quantization_W8A8/hls_w4a4/work/w4a4_hls_cosim_final/solution1/sim/verilog/lenet_w4a4_top_input_V_RAM_1WNR_AUTO_1R1W.v" into library xil_defaultlib
INFO: [VRFC 10-311] analyzing module lenet_w4a4_top_input_V_RAM_1WNR_AUTO_1R1W
INFO: [VRFC 10-2263] Analyzing SystemVerilog file "D:/GitHub/vivado/vivado/F_Quantization_W8A8/hls_w4a4/work/w4a4_hls_cosim_final/solution1/sim/verilog/lenet_w4a4_top_lenet_w4a4_top_Pipeline_DENSE_OUTPUT_DENSE_INPUT.v" into library xil_defaultlib
INFO: [VRFC 10-311] analyzing module lenet_w4a4_top_lenet_w4a4_top_Pipeline_DENSE_OUTPUT_DENSE_INPUT
INFO: [VRFC 10-2263] Analyzing SystemVerilog file "D:/GitHub/vivado/vivado/F_Quantization_W8A8/hls_w4a4/work/w4a4_hls_cosim_final/solution1/sim/verilog/lenet_w4a4_top_lenet_w4a4_top_Pipeline_DENSE_OUTPUT_DENSE_INPUT4.v" into library xil_defaultlib
INFO: [VRFC 10-311] analyzing module lenet_w4a4_top_lenet_w4a4_top_Pipeline_DENSE_OUTPUT_DENSE_INPUT4
INFO: [VRFC 10-2263] Analyzing SystemVerilog file "D:/GitHub/vivado/vivado/F_Quantization_W8A8/hls_w4a4/work/w4a4_hls_cosim_final/solution1/sim/verilog/lenet_w4a4_top_lenet_w4a4_top_Pipeline_IN_CHANNEL_KERNEL_ROW_KERNEL_COL.v" into library xil_defaultlib
INFO: [VRFC 10-311] analyzing module lenet_w4a4_top_lenet_w4a4_top_Pipeline_IN_CHANNEL_KERNEL_ROW_KERNEL_COL
INFO: [VRFC 10-2263] Analyzing SystemVerilog file "D:/GitHub/vivado/vivado/F_Quantization_W8A8/hls_w4a4/work/w4a4_hls_cosim_final/solution1/sim/verilog/lenet_w4a4_top_lenet_w4a4_top_Pipeline_IN_CHANNEL_KERNEL_ROW_KERNEL_COL2.v" into library xil_defaultlib
INFO: [VRFC 10-311] analyzing module lenet_w4a4_top_lenet_w4a4_top_Pipeline_IN_CHANNEL_KERNEL_ROW_KERNEL_COL2
INFO: [VRFC 10-2263] Analyzing SystemVerilog file "D:/GitHub/vivado/vivado/F_Quantization_W8A8/hls_w4a4/work/w4a4_hls_cosim_final/solution1/sim/verilog/lenet_w4a4_top_lenet_w4a4_top_Pipeline_OUT_CHANNEL_OUT_ROW_OUT_COL.v" into library xil_defaultlib
INFO: [VRFC 10-311] analyzing module lenet_w4a4_top_lenet_w4a4_top_Pipeline_OUT_CHANNEL_OUT_ROW_OUT_COL
INFO: [VRFC 10-2263] Analyzing SystemVerilog file "D:/GitHub/vivado/vivado/F_Quantization_W8A8/hls_w4a4/work/w4a4_hls_cosim_final/solution1/sim/verilog/lenet_w4a4_top_lenet_w4a4_top_Pipeline_POOL_CHANNEL_POOL_ROW_POOL_COL.v" into library xil_defaultlib
INFO: [VRFC 10-311] analyzing module lenet_w4a4_top_lenet_w4a4_top_Pipeline_POOL_CHANNEL_POOL_ROW_POOL_COL
INFO: [VRFC 10-2263] Analyzing SystemVerilog file "D:/GitHub/vivado/vivado/F_Quantization_W8A8/hls_w4a4/work/w4a4_hls_cosim_final/solution1/sim/verilog/lenet_w4a4_top_lenet_w4a4_top_Pipeline_POOL_CHANNEL_POOL_ROW_POOL_COL1.v" into library xil_defaultlib
INFO: [VRFC 10-311] analyzing module lenet_w4a4_top_lenet_w4a4_top_Pipeline_POOL_CHANNEL_POOL_ROW_POOL_COL1
INFO: [VRFC 10-2263] Analyzing SystemVerilog file "D:/GitHub/vivado/vivado/F_Quantization_W8A8/hls_w4a4/work/w4a4_hls_cosim_final/solution1/sim/verilog/lenet_w4a4_top_lenet_w4a4_top_Pipeline_REQUANT_VECTOR.v" into library xil_defaultlib
INFO: [VRFC 10-311] analyzing module lenet_w4a4_top_lenet_w4a4_top_Pipeline_REQUANT_VECTOR
INFO: [VRFC 10-2263] Analyzing SystemVerilog file "D:/GitHub/vivado/vivado/F_Quantization_W8A8/hls_w4a4/work/w4a4_hls_cosim_final/solution1/sim/verilog/lenet_w4a4_top_lenet_w4a4_top_Pipeline_REQUANT_VECTOR3.v" into library xil_defaultlib
INFO: [VRFC 10-311] analyzing module lenet_w4a4_top_lenet_w4a4_top_Pipeline_REQUANT_VECTOR3
INFO: [VRFC 10-2263] Analyzing SystemVerilog file "D:/GitHub/vivado/vivado/F_Quantization_W8A8/hls_w4a4/work/w4a4_hls_cosim_final/solution1/sim/verilog/lenet_w4a4_top_lenet_w4a4_top_Pipeline_REQUANT_VECTOR5.v" into library xil_defaultlib
INFO: [VRFC 10-311] analyzing module lenet_w4a4_top_lenet_w4a4_top_Pipeline_REQUANT_VECTOR5
INFO: [VRFC 10-2263] Analyzing SystemVerilog file "D:/GitHub/vivado/vivado/F_Quantization_W8A8/hls_w4a4/work/w4a4_hls_cosim_final/solution1/sim/verilog/lenet_w4a4_top_lenet_w4a4_top_Pipeline_UNPACK_INPUT.v" into library xil_defaultlib
INFO: [VRFC 10-311] analyzing module lenet_w4a4_top_lenet_w4a4_top_Pipeline_UNPACK_INPUT
INFO: [VRFC 10-2263] Analyzing SystemVerilog file "D:/GitHub/vivado/vivado/F_Quantization_W8A8/hls_w4a4/work/w4a4_hls_cosim_final/solution1/sim/verilog/lenet_w4a4_top_lenet_w4a4_top_Pipeline_WRITE_LOGITS.v" into library xil_defaultlib
INFO: [VRFC 10-311] analyzing module lenet_w4a4_top_lenet_w4a4_top_Pipeline_WRITE_LOGITS
INFO: [VRFC 10-2263] Analyzing SystemVerilog file "D:/GitHub/vivado/vivado/F_Quantization_W8A8/hls_w4a4/work/w4a4_hls_cosim_final/solution1/sim/verilog/lenet_w4a4_top_mac_muladd_3ns_4s_14s_14_4_1.v" into library xil_defaultlib
INFO: [VRFC 10-311] analyzing module lenet_w4a4_top_mac_muladd_3ns_4s_14s_14_4_1_DSP48_4
INFO: [VRFC 10-311] analyzing module lenet_w4a4_top_mac_muladd_3ns_4s_14s_14_4_1
INFO: [VRFC 10-2263] Analyzing SystemVerilog file "D:/GitHub/vivado/vivado/F_Quantization_W8A8/hls_w4a4/work/w4a4_hls_cosim_final/solution1/sim/verilog/lenet_w4a4_top_mac_muladd_3ns_4s_15s_15_4_1.v" into library xil_defaultlib
INFO: [VRFC 10-311] analyzing module lenet_w4a4_top_mac_muladd_3ns_4s_15s_15_4_1_DSP48_2
INFO: [VRFC 10-311] analyzing module lenet_w4a4_top_mac_muladd_3ns_4s_15s_15_4_1
INFO: [VRFC 10-2263] Analyzing SystemVerilog file "D:/GitHub/vivado/vivado/F_Quantization_W8A8/hls_w4a4/work/w4a4_hls_cosim_final/solution1/sim/verilog/lenet_w4a4_top_mac_muladd_3ns_4s_16s_16_4_1.v" into library xil_defaultlib
INFO: [VRFC 10-311] analyzing module lenet_w4a4_top_mac_muladd_3ns_4s_16s_16_4_1_DSP48_3
INFO: [VRFC 10-311] analyzing module lenet_w4a4_top_mac_muladd_3ns_4s_16s_16_4_1
INFO: [VRFC 10-2263] Analyzing SystemVerilog file "D:/GitHub/vivado/vivado/F_Quantization_W8A8/hls_w4a4/work/w4a4_hls_cosim_final/solution1/sim/verilog/lenet_w4a4_top_mac_muladd_4ns_7ns_7ns_10_4_1.v" into library xil_defaultlib
INFO: [VRFC 10-311] analyzing module lenet_w4a4_top_mac_muladd_4ns_7ns_7ns_10_4_1_DSP48_5
INFO: [VRFC 10-311] analyzing module lenet_w4a4_top_mac_muladd_4ns_7ns_7ns_10_4_1
INFO: [VRFC 10-2263] Analyzing SystemVerilog file "D:/GitHub/vivado/vivado/F_Quantization_W8A8/hls_w4a4/work/w4a4_hls_cosim_final/solution1/sim/verilog/lenet_w4a4_top_mac_muladd_4s_4s_8s_9_4_1.v" into library xil_defaultlib
INFO: [VRFC 10-311] analyzing module lenet_w4a4_top_mac_muladd_4s_4s_8s_9_4_1_DSP48_0
INFO: [VRFC 10-311] analyzing module lenet_w4a4_top_mac_muladd_4s_4s_8s_9_4_1
INFO: [VRFC 10-2263] Analyzing SystemVerilog file "D:/GitHub/vivado/vivado/F_Quantization_W8A8/hls_w4a4/work/w4a4_hls_cosim_final/solution1/sim/verilog/lenet_w4a4_top_mac_muladd_4s_4s_9s_9_4_1.v" into library xil_defaultlib
INFO: [VRFC 10-311] analyzing module lenet_w4a4_top_mac_muladd_4s_4s_9s_9_4_1_DSP48_1
INFO: [VRFC 10-311] analyzing module lenet_w4a4_top_mac_muladd_4s_4s_9s_9_4_1
INFO: [VRFC 10-2263] Analyzing SystemVerilog file "D:/GitHub/vivado/vivado/F_Quantization_W8A8/hls_w4a4/work/w4a4_hls_cosim_final/solution1/sim/verilog/lenet_w4a4_top_mul_32ns_36ns_67_2_1.v" into library xil_defaultlib
INFO: [VRFC 10-311] analyzing module lenet_w4a4_top_mul_32ns_36ns_67_2_1
INFO: [VRFC 10-2263] Analyzing SystemVerilog file "D:/GitHub/vivado/vivado/F_Quantization_W8A8/hls_w4a4/work/w4a4_hls_cosim_final/solution1/sim/verilog/lenet_w4a4_top_mul_32ns_37ns_68_2_1.v" into library xil_defaultlib
INFO: [VRFC 10-311] analyzing module lenet_w4a4_top_mul_32ns_37ns_68_2_1
INFO: [VRFC 10-2263] Analyzing SystemVerilog file "D:/GitHub/vivado/vivado/F_Quantization_W8A8/hls_w4a4/work/w4a4_hls_cosim_final/solution1/sim/verilog/lenet_w4a4_top_mul_32ns_38ns_69_2_1.v" into library xil_defaultlib
INFO: [VRFC 10-311] analyzing module lenet_w4a4_top_mul_32ns_38ns_69_2_1
INFO: [VRFC 10-2263] Analyzing SystemVerilog file "D:/GitHub/vivado/vivado/F_Quantization_W8A8/hls_w4a4/work/w4a4_hls_cosim_final/solution1/sim/verilog/lenet_w4a4_top_mul_4s_4s_8_1_1.v" into library xil_defaultlib
INFO: [VRFC 10-311] analyzing module lenet_w4a4_top_mul_4s_4s_8_1_1
INFO: [VRFC 10-2263] Analyzing SystemVerilog file "D:/GitHub/vivado/vivado/F_Quantization_W8A8/hls_w4a4/work/w4a4_hls_cosim_final/solution1/sim/verilog/lenet_w4a4_top_pool1_V_RAM_AUTO_1R1W.v" into library xil_defaultlib
INFO: [VRFC 10-311] analyzing module lenet_w4a4_top_pool1_V_RAM_AUTO_1R1W
INFO: [VRFC 10-2263] Analyzing SystemVerilog file "D:/GitHub/vivado/vivado/F_Quantization_W8A8/hls_w4a4/work/w4a4_hls_cosim_final/solution1/sim/verilog/lenet_w4a4_top_pool2_V_RAM_AUTO_1R1W.v" into library xil_defaultlib
INFO: [VRFC 10-311] analyzing module lenet_w4a4_top_pool2_V_RAM_AUTO_1R1W
INFO: [VRFC 10-2263] Analyzing SystemVerilog file "D:/GitHub/vivado/vivado/F_Quantization_W8A8/hls_w4a4/work/w4a4_hls_cosim_final/solution1/sim/verilog/dataflow_monitor.sv" into library xil_defaultlib
INFO: [VRFC 10-311] analyzing module dataflow_monitor
Starting static elaboration
Pass Through NonSizing Optimizer
Completed static elaboration
Starting simulation data flow analysis
Completed simulation data flow analysis
Time Resolution for simulation is 1ps
Compiling package xil_defaultlib.$unit_dataflow_monitor_sv
Compiling module xil_defaultlib.lenet_w4a4_top_input_V_RAM_1WNR_...
Compiling module xil_defaultlib.lenet_w4a4_top_conv1_acc_V_RAM_1...
Compiling module xil_defaultlib.lenet_w4a4_top_pool1_V_RAM_AUTO_...
Compiling module xil_defaultlib.lenet_w4a4_top_conv2_acc_V_RAM_1...
Compiling module xil_defaultlib.lenet_w4a4_top_pool2_V_RAM_AUTO_...
Compiling module xil_defaultlib.lenet_w4a4_top_conv3_acc_V_RAM_A...
Compiling module xil_defaultlib.lenet_w4a4_top_conv3_relu_V_RAM_...
Compiling module xil_defaultlib.lenet_w4a4_top_fc1_acc_V_RAM_AUT...
Compiling module xil_defaultlib.lenet_w4a4_top_fc1_relu_V_RAM_AU...
Compiling module xil_defaultlib.lenet_w4a4_top_fc2_acc_V_RAM_AUT...
Compiling module xil_defaultlib.lenet_w4a4_top_fc2_quant_V_RAM_A...
Compiling module xil_defaultlib.lenet_w4a4_top_flow_control_loop...
Compiling module xil_defaultlib.lenet_w4a4_top_lenet_w4a4_top_Pi...
Compiling module xil_defaultlib.lenet_w4a4_top_mul_4s_4s_8_1_1(N...
Compiling module xil_defaultlib.lenet_w4a4_top_mac_muladd_4s_4s_...
Compiling module xil_defaultlib.lenet_w4a4_top_mac_muladd_4s_4s_...
Compiling module xil_defaultlib.lenet_w4a4_top_mac_muladd_4s_4s_...
Compiling module xil_defaultlib.lenet_w4a4_top_mac_muladd_4s_4s_...
Compiling module xil_defaultlib.lenet_w4a4_top_lenet_w4a4_top_Pi...
Compiling module xil_defaultlib.lenet_w4a4_top_mul_32ns_36ns_67_...
Compiling module xil_defaultlib.lenet_w4a4_top_lenet_w4a4_top_Pi...
Compiling module xil_defaultlib.lenet_w4a4_top_mac_muladd_3ns_4s...
Compiling module xil_defaultlib.lenet_w4a4_top_mac_muladd_3ns_4s...
Compiling module xil_defaultlib.lenet_w4a4_top_lenet_w4a4_top_Pi...
Compiling module xil_defaultlib.lenet_w4a4_top_mul_32ns_37ns_68_...
Compiling module xil_defaultlib.lenet_w4a4_top_lenet_w4a4_top_Pi...
Compiling module xil_defaultlib.lenet_w4a4_top_mac_muladd_3ns_4s...
Compiling module xil_defaultlib.lenet_w4a4_top_mac_muladd_3ns_4s...
Compiling module xil_defaultlib.lenet_w4a4_top_lenet_w4a4_top_Pi...
Compiling module xil_defaultlib.lenet_w4a4_top_lenet_w4a4_top_Pi...
Compiling module xil_defaultlib.lenet_w4a4_top_mac_muladd_3ns_4s...
Compiling module xil_defaultlib.lenet_w4a4_top_mac_muladd_3ns_4s...
Compiling module xil_defaultlib.lenet_w4a4_top_lenet_w4a4_top_Pi...
Compiling module xil_defaultlib.lenet_w4a4_top_mul_32ns_38ns_69_...
Compiling module xil_defaultlib.lenet_w4a4_top_lenet_w4a4_top_Pi...
Compiling module xil_defaultlib.lenet_w4a4_top_mac_muladd_4ns_7n...
Compiling module xil_defaultlib.lenet_w4a4_top_mac_muladd_4ns_7n...
Compiling module xil_defaultlib.lenet_w4a4_top_lenet_w4a4_top_Pi...
Compiling module xil_defaultlib.lenet_w4a4_top_lenet_w4a4_top_Pi...
Compiling module xil_defaultlib.lenet_w4a4_top_lenet_w4a4_top_Pi...
Compiling module xil_defaultlib.lenet_w4a4_top_control_s_axi
Compiling module xil_defaultlib.lenet_w4a4_top_gmem0_m_axi_srl(D...
Compiling module xil_defaultlib.lenet_w4a4_top_gmem0_m_axi_fifo(...
Compiling module xil_defaultlib.lenet_w4a4_top_gmem0_m_axi_mem(M...
Compiling module xil_defaultlib.lenet_w4a4_top_gmem0_m_axi_fifo(...
Compiling module xil_defaultlib.lenet_w4a4_top_gmem0_m_axi_srl(D...
Compiling module xil_defaultlib.lenet_w4a4_top_gmem0_m_axi_fifo(...
Compiling module xil_defaultlib.lenet_w4a4_top_gmem0_m_axi_srl(D...
Compiling module xil_defaultlib.lenet_w4a4_top_gmem0_m_axi_fifo(...
Compiling module xil_defaultlib.lenet_w4a4_top_gmem0_m_axi_srl(D...
Compiling module xil_defaultlib.lenet_w4a4_top_gmem0_m_axi_fifo(...
Compiling module xil_defaultlib.lenet_w4a4_top_gmem0_m_axi_store...
Compiling module xil_defaultlib.lenet_w4a4_top_gmem0_m_axi_mem(M...
Compiling module xil_defaultlib.lenet_w4a4_top_gmem0_m_axi_fifo(...
Compiling module xil_defaultlib.lenet_w4a4_top_gmem0_m_axi_srl(D...
Compiling module xil_defaultlib.lenet_w4a4_top_gmem0_m_axi_fifo(...
Compiling module xil_defaultlib.lenet_w4a4_top_gmem0_m_axi_load(...
Compiling module xil_defaultlib.lenet_w4a4_top_gmem0_m_axi_reg_s...
Compiling module xil_defaultlib.lenet_w4a4_top_gmem0_m_axi_srl(D...
Compiling module xil_defaultlib.lenet_w4a4_top_gmem0_m_axi_fifo(...
Compiling module xil_defaultlib.lenet_w4a4_top_gmem0_m_axi_reg_s...
Compiling module xil_defaultlib.lenet_w4a4_top_gmem0_m_axi_srl(D...
Compiling module xil_defaultlib.lenet_w4a4_top_gmem0_m_axi_fifo(...
Compiling module xil_defaultlib.lenet_w4a4_top_gmem0_m_axi_srl(D...
Compiling module xil_defaultlib.lenet_w4a4_top_gmem0_m_axi_fifo(...
Compiling module xil_defaultlib.lenet_w4a4_top_gmem0_m_axi_throt...
Compiling module xil_defaultlib.lenet_w4a4_top_gmem0_m_axi_reg_s...
Compiling module xil_defaultlib.lenet_w4a4_top_gmem0_m_axi_write...
Compiling module xil_defaultlib.lenet_w4a4_top_gmem0_m_axi_reg_s...
Compiling module xil_defaultlib.lenet_w4a4_top_gmem0_m_axi_read(...
Compiling module xil_defaultlib.lenet_w4a4_top_gmem0_m_axi(CONSE...
Compiling module xil_defaultlib.lenet_w4a4_top_gmem1_m_axi_srl(D...
Compiling module xil_defaultlib.lenet_w4a4_top_gmem1_m_axi_fifo(...
Compiling module xil_defaultlib.lenet_w4a4_top_gmem1_m_axi_mem(M...
Compiling module xil_defaultlib.lenet_w4a4_top_gmem1_m_axi_fifo(...
Compiling module xil_defaultlib.lenet_w4a4_top_gmem1_m_axi_srl(D...
Compiling module xil_defaultlib.lenet_w4a4_top_gmem1_m_axi_fifo(...
Compiling module xil_defaultlib.lenet_w4a4_top_gmem1_m_axi_srl(D...
Compiling module xil_defaultlib.lenet_w4a4_top_gmem1_m_axi_fifo(...
Compiling module xil_defaultlib.lenet_w4a4_top_gmem1_m_axi_srl(D...
Compiling module xil_defaultlib.lenet_w4a4_top_gmem1_m_axi_fifo(...
Compiling module xil_defaultlib.lenet_w4a4_top_gmem1_m_axi_store...
Compiling module xil_defaultlib.lenet_w4a4_top_gmem1_m_axi_mem(M...
Compiling module xil_defaultlib.lenet_w4a4_top_gmem1_m_axi_fifo(...
Compiling module xil_defaultlib.lenet_w4a4_top_gmem1_m_axi_srl(D...
Compiling module xil_defaultlib.lenet_w4a4_top_gmem1_m_axi_fifo(...
Compiling module xil_defaultlib.lenet_w4a4_top_gmem1_m_axi_load(...
Compiling module xil_defaultlib.lenet_w4a4_top_gmem1_m_axi_reg_s...
Compiling module xil_defaultlib.lenet_w4a4_top_gmem1_m_axi_srl(D...
Compiling module xil_defaultlib.lenet_w4a4_top_gmem1_m_axi_fifo(...
Compiling module xil_defaultlib.lenet_w4a4_top_gmem1_m_axi_reg_s...
Compiling module xil_defaultlib.lenet_w4a4_top_gmem1_m_axi_srl(D...
Compiling module xil_defaultlib.lenet_w4a4_top_gmem1_m_axi_fifo(...
Compiling module xil_defaultlib.lenet_w4a4_top_gmem1_m_axi_srl(D...
Compiling module xil_defaultlib.lenet_w4a4_top_gmem1_m_axi_fifo(...
Compiling module xil_defaultlib.lenet_w4a4_top_gmem1_m_axi_throt...
Compiling module xil_defaultlib.lenet_w4a4_top_gmem1_m_axi_reg_s...
Compiling module xil_defaultlib.lenet_w4a4_top_gmem1_m_axi_write...
Compiling module xil_defaultlib.lenet_w4a4_top_gmem1_m_axi_reg_s...
Compiling module xil_defaultlib.lenet_w4a4_top_gmem1_m_axi_read(...
Compiling module xil_defaultlib.lenet_w4a4_top_gmem1_m_axi(CONSE...
Compiling module xil_defaultlib.lenet_w4a4_top_gmem2_m_axi_srl(D...
Compiling module xil_defaultlib.lenet_w4a4_top_gmem2_m_axi_fifo(...
Compiling module xil_defaultlib.lenet_w4a4_top_gmem2_m_axi_mem(M...
Compiling module xil_defaultlib.lenet_w4a4_top_gmem2_m_axi_fifo(...
Compiling module xil_defaultlib.lenet_w4a4_top_gmem2_m_axi_srl(D...
Compiling module xil_defaultlib.lenet_w4a4_top_gmem2_m_axi_fifo(...
Compiling module xil_defaultlib.lenet_w4a4_top_gmem2_m_axi_srl(D...
Compiling module xil_defaultlib.lenet_w4a4_top_gmem2_m_axi_fifo(...
Compiling module xil_defaultlib.lenet_w4a4_top_gmem2_m_axi_store...
Compiling module xil_defaultlib.lenet_w4a4_top_gmem2_m_axi_mem(M...
Compiling module xil_defaultlib.lenet_w4a4_top_gmem2_m_axi_fifo(...
Compiling module xil_defaultlib.lenet_w4a4_top_gmem2_m_axi_load(...
Compiling module xil_defaultlib.lenet_w4a4_top_gmem2_m_axi_reg_s...
Compiling module xil_defaultlib.lenet_w4a4_top_gmem2_m_axi_srl(D...
Compiling module xil_defaultlib.lenet_w4a4_top_gmem2_m_axi_fifo(...
Compiling module xil_defaultlib.lenet_w4a4_top_gmem2_m_axi_reg_s...
Compiling module xil_defaultlib.lenet_w4a4_top_gmem2_m_axi_srl(D...
Compiling module xil_defaultlib.lenet_w4a4_top_gmem2_m_axi_fifo(...
Compiling module xil_defaultlib.lenet_w4a4_top_gmem2_m_axi_srl(D...
Compiling module xil_defaultlib.lenet_w4a4_top_gmem2_m_axi_fifo(...
Compiling module xil_defaultlib.lenet_w4a4_top_gmem2_m_axi_throt...
Compiling module xil_defaultlib.lenet_w4a4_top_gmem2_m_axi_reg_s...
Compiling module xil_defaultlib.lenet_w4a4_top_gmem2_m_axi_write...
Compiling module xil_defaultlib.lenet_w4a4_top_gmem2_m_axi_reg_s...
Compiling module xil_defaultlib.lenet_w4a4_top_gmem2_m_axi_read(...
Compiling module xil_defaultlib.lenet_w4a4_top_gmem2_m_axi(CONSE...
Compiling module xil_defaultlib.lenet_w4a4_top
Compiling module xil_defaultlib.AESL_axi_master_gmem0
Compiling module xil_defaultlib.AESL_axi_master_gmem1
Compiling module xil_defaultlib.AESL_axi_master_gmem2
Compiling module xil_defaultlib.AESL_axi_slave_control
Compiling module xil_defaultlib.nodf_module_intf
Compiling module xil_defaultlib.seq_loop_intf(FSM_WIDTH=29)
Compiling module xil_defaultlib.upc_loop_intf(FSM_WIDTH=1)
Compiling module xil_defaultlib.upc_loop_intf(FSM_WIDTH=25)
Compiling module xil_defaultlib.dataflow_monitor_1
Compiling module xil_defaultlib.apatb_lenet_w4a4_top_top
Compiling module work.glbl
Built simulation snapshot lenet_w4a4_top

****** xsim v2022.2 (64-bit)
  **** SW Build 3671981 on Fri Oct 14 05:00:03 MDT 2022
  **** IP Build 3669848 on Fri Oct 14 08:30:02 MDT 2022
    ** Copyright 1986-2022 Xilinx, Inc. All Rights Reserved.

source xsim.dir/lenet_w4a4_top/xsim_script.tcl
# xsim {lenet_w4a4_top} -autoloadwcfg -tclbatch {lenet_w4a4_top.tcl}
Time resolution is 1 ps
source lenet_w4a4_top.tcl
## run all
////////////////////////////////////////////////////////////////////////////////////
// Inter-Transaction Progress: Completed Transaction / Total Transaction
// Intra-Transaction Progress: Measured Latency / Latency Estimation * 100%
//
// RTL Simulation : "Inter-Transaction Progress" ["Intra-Transaction Progress"] @ "Simulation Time"
////////////////////////////////////////////////////////////////////////////////////
// RTL Simulation : 0 / 1 [0.00%] @ "125000"
// RTL Simulation : 1 / 1 [100.00%] @ "8127785000"
////////////////////////////////////////////////////////////////////////////////////
$finish called at time : 8127845 ns : File "D:/GitHub/vivado/vivado/F_Quantization_W8A8/hls_w4a4/work/w4a4_hls_cosim_final/solution1/sim/verilog/lenet_w4a4_top.autotb.v" Line 731
run: Time (s): cpu = 00:00:00 ; elapsed = 00:02:33 . Memory (MB): peak = 245.750 ; gain = 13.148
## quit
INFO: xsimkernel Simulation Memory Usage: 28392 KB (Peak: 28392 KB), Simulation CPU Usage: 149812 ms
INFO: [Common 17-206] Exiting xsim at Sun Sep 13 17:57:44 2026...
D:/GitHub/vivado/vivado/lenet_project/handoff/LeNet_DSE_Framework_2022_2/model/input_raw.txt logits: -2 -1 -1 0 0 -1 -5 4 -1 0 | prediction=7 expected=7 [PASS]
W4A4_CSIM_SUMMARY: PASS failures=0
INFO: [COSIM-1000] *** C/RTL co-simulation finished: PASS ***
INFO: [COSIM-211] II is measurable only when transaction number is greater than 1 in RTL simulation. Otherwise, they will be marked as all NA. If user wants to calculate them, please make sure there are at least 2 transactions in RTL simulation.
