
****** Vivado v2022.2 (64-bit)
  **** SW Build 3671981 on Fri Oct 14 05:00:03 MDT 2022
  **** IP Build 3669848 on Fri Oct 14 08:30:02 MDT 2022
    ** Copyright 1986-2022 Xilinx, Inc. All Rights Reserved.

source {D:\GitHub\vivado\vivado\F_Quantization_W8A8\G_Verification_Patch\run_g_vivado_postroute.tcl}
# if {$argc < 2} {
#     puts "ERROR: expected <dcp_path> <results_root>"
#     exit 2
# }
# set args [lrange $argv end-1 end]
# set dcp [file normalize [lindex $args 0]]
# set results [file normalize [lindex $args 1]]
# if {![file exists $dcp]} {
#     puts "ERROR: DCP not found: $dcp"
#     exit 2
# }
# file mkdir $results
# open_checkpoint $dcp
Command: open_checkpoint D:/GitHub/vivado/vivado/F_Quantization_W8A8/hls_w4a4/final_delivery/hardware/lenet_w4a4_system_routed.dcp

Starting open_checkpoint Task

Time (s): cpu = 00:00:00 ; elapsed = 00:00:00.092 . Memory (MB): peak = 891.098 ; gain = 6.348
INFO: [Device 21-403] Loading part xc7z020clg400-1
Netlist sorting complete. Time (s): cpu = 00:00:00 ; elapsed = 00:00:00.709 . Memory (MB): peak = 1489.469 ; gain = 0.000
INFO: [Netlist 29-17] Analyzing 1310 Unisim elements for replacement
INFO: [Netlist 29-28] Unisim Transformation completed in 1 CPU seconds
INFO: [Project 1-479] Netlist was created with Vivado 2022.2
INFO: [Project 1-570] Preparing netlist for logic optimization
INFO: [Timing 38-478] Restoring timing data from binary archive.
INFO: [Timing 38-479] Binary timing data restore complete.
INFO: [Project 1-856] Restoring constraints from binary archive.
INFO: [Project 1-853] Binary constraint restore complete.
Reading XDEF placement.
Reading placer database...
Reading XDEF routing.
Read XDEF Files: Time (s): cpu = 00:00:04 ; elapsed = 00:00:04 . Memory (MB): peak = 2295.020 ; gain = 5.973
Restored from archive | CPU: 4.000000 secs | Memory: 0.000000 MB |
Finished XDEF File Restore: Time (s): cpu = 00:00:04 ; elapsed = 00:00:04 . Memory (MB): peak = 2295.020 ; gain = 5.973
Netlist sorting complete. Time (s): cpu = 00:00:00 ; elapsed = 00:00:00.013 . Memory (MB): peak = 2295.020 ; gain = 0.000
INFO: [Project 1-111] Unisim Transformation Summary:
  A total of 183 instances were transformed.
  RAM16X1D => RAM32X1D (RAMD32(x2)): 1 instance 
  RAM16X1S => RAM32X1S (RAMS32): 30 instances
  RAM32M => RAM32M (RAMD32(x6), RAMS32(x2)): 137 instances
  RAM32X1D => RAM32X1D (RAMD32(x2)): 6 instances
  RAM32X1S => RAM32X1S (RAMS32): 3 instances
  RAM64X1S => RAM64X1S (RAMS64E): 6 instances

INFO: [Project 1-604] Checkpoint was created with Vivado v2022.2 (64-bit) build 3671981
OpenCheckpoint Checksum | Checksum: 14f2bcc3b
----- Checksum: PlaceDB: 933cb65d ShapeSum: 688deec1 RouteDB: 5361271d 
open_checkpoint: Time (s): cpu = 00:00:34 ; elapsed = 00:00:54 . Memory (MB): peak = 2297.922 ; gain = 1413.367
# set route_report_path [file join $results postroute_route_status.rpt]
# report_route_status -file $route_report_path
# report_timing_summary -delay_type min_max -report_unconstrained -check_timing_verbose \
#     -max_paths 20 -file [file join $results postroute_timing_summary.rpt]
INFO: [Timing 38-91] UpdateTimingParams: Speed grade: -1, Delay Type: min_max.
INFO: [Timing 38-191] Multithreading enabled for timing update using a maximum of 2 CPUs
report_timing_summary: Time (s): cpu = 00:00:12 ; elapsed = 00:00:07 . Memory (MB): peak = 2365.633 ; gain = 41.953
# report_utilization -hierarchical -file [file join $results postroute_utilization.rpt]
# report_drc -ruledeck default -file [file join $results postroute_drc.rpt]
Command: report_drc -ruledeck default -file D:/GitHub/vivado/vivado/F_Quantization_W8A8/G_Verification_Patch/results/postroute_drc.rpt
INFO: [IP_Flow 19-234] Refreshing IP repositories
INFO: [IP_Flow 19-1704] No user IP repositories specified
INFO: [IP_Flow 19-2313] Loaded Vivado IP repository 'D:/Xilinx/Vivado/2022.2/data/ip'.
INFO: [DRC 23-27] Running DRC with 2 threads
INFO: [Vivado_Tcl 2-168] The results of DRC are in file D:/GitHub/vivado/vivado/F_Quantization_W8A8/G_Verification_Patch/results/postroute_drc.rpt.
report_drc completed successfully
report_drc: Time (s): cpu = 00:00:08 ; elapsed = 00:00:08 . Memory (MB): peak = 2455.105 ; gain = 85.938
# set rf [open $route_report_path r]
# set route_text [read $rf]
# close $rf
# set route_status "UNKNOWN"
# if {[regexp -nocase {Fully[[:space:]]+Routed} $route_text]} {
#     set route_status "Fully Routed"
# } elseif {[regexp -nocase {Unrouted[^\r\n]*[:=][[:space:]]*0([^0-9]|$)} $route_text]} {
#     set route_status "Fully Routed"
# }
# set paths [get_timing_paths -delay_type max -max_paths 1 -nworst 1]
# if {[llength $paths] == 0} {
#     puts "ERROR: no setup timing path"
#     exit 3
# }
# set wns [get_property SLACK [lindex $paths 0]]
# set tns 0.0
# set bad [get_timing_paths -quiet -delay_type max -slack_lesser_than 0.0 -max_paths 100000]
# foreach p $bad {
#     set tns [expr {$tns + [get_property SLACK $p]}]
# }
# set drc_critical [get_drc_violations -quiet -filter {SEVERITY == "Critical Warning" || SEVERITY == "Error"}]
# set f [open [file join $results g_vivado_metrics.txt] w]
# puts $f "DCP=$dcp"
# puts $f "ROUTE_STATUS=$route_status"
# puts $f "WNS_NS=$wns"
# puts $f "TNS_NS=$tns"
# puts $f "DRC_CRITICAL_COUNT=[llength $drc_critical]"
# close $f
# puts "ROUTE_STATUS=$route_status"
ROUTE_STATUS=Fully Routed
# puts "WNS_NS=$wns"
WNS_NS=0.138
# puts "TNS_NS=$tns"
TNS_NS=0.0
# puts "DRC_CRITICAL_COUNT=[llength $drc_critical]"
DRC_CRITICAL_COUNT=0
# if {$route_status ne "Fully Routed"} {
#     puts "ERROR: route report does not prove Fully Routed"
#     exit 4
# }
# if {$wns < 0.0} {
#     puts "ERROR: setup timing failed"
#     exit 5
# }
# if {$tns < 0.0} {
#     puts "ERROR: total negative slack failed"
#     exit 6
# }
# if {[llength $drc_critical] != 0} {
#     puts "ERROR: critical DRC violations exist"
#     exit 7
# }
# puts "G_VIVADO_POST_ROUTE_PASS"
G_VIVADO_POST_ROUTE_PASS
# close_design
# exit 0
INFO: [Common 17-206] Exiting Vivado at Tue Sep 15 21:12:57 2026...
