
****** Vitis HLS - High-Level Synthesis from C, C++ and OpenCL v2022.2 (64-bit)
  **** SW Build 3670227 on Oct 13 2022
  **** IP Build 3669848 on Fri Oct 14 08:30:02 MDT 2022
    ** Copyright 1986-2022 Xilinx, Inc. All Rights Reserved.

source D:/Xilinx/Vitis_HLS/2022.2/scripts/vitis_hls/hls.tcl -notrace
INFO: [HLS 200-10] Running 'D:/Xilinx/Vitis_HLS/2022.2/bin/unwrapped/win64.o/vitis_hls.exe'
INFO: [HLS 200-10] For user '时澄' on host 'benedicta' (Windows NT_amd64 version 6.2) on Mon Sep 14 14:55:07 +0800 2026
INFO: [HLS 200-10] In directory 'D:/GitHub/vivado/vivado/F_Quantization_W8A8/Level3_Bitwidth_PE5_Patch'
Sourcing Tcl script 'run_pe5_csynth.tcl'
INFO: [HLS 200-1510] Running: open_project -reset w4a4_pe5_hls 
INFO: [HLS 200-10] Creating and opening project 'D:/GitHub/vivado/vivado/F_Quantization_W8A8/hls_w4a4/work_level3_pe/w4a4_pe5_hls'.
INFO: [HLS 200-1510] Running: set_top lenet_w4a4_top 
INFO: [HLS 200-1510] Running: add_files D:/GitHub/vivado/vivado/F_Quantization_W8A8/hls_w4a4/src/lenet_w4a4_pe5.cpp -cflags -ID:/GitHub/vivado/vivado/F_Quantization_W8A8/hls_w4a4/include -std=c++11 
INFO: [HLS 200-10] Adding design file 'D:/GitHub/vivado/vivado/F_Quantization_W8A8/hls_w4a4/src/lenet_w4a4_pe5.cpp' to the project
INFO: [HLS 200-1510] Running: open_solution -reset solution1 -flow_target vivado 
INFO: [HLS 200-10] Creating and opening solution 'D:/GitHub/vivado/vivado/F_Quantization_W8A8/hls_w4a4/work_level3_pe/w4a4_pe5_hls/solution1'.
INFO: [HLS 200-10] Cleaning up the solution database.
INFO: [HLS 200-1505] Using flow_target 'vivado'
Resolution: For help on HLS 200-1505 see www.xilinx.com/cgi-bin/docs/rdoc?v=2022.2;t=hls+guidance;d=200-1505.html
INFO: [HLS 200-435] Setting 'open_solution -flow_target vivado' configuration: config_interface -m_axi_latency=0
INFO: [HLS 200-1510] Running: set_part xc7z020clg400-1 
INFO: [HLS 200-1611] Setting target device to 'xc7z020-clg400-1'
INFO: [HLS 200-1510] Running: create_clock -period 10.0 -name default 
INFO: [SYN 201-201] Setting up clock 'default' with a period of 10ns.
INFO: [HLS 200-1510] Running: config_export -format ip_catalog -rtl verilog 
INFO: [HLS 200-1510] Running: csynth_design 
Running Dispatch Server on port: 49355
INFO: [HLS 200-111] Finished File checks and directory preparation: CPU user time: 0 seconds. CPU system time: 0 seconds. Elapsed time: 10.124 seconds; current allocated memory: 674.262 MB.
INFO: [HLS 200-10] Analyzing design file 'D:/GitHub/vivado/vivado/F_Quantization_W8A8/hls_w4a4/src/lenet_w4a4_pe5.cpp' ... 
WARNING: [HLS 207-5559] Only for/while loops support the 'Unroll ' (D:/GitHub/vivado/vivado/F_Quantization_W8A8/hls_w4a4/src/lenet_w4a4_pe5.cpp:147:9)
INFO: [HLS 200-111] Finished Source Code Analysis and Preprocessing: CPU user time: 0 seconds. CPU system time: 1 seconds. Elapsed time: 6.794 seconds; current allocated memory: 677.090 MB.
INFO: [HLS 200-777] Using interface defaults for 'Vivado' flow target.
INFO: [HLS 214-131] Inlining function 'ap_range_ref<8, false>::ap_range_ref(ap_int_base<8, false>*, int, int)' into 'ap_int_base<8, false>::range(int, int) const' (D:/Xilinx/Vitis_HLS/2022.2/common/technology/autopilot\ap_int_base.h:1055:12)
INFO: [HLS 214-131] Inlining function 'ap_range_ref<8, false>::get() const' into 'ap_int_base<4, false>::ap_int_base<8, false>(ap_range_ref<8, false> const&)' (D:/Xilinx/Vitis_HLS/2022.2/common/technology/autopilot\ap_int_base.h:358:20)
INFO: [HLS 214-131] Inlining function 'ap_int_base<4, false>::ap_int_base<8, false>(ap_range_ref<8, false> const&)' into 'ap_uint<4>::ap_uint<8, false>(ap_range_ref<8, false> const&)'
INFO: [HLS 214-131] Inlining function '_ZN8ssdm_intILi4ELb1EEC2EDq4_i' into 'ap_int_base<4, true>::ap_int_base<4, false>(ap_int_base<4, false> const&)' (D:/Xilinx/Vitis_HLS/2022.2/common/technology/autopilot\ap_int_base.h:185:106)
INFO: [HLS 214-131] Inlining function 'ap_int_base<4, true>::ap_int_base<4, false>(ap_int_base<4, false> const&)' into 'ap_int<4>::ap_int<4>(ap_uint<4> const&)'
INFO: [HLS 214-131] Inlining function 'ap_int_base<8, false>::range(int, int) const' into 'lenet_w4a4::(anonymous namespace)::unpack_int4(ap_uint<8> const*, int)' (D:/GitHub/vivado/vivado/F_Quantization_W8A8/hls_w4a4/src/lenet_w4a4_pe5.cpp:13:23)
INFO: [HLS 214-131] Inlining function 'ap_int_base<8, false>::range(int, int) const' into 'lenet_w4a4::(anonymous namespace)::unpack_int4(ap_uint<8> const*, int)' (D:/GitHub/vivado/vivado/F_Quantization_W8A8/hls_w4a4/src/lenet_w4a4_pe5.cpp:15:23)
INFO: [HLS 214-131] Inlining function 'ssdm_int<32, true>::ssdm_int(int)' into 'ap_int_base<32, true>::ap_int_base(int)' (D:/Xilinx/Vitis_HLS/2022.2/common/technology/autopilot\ap_int_base.h:214:67)
INFO: [HLS 214-131] Inlining function 'ap_int_base<32, true>::ap_int_base(int)' into 'ap_int<32>::ap_int(int)'
INFO: [HLS 214-131] Inlining function 'ssdm_int<32, true>::ssdm_int(int)' into 'ap_int_base<32, true>::ap_int_base<4, true>(ap_int_base<4, true> const&)' (D:/Xilinx/Vitis_HLS/2022.2/common/technology/autopilot\ap_int_base.h:185:106)
INFO: [HLS 214-131] Inlining function 'ap_int_base<32, true>::ap_int_base<4, true>(ap_int_base<4, true> const&)' into 'ap_int<32>::ap_int<4>(ap_int<4> const&)'
INFO: [HLS 214-131] Inlining function 'ssdm_int<64, true>::ssdm_int(long)' into 'ap_int_base<64, true>::ap_int_base<32, true>(ap_int_base<32, true> const&)' (D:/Xilinx/Vitis_HLS/2022.2/common/technology/autopilot\ap_int_base.h:185:106)
INFO: [HLS 214-131] Inlining function 'ssdm_int<64, true>::ssdm_int(long)' into 'ap_int_base<64, true>::ap_int_base(int)' (D:/Xilinx/Vitis_HLS/2022.2/common/technology/autopilot\ap_int_base.h:214:67)
INFO: [HLS 214-131] Inlining function 'ap_int_base<64, true>::ap_int_base<32, true>(ap_int_base<32, true> const&)' into 'ap_int_base<32, true>::RType<32, true>::mult operator*<32, true, 32, true>(ap_int_base<32, true> const&, ap_int_base<32, true> const&)' (D:/Xilinx/Vitis_HLS/2022.2/common/technology/autopilot\ap_int_base.h:1494:339)
INFO: [HLS 214-131] Inlining function 'ap_int_base<64, true>::ap_int_base(int)' into 'ap_int_base<32, true>::RType<32, true>::mult operator*<32, true, 32, true>(ap_int_base<32, true> const&, ap_int_base<32, true> const&)' (D:/Xilinx/Vitis_HLS/2022.2/common/technology/autopilot\ap_int_base.h:1494:516)
INFO: [HLS 214-131] Inlining function 'ap_int_base<64, true>::ap_int_base<32, true>(ap_int_base<32, true> const&)' into 'ap_int_base<32, true>::RType<32, true>::mult operator*<32, true, 32, true>(ap_int_base<32, true> const&, ap_int_base<32, true> const&)' (D:/Xilinx/Vitis_HLS/2022.2/common/technology/autopilot\ap_int_base.h:1494:427)
INFO: [HLS 214-131] Inlining function 'ap_int_base<32, true>& ap_int_base<32, true>::operator+=<64, true>(ap_int_base<64, true> const&)' into 'void lenet_w4a4::(anonymous namespace)::conv5x5_accumulate<1, 32, 32, 6>(ap_int<4> const*, ap_uint<8> const*, int, ap_int<32>*)' (D:/GitHub/vivado/vivado/F_Quantization_W8A8/hls_w4a4/src/lenet_w4a4_pe5.cpp:177:41)
INFO: [HLS 214-131] Inlining function 'ap_int_base<32, true>::RType<32, true>::mult operator*<32, true, 32, true>(ap_int_base<32, true> const&, ap_int_base<32, true> const&)' into 'void lenet_w4a4::(anonymous namespace)::conv5x5_accumulate<1, 32, 32, 6>(ap_int<4> const*, ap_uint<8> const*, int, ap_int<32>*)' (D:/GitHub/vivado/vivado/F_Quantization_W8A8/hls_w4a4/src/lenet_w4a4_pe5.cpp:180:35)
INFO: [HLS 214-131] Inlining function 'lenet_w4a4::(anonymous namespace)::unpack_int4(ap_uint<8> const*, int)' into 'void lenet_w4a4::(anonymous namespace)::conv5x5_accumulate<1, 32, 32, 6>(ap_int<4> const*, ap_uint<8> const*, int, ap_int<32>*)' (D:/GitHub/vivado/vivado/F_Quantization_W8A8/hls_w4a4/src/lenet_w4a4_pe5.cpp:171:33)
INFO: [HLS 214-131] Inlining function '_ZN8ssdm_intILi4ELb1EEC2EDq4_i' into 'ap_int_base<4, true>::ap_int_base(int)' (D:/Xilinx/Vitis_HLS/2022.2/common/technology/autopilot\ap_int_base.h:214:67)
INFO: [HLS 214-131] Inlining function 'ap_int_base<4, true>::ap_int_base(int)' into 'ap_int<4>::ap_int(int)'
INFO: [HLS 214-131] Inlining function 'ap_int_base<32, true>::ap_int_base(int)' into 'bool operator<=<32, true>(ap_int_base<32, true> const&, int)' (D:/Xilinx/Vitis_HLS/2022.2/common/technology/autopilot\ap_int_base.h:1788:1473)
INFO: [HLS 214-131] Inlining function 'bool ap_int_base<32, true>::operator<=<32, true>(ap_int_base<32, true> const&) const' into 'bool operator<=<32, true>(ap_int_base<32, true> const&, int)' (D:/Xilinx/Vitis_HLS/2022.2/common/technology/autopilot\ap_int_base.h:1788:1470)
INFO: [HLS 214-131] Inlining function 'ap_int_base<32, true>::ap_int_base(int)' into 'bool operator<<32, true>(ap_int_base<32, true> const&, int)' (D:/Xilinx/Vitis_HLS/2022.2/common/technology/autopilot\ap_int_base.h:1788:713)
INFO: [HLS 214-131] Inlining function 'bool ap_int_base<32, true>::operator<<32, true>(ap_int_base<32, true> const&) const' into 'bool operator<<32, true>(ap_int_base<32, true> const&, int)' (D:/Xilinx/Vitis_HLS/2022.2/common/technology/autopilot\ap_int_base.h:1788:711)
INFO: [HLS 214-131] Inlining function '_ZN8ssdm_intILi33ELb1EEC2EDq33_i' into 'ap_int_base<33, true>::ap_int_base<32, true>(ap_int_base<32, true> const&)' (D:/Xilinx/Vitis_HLS/2022.2/common/technology/autopilot\ap_int_base.h:185:106)
INFO: [HLS 214-131] Inlining function 'ap_int_base<33, true>::ap_int_base<32, true>(ap_int_base<32, true> const&)' into 'ap_int<33>::ap_int<32>(ap_int<32> const&)'
INFO: [HLS 214-131] Inlining function '_ZN8ssdm_intILi1ELb0EEC2EDq1_j' into 'ap_int_base<1, false>::ap_int_base(int)' (D:/Xilinx/Vitis_HLS/2022.2/common/technology/autopilot\ap_int_base.h:214:67)
INFO: [HLS 214-131] Inlining function '_ZN8ssdm_intILi34ELb1EEC2EDq34_i' into 'ap_int_base<34, true>::ap_int_base<1, false>(ap_int_base<1, false> const&)' (D:/Xilinx/Vitis_HLS/2022.2/common/technology/autopilot\ap_int_base.h:185:106)
INFO: [HLS 214-131] Inlining function '_ZN8ssdm_intILi34ELb1EEC2EDq34_i' into 'ap_int_base<34, true>::ap_int_base<33, true>(ap_int_base<33, true> const&)' (D:/Xilinx/Vitis_HLS/2022.2/common/technology/autopilot\ap_int_base.h:185:106)
INFO: [HLS 214-131] Inlining function '_ZN8ssdm_intILi34ELb1EEC2EDq34_i' into 'ap_int_base<34, true>::ap_int_base(int)' (D:/Xilinx/Vitis_HLS/2022.2/common/technology/autopilot\ap_int_base.h:214:67)
INFO: [HLS 214-131] Inlining function 'ap_int_base<34, true>::ap_int_base<1, false>(ap_int_base<1, false> const&)' into 'ap_int_base<1, false>::RType<33, true>::minus operator-<1, false, 33, true>(ap_int_base<1, false> const&, ap_int_base<33, true> const&)' (D:/Xilinx/Vitis_HLS/2022.2/common/technology/autopilot\ap_int_base.h:1496:341)
INFO: [HLS 214-131] Inlining function 'ap_int_base<34, true>::ap_int_base(int)' into 'ap_int_base<1, false>::RType<33, true>::minus operator-<1, false, 33, true>(ap_int_base<1, false> const&, ap_int_base<33, true> const&)' (D:/Xilinx/Vitis_HLS/2022.2/common/technology/autopilot\ap_int_base.h:1496:520)
INFO: [HLS 214-131] Inlining function 'ap_int_base<34, true>::ap_int_base<33, true>(ap_int_base<33, true> const&)' into 'ap_int_base<1, false>::RType<33, true>::minus operator-<1, false, 33, true>(ap_int_base<1, false> const&, ap_int_base<33, true> const&)' (D:/Xilinx/Vitis_HLS/2022.2/common/technology/autopilot\ap_int_base.h:1496:430)
INFO: [HLS 214-131] Inlining function 'ap_int_base<1, false>::ap_int_base(int)' into 'ap_int_base<33, true>::operator-() const' (D:/Xilinx/Vitis_HLS/2022.2/common/technology/autopilot\ap_int_base.h:895:12)
INFO: [HLS 214-131] Inlining function 'ap_int_base<1, false>::RType<33, true>::minus operator-<1, false, 33, true>(ap_int_base<1, false> const&, ap_int_base<33, true> const&)' into 'ap_int_base<33, true>::operator-() const' (D:/Xilinx/Vitis_HLS/2022.2/common/technology/autopilot\ap_int_base.h:895:37)
INFO: [HLS 214-131] Inlining function 'ssdm_int<32, false>::ssdm_int(unsigned int)' into 'ap_int_base<32, false>::ap_int_base<34, true>(ap_int_base<34, true> const&)' (D:/Xilinx/Vitis_HLS/2022.2/common/technology/autopilot\ap_int_base.h:185:106)
INFO: [HLS 214-131] Inlining function 'ap_int_base<32, false>::ap_int_base<34, true>(ap_int_base<34, true> const&)' into 'ap_uint<32>::ap_uint<34>(ap_int<34> const&)'
INFO: [HLS 214-131] Inlining function 'ssdm_int<32, false>::ssdm_int(unsigned int)' into 'ap_int_base<32, false>::ap_int_base<32, true>(ap_int_base<32, true> const&)' (D:/Xilinx/Vitis_HLS/2022.2/common/technology/autopilot\ap_int_base.h:185:106)
INFO: [HLS 214-131] Inlining function 'ap_int_base<32, false>::ap_int_base<32, true>(ap_int_base<32, true> const&)' into 'ap_uint<32>::ap_uint<32>(ap_int<32> const&)'
INFO: [HLS 214-131] Inlining function '_ZN8ssdm_intILi80ELb0EEC2EDq80_j' into 'ap_int_base<80, false>::ap_int_base<32, false>(ap_int_base<32, false> const&)' (D:/Xilinx/Vitis_HLS/2022.2/common/technology/autopilot\ap_int_base.h:185:106)
INFO: [HLS 214-131] Inlining function 'ap_int_base<80, false>::ap_int_base<32, false>(ap_int_base<32, false> const&)' into 'ap_uint<80>::ap_uint<32>(ap_uint<32> const&)'
INFO: [HLS 214-131] Inlining function '_ZN8ssdm_intILi48ELb0EEC2EDq48_j' into 'ap_int_base<48, false>::ap_int_base(unsigned long long)' (D:/Xilinx/Vitis_HLS/2022.2/common/technology/autopilot\ap_int_base.h:219:72)
INFO: [HLS 214-131] Inlining function 'ap_int_base<48, false>::ap_int_base(unsigned long long)' into 'ap_uint<48>::ap_uint(unsigned long long)'
INFO: [HLS 214-131] Inlining function 'ssdm_int<128, false>::ssdm_int(unsigned __int128)' into 'ap_int_base<128, false>::ap_int_base<80, false>(ap_int_base<80, false> const&)' (D:/Xilinx/Vitis_HLS/2022.2/common/technology/autopilot\ap_int_base.h:185:106)
INFO: [HLS 214-131] Inlining function 'ssdm_int<128, false>::ssdm_int(unsigned __int128)' into 'ap_int_base<128, false>::ap_int_base<48, false>(ap_int_base<48, false> const&)' (D:/Xilinx/Vitis_HLS/2022.2/common/technology/autopilot\ap_int_base.h:185:106)
INFO: [HLS 214-131] Inlining function 'ssdm_int<128, false>::ssdm_int(unsigned __int128)' into 'ap_int_base<128, false>::ap_int_base(int)' (D:/Xilinx/Vitis_HLS/2022.2/common/technology/autopilot\ap_int_base.h:214:67)
INFO: [HLS 214-131] Inlining function 'ap_int_base<128, false>::ap_int_base<80, false>(ap_int_base<80, false> const&)' into 'ap_int_base<80, false>::RType<48, false>::mult operator*<80, false, 48, false>(ap_int_base<80, false> const&, ap_int_base<48, false> const&)' (D:/Xilinx/Vitis_HLS/2022.2/common/technology/autopilot\ap_int_base.h:1494:339)
INFO: [HLS 214-131] Inlining function 'ap_int_base<128, false>::ap_int_base(int)' into 'ap_int_base<80, false>::RType<48, false>::mult operator*<80, false, 48, false>(ap_int_base<80, false> const&, ap_int_base<48, false> const&)' (D:/Xilinx/Vitis_HLS/2022.2/common/technology/autopilot\ap_int_base.h:1494:516)
INFO: [HLS 214-131] Inlining function 'ap_int_base<128, false>::ap_int_base<48, false>(ap_int_base<48, false> const&)' into 'ap_int_base<80, false>::RType<48, false>::mult operator*<80, false, 48, false>(ap_int_base<80, false> const&, ap_int_base<48, false> const&)' (D:/Xilinx/Vitis_HLS/2022.2/common/technology/autopilot\ap_int_base.h:1494:427)
INFO: [HLS 214-131] Inlining function '_ZN8ssdm_intILi80ELb0EEC2EDq80_j' into 'ap_int_base<80, false>::ap_int_base<128, false>(ap_int_base<128, false> const&)' (D:/Xilinx/Vitis_HLS/2022.2/common/technology/autopilot\ap_int_base.h:185:106)
INFO: [HLS 214-131] Inlining function 'ap_int_base<80, false>::ap_int_base<128, false>(ap_int_base<128, false> const&)' into 'ap_uint<80>::ap_uint<128>(ap_uint<128> const&)'
INFO: [HLS 214-131] Inlining function '_ZN8ssdm_intILi80ELb0EEC2EDq80_j' into 'ap_int_base<80, false>::ap_int_base(int)' (D:/Xilinx/Vitis_HLS/2022.2/common/technology/autopilot\ap_int_base.h:214:67)
INFO: [HLS 214-131] Inlining function 'ap_int_base<80, false>::ap_int_base(int)' into 'ap_int_base<80, false>::RType<80, false>::arg1 operator>><80, false>(ap_int_base<80, false> const&, int)' (D:/Xilinx/Vitis_HLS/2022.2/common/technology/autopilot\ap_int_base.h:1669:558)
INFO: [HLS 214-131] Inlining function '_ZN8ssdm_intILi40ELb0EEC2EDq40_j' into 'ap_int_base<40, false>::ap_int_base<80, false>(ap_int_base<80, false> const&)' (D:/Xilinx/Vitis_HLS/2022.2/common/technology/autopilot\ap_int_base.h:185:106)
INFO: [HLS 214-131] Inlining function 'ap_int_base<40, false>::ap_int_base<80, false>(ap_int_base<80, false> const&)' into 'ap_uint<40>::ap_uint<80>(ap_uint<80> const&)'
INFO: [HLS 214-131] Inlining function 'ap_int_base<80, false>::ap_int_base(int)' into 'ap_uint<80>::ap_uint(int)'
INFO: [HLS 214-131] Inlining function 'ap_int_base<80, false>::ap_int_base(int)' into 'ap_int_base<80, false>::RType<80, false>::arg1 operator<<<80, false>(ap_int_base<80, false> const&, int)' (D:/Xilinx/Vitis_HLS/2022.2/common/technology/autopilot\ap_int_base.h:1669:228)
INFO: [HLS 214-131] Inlining function '_ZN8ssdm_intILi82ELb1EEC2EDq82_i' into 'ap_int_base<82, true>::ap_int_base<80, false>(ap_int_base<80, false> const&)' (D:/Xilinx/Vitis_HLS/2022.2/common/technology/autopilot\ap_int_base.h:185:106)
INFO: [HLS 214-131] Inlining function '_ZN8ssdm_intILi82ELb1EEC2EDq82_i' into 'ap_int_base<82, true>::ap_int_base<32, true>(ap_int_base<32, true> const&)' (D:/Xilinx/Vitis_HLS/2022.2/common/technology/autopilot\ap_int_base.h:185:106)
INFO: [HLS 214-131] Inlining function '_ZN8ssdm_intILi82ELb1EEC2EDq82_i' into 'ap_int_base<82, true>::ap_int_base(int)' (D:/Xilinx/Vitis_HLS/2022.2/common/technology/autopilot\ap_int_base.h:214:67)
INFO: [HLS 214-131] Inlining function 'ap_int_base<82, true>::ap_int_base<80, false>(ap_int_base<80, false> const&)' into 'ap_int_base<80, false>::RType<32, true>::minus operator-<80, false, 32, true>(ap_int_base<80, false> const&, ap_int_base<32, true> const&)' (D:/Xilinx/Vitis_HLS/2022.2/common/technology/autopilot\ap_int_base.h:1496:341)
INFO: [HLS 214-131] Inlining function 'ap_int_base<82, true>::ap_int_base(int)' into 'ap_int_base<80, false>::RType<32, true>::minus operator-<80, false, 32, true>(ap_int_base<80, false> const&, ap_int_base<32, true> const&)' (D:/Xilinx/Vitis_HLS/2022.2/common/technology/autopilot\ap_int_base.h:1496:520)
INFO: [HLS 214-131] Inlining function 'ap_int_base<82, true>::ap_int_base<32, true>(ap_int_base<32, true> const&)' into 'ap_int_base<80, false>::RType<32, true>::minus operator-<80, false, 32, true>(ap_int_base<80, false> const&, ap_int_base<32, true> const&)' (D:/Xilinx/Vitis_HLS/2022.2/common/technology/autopilot\ap_int_base.h:1496:430)
INFO: [HLS 214-131] Inlining function 'ap_int_base<32, true>::ap_int_base(int)' into 'ap_int_base<80, false>::RType<($_0)32, true>::minus operator-<80, false>(ap_int_base<80, false> const&, int)' (D:/Xilinx/Vitis_HLS/2022.2/common/technology/autopilot\ap_int_base.h:1633:1531)
INFO: [HLS 214-131] Inlining function 'ap_int_base<80, false>::RType<32, true>::minus operator-<80, false, 32, true>(ap_int_base<80, false> const&, ap_int_base<32, true> const&)' into 'ap_int_base<80, false>::RType<($_0)32, true>::minus operator-<80, false>(ap_int_base<80, false> const&, int)' (D:/Xilinx/Vitis_HLS/2022.2/common/technology/autopilot\ap_int_base.h:1633:1529)
INFO: [HLS 214-131] Inlining function '_ZN8ssdm_intILi80ELb0EEC2EDq80_j' into 'ap_int_base<80, false>::ap_int_base<82, true>(ap_int_base<82, true> const&)' (D:/Xilinx/Vitis_HLS/2022.2/common/technology/autopilot\ap_int_base.h:185:106)
INFO: [HLS 214-131] Inlining function 'ap_int_base<80, false>::ap_int_base<82, true>(ap_int_base<82, true> const&)' into 'ap_uint<80>::ap_uint<82>(ap_int<82> const&)'
INFO: [HLS 214-131] Inlining function 'ap_int_base<80, false>::ap_int_base(int)' into 'ap_int_base<80, false>::RType<80, false>::logic operator&<80, false, 80, false>(ap_int_base<80, false> const&, ap_int_base<80, false> const&)' (D:/Xilinx/Vitis_HLS/2022.2/common/technology/autopilot\ap_int_base.h:1497:520)
INFO: [HLS 214-131] Inlining function 'ap_bit_ref<40, false>::ap_bit_ref(ap_int_base<40, false>*, int)' into 'ap_int_base<40, false>::operator[](int)' (D:/Xilinx/Vitis_HLS/2022.2/common/technology/autopilot\ap_int_base.h:1129:30)
INFO: [HLS 214-131] Inlining function 'ap_bit_ref<40, false>::operator bool() const' into 'bool operator==<40, false>(ap_bit_ref<40, false> const&, int)' (D:/Xilinx/Vitis_HLS/2022.2/common/technology/autopilot\ap_int_ref.h:1042:365)
INFO: [HLS 214-131] Inlining function 'ap_int_base<1, false>::ap_int_base(int)' into 'ap_int_base<40, false>::operator++(int)' (D:/Xilinx/Vitis_HLS/2022.2/common/technology/autopilot\ap_int_base.h:879:16)
INFO: [HLS 214-131] Inlining function 'ap_int_base<40, false>& ap_int_base<40, false>::operator+=<1, false>(ap_int_base<1, false> const&)' into 'ap_int_base<40, false>::operator++(int)' (D:/Xilinx/Vitis_HLS/2022.2/common/technology/autopilot\ap_int_base.h:879:5)
INFO: [HLS 214-131] Inlining function '_ZN8ssdm_intILi42ELb1EEC2EDq42_i' into 'ap_int_base<42, true>::ap_int_base<40, false>(ap_int_base<40, false> const&)' (D:/Xilinx/Vitis_HLS/2022.2/common/technology/autopilot\ap_int_base.h:185:106)
INFO: [HLS 214-131] Inlining function 'ap_int_base<42, true>::ap_int_base<40, false>(ap_int_base<40, false> const&)' into 'ap_int<42>::ap_int<40>(ap_uint<40> const&)'
INFO: [HLS 214-131] Inlining function '_ZN8ssdm_intILi43ELb1EEC2EDq43_i' into 'ap_int_base<43, true>::ap_int_base<1, false>(ap_int_base<1, false> const&)' (D:/Xilinx/Vitis_HLS/2022.2/common/technology/autopilot\ap_int_base.h:185:106)
INFO: [HLS 214-131] Inlining function '_ZN8ssdm_intILi43ELb1EEC2EDq43_i' into 'ap_int_base<43, true>::ap_int_base<42, true>(ap_int_base<42, true> const&)' (D:/Xilinx/Vitis_HLS/2022.2/common/technology/autopilot\ap_int_base.h:185:106)
INFO: [HLS 214-131] Inlining function '_ZN8ssdm_intILi43ELb1EEC2EDq43_i' into 'ap_int_base<43, true>::ap_int_base(int)' (D:/Xilinx/Vitis_HLS/2022.2/common/technology/autopilot\ap_int_base.h:214:67)
INFO: [HLS 214-131] Inlining function 'ap_int_base<43, true>::ap_int_base<1, false>(ap_int_base<1, false> const&)' into 'ap_int_base<1, false>::RType<42, true>::minus operator-<1, false, 42, true>(ap_int_base<1, false> const&, ap_int_base<42, true> const&)' (D:/Xilinx/Vitis_HLS/2022.2/common/technology/autopilot\ap_int_base.h:1496:341)
INFO: [HLS 214-131] Inlining function 'ap_int_base<43, true>::ap_int_base(int)' into 'ap_int_base<1, false>::RType<42, true>::minus operator-<1, false, 42, true>(ap_int_base<1, false> const&, ap_int_base<42, true> const&)' (D:/Xilinx/Vitis_HLS/2022.2/common/technology/autopilot\ap_int_base.h:1496:520)
INFO: [HLS 214-131] Inlining function 'ap_int_base<43, true>::ap_int_base<42, true>(ap_int_base<42, true> const&)' into 'ap_int_base<1, false>::RType<42, true>::minus operator-<1, false, 42, true>(ap_int_base<1, false> const&, ap_int_base<42, true> const&)' (D:/Xilinx/Vitis_HLS/2022.2/common/technology/autopilot\ap_int_base.h:1496:430)
INFO: [HLS 214-131] Inlining function 'ap_int_base<1, false>::ap_int_base(int)' into 'ap_int_base<42, true>::operator-() const' (D:/Xilinx/Vitis_HLS/2022.2/common/technology/autopilot\ap_int_base.h:895:12)
INFO: [HLS 214-131] Inlining function 'ap_int_base<1, false>::RType<42, true>::minus operator-<1, false, 42, true>(ap_int_base<1, false> const&, ap_int_base<42, true> const&)' into 'ap_int_base<42, true>::operator-() const' (D:/Xilinx/Vitis_HLS/2022.2/common/technology/autopilot\ap_int_base.h:895:37)
INFO: [HLS 214-131] Inlining function '_ZN8ssdm_intILi42ELb1EEC2EDq42_i' into 'ap_int_base<42, true>::ap_int_base<43, true>(ap_int_base<43, true> const&)' (D:/Xilinx/Vitis_HLS/2022.2/common/technology/autopilot\ap_int_base.h:185:106)
INFO: [HLS 214-131] Inlining function 'ap_int_base<42, true>::ap_int_base<43, true>(ap_int_base<43, true> const&)' into 'ap_int<42>::ap_int<43>(ap_int<43> const&)'
INFO: [HLS 214-131] Inlining function 'ap_int_base<32, true>::ap_int_base(int)' into 'bool operator<<42, true>(ap_int_base<42, true> const&, int)' (D:/Xilinx/Vitis_HLS/2022.2/common/technology/autopilot\ap_int_base.h:1788:713)
INFO: [HLS 214-131] Inlining function 'bool ap_int_base<42, true>::operator<<32, true>(ap_int_base<32, true> const&) const' into 'bool operator<<42, true>(ap_int_base<42, true> const&, int)' (D:/Xilinx/Vitis_HLS/2022.2/common/technology/autopilot\ap_int_base.h:1788:711)
INFO: [HLS 214-131] Inlining function '_ZN8ssdm_intILi42ELb1EEC2EDq42_i' into 'ap_int_base<42, true>::ap_int_base(int)' (D:/Xilinx/Vitis_HLS/2022.2/common/technology/autopilot\ap_int_base.h:214:67)
INFO: [HLS 214-131] Inlining function 'ap_int_base<42, true>::ap_int_base(int)' into 'ap_int<42>::ap_int(int)'
INFO: [HLS 214-131] Inlining function 'ap_int_base<32, true>::ap_int_base(int)' into 'bool operator><42, true>(ap_int_base<42, true> const&, int)' (D:/Xilinx/Vitis_HLS/2022.2/common/technology/autopilot\ap_int_base.h:1788:337)
INFO: [HLS 214-131] Inlining function 'bool ap_int_base<42, true>::operator><32, true>(ap_int_base<32, true> const&) const' into 'bool operator><42, true>(ap_int_base<42, true> const&, int)' (D:/Xilinx/Vitis_HLS/2022.2/common/technology/autopilot\ap_int_base.h:1788:335)
INFO: [HLS 214-131] Inlining function '_ZN8ssdm_intILi4ELb1EEC2EDq4_i' into 'ap_int_base<4, true>::ap_int_base<42, true>(ap_int_base<42, true> const&)' (D:/Xilinx/Vitis_HLS/2022.2/common/technology/autopilot\ap_int_base.h:185:106)
INFO: [HLS 214-131] Inlining function 'ap_int_base<4, true>::ap_int_base<42, true>(ap_int_base<42, true> const&)' into 'ap_int<4>::ap_int<42>(ap_int<42> const&)'
INFO: [HLS 214-131] Inlining function 'bool operator<=<32, true>(ap_int_base<32, true> const&, int)' into 'lenet_w4a4::(anonymous namespace)::round_scale_and_saturate(ap_int<32>, unsigned long long, bool)' (D:/GitHub/vivado/vivado/F_Quantization_W8A8/hls_w4a4/src/lenet_w4a4_pe5.cpp:29:20)
INFO: [HLS 214-131] Inlining function 'bool operator<<42, true>(ap_int_base<42, true> const&, int)' into 'lenet_w4a4::(anonymous namespace)::round_scale_and_saturate(ap_int<32>, unsigned long long, bool)' (D:/GitHub/vivado/vivado/F_Quantization_W8A8/hls_w4a4/src/lenet_w4a4_pe5.cpp:87:17)
INFO: [HLS 214-131] Inlining function 'bool operator><42, true>(ap_int_base<42, true> const&, int)' into 'lenet_w4a4::(anonymous namespace)::round_scale_and_saturate(ap_int<32>, unsigned long long, bool)' (D:/GitHub/vivado/vivado/F_Quantization_W8A8/hls_w4a4/src/lenet_w4a4_pe5.cpp:83:17)
INFO: [HLS 214-131] Inlining function 'bool operator<<42, true>(ap_int_base<42, true> const&, int)' into 'lenet_w4a4::(anonymous namespace)::round_scale_and_saturate(ap_int<32>, unsigned long long, bool)' (D:/GitHub/vivado/vivado/F_Quantization_W8A8/hls_w4a4/src/lenet_w4a4_pe5.cpp:79:25)
INFO: [HLS 214-131] Inlining function 'ap_int_base<42, true>::operator-() const' into 'lenet_w4a4::(anonymous namespace)::round_scale_and_saturate(ap_int<32>, unsigned long long, bool)' (D:/GitHub/vivado/vivado/F_Quantization_W8A8/hls_w4a4/src/lenet_w4a4_pe5.cpp:76:19)
INFO: [HLS 214-131] Inlining function 'ap_int_base<40, false>::operator++(int)' into 'lenet_w4a4::(anonymous namespace)::round_scale_and_saturate(ap_int<32>, unsigned long long, bool)' (D:/GitHub/vivado/vivado/F_Quantization_W8A8/hls_w4a4/src/lenet_w4a4_pe5.cpp:66:9)
INFO: [HLS 214-131] Inlining function 'bool operator==<40, false>(ap_bit_ref<40, false> const&, int)' into 'lenet_w4a4::(anonymous namespace)::round_scale_and_saturate(ap_int<32>, unsigned long long, bool)' (D:/GitHub/vivado/vivado/F_Quantization_W8A8/hls_w4a4/src/lenet_w4a4_pe5.cpp:64:43)
INFO: [HLS 214-131] Inlining function 'ap_int_base<40, false>::operator[](int)' into 'lenet_w4a4::(anonymous namespace)::round_scale_and_saturate(ap_int<32>, unsigned long long, bool)' (D:/GitHub/vivado/vivado/F_Quantization_W8A8/hls_w4a4/src/lenet_w4a4_pe5.cpp:64:31)
INFO: [HLS 214-131] Inlining function 'bool ap_int_base<80, false>::operator==<80, false>(ap_int_base<80, false> const&) const' into 'lenet_w4a4::(anonymous namespace)::round_scale_and_saturate(ap_int<32>, unsigned long long, bool)' (D:/GitHub/vivado/vivado/F_Quantization_W8A8/hls_w4a4/src/lenet_w4a4_pe5.cpp:64:20)
INFO: [HLS 214-131] Inlining function 'bool ap_int_base<80, false>::operator><80, false>(ap_int_base<80, false> const&) const' into 'lenet_w4a4::(anonymous namespace)::round_scale_and_saturate(ap_int<32>, unsigned long long, bool)' (D:/GitHub/vivado/vivado/F_Quantization_W8A8/hls_w4a4/src/lenet_w4a4_pe5.cpp:63:19)
INFO: [HLS 214-131] Inlining function 'ap_int_base<80, false>::RType<80, false>::arg1 operator<<<80, false>(ap_int_base<80, false> const&, int)' into 'lenet_w4a4::(anonymous namespace)::round_scale_and_saturate(ap_int<32>, unsigned long long, bool)' (D:/GitHub/vivado/vivado/F_Quantization_W8A8/hls_w4a4/src/lenet_w4a4_pe5.cpp:58:24)
INFO: [HLS 214-131] Inlining function 'ap_int_base<80, false>::RType<80, false>::logic operator&<80, false, 80, false>(ap_int_base<80, false> const&, ap_int_base<80, false> const&)' into 'lenet_w4a4::(anonymous namespace)::round_scale_and_saturate(ap_int<32>, unsigned long long, bool)' (D:/GitHub/vivado/vivado/F_Quantization_W8A8/hls_w4a4/src/lenet_w4a4_pe5.cpp:55:17)
INFO: [HLS 214-131] Inlining function 'ap_int_base<80, false>::RType<($_0)32, true>::minus operator-<80, false>(ap_int_base<80, false> const&, int)' into 'lenet_w4a4::(anonymous namespace)::round_scale_and_saturate(ap_int<32>, unsigned long long, bool)' (D:/GitHub/vivado/vivado/F_Quantization_W8A8/hls_w4a4/src/lenet_w4a4_pe5.cpp:52:43)
INFO: [HLS 214-131] Inlining function 'ap_int_base<80, false>::RType<80, false>::arg1 operator<<<80, false>(ap_int_base<80, false> const&, int)' into 'lenet_w4a4::(anonymous namespace)::round_scale_and_saturate(ap_int<32>, unsigned long long, bool)' (D:/GitHub/vivado/vivado/F_Quantization_W8A8/hls_w4a4/src/lenet_w4a4_pe5.cpp:52:25)
INFO: [HLS 214-131] Inlining function 'ap_int_base<80, false>::RType<80, false>::arg1 operator>><80, false>(ap_int_base<80, false> const&, int)' into 'lenet_w4a4::(anonymous namespace)::round_scale_and_saturate(ap_int<32>, unsigned long long, bool)' (D:/GitHub/vivado/vivado/F_Quantization_W8A8/hls_w4a4/src/lenet_w4a4_pe5.cpp:49:29)
INFO: [HLS 214-131] Inlining function 'ap_int_base<80, false>::RType<48, false>::mult operator*<80, false, 48, false>(ap_int_base<80, false> const&, ap_int_base<48, false> const&)' into 'lenet_w4a4::(anonymous namespace)::round_scale_and_saturate(ap_int<32>, unsigned long long, bool)' (D:/GitHub/vivado/vivado/F_Quantization_W8A8/hls_w4a4/src/lenet_w4a4_pe5.cpp:45:32)
INFO: [HLS 214-131] Inlining function 'ap_int_base<33, true>::operator-() const' into 'lenet_w4a4::(anonymous namespace)::round_scale_and_saturate(ap_int<32>, unsigned long long, bool)' (D:/GitHub/vivado/vivado/F_Quantization_W8A8/hls_w4a4/src/lenet_w4a4_pe5.cpp:39:33)
INFO: [HLS 214-131] Inlining function 'bool operator<<32, true>(ap_int_base<32, true> const&, int)' into 'lenet_w4a4::(anonymous namespace)::round_scale_and_saturate(ap_int<32>, unsigned long long, bool)' (D:/GitHub/vivado/vivado/F_Quantization_W8A8/hls_w4a4/src/lenet_w4a4_pe5.cpp:33:33)
INFO: [HLS 214-131] Inlining function 'bool ap_int_base<4, true>::operator><4, true>(ap_int_base<4, true> const&) const' into 'void lenet_w4a4::(anonymous namespace)::requant_relu_pool2x2<6, 28, 28>(ap_int<32> const*, ap_int<4>*, unsigned long long)' (D:/GitHub/vivado/vivado/F_Quantization_W8A8/hls_w4a4/src/lenet_w4a4_pe5.cpp:271:35)
INFO: [HLS 214-131] Inlining function 'lenet_w4a4::(anonymous namespace)::round_scale_and_saturate(ap_int<32>, unsigned long long, bool)' into 'void lenet_w4a4::(anonymous namespace)::requant_relu_pool2x2<6, 28, 28>(ap_int<32> const*, ap_int<4>*, unsigned long long)' (D:/GitHub/vivado/vivado/F_Quantization_W8A8/hls_w4a4/src/lenet_w4a4_pe5.cpp:265:29)
INFO: [HLS 214-131] Inlining function 'ap_int_base<32, true>& ap_int_base<32, true>::operator+=<64, true>(ap_int_base<64, true> const&)' into 'void lenet_w4a4::(anonymous namespace)::conv5x5_accumulate<6, 14, 14, 16>(ap_int<4> const*, ap_uint<8> const*, int, ap_int<32>*)' (D:/GitHub/vivado/vivado/F_Quantization_W8A8/hls_w4a4/src/lenet_w4a4_pe5.cpp:177:41)
INFO: [HLS 214-131] Inlining function 'ap_int_base<32, true>::RType<32, true>::mult operator*<32, true, 32, true>(ap_int_base<32, true> const&, ap_int_base<32, true> const&)' into 'void lenet_w4a4::(anonymous namespace)::conv5x5_accumulate<6, 14, 14, 16>(ap_int<4> const*, ap_uint<8> const*, int, ap_int<32>*)' (D:/GitHub/vivado/vivado/F_Quantization_W8A8/hls_w4a4/src/lenet_w4a4_pe5.cpp:180:35)
INFO: [HLS 214-131] Inlining function 'lenet_w4a4::(anonymous namespace)::unpack_int4(ap_uint<8> const*, int)' into 'void lenet_w4a4::(anonymous namespace)::conv5x5_accumulate<6, 14, 14, 16>(ap_int<4> const*, ap_uint<8> const*, int, ap_int<32>*)' (D:/GitHub/vivado/vivado/F_Quantization_W8A8/hls_w4a4/src/lenet_w4a4_pe5.cpp:171:33)
INFO: [HLS 214-131] Inlining function 'bool ap_int_base<4, true>::operator><4, true>(ap_int_base<4, true> const&) const' into 'void lenet_w4a4::(anonymous namespace)::requant_relu_pool2x2<16, 10, 10>(ap_int<32> const*, ap_int<4>*, unsigned long long)' (D:/GitHub/vivado/vivado/F_Quantization_W8A8/hls_w4a4/src/lenet_w4a4_pe5.cpp:271:35)
INFO: [HLS 214-131] Inlining function 'lenet_w4a4::(anonymous namespace)::round_scale_and_saturate(ap_int<32>, unsigned long long, bool)' into 'void lenet_w4a4::(anonymous namespace)::requant_relu_pool2x2<16, 10, 10>(ap_int<32> const*, ap_int<4>*, unsigned long long)' (D:/GitHub/vivado/vivado/F_Quantization_W8A8/hls_w4a4/src/lenet_w4a4_pe5.cpp:265:29)
INFO: [HLS 214-131] Inlining function 'ap_int_base<32, true>& ap_int_base<32, true>::operator+=<64, true>(ap_int_base<64, true> const&)' into 'void lenet_w4a4::(anonymous namespace)::conv5x5_accumulate<16, 5, 5, 120>(ap_int<4> const*, ap_uint<8> const*, int, ap_int<32>*)' (D:/GitHub/vivado/vivado/F_Quantization_W8A8/hls_w4a4/src/lenet_w4a4_pe5.cpp:177:41)
INFO: [HLS 214-131] Inlining function 'ap_int_base<32, true>::RType<32, true>::mult operator*<32, true, 32, true>(ap_int_base<32, true> const&, ap_int_base<32, true> const&)' into 'void lenet_w4a4::(anonymous namespace)::conv5x5_accumulate<16, 5, 5, 120>(ap_int<4> const*, ap_uint<8> const*, int, ap_int<32>*)' (D:/GitHub/vivado/vivado/F_Quantization_W8A8/hls_w4a4/src/lenet_w4a4_pe5.cpp:180:35)
INFO: [HLS 214-131] Inlining function 'lenet_w4a4::(anonymous namespace)::unpack_int4(ap_uint<8> const*, int)' into 'void lenet_w4a4::(anonymous namespace)::conv5x5_accumulate<16, 5, 5, 120>(ap_int<4> const*, ap_uint<8> const*, int, ap_int<32>*)' (D:/GitHub/vivado/vivado/F_Quantization_W8A8/hls_w4a4/src/lenet_w4a4_pe5.cpp:171:33)
INFO: [HLS 214-131] Inlining function 'lenet_w4a4::(anonymous namespace)::round_scale_and_saturate(ap_int<32>, unsigned long long, bool)' into 'void lenet_w4a4::(anonymous namespace)::requant_vector<120>(ap_int<32> const*, ap_int<4>*, unsigned long long, bool)' (D:/GitHub/vivado/vivado/F_Quantization_W8A8/hls_w4a4/src/lenet_w4a4_pe5.cpp:306:13)
INFO: [HLS 214-131] Inlining function 'ap_int_base<32, true>& ap_int_base<32, true>::operator+=<64, true>(ap_int_base<64, true> const&)' into 'void lenet_w4a4::(anonymous namespace)::dense_accumulate<120, 84>(ap_int<4> const*, ap_uint<8> const*, int, ap_int<32>*)' (D:/GitHub/vivado/vivado/F_Quantization_W8A8/hls_w4a4/src/lenet_w4a4_pe5.cpp:357:25)
INFO: [HLS 214-131] Inlining function 'ap_int_base<32, true>::RType<32, true>::mult operator*<32, true, 32, true>(ap_int_base<32, true> const&, ap_int_base<32, true> const&)' into 'void lenet_w4a4::(anonymous namespace)::dense_accumulate<120, 84>(ap_int<4> const*, ap_uint<8> const*, int, ap_int<32>*)' (D:/GitHub/vivado/vivado/F_Quantization_W8A8/hls_w4a4/src/lenet_w4a4_pe5.cpp:358:50)
INFO: [HLS 214-131] Inlining function 'lenet_w4a4::(anonymous namespace)::unpack_int4(ap_uint<8> const*, int)' into 'void lenet_w4a4::(anonymous namespace)::dense_accumulate<120, 84>(ap_int<4> const*, ap_uint<8> const*, int, ap_int<32>*)' (D:/GitHub/vivado/vivado/F_Quantization_W8A8/hls_w4a4/src/lenet_w4a4_pe5.cpp:351:17)
INFO: [HLS 214-131] Inlining function 'lenet_w4a4::(anonymous namespace)::round_scale_and_saturate(ap_int<32>, unsigned long long, bool)' into 'void lenet_w4a4::(anonymous namespace)::requant_vector<84>(ap_int<32> const*, ap_int<4>*, unsigned long long, bool)' (D:/GitHub/vivado/vivado/F_Quantization_W8A8/hls_w4a4/src/lenet_w4a4_pe5.cpp:306:13)
INFO: [HLS 214-131] Inlining function 'ap_int_base<32, true>& ap_int_base<32, true>::operator+=<64, true>(ap_int_base<64, true> const&)' into 'void lenet_w4a4::(anonymous namespace)::dense_accumulate<84, 10>(ap_int<4> const*, ap_uint<8> const*, int, ap_int<32>*)' (D:/GitHub/vivado/vivado/F_Quantization_W8A8/hls_w4a4/src/lenet_w4a4_pe5.cpp:357:25)
INFO: [HLS 214-131] Inlining function 'ap_int_base<32, true>::RType<32, true>::mult operator*<32, true, 32, true>(ap_int_base<32, true> const&, ap_int_base<32, true> const&)' into 'void lenet_w4a4::(anonymous namespace)::dense_accumulate<84, 10>(ap_int<4> const*, ap_uint<8> const*, int, ap_int<32>*)' (D:/GitHub/vivado/vivado/F_Quantization_W8A8/hls_w4a4/src/lenet_w4a4_pe5.cpp:358:50)
INFO: [HLS 214-131] Inlining function 'lenet_w4a4::(anonymous namespace)::unpack_int4(ap_uint<8> const*, int)' into 'void lenet_w4a4::(anonymous namespace)::dense_accumulate<84, 10>(ap_int<4> const*, ap_uint<8> const*, int, ap_int<32>*)' (D:/GitHub/vivado/vivado/F_Quantization_W8A8/hls_w4a4/src/lenet_w4a4_pe5.cpp:351:17)
INFO: [HLS 214-131] Inlining function 'lenet_w4a4::(anonymous namespace)::round_scale_and_saturate(ap_int<32>, unsigned long long, bool)' into 'void lenet_w4a4::(anonymous namespace)::requant_vector<10>(ap_int<32> const*, ap_int<4>*, unsigned long long, bool)' (D:/GitHub/vivado/vivado/F_Quantization_W8A8/hls_w4a4/src/lenet_w4a4_pe5.cpp:306:13)
INFO: [HLS 214-131] Inlining function 'lenet_w4a4::(anonymous namespace)::unpack_int4(ap_uint<8> const*, int)' into 'lenet_w4a4_top' (D:/GitHub/vivado/vivado/F_Quantization_W8A8/hls_w4a4/src/lenet_w4a4_pe5.cpp:445:13)
INFO: [HLS 214-178] Inlining function 'void lenet_w4a4::(anonymous namespace)::conv5x5_accumulate<1, 32, 32, 6>(ap_int<4> const*, ap_uint<8> const*, int, ap_int<32>*)' into 'lenet_w4a4_top' (D:/GitHub/vivado/vivado/F_Quantization_W8A8/hls_w4a4/src/lenet_w4a4_pe5.cpp:383:0)
INFO: [HLS 214-178] Inlining function 'void lenet_w4a4::(anonymous namespace)::requant_relu_pool2x2<6, 28, 28>(ap_int<32> const*, ap_int<4>*, unsigned long long)' into 'lenet_w4a4_top' (D:/GitHub/vivado/vivado/F_Quantization_W8A8/hls_w4a4/src/lenet_w4a4_pe5.cpp:383:0)
INFO: [HLS 214-178] Inlining function 'void lenet_w4a4::(anonymous namespace)::conv5x5_accumulate<6, 14, 14, 16>(ap_int<4> const*, ap_uint<8> const*, int, ap_int<32>*)' into 'lenet_w4a4_top' (D:/GitHub/vivado/vivado/F_Quantization_W8A8/hls_w4a4/src/lenet_w4a4_pe5.cpp:383:0)
INFO: [HLS 214-178] Inlining function 'void lenet_w4a4::(anonymous namespace)::requant_relu_pool2x2<16, 10, 10>(ap_int<32> const*, ap_int<4>*, unsigned long long)' into 'lenet_w4a4_top' (D:/GitHub/vivado/vivado/F_Quantization_W8A8/hls_w4a4/src/lenet_w4a4_pe5.cpp:383:0)
INFO: [HLS 214-178] Inlining function 'void lenet_w4a4::(anonymous namespace)::conv5x5_accumulate<16, 5, 5, 120>(ap_int<4> const*, ap_uint<8> const*, int, ap_int<32>*)' into 'lenet_w4a4_top' (D:/GitHub/vivado/vivado/F_Quantization_W8A8/hls_w4a4/src/lenet_w4a4_pe5.cpp:383:0)
INFO: [HLS 214-178] Inlining function 'void lenet_w4a4::(anonymous namespace)::requant_vector<120>(ap_int<32> const*, ap_int<4>*, unsigned long long, bool)' into 'lenet_w4a4_top' (D:/GitHub/vivado/vivado/F_Quantization_W8A8/hls_w4a4/src/lenet_w4a4_pe5.cpp:383:0)
INFO: [HLS 214-178] Inlining function 'void lenet_w4a4::(anonymous namespace)::dense_accumulate<120, 84>(ap_int<4> const*, ap_uint<8> const*, int, ap_int<32>*)' into 'lenet_w4a4_top' (D:/GitHub/vivado/vivado/F_Quantization_W8A8/hls_w4a4/src/lenet_w4a4_pe5.cpp:383:0)
INFO: [HLS 214-178] Inlining function 'void lenet_w4a4::(anonymous namespace)::requant_vector<84>(ap_int<32> const*, ap_int<4>*, unsigned long long, bool)' into 'lenet_w4a4_top' (D:/GitHub/vivado/vivado/F_Quantization_W8A8/hls_w4a4/src/lenet_w4a4_pe5.cpp:383:0)
INFO: [HLS 214-178] Inlining function 'void lenet_w4a4::(anonymous namespace)::dense_accumulate<84, 10>(ap_int<4> const*, ap_uint<8> const*, int, ap_int<32>*)' into 'lenet_w4a4_top' (D:/GitHub/vivado/vivado/F_Quantization_W8A8/hls_w4a4/src/lenet_w4a4_pe5.cpp:383:0)
INFO: [HLS 214-178] Inlining function 'void lenet_w4a4::(anonymous namespace)::requant_vector<10>(ap_int<32> const*, ap_int<4>*, unsigned long long, bool)' into 'lenet_w4a4_top' (D:/GitHub/vivado/vivado/F_Quantization_W8A8/hls_w4a4/src/lenet_w4a4_pe5.cpp:383:0)
INFO: [HLS 214-115] Multiple burst writes of length 10 and bit width 32 in loop 'WRITE_LOGITS'(D:/GitHub/vivado/vivado/F_Quantization_W8A8/hls_w4a4/src/lenet_w4a4_pe5.cpp:566:5) has been inferred on bundle 'gmem2'. These burst requests might be further partitioned into multiple requests during RTL generation, based on max_read_burst_length or max_write_burst_length settings. (D:/GitHub/vivado/vivado/F_Quantization_W8A8/hls_w4a4/src/lenet_w4a4_pe5.cpp:566:5)
INFO: [HLS 200-111] Finished Compiling Optimization and Transform: CPU user time: 1 seconds. CPU system time: 0 seconds. Elapsed time: 7.98 seconds; current allocated memory: 679.980 MB.
INFO: [HLS 200-111] Finished Checking Pragmas: CPU user time: 0 seconds. CPU system time: 0 seconds. Elapsed time: 0.001 seconds; current allocated memory: 680.230 MB.
INFO: [HLS 200-10] Starting code transformations ...
INFO: [HLS 200-111] Finished Standard Transforms: CPU user time: 3 seconds. CPU system time: 0 seconds. Elapsed time: 3.069 seconds; current allocated memory: 699.629 MB.
INFO: [HLS 200-10] Checking synthesizability ...
INFO: [HLS 200-111] Finished Checking Synthesizability: CPU user time: 3 seconds. CPU system time: 0 seconds. Elapsed time: 3.129 seconds; current allocated memory: 713.016 MB.
INFO: [XFORM 203-510] Pipelining loop 'UNPACK_INPUT' (D:/GitHub/vivado/vivado/F_Quantization_W8A8/hls_w4a4/src/lenet_w4a4_pe5.cpp:6) in function 'lenet_w4a4_top' automatically.
INFO: [XFORM 203-510] Pipelining loop 'OUT_COL' (D:/GitHub/vivado/vivado/F_Quantization_W8A8/hls_w4a4/src/lenet_w4a4_pe5.cpp:133) in function 'lenet_w4a4_top' automatically.
INFO: [XFORM 203-510] Pipelining loop 'POOL_COL' (D:/GitHub/vivado/vivado/F_Quantization_W8A8/hls_w4a4/src/lenet_w4a4_pe5.cpp:237) in function 'lenet_w4a4_top' automatically.
INFO: [XFORM 203-510] Pipelining loop 'VITIS_LOOP_148_1' (D:/GitHub/vivado/vivado/F_Quantization_W8A8/hls_w4a4/src/lenet_w4a4_pe5.cpp:133) in function 'lenet_w4a4_top' automatically.
INFO: [XFORM 203-510] Pipelining loop 'POOL_COL' (D:/GitHub/vivado/vivado/F_Quantization_W8A8/hls_w4a4/src/lenet_w4a4_pe5.cpp:237) in function 'lenet_w4a4_top' automatically.
INFO: [XFORM 203-510] Pipelining loop 'VITIS_LOOP_148_1' (D:/GitHub/vivado/vivado/F_Quantization_W8A8/hls_w4a4/src/lenet_w4a4_pe5.cpp:133) in function 'lenet_w4a4_top' automatically.
INFO: [XFORM 203-510] Pipelining loop 'REQUANT_VECTOR' (D:/GitHub/vivado/vivado/F_Quantization_W8A8/hls_w4a4/src/lenet_w4a4_pe5.cpp:301) in function 'lenet_w4a4_top' automatically.
INFO: [XFORM 203-510] Pipelining loop 'DENSE_INPUT' (D:/GitHub/vivado/vivado/F_Quantization_W8A8/hls_w4a4/src/lenet_w4a4_pe5.cpp:337) in function 'lenet_w4a4_top' automatically.
INFO: [XFORM 203-510] Pipelining loop 'REQUANT_VECTOR' (D:/GitHub/vivado/vivado/F_Quantization_W8A8/hls_w4a4/src/lenet_w4a4_pe5.cpp:301) in function 'lenet_w4a4_top' automatically.
INFO: [XFORM 203-510] Pipelining loop 'DENSE_INPUT' (D:/GitHub/vivado/vivado/F_Quantization_W8A8/hls_w4a4/src/lenet_w4a4_pe5.cpp:337) in function 'lenet_w4a4_top' automatically.
INFO: [XFORM 203-510] Pipelining loop 'REQUANT_VECTOR' (D:/GitHub/vivado/vivado/F_Quantization_W8A8/hls_w4a4/src/lenet_w4a4_pe5.cpp:301) in function 'lenet_w4a4_top' automatically.
INFO: [XFORM 203-510] Pipelining loop 'WRITE_LOGITS' (D:/GitHub/vivado/vivado/F_Quantization_W8A8/hls_w4a4/src/lenet_w4a4_pe5.cpp:567) in function 'lenet_w4a4_top' automatically.
INFO: [XFORM 203-502] Unrolling all sub-loops inside loop 'OUT_COL' (D:/GitHub/vivado/vivado/F_Quantization_W8A8/hls_w4a4/src/lenet_w4a4_pe5.cpp:133) in function 'lenet_w4a4_top' for pipelining.
INFO: [XFORM 203-502] Unrolling all sub-loops inside loop 'POOL_COL' (D:/GitHub/vivado/vivado/F_Quantization_W8A8/hls_w4a4/src/lenet_w4a4_pe5.cpp:237) in function 'lenet_w4a4_top' for pipelining.
INFO: [XFORM 203-502] Unrolling all sub-loops inside loop 'POOL_COL' (D:/GitHub/vivado/vivado/F_Quantization_W8A8/hls_w4a4/src/lenet_w4a4_pe5.cpp:237) in function 'lenet_w4a4_top' for pipelining.
INFO: [HLS 200-489] Unrolling loop 'KERNEL_ROW' (D:/GitHub/vivado/vivado/F_Quantization_W8A8/hls_w4a4/src/lenet_w4a4_pe5.cpp:133) in function 'lenet_w4a4_top' completely with a factor of 5.
INFO: [HLS 200-489] Unrolling loop 'VITIS_LOOP_148_1' (D:/GitHub/vivado/vivado/F_Quantization_W8A8/hls_w4a4/src/lenet_w4a4_pe5.cpp:133) in function 'lenet_w4a4_top' completely with a factor of 5.
INFO: [HLS 200-489] Unrolling loop 'POOL_KERNEL_ROW' (D:/GitHub/vivado/vivado/F_Quantization_W8A8/hls_w4a4/src/lenet_w4a4_pe5.cpp:237) in function 'lenet_w4a4_top' completely with a factor of 2.
INFO: [HLS 200-489] Unrolling loop 'POOL_KERNEL_COL' (D:/GitHub/vivado/vivado/F_Quantization_W8A8/hls_w4a4/src/lenet_w4a4_pe5.cpp:237) in function 'lenet_w4a4_top' completely with a factor of 2.
INFO: [XFORM 203-401] Performing if-conversion on hyperblock from (D:/GitHub/vivado/vivado/F_Quantization_W8A8/hls_w4a4/src/lenet_w4a4_pe5.cpp:6:34) to (D:/GitHub/vivado/vivado/F_Quantization_W8A8/hls_w4a4/src/lenet_w4a4_pe5.cpp:439:5) in function 'lenet_w4a4_top'... converting 4 basic blocks.
INFO: [XFORM 203-401] Performing if-conversion on hyperblock from (D:/GitHub/vivado/vivado/F_Quantization_W8A8/hls_w4a4/src/lenet_w4a4_pe5.cpp:133:25) to (D:/GitHub/vivado/vivado/F_Quantization_W8A8/hls_w4a4/src/lenet_w4a4_pe5.cpp:131:13) in function 'lenet_w4a4_top'... converting 76 basic blocks.
INFO: [XFORM 203-401] Performing if-conversion on hyperblock from (D:/GitHub/vivado/vivado/F_Quantization_W8A8/hls_w4a4/src/lenet_w4a4_pe5.cpp:237:23) to (D:/GitHub/vivado/vivado/F_Quantization_W8A8/hls_w4a4/src/lenet_w4a4_pe5.cpp:233:13) in function 'lenet_w4a4_top'... converting 21 basic blocks.
INFO: [XFORM 203-401] Performing if-conversion on hyperblock from (D:/GitHub/vivado/vivado/F_Quantization_W8A8/hls_w4a4/src/lenet_w4a4_pe5.cpp:133:25) to (D:/GitHub/vivado/vivado/F_Quantization_W8A8/hls_w4a4/src/lenet_w4a4_pe5.cpp:148:20) in function 'lenet_w4a4_top'... converting 4 basic blocks.
INFO: [XFORM 203-401] Performing if-conversion on hyperblock from (D:/GitHub/vivado/vivado/F_Quantization_W8A8/hls_w4a4/src/lenet_w4a4_pe5.cpp:237:23) to (D:/GitHub/vivado/vivado/F_Quantization_W8A8/hls_w4a4/src/lenet_w4a4_pe5.cpp:233:13) in function 'lenet_w4a4_top'... converting 21 basic blocks.
INFO: [XFORM 203-401] Performing if-conversion on hyperblock from (D:/GitHub/vivado/vivado/F_Quantization_W8A8/hls_w4a4/src/lenet_w4a4_pe5.cpp:133:25) to (D:/GitHub/vivado/vivado/F_Quantization_W8A8/hls_w4a4/src/lenet_w4a4_pe5.cpp:148:20) in function 'lenet_w4a4_top'... converting 4 basic blocks.
INFO: [XFORM 203-401] Performing if-conversion on hyperblock from (D:/GitHub/vivado/vivado/F_Quantization_W8A8/hls_w4a4/src/lenet_w4a4_pe5.cpp:301:14) to (D:/GitHub/vivado/vivado/F_Quantization_W8A8/hls_w4a4/src/lenet_w4a4_pe5.cpp:301:5) in function 'lenet_w4a4_top'... converting 6 basic blocks.
INFO: [XFORM 203-401] Performing if-conversion on hyperblock from (D:/GitHub/vivado/vivado/F_Quantization_W8A8/hls_w4a4/src/lenet_w4a4_pe5.cpp:337:17) to (D:/GitHub/vivado/vivado/F_Quantization_W8A8/hls_w4a4/src/lenet_w4a4_pe5.cpp:340:9) in function 'lenet_w4a4_top'... converting 4 basic blocks.
INFO: [XFORM 203-401] Performing if-conversion on hyperblock from (D:/GitHub/vivado/vivado/F_Quantization_W8A8/hls_w4a4/src/lenet_w4a4_pe5.cpp:301:14) to (D:/GitHub/vivado/vivado/F_Quantization_W8A8/hls_w4a4/src/lenet_w4a4_pe5.cpp:301:5) in function 'lenet_w4a4_top'... converting 6 basic blocks.
INFO: [XFORM 203-401] Performing if-conversion on hyperblock from (D:/GitHub/vivado/vivado/F_Quantization_W8A8/hls_w4a4/src/lenet_w4a4_pe5.cpp:337:17) to (D:/GitHub/vivado/vivado/F_Quantization_W8A8/hls_w4a4/src/lenet_w4a4_pe5.cpp:340:9) in function 'lenet_w4a4_top'... converting 4 basic blocks.
INFO: [XFORM 203-401] Performing if-conversion on hyperblock from (D:/GitHub/vivado/vivado/F_Quantization_W8A8/hls_w4a4/src/lenet_w4a4_pe5.cpp:301:14) to (D:/GitHub/vivado/vivado/F_Quantization_W8A8/hls_w4a4/src/lenet_w4a4_pe5.cpp:301:5) in function 'lenet_w4a4_top'... converting 4 basic blocks.
INFO: [XFORM 203-11] Balancing expressions in function 'lenet_w4a4_top' (D:/GitHub/vivado/vivado/F_Quantization_W8A8/hls_w4a4/src/lenet_w4a4_pe5.cpp:6:20)...30 expression(s) balanced.
INFO: [HLS 200-111] Finished Loop, function and other optimizations: CPU user time: 4 seconds. CPU system time: 0 seconds. Elapsed time: 3.929 seconds; current allocated memory: 754.395 MB.
INFO: [XFORM 203-541] Flattening a loop nest 'OUT_ROW' (D:/GitHub/vivado/vivado/F_Quantization_W8A8/hls_w4a4/src/lenet_w4a4_pe5.cpp:128:18) in function 'lenet_w4a4_top'.
INFO: [XFORM 203-541] Flattening a loop nest 'OUT_CHANNEL' (D:/GitHub/vivado/vivado/F_Quantization_W8A8/hls_w4a4/src/lenet_w4a4_pe5.cpp:125:14) in function 'lenet_w4a4_top'.
INFO: [XFORM 203-541] Flattening a loop nest 'POOL_ROW' (D:/GitHub/vivado/vivado/F_Quantization_W8A8/hls_w4a4/src/lenet_w4a4_pe5.cpp:228:18) in function 'lenet_w4a4_top'.
INFO: [XFORM 203-541] Flattening a loop nest 'POOL_CHANNEL' (D:/GitHub/vivado/vivado/F_Quantization_W8A8/hls_w4a4/src/lenet_w4a4_pe5.cpp:223:14) in function 'lenet_w4a4_top'.
INFO: [XFORM 203-541] Flattening a loop nest 'KERNEL_ROW' (D:/GitHub/vivado/vivado/F_Quantization_W8A8/hls_w4a4/src/lenet_w4a4_pe5.cpp:133:25) in function 'lenet_w4a4_top'.
INFO: [XFORM 203-541] Flattening a loop nest 'IN_CHANNEL' (D:/GitHub/vivado/vivado/F_Quantization_W8A8/hls_w4a4/src/lenet_w4a4_pe5.cpp:133:25) in function 'lenet_w4a4_top'.
WARNING: [HLS 200-960] Cannot flatten loop 'OUT_COL' (D:/GitHub/vivado/vivado/F_Quantization_W8A8/hls_w4a4/src/lenet_w4a4_pe5.cpp:133:25) in function 'lenet_w4a4_top' the outer loop is not a perfect loop because there is nontrivial logic in the loop latch.
Resolution: For help on HLS 200-960 see www.xilinx.com/cgi-bin/docs/rdoc?v=2022.2;t=hls+guidance;d=200-960.html
INFO: [XFORM 203-541] Flattening a loop nest 'OUT_ROW' (D:/GitHub/vivado/vivado/F_Quantization_W8A8/hls_w4a4/src/lenet_w4a4_pe5.cpp:128:18) in function 'lenet_w4a4_top'.
INFO: [XFORM 203-541] Flattening a loop nest 'OUT_CHANNEL' (D:/GitHub/vivado/vivado/F_Quantization_W8A8/hls_w4a4/src/lenet_w4a4_pe5.cpp:125:14) in function 'lenet_w4a4_top'.
INFO: [XFORM 203-541] Flattening a loop nest 'POOL_ROW' (D:/GitHub/vivado/vivado/F_Quantization_W8A8/hls_w4a4/src/lenet_w4a4_pe5.cpp:228:18) in function 'lenet_w4a4_top'.
INFO: [XFORM 203-541] Flattening a loop nest 'POOL_CHANNEL' (D:/GitHub/vivado/vivado/F_Quantization_W8A8/hls_w4a4/src/lenet_w4a4_pe5.cpp:223:14) in function 'lenet_w4a4_top'.
INFO: [XFORM 203-541] Flattening a loop nest 'KERNEL_ROW' (D:/GitHub/vivado/vivado/F_Quantization_W8A8/hls_w4a4/src/lenet_w4a4_pe5.cpp:133:25) in function 'lenet_w4a4_top'.
INFO: [XFORM 203-541] Flattening a loop nest 'IN_CHANNEL' (D:/GitHub/vivado/vivado/F_Quantization_W8A8/hls_w4a4/src/lenet_w4a4_pe5.cpp:133:25) in function 'lenet_w4a4_top'.
WARNING: [HLS 200-960] Cannot flatten loop 'OUT_CHANNEL' (D:/GitHub/vivado/vivado/F_Quantization_W8A8/hls_w4a4/src/lenet_w4a4_pe5.cpp:125:14) in function 'lenet_w4a4_top' the outer loop is not a perfect loop because there is nontrivial logic in the loop latch.
Resolution: For help on HLS 200-960 see www.xilinx.com/cgi-bin/docs/rdoc?v=2022.2;t=hls+guidance;d=200-960.html
INFO: [XFORM 203-541] Flattening a loop nest 'DENSE_OUTPUT' (D:/GitHub/vivado/vivado/F_Quantization_W8A8/hls_w4a4/src/lenet_w4a4_pe5.cpp:337:17) in function 'lenet_w4a4_top'.
INFO: [XFORM 203-541] Flattening a loop nest 'DENSE_OUTPUT' (D:/GitHub/vivado/vivado/F_Quantization_W8A8/hls_w4a4/src/lenet_w4a4_pe5.cpp:337:17) in function 'lenet_w4a4_top'.
INFO: [HLS 200-472] Inferring partial write operation for 'input.V' (D:/GitHub/vivado/vivado/F_Quantization_W8A8/hls_w4a4/src/lenet_w4a4_pe5.cpp:444:22)
INFO: [HLS 200-472] Inferring partial write operation for 'conv1_acc.V' (D:/GitHub/vivado/vivado/F_Quantization_W8A8/hls_w4a4/src/lenet_w4a4_pe5.cpp:193:43)
INFO: [HLS 200-472] Inferring partial write operation for 'pool1.V' (D:/GitHub/vivado/vivado/F_Quantization_W8A8/hls_w4a4/src/lenet_w4a4_pe5.cpp:284:43)
INFO: [HLS 200-472] Inferring partial write operation for 'conv2_acc.V' (D:/GitHub/vivado/vivado/F_Quantization_W8A8/hls_w4a4/src/lenet_w4a4_pe5.cpp:193:43)
INFO: [HLS 200-472] Inferring partial write operation for 'pool2.V' (D:/GitHub/vivado/vivado/F_Quantization_W8A8/hls_w4a4/src/lenet_w4a4_pe5.cpp:284:43)
INFO: [HLS 200-472] Inferring partial write operation for 'conv3_acc.V' (D:/GitHub/vivado/vivado/F_Quantization_W8A8/hls_w4a4/src/lenet_w4a4_pe5.cpp:193:43)
INFO: [HLS 200-472] Inferring partial write operation for 'conv3_relu.V' (D:/GitHub/vivado/vivado/F_Quantization_W8A8/hls_w4a4/src/lenet_w4a4_pe5.cpp:305:28)
INFO: [HLS 200-472] Inferring partial write operation for 'fc1_acc.V' (D:/GitHub/vivado/vivado/F_Quantization_W8A8/hls_w4a4/src/lenet_w4a4_pe5.cpp:362:35)
INFO: [HLS 200-472] Inferring partial write operation for 'fc1_relu.V' (D:/GitHub/vivado/vivado/F_Quantization_W8A8/hls_w4a4/src/lenet_w4a4_pe5.cpp:305:28)
INFO: [HLS 200-472] Inferring partial write operation for 'fc2_acc.V' (D:/GitHub/vivado/vivado/F_Quantization_W8A8/hls_w4a4/src/lenet_w4a4_pe5.cpp:362:35)
INFO: [HLS 200-472] Inferring partial write operation for 'fc2_quant.V' (D:/GitHub/vivado/vivado/F_Quantization_W8A8/hls_w4a4/src/lenet_w4a4_pe5.cpp:305:28)
INFO: [HLS 200-111] Finished Architecture Synthesis: CPU user time: 7 seconds. CPU system time: 1 seconds. Elapsed time: 8.069 seconds; current allocated memory: 866.594 MB.
INFO: [HLS 200-10] Starting hardware synthesis ...
INFO: [HLS 200-10] Synthesizing 'lenet_w4a4_top' ...
INFO: [HLS 200-10] ----------------------------------------------------------------
INFO: [HLS 200-42] -- Implementing module 'lenet_w4a4_top_Pipeline_UNPACK_INPUT' 
INFO: [HLS 200-10] ----------------------------------------------------------------
INFO: [SCHED 204-11] Starting scheduling ...
INFO: [HLS 200-1457] Automatically inferring inferring RAM_1WNR storage type for array 'input_V'. Use bind_storage pragma to override this type.
INFO: [SCHED 204-61] Pipelining loop 'UNPACK_INPUT'.
INFO: [HLS 200-1470] Pipelining result : Target II = NA, Final II = 1, Depth = 10, loop 'UNPACK_INPUT'
INFO: [SCHED 204-11] Finished scheduling.
INFO: [HLS 200-111] Finished Scheduling: CPU user time: 0 seconds. CPU system time: 0 seconds. Elapsed time: 0.307 seconds; current allocated memory: 871.383 MB.
INFO: [BIND 205-100] Starting micro-architecture generation ...
INFO: [BIND 205-101] Performing variable lifetime analysis.
INFO: [BIND 205-101] Exploring resource sharing.
INFO: [BIND 205-101] Binding ...
INFO: [BIND 205-100] Finished micro-architecture generation.
INFO: [HLS 200-111] Finished Binding: CPU user time: 0 seconds. CPU system time: 0 seconds. Elapsed time: 0.093 seconds; current allocated memory: 872.691 MB.
INFO: [HLS 200-10] ----------------------------------------------------------------
INFO: [HLS 200-42] -- Implementing module 'lenet_w4a4_top_Pipeline_OUT_CHANNEL_OUT_ROW_OUT_COL' 
INFO: [HLS 200-10] ----------------------------------------------------------------
INFO: [SCHED 204-11] Starting scheduling ...
INFO: [HLS 200-486] Changing DSP latency (root=mul_ln840_24) to 3 in order to utilize available DSP registers.
INFO: [HLS 200-486] Changing DSP latency (root=mul_ln840_22) to 3 in order to utilize available DSP registers.
INFO: [HLS 200-486] Changing DSP latency (root=mul_ln840_18) to 3 in order to utilize available DSP registers.
INFO: [HLS 200-486] Changing DSP latency (root=mul_ln840_20) to 3 in order to utilize available DSP registers.
INFO: [HLS 200-486] Changing DSP latency (root=mul_ln840_15) to 3 in order to utilize available DSP registers.
INFO: [HLS 200-486] Changing DSP latency (root=mul_ln840_17) to 3 in order to utilize available DSP registers.
INFO: [HLS 200-486] Changing DSP latency (root=mul_ln840_12) to 3 in order to utilize available DSP registers.
INFO: [HLS 200-486] Changing DSP latency (root=mul_ln840_14) to 3 in order to utilize available DSP registers.
INFO: [HLS 200-486] Changing DSP latency (root=mul_ln840_9) to 3 in order to utilize available DSP registers.
INFO: [HLS 200-486] Changing DSP latency (root=mul_ln840_11) to 3 in order to utilize available DSP registers.
INFO: [HLS 200-486] Changing DSP latency (root=mul_ln840_6) to 3 in order to utilize available DSP registers.
INFO: [HLS 200-486] Changing DSP latency (root=mul_ln840_8) to 3 in order to utilize available DSP registers.
INFO: [HLS 200-486] Changing DSP latency (root=mul_ln840_3) to 3 in order to utilize available DSP registers.
INFO: [HLS 200-486] Changing DSP latency (root=mul_ln840_5) to 3 in order to utilize available DSP registers.
INFO: [HLS 200-486] Changing DSP latency (root=mul_ln840_1) to 3 in order to utilize available DSP registers.
INFO: [HLS 200-486] Changing DSP latency (root=mul_ln840_2) to 3 in order to utilize available DSP registers.
INFO: [HLS 200-1457] Automatically inferring inferring RAM_1WNR storage type for array 'conv1_acc_V'. Use bind_storage pragma to override this type.
INFO: [HLS 200-1457] Automatically inferring inferring RAM_1WNR storage type for array 'input_V'. Use bind_storage pragma to override this type.
INFO: [SCHED 204-61] Pipelining loop 'OUT_CHANNEL_OUT_ROW_OUT_COL'.
WARNING: [HLS 200-885] The II Violation in module 'lenet_w4a4_top_Pipeline_OUT_CHANNEL_OUT_ROW_OUT_COL' (loop 'OUT_CHANNEL_OUT_ROW_OUT_COL'): Unable to schedule bus request operation ('gmem1_load_1_req', D:/GitHub/vivado/vivado/F_Quantization_W8A8/hls_w4a4/src/lenet_w4a4_pe5.cpp:125) on port 'gmem1' (D:/GitHub/vivado/vivado/F_Quantization_W8A8/hls_w4a4/src/lenet_w4a4_pe5.cpp:125) due to limited memory ports (II = 1). Please consider using a memory core with more ports or partitioning the array.
Resolution: For help on HLS 200-885 see www.xilinx.com/cgi-bin/docs/rdoc?v=2022.2;t=hls+guidance;d=200-885.html
WARNING: [HLS 200-885] The II Violation in module 'lenet_w4a4_top_Pipeline_OUT_CHANNEL_OUT_ROW_OUT_COL' (loop 'OUT_CHANNEL_OUT_ROW_OUT_COL'): Unable to schedule bus request operation ('gmem1_load_2_req', D:/GitHub/vivado/vivado/F_Quantization_W8A8/hls_w4a4/src/lenet_w4a4_pe5.cpp:125) on port 'gmem1' (D:/GitHub/vivado/vivado/F_Quantization_W8A8/hls_w4a4/src/lenet_w4a4_pe5.cpp:125) due to limited memory ports (II = 2). Please consider using a memory core with more ports or partitioning the array.
Resolution: For help on HLS 200-885 see www.xilinx.com/cgi-bin/docs/rdoc?v=2022.2;t=hls+guidance;d=200-885.html
WARNING: [HLS 200-885] The II Violation in module 'lenet_w4a4_top_Pipeline_OUT_CHANNEL_OUT_ROW_OUT_COL' (loop 'OUT_CHANNEL_OUT_ROW_OUT_COL'): Unable to schedule bus request operation ('gmem1_load_3_req', D:/GitHub/vivado/vivado/F_Quantization_W8A8/hls_w4a4/src/lenet_w4a4_pe5.cpp:125) on port 'gmem1' (D:/GitHub/vivado/vivado/F_Quantization_W8A8/hls_w4a4/src/lenet_w4a4_pe5.cpp:125) due to limited memory ports (II = 3). Please consider using a memory core with more ports or partitioning the array.
Resolution: For help on HLS 200-885 see www.xilinx.com/cgi-bin/docs/rdoc?v=2022.2;t=hls+guidance;d=200-885.html
WARNING: [HLS 200-885] The II Violation in module 'lenet_w4a4_top_Pipeline_OUT_CHANNEL_OUT_ROW_OUT_COL' (loop 'OUT_CHANNEL_OUT_ROW_OUT_COL'): Unable to schedule bus request operation ('gmem1_load_4_req', D:/GitHub/vivado/vivado/F_Quantization_W8A8/hls_w4a4/src/lenet_w4a4_pe5.cpp:125) on port 'gmem1' (D:/GitHub/vivado/vivado/F_Quantization_W8A8/hls_w4a4/src/lenet_w4a4_pe5.cpp:125) due to limited memory ports (II = 4). Please consider using a memory core with more ports or partitioning the array.
Resolution: For help on HLS 200-885 see www.xilinx.com/cgi-bin/docs/rdoc?v=2022.2;t=hls+guidance;d=200-885.html
WARNING: [HLS 200-885] The II Violation in module 'lenet_w4a4_top_Pipeline_OUT_CHANNEL_OUT_ROW_OUT_COL' (loop 'OUT_CHANNEL_OUT_ROW_OUT_COL'): Unable to schedule bus request operation ('gmem1_load_19_req', D:/GitHub/vivado/vivado/F_Quantization_W8A8/hls_w4a4/src/lenet_w4a4_pe5.cpp:125) on port 'gmem1' (D:/GitHub/vivado/vivado/F_Quantization_W8A8/hls_w4a4/src/lenet_w4a4_pe5.cpp:125) due to limited memory ports (II = 19). Please consider using a memory core with more ports or partitioning the array.
Resolution: For help on HLS 200-885 see www.xilinx.com/cgi-bin/docs/rdoc?v=2022.2;t=hls+guidance;d=200-885.html
WARNING: [HLS 200-885] The II Violation in module 'lenet_w4a4_top_Pipeline_OUT_CHANNEL_OUT_ROW_OUT_COL' (loop 'OUT_CHANNEL_OUT_ROW_OUT_COL'): Unable to schedule bus request operation ('gmem1_load_23_req', D:/GitHub/vivado/vivado/F_Quantization_W8A8/hls_w4a4/src/lenet_w4a4_pe5.cpp:125) on port 'gmem1' (D:/GitHub/vivado/vivado/F_Quantization_W8A8/hls_w4a4/src/lenet_w4a4_pe5.cpp:125) due to limited memory ports (II = 23). Please consider using a memory core with more ports or partitioning the array.
Resolution: For help on HLS 200-885 see www.xilinx.com/cgi-bin/docs/rdoc?v=2022.2;t=hls+guidance;d=200-885.html
WARNING: [HLS 200-885] The II Violation in module 'lenet_w4a4_top_Pipeline_OUT_CHANNEL_OUT_ROW_OUT_COL' (loop 'OUT_CHANNEL_OUT_ROW_OUT_COL'): Unable to schedule bus request operation ('gmem1_load_24_req', D:/GitHub/vivado/vivado/F_Quantization_W8A8/hls_w4a4/src/lenet_w4a4_pe5.cpp:125) on port 'gmem1' (D:/GitHub/vivado/vivado/F_Quantization_W8A8/hls_w4a4/src/lenet_w4a4_pe5.cpp:125) due to limited memory ports (II = 24). Please consider using a memory core with more ports or partitioning the array.
Resolution: For help on HLS 200-885 see www.xilinx.com/cgi-bin/docs/rdoc?v=2022.2;t=hls+guidance;d=200-885.html
INFO: [HLS 200-1470] Pipelining result : Target II = NA, Final II = 25, Depth = 40, loop 'OUT_CHANNEL_OUT_ROW_OUT_COL'
INFO: [SCHED 204-11] Finished scheduling.
INFO: [HLS 200-111] Finished Scheduling: CPU user time: 2 seconds. CPU system time: 0 seconds. Elapsed time: 1.621 seconds; current allocated memory: 883.469 MB.
INFO: [BIND 205-100] Starting micro-architecture generation ...
INFO: [BIND 205-101] Performing variable lifetime analysis.
INFO: [BIND 205-101] Exploring resource sharing.
INFO: [BIND 205-101] Binding ...
INFO: [BIND 205-100] Finished micro-architecture generation.
INFO: [HLS 200-111] Finished Binding: CPU user time: 1 seconds. CPU system time: 0 seconds. Elapsed time: 0.988 seconds; current allocated memory: 883.512 MB.
INFO: [HLS 200-10] ----------------------------------------------------------------
INFO: [HLS 200-42] -- Implementing module 'lenet_w4a4_top_Pipeline_POOL_CHANNEL_POOL_ROW_POOL_COL' 
INFO: [HLS 200-10] ----------------------------------------------------------------
INFO: [SCHED 204-11] Starting scheduling ...
INFO: [HLS 200-1457] Automatically inferring inferring RAM_1WNR storage type for array 'conv1_acc_V'. Use bind_storage pragma to override this type.
INFO: [SCHED 204-61] Pipelining loop 'POOL_CHANNEL_POOL_ROW_POOL_COL'.
INFO: [HLS 200-1470] Pipelining result : Target II = NA, Final II = 1, Depth = 8, loop 'POOL_CHANNEL_POOL_ROW_POOL_COL'
INFO: [SCHED 204-11] Finished scheduling.
INFO: [HLS 200-111] Finished Scheduling: CPU user time: 1 seconds. CPU system time: 0 seconds. Elapsed time: 1.614 seconds; current allocated memory: 883.652 MB.
INFO: [BIND 205-100] Starting micro-architecture generation ...
INFO: [BIND 205-101] Performing variable lifetime analysis.
INFO: [BIND 205-101] Exploring resource sharing.
INFO: [BIND 205-101] Binding ...
INFO: [BIND 205-100] Finished micro-architecture generation.
INFO: [HLS 200-111] Finished Binding: CPU user time: 0 seconds. CPU system time: 0 seconds. Elapsed time: 0.356 seconds; current allocated memory: 883.652 MB.
INFO: [HLS 200-10] ----------------------------------------------------------------
INFO: [HLS 200-42] -- Implementing module 'lenet_w4a4_top_Pipeline_IN_CHANNEL_KERNEL_ROW_VITIS_LOOP_148_1' 
INFO: [HLS 200-10] ----------------------------------------------------------------
INFO: [SCHED 204-11] Starting scheduling ...
INFO: [HLS 200-486] Changing DSP latency (root=mul_ln840_3) to 3 in order to utilize available DSP registers.
INFO: [SCHED 204-61] Pipelining loop 'IN_CHANNEL_KERNEL_ROW_VITIS_LOOP_148_1'.
INFO: [HLS 200-1470] Pipelining result : Target II = NA, Final II = 1, Depth = 16, loop 'IN_CHANNEL_KERNEL_ROW_VITIS_LOOP_148_1'
INFO: [SCHED 204-11] Finished scheduling.
INFO: [HLS 200-111] Finished Scheduling: CPU user time: 1 seconds. CPU system time: 0 seconds. Elapsed time: 0.691 seconds; current allocated memory: 883.656 MB.
INFO: [BIND 205-100] Starting micro-architecture generation ...
INFO: [BIND 205-101] Performing variable lifetime analysis.
INFO: [BIND 205-101] Exploring resource sharing.
INFO: [BIND 205-101] Binding ...
INFO: [BIND 205-100] Finished micro-architecture generation.
INFO: [HLS 200-111] Finished Binding: CPU user time: 0 seconds. CPU system time: 0 seconds. Elapsed time: 0.23 seconds; current allocated memory: 883.656 MB.
INFO: [HLS 200-10] ----------------------------------------------------------------
INFO: [HLS 200-42] -- Implementing module 'lenet_w4a4_top_Pipeline_POOL_CHANNEL_POOL_ROW_POOL_COL1' 
INFO: [HLS 200-10] ----------------------------------------------------------------
INFO: [SCHED 204-11] Starting scheduling ...
INFO: [HLS 200-1457] Automatically inferring inferring RAM_1WNR storage type for array 'conv2_acc_V'. Use bind_storage pragma to override this type.
INFO: [SCHED 204-61] Pipelining loop 'POOL_CHANNEL_POOL_ROW_POOL_COL'.
INFO: [HLS 200-1470] Pipelining result : Target II = NA, Final II = 1, Depth = 9, loop 'POOL_CHANNEL_POOL_ROW_POOL_COL'
INFO: [SCHED 204-11] Finished scheduling.
INFO: [HLS 200-111] Finished Scheduling: CPU user time: 1 seconds. CPU system time: 0 seconds. Elapsed time: 0.475 seconds; current allocated memory: 884.746 MB.
INFO: [BIND 205-100] Starting micro-architecture generation ...
INFO: [BIND 205-101] Performing variable lifetime analysis.
INFO: [BIND 205-101] Exploring resource sharing.
INFO: [BIND 205-101] Binding ...
INFO: [BIND 205-100] Finished micro-architecture generation.
INFO: [HLS 200-111] Finished Binding: CPU user time: 0 seconds. CPU system time: 0 seconds. Elapsed time: 0.374 seconds; current allocated memory: 884.863 MB.
INFO: [HLS 200-10] ----------------------------------------------------------------
INFO: [HLS 200-42] -- Implementing module 'lenet_w4a4_top_Pipeline_IN_CHANNEL_KERNEL_ROW_VITIS_LOOP_148_12' 
INFO: [HLS 200-10] ----------------------------------------------------------------
INFO: [SCHED 204-11] Starting scheduling ...
INFO: [HLS 200-486] Changing DSP latency (root=mul_ln840_2) to 3 in order to utilize available DSP registers.
INFO: [SCHED 204-61] Pipelining loop 'IN_CHANNEL_KERNEL_ROW_VITIS_LOOP_148_1'.
INFO: [HLS 200-1470] Pipelining result : Target II = NA, Final II = 1, Depth = 16, loop 'IN_CHANNEL_KERNEL_ROW_VITIS_LOOP_148_1'
INFO: [SCHED 204-11] Finished scheduling.
INFO: [HLS 200-111] Finished Scheduling: CPU user time: 1 seconds. CPU system time: 0 seconds. Elapsed time: 0.735 seconds; current allocated memory: 886.090 MB.
INFO: [BIND 205-100] Starting micro-architecture generation ...
INFO: [BIND 205-101] Performing variable lifetime analysis.
INFO: [BIND 205-101] Exploring resource sharing.
INFO: [BIND 205-101] Binding ...
INFO: [BIND 205-100] Finished micro-architecture generation.
INFO: [HLS 200-111] Finished Binding: CPU user time: 0 seconds. CPU system time: 0 seconds. Elapsed time: 0.31 seconds; current allocated memory: 886.094 MB.
INFO: [HLS 200-10] ----------------------------------------------------------------
INFO: [HLS 200-42] -- Implementing module 'lenet_w4a4_top_Pipeline_REQUANT_VECTOR' 
INFO: [HLS 200-10] ----------------------------------------------------------------
INFO: [SCHED 204-11] Starting scheduling ...
INFO: [SCHED 204-61] Pipelining loop 'REQUANT_VECTOR'.
INFO: [HLS 200-1470] Pipelining result : Target II = NA, Final II = 1, Depth = 6, loop 'REQUANT_VECTOR'
INFO: [SCHED 204-11] Finished scheduling.
INFO: [HLS 200-111] Finished Scheduling: CPU user time: 0 seconds. CPU system time: 1 seconds. Elapsed time: 0.469 seconds; current allocated memory: 886.230 MB.
INFO: [BIND 205-100] Starting micro-architecture generation ...
INFO: [BIND 205-101] Performing variable lifetime analysis.
INFO: [BIND 205-101] Exploring resource sharing.
INFO: [BIND 205-101] Binding ...
INFO: [BIND 205-100] Finished micro-architecture generation.
INFO: [HLS 200-111] Finished Binding: CPU user time: 0 seconds. CPU system time: 0 seconds. Elapsed time: 0.148 seconds; current allocated memory: 886.230 MB.
INFO: [HLS 200-10] ----------------------------------------------------------------
INFO: [HLS 200-42] -- Implementing module 'lenet_w4a4_top_Pipeline_DENSE_OUTPUT_DENSE_INPUT' 
INFO: [HLS 200-10] ----------------------------------------------------------------
INFO: [SCHED 204-11] Starting scheduling ...
INFO: [HLS 200-486] Changing DSP latency (root=mul_ln840_1) to 3 in order to utilize available DSP registers.
INFO: [SCHED 204-61] Pipelining loop 'DENSE_OUTPUT_DENSE_INPUT'.
INFO: [HLS 200-1470] Pipelining result : Target II = NA, Final II = 1, Depth = 15, loop 'DENSE_OUTPUT_DENSE_INPUT'
INFO: [SCHED 204-11] Finished scheduling.
INFO: [HLS 200-111] Finished Scheduling: CPU user time: 0 seconds. CPU system time: 0 seconds. Elapsed time: 0.257 seconds; current allocated memory: 886.465 MB.
INFO: [BIND 205-100] Starting micro-architecture generation ...
INFO: [BIND 205-101] Performing variable lifetime analysis.
INFO: [BIND 205-101] Exploring resource sharing.
INFO: [BIND 205-101] Binding ...
INFO: [BIND 205-100] Finished micro-architecture generation.
INFO: [HLS 200-111] Finished Binding: CPU user time: 1 seconds. CPU system time: 0 seconds. Elapsed time: 0.178 seconds; current allocated memory: 886.695 MB.
INFO: [HLS 200-10] ----------------------------------------------------------------
INFO: [HLS 200-42] -- Implementing module 'lenet_w4a4_top_Pipeline_REQUANT_VECTOR3' 
INFO: [HLS 200-10] ----------------------------------------------------------------
INFO: [SCHED 204-11] Starting scheduling ...
INFO: [SCHED 204-61] Pipelining loop 'REQUANT_VECTOR'.
INFO: [HLS 200-1470] Pipelining result : Target II = NA, Final II = 1, Depth = 6, loop 'REQUANT_VECTOR'
INFO: [SCHED 204-11] Finished scheduling.
INFO: [HLS 200-111] Finished Scheduling: CPU user time: 0 seconds. CPU system time: 0 seconds. Elapsed time: 0.224 seconds; current allocated memory: 886.898 MB.
INFO: [BIND 205-100] Starting micro-architecture generation ...
INFO: [BIND 205-101] Performing variable lifetime analysis.
INFO: [BIND 205-101] Exploring resource sharing.
INFO: [BIND 205-101] Binding ...
INFO: [BIND 205-100] Finished micro-architecture generation.
INFO: [HLS 200-111] Finished Binding: CPU user time: 0 seconds. CPU system time: 0 seconds. Elapsed time: 0.112 seconds; current allocated memory: 887.023 MB.
INFO: [HLS 200-10] ----------------------------------------------------------------
INFO: [HLS 200-42] -- Implementing module 'lenet_w4a4_top_Pipeline_DENSE_OUTPUT_DENSE_INPUT4' 
INFO: [HLS 200-10] ----------------------------------------------------------------
INFO: [SCHED 204-11] Starting scheduling ...
INFO: [HLS 200-486] Changing DSP latency (root=mul_ln840_4) to 3 in order to utilize available DSP registers.
INFO: [HLS 200-486] Changing DSP latency (root=mul_ln334) to 3 in order to utilize available DSP registers.
INFO: [SCHED 204-61] Pipelining loop 'DENSE_OUTPUT_DENSE_INPUT'.
INFO: [HLS 200-1470] Pipelining result : Target II = NA, Final II = 1, Depth = 17, loop 'DENSE_OUTPUT_DENSE_INPUT'
INFO: [SCHED 204-11] Finished scheduling.
INFO: [HLS 200-111] Finished Scheduling: CPU user time: 0 seconds. CPU system time: 0 seconds. Elapsed time: 0.263 seconds; current allocated memory: 887.477 MB.
INFO: [BIND 205-100] Starting micro-architecture generation ...
INFO: [BIND 205-101] Performing variable lifetime analysis.
INFO: [BIND 205-101] Exploring resource sharing.
INFO: [BIND 205-101] Binding ...
INFO: [BIND 205-100] Finished micro-architecture generation.
INFO: [HLS 200-111] Finished Binding: CPU user time: 0 seconds. CPU system time: 0 seconds. Elapsed time: 0.161 seconds; current allocated memory: 887.570 MB.
INFO: [HLS 200-10] ----------------------------------------------------------------
INFO: [HLS 200-42] -- Implementing module 'lenet_w4a4_top_Pipeline_REQUANT_VECTOR5' 
INFO: [HLS 200-10] ----------------------------------------------------------------
INFO: [SCHED 204-11] Starting scheduling ...
INFO: [SCHED 204-61] Pipelining loop 'REQUANT_VECTOR'.
INFO: [HLS 200-1470] Pipelining result : Target II = NA, Final II = 1, Depth = 7, loop 'REQUANT_VECTOR'
INFO: [SCHED 204-11] Finished scheduling.
INFO: [HLS 200-111] Finished Scheduling: CPU user time: 0 seconds. CPU system time: 0 seconds. Elapsed time: 0.213 seconds; current allocated memory: 887.809 MB.
INFO: [BIND 205-100] Starting micro-architecture generation ...
INFO: [BIND 205-101] Performing variable lifetime analysis.
INFO: [BIND 205-101] Exploring resource sharing.
INFO: [BIND 205-101] Binding ...
INFO: [BIND 205-100] Finished micro-architecture generation.
INFO: [HLS 200-111] Finished Binding: CPU user time: 1 seconds. CPU system time: 0 seconds. Elapsed time: 0.137 seconds; current allocated memory: 887.922 MB.
INFO: [HLS 200-10] ----------------------------------------------------------------
INFO: [HLS 200-42] -- Implementing module 'lenet_w4a4_top_Pipeline_WRITE_LOGITS' 
INFO: [HLS 200-10] ----------------------------------------------------------------
INFO: [SCHED 204-11] Starting scheduling ...
INFO: [SCHED 204-61] Pipelining loop 'WRITE_LOGITS'.
INFO: [HLS 200-1470] Pipelining result : Target II = NA, Final II = 1, Depth = 3, loop 'WRITE_LOGITS'
INFO: [SCHED 204-11] Finished scheduling.
INFO: [HLS 200-111] Finished Scheduling: CPU user time: 0 seconds. CPU system time: 0 seconds. Elapsed time: 0.194 seconds; current allocated memory: 888.082 MB.
INFO: [BIND 205-100] Starting micro-architecture generation ...
INFO: [BIND 205-101] Performing variable lifetime analysis.
INFO: [BIND 205-101] Exploring resource sharing.
INFO: [BIND 205-101] Binding ...
INFO: [BIND 205-100] Finished micro-architecture generation.
INFO: [HLS 200-111] Finished Binding: CPU user time: 0 seconds. CPU system time: 0 seconds. Elapsed time: 0.074 seconds; current allocated memory: 888.238 MB.
INFO: [HLS 200-10] ----------------------------------------------------------------
INFO: [HLS 200-42] -- Implementing module 'lenet_w4a4_top' 
INFO: [HLS 200-10] ----------------------------------------------------------------
INFO: [SCHED 204-11] Starting scheduling ...
INFO: [HLS 200-1457] Automatically inferring inferring RAM_1WNR storage type for array 'conv2_acc_V'. Use bind_storage pragma to override this type.
INFO: [SCHED 204-11] Finished scheduling.
INFO: [HLS 200-111] Finished Scheduling: CPU user time: 0 seconds. CPU system time: 0 seconds. Elapsed time: 0.214 seconds; current allocated memory: 889.102 MB.
INFO: [BIND 205-100] Starting micro-architecture generation ...
INFO: [BIND 205-101] Performing variable lifetime analysis.
INFO: [BIND 205-101] Exploring resource sharing.
INFO: [BIND 205-101] Binding ...
INFO: [BIND 205-100] Finished micro-architecture generation.
INFO: [HLS 200-111] Finished Binding: CPU user time: 1 seconds. CPU system time: 0 seconds. Elapsed time: 0.927 seconds; current allocated memory: 889.852 MB.
INFO: [HLS 200-10] ----------------------------------------------------------------
INFO: [HLS 200-10] -- Generating RTL for module 'lenet_w4a4_top_Pipeline_UNPACK_INPUT' 
INFO: [HLS 200-10] ----------------------------------------------------------------
INFO: [HLS 200-1030] Apply Unified Pipeline Control on module 'lenet_w4a4_top_Pipeline_UNPACK_INPUT' pipeline 'UNPACK_INPUT' pipeline type 'loop pipeline'
INFO: [RTGEN 206-100] Finished creating RTL model for 'lenet_w4a4_top_Pipeline_UNPACK_INPUT'.
INFO: [HLS 200-111] Finished Creating RTL model: CPU user time: 2 seconds. CPU system time: 0 seconds. Elapsed time: 2.423 seconds; current allocated memory: 891.645 MB.
INFO: [HLS 200-10] ----------------------------------------------------------------
INFO: [HLS 200-10] -- Generating RTL for module 'lenet_w4a4_top_Pipeline_OUT_CHANNEL_OUT_ROW_OUT_COL' 
INFO: [HLS 200-10] ----------------------------------------------------------------
INFO: [HLS 200-1030] Apply Unified Pipeline Control on module 'lenet_w4a4_top_Pipeline_OUT_CHANNEL_OUT_ROW_OUT_COL' pipeline 'OUT_CHANNEL_OUT_ROW_OUT_COL' pipeline type 'loop pipeline'
INFO: [RTGEN 206-100] Generating core module 'mac_muladd_4s_4s_8s_9_4_1': 9 instance(s).
INFO: [RTGEN 206-100] Generating core module 'mac_muladd_4s_4s_9s_9_4_1': 7 instance(s).
INFO: [RTGEN 206-100] Generating core module 'mul_4s_4s_8_1_1': 9 instance(s).
INFO: [RTGEN 206-100] Finished creating RTL model for 'lenet_w4a4_top_Pipeline_OUT_CHANNEL_OUT_ROW_OUT_COL'.
INFO: [HLS 200-111] Finished Creating RTL model: CPU user time: 0 seconds. CPU system time: 0 seconds. Elapsed time: 0.538 seconds; current allocated memory: 900.469 MB.
INFO: [HLS 200-10] ----------------------------------------------------------------
INFO: [HLS 200-10] -- Generating RTL for module 'lenet_w4a4_top_Pipeline_POOL_CHANNEL_POOL_ROW_POOL_COL' 
INFO: [HLS 200-10] ----------------------------------------------------------------
INFO: [HLS 200-1030] Apply Unified Pipeline Control on module 'lenet_w4a4_top_Pipeline_POOL_CHANNEL_POOL_ROW_POOL_COL' pipeline 'POOL_CHANNEL_POOL_ROW_POOL_COL' pipeline type 'loop pipeline'
INFO: [RTGEN 206-100] Generating core module 'mul_32ns_36ns_67_2_1': 4 instance(s).
INFO: [RTGEN 206-100] Finished creating RTL model for 'lenet_w4a4_top_Pipeline_POOL_CHANNEL_POOL_ROW_POOL_COL'.
INFO: [HLS 200-111] Finished Creating RTL model: CPU user time: 3 seconds. CPU system time: 2 seconds. Elapsed time: 4.874 seconds; current allocated memory: 913.195 MB.
INFO: [HLS 200-10] ----------------------------------------------------------------
INFO: [HLS 200-10] -- Generating RTL for module 'lenet_w4a4_top_Pipeline_IN_CHANNEL_KERNEL_ROW_VITIS_LOOP_148_1' 
INFO: [HLS 200-10] ----------------------------------------------------------------
INFO: [HLS 200-1030] Apply Unified Pipeline Control on module 'lenet_w4a4_top_Pipeline_IN_CHANNEL_KERNEL_ROW_VITIS_LOOP_148_1' pipeline 'IN_CHANNEL_KERNEL_ROW_VITIS_LOOP_148_1' pipeline type 'loop pipeline'
INFO: [RTGEN 206-100] Generating core module 'mac_muladd_3ns_4s_15s_15_4_1': 1 instance(s).
INFO: [RTGEN 206-100] Finished creating RTL model for 'lenet_w4a4_top_Pipeline_IN_CHANNEL_KERNEL_ROW_VITIS_LOOP_148_1'.
INFO: [HLS 200-111] Finished Creating RTL model: CPU user time: 2 seconds. CPU system time: 0 seconds. Elapsed time: 2.165 seconds; current allocated memory: 917.125 MB.
INFO: [HLS 200-10] ----------------------------------------------------------------
INFO: [HLS 200-10] -- Generating RTL for module 'lenet_w4a4_top_Pipeline_POOL_CHANNEL_POOL_ROW_POOL_COL1' 
INFO: [HLS 200-10] ----------------------------------------------------------------
INFO: [HLS 200-1030] Apply Unified Pipeline Control on module 'lenet_w4a4_top_Pipeline_POOL_CHANNEL_POOL_ROW_POOL_COL1' pipeline 'POOL_CHANNEL_POOL_ROW_POOL_COL' pipeline type 'loop pipeline'
INFO: [RTGEN 206-100] Generating core module 'mul_32ns_37ns_68_2_1': 4 instance(s).
INFO: [RTGEN 206-100] Finished creating RTL model for 'lenet_w4a4_top_Pipeline_POOL_CHANNEL_POOL_ROW_POOL_COL1'.
INFO: [HLS 200-111] Finished Creating RTL model: CPU user time: 0 seconds. CPU system time: 0 seconds. Elapsed time: 1.258 seconds; current allocated memory: 921.535 MB.
INFO: [HLS 200-10] ----------------------------------------------------------------
INFO: [HLS 200-10] -- Generating RTL for module 'lenet_w4a4_top_Pipeline_IN_CHANNEL_KERNEL_ROW_VITIS_LOOP_148_12' 
INFO: [HLS 200-10] ----------------------------------------------------------------
INFO: [HLS 200-1030] Apply Unified Pipeline Control on module 'lenet_w4a4_top_Pipeline_IN_CHANNEL_KERNEL_ROW_VITIS_LOOP_148_12' pipeline 'IN_CHANNEL_KERNEL_ROW_VITIS_LOOP_148_1' pipeline type 'loop pipeline'
INFO: [RTGEN 206-100] Generating core module 'mac_muladd_3ns_4s_16s_16_4_1': 1 instance(s).
INFO: [RTGEN 206-100] Finished creating RTL model for 'lenet_w4a4_top_Pipeline_IN_CHANNEL_KERNEL_ROW_VITIS_LOOP_148_12'.
INFO: [HLS 200-111] Finished Creating RTL model: CPU user time: 2 seconds. CPU system time: 0 seconds. Elapsed time: 1.765 seconds; current allocated memory: 926.145 MB.
INFO: [HLS 200-10] ----------------------------------------------------------------
INFO: [HLS 200-10] -- Generating RTL for module 'lenet_w4a4_top_Pipeline_REQUANT_VECTOR' 
INFO: [HLS 200-10] ----------------------------------------------------------------
INFO: [HLS 200-1030] Apply Unified Pipeline Control on module 'lenet_w4a4_top_Pipeline_REQUANT_VECTOR' pipeline 'REQUANT_VECTOR' pipeline type 'loop pipeline'
INFO: [RTGEN 206-100] Generating core module 'mul_32ns_37ns_68_2_1': 1 instance(s).
INFO: [RTGEN 206-100] Finished creating RTL model for 'lenet_w4a4_top_Pipeline_REQUANT_VECTOR'.
INFO: [HLS 200-111] Finished Creating RTL model: CPU user time: 0 seconds. CPU system time: 1 seconds. Elapsed time: 0.973 seconds; current allocated memory: 928.977 MB.
INFO: [HLS 200-10] ----------------------------------------------------------------
INFO: [HLS 200-10] -- Generating RTL for module 'lenet_w4a4_top_Pipeline_DENSE_OUTPUT_DENSE_INPUT' 
INFO: [HLS 200-10] ----------------------------------------------------------------
INFO: [HLS 200-1030] Apply Unified Pipeline Control on module 'lenet_w4a4_top_Pipeline_DENSE_OUTPUT_DENSE_INPUT' pipeline 'DENSE_OUTPUT_DENSE_INPUT' pipeline type 'loop pipeline'
INFO: [RTGEN 206-100] Generating core module 'mac_muladd_3ns_4s_14s_14_4_1': 1 instance(s).
INFO: [RTGEN 206-100] Finished creating RTL model for 'lenet_w4a4_top_Pipeline_DENSE_OUTPUT_DENSE_INPUT'.
INFO: [HLS 200-111] Finished Creating RTL model: CPU user time: 1 seconds. CPU system time: 0 seconds. Elapsed time: 0.431 seconds; current allocated memory: 930.730 MB.
INFO: [HLS 200-10] ----------------------------------------------------------------
INFO: [HLS 200-10] -- Generating RTL for module 'lenet_w4a4_top_Pipeline_REQUANT_VECTOR3' 
INFO: [HLS 200-10] ----------------------------------------------------------------
INFO: [HLS 200-1030] Apply Unified Pipeline Control on module 'lenet_w4a4_top_Pipeline_REQUANT_VECTOR3' pipeline 'REQUANT_VECTOR' pipeline type 'loop pipeline'
INFO: [RTGEN 206-100] Generating core module 'mul_32ns_38ns_69_2_1': 1 instance(s).
INFO: [RTGEN 206-100] Finished creating RTL model for 'lenet_w4a4_top_Pipeline_REQUANT_VECTOR3'.
INFO: [HLS 200-111] Finished Creating RTL model: CPU user time: 0 seconds. CPU system time: 0 seconds. Elapsed time: 0.606 seconds; current allocated memory: 932.582 MB.
INFO: [HLS 200-10] ----------------------------------------------------------------
INFO: [HLS 200-10] -- Generating RTL for module 'lenet_w4a4_top_Pipeline_DENSE_OUTPUT_DENSE_INPUT4' 
INFO: [HLS 200-10] ----------------------------------------------------------------
INFO: [HLS 200-1030] Apply Unified Pipeline Control on module 'lenet_w4a4_top_Pipeline_DENSE_OUTPUT_DENSE_INPUT4' pipeline 'DENSE_OUTPUT_DENSE_INPUT' pipeline type 'loop pipeline'
INFO: [RTGEN 206-100] Generating core module 'mac_muladd_3ns_4s_14s_14_4_1': 1 instance(s).
INFO: [RTGEN 206-100] Generating core module 'mac_muladd_4ns_7ns_7ns_10_4_1': 1 instance(s).
INFO: [RTGEN 206-100] Finished creating RTL model for 'lenet_w4a4_top_Pipeline_DENSE_OUTPUT_DENSE_INPUT4'.
INFO: [HLS 200-111] Finished Creating RTL model: CPU user time: 0 seconds. CPU system time: 0 seconds. Elapsed time: 0.432 seconds; current allocated memory: 933.559 MB.
INFO: [HLS 200-10] ----------------------------------------------------------------
INFO: [HLS 200-10] -- Generating RTL for module 'lenet_w4a4_top_Pipeline_REQUANT_VECTOR5' 
INFO: [HLS 200-10] ----------------------------------------------------------------
INFO: [HLS 200-1030] Apply Unified Pipeline Control on module 'lenet_w4a4_top_Pipeline_REQUANT_VECTOR5' pipeline 'REQUANT_VECTOR' pipeline type 'loop pipeline'
INFO: [RTGEN 206-100] Generating core module 'mul_32ns_37ns_68_2_1': 1 instance(s).
INFO: [RTGEN 206-100] Finished creating RTL model for 'lenet_w4a4_top_Pipeline_REQUANT_VECTOR5'.
INFO: [HLS 200-111] Finished Creating RTL model: CPU user time: 1 seconds. CPU system time: 0 seconds. Elapsed time: 0.515 seconds; current allocated memory: 935.551 MB.
INFO: [HLS 200-10] ----------------------------------------------------------------
INFO: [HLS 200-10] -- Generating RTL for module 'lenet_w4a4_top_Pipeline_WRITE_LOGITS' 
INFO: [HLS 200-10] ----------------------------------------------------------------
INFO: [HLS 200-1030] Apply Unified Pipeline Control on module 'lenet_w4a4_top_Pipeline_WRITE_LOGITS' pipeline 'WRITE_LOGITS' pipeline type 'loop pipeline'
WARNING: [RTGEN 206-101] Setting dangling out port 'lenet_w4a4_top_Pipeline_WRITE_LOGITS/m_axi_gmem2_AWVALID' to 0.
WARNING: [RTGEN 206-101] Setting dangling out port 'lenet_w4a4_top_Pipeline_WRITE_LOGITS/m_axi_gmem2_AWADDR' to 0.
WARNING: [RTGEN 206-101] Setting dangling out port 'lenet_w4a4_top_Pipeline_WRITE_LOGITS/m_axi_gmem2_AWID' to 0.
WARNING: [RTGEN 206-101] Setting dangling out port 'lenet_w4a4_top_Pipeline_WRITE_LOGITS/m_axi_gmem2_AWLEN' to 0.
WARNING: [RTGEN 206-101] Setting dangling out port 'lenet_w4a4_top_Pipeline_WRITE_LOGITS/m_axi_gmem2_AWSIZE' to 0.
WARNING: [RTGEN 206-101] Setting dangling out port 'lenet_w4a4_top_Pipeline_WRITE_LOGITS/m_axi_gmem2_AWBURST' to 0.
WARNING: [RTGEN 206-101] Setting dangling out port 'lenet_w4a4_top_Pipeline_WRITE_LOGITS/m_axi_gmem2_AWLOCK' to 0.
WARNING: [RTGEN 206-101] Setting dangling out port 'lenet_w4a4_top_Pipeline_WRITE_LOGITS/m_axi_gmem2_AWCACHE' to 0.
WARNING: [RTGEN 206-101] Setting dangling out port 'lenet_w4a4_top_Pipeline_WRITE_LOGITS/m_axi_gmem2_AWPROT' to 0.
WARNING: [RTGEN 206-101] Setting dangling out port 'lenet_w4a4_top_Pipeline_WRITE_LOGITS/m_axi_gmem2_AWQOS' to 0.
WARNING: [RTGEN 206-101] Setting dangling out port 'lenet_w4a4_top_Pipeline_WRITE_LOGITS/m_axi_gmem2_AWREGION' to 0.
WARNING: [RTGEN 206-101] Setting dangling out port 'lenet_w4a4_top_Pipeline_WRITE_LOGITS/m_axi_gmem2_AWUSER' to 0.
WARNING: [RTGEN 206-101] Setting dangling out port 'lenet_w4a4_top_Pipeline_WRITE_LOGITS/m_axi_gmem2_BREADY' to 0.
INFO: [RTGEN 206-100] Finished creating RTL model for 'lenet_w4a4_top_Pipeline_WRITE_LOGITS'.
INFO: [HLS 200-111] Finished Creating RTL model: CPU user time: 0 seconds. CPU system time: 0 seconds. Elapsed time: 0.752 seconds; current allocated memory: 937.512 MB.
INFO: [HLS 200-10] ----------------------------------------------------------------
INFO: [HLS 200-10] -- Generating RTL for module 'lenet_w4a4_top' 
INFO: [HLS 200-10] ----------------------------------------------------------------
WARNING: [RTGEN 206-101] Design contains AXI ports. Reset is fixed to synchronous and active low.
INFO: [RTGEN 206-500] Setting interface mode on port 'lenet_w4a4_top/gmem0' to 'm_axi'.
INFO: [RTGEN 206-500] Setting interface mode on port 'lenet_w4a4_top/gmem1' to 'm_axi'.
INFO: [RTGEN 206-500] Setting interface mode on port 'lenet_w4a4_top/gmem2' to 'm_axi'.
INFO: [RTGEN 206-500] Setting interface mode on port 'lenet_w4a4_top/feature_in' to 's_axilite & ap_none'.
INFO: [RTGEN 206-500] Setting interface mode on port 'lenet_w4a4_top/weight' to 's_axilite & ap_none'.
INFO: [RTGEN 206-500] Setting interface mode on port 'lenet_w4a4_top/logits' to 's_axilite & ap_none'.
INFO: [RTGEN 206-500] Setting interface mode on function 'lenet_w4a4_top' to 's_axilite & ap_ctrl_hs'.
INFO: [RTGEN 206-100] Bundling port 'feature_in', 'weight', 'logits' and 'return' to AXI-Lite port control.
INFO: [RTGEN 206-100] Generating core module 'mul_32ns_37ns_68_2_1': 1 instance(s).
INFO: [RTGEN 206-100] Finished creating RTL model for 'lenet_w4a4_top'.
INFO: [RTMG 210-278] Implementing memory 'lenet_w4a4_top_input_V_RAM_1WNR_AUTO_1R1W' using auto RAMs.
INFO: [RTMG 210-278] Implementing memory 'lenet_w4a4_top_conv1_acc_V_RAM_1WNR_AUTO_1R1W' using auto RAMs.
INFO: [RTMG 210-278] Implementing memory 'lenet_w4a4_top_pool1_V_RAM_AUTO_1R1W' using auto RAMs.
INFO: [RTMG 210-278] Implementing memory 'lenet_w4a4_top_conv2_acc_V_RAM_1WNR_AUTO_1R1W' using auto RAMs.
INFO: [RTMG 210-278] Implementing memory 'lenet_w4a4_top_pool2_V_RAM_AUTO_1R1W' using auto RAMs.
INFO: [RTMG 210-278] Implementing memory 'lenet_w4a4_top_conv3_acc_V_RAM_AUTO_1R1W' using auto RAMs.
INFO: [RTMG 210-278] Implementing memory 'lenet_w4a4_top_conv3_relu_V_RAM_AUTO_1R1W' using auto RAMs.
INFO: [RTMG 210-278] Implementing memory 'lenet_w4a4_top_fc1_acc_V_RAM_AUTO_1R1W' using auto RAMs.
INFO: [RTMG 210-278] Implementing memory 'lenet_w4a4_top_fc1_relu_V_RAM_AUTO_1R1W' using auto RAMs.
INFO: [RTMG 210-278] Implementing memory 'lenet_w4a4_top_fc2_acc_V_RAM_AUTO_1R1W' using auto RAMs.
INFO: [RTMG 210-278] Implementing memory 'lenet_w4a4_top_fc2_quant_V_RAM_AUTO_1R1W' using auto RAMs.
INFO: [HLS 200-111] Finished Creating RTL model: CPU user time: 1 seconds. CPU system time: 1 seconds. Elapsed time: 0.68 seconds; current allocated memory: 941.078 MB.
INFO: [HLS 200-111] Finished Generating all RTL models: CPU user time: 5 seconds. CPU system time: 1 seconds. Elapsed time: 6.551 seconds; current allocated memory: 948.484 MB.
INFO: [HLS 200-1603] Design has inferred MAXI bursts and missed bursts, see Vitis HLS GUI synthesis summary report for detailed information.
INFO: [HLS 200-111] Finished Updating report files: CPU user time: 2 seconds. CPU system time: 0 seconds. Elapsed time: 3.07 seconds; current allocated memory: 959.789 MB.
INFO: [VHDL 208-304] Generating VHDL RTL for lenet_w4a4_top.
INFO: [VLOG 209-307] Generating Verilog RTL for lenet_w4a4_top.
INFO: [HLS 200-790] **** Loop Constraint Status: All loop constraints were NOT satisfied.
INFO: [HLS 200-789] **** Estimated Fmax: 136.99 MHz
INFO: [HLS 200-111] Finished Command csynth_design CPU user time: 47 seconds. CPU system time: 9 seconds. Elapsed time: 71.838 seconds; current allocated memory: 286.172 MB.
INFO: [HLS 200-1510] Running: close_project 
LEVEL3_PE5_SYNTH_PASS tag=W4A4 report=D:/GitHub/vivado/vivado/F_Quantization_W8A8/hls_w4a4/final_delivery/reports/level3_pe5/lenet_w4a4_top_pe5_csynth.rpt
INFO: [HLS 200-112] Total CPU user time: 52 seconds. Total CPU system time: 10 seconds. Total elapsed time: 87.395 seconds; peak allocated memory: 960.484 MB.
INFO: [Common 17-206] Exiting vitis_hls at Mon Sep 14 14:56:33 2026...
