

================================================================
== Vitis HLS Report for 'lenet_full_top_Pipeline_INPUT_CHANNEL2'
================================================================
* Date:           Sun Sep  6 21:32:32 2026

* Version:        2022.2 (Build 3670227 on Oct 13 2022)
* Project:        struct_baseline
* Solution:       solution1 (Vivado IP Flow Target)
* Product family: zynq
* Target device:  xc7z020-clg400-1


================================================================
== Performance Estimates
================================================================
+ Timing: 
    * Summary: 
    +--------+----------+----------+------------+
    |  Clock |  Target  | Estimated| Uncertainty|
    +--------+----------+----------+------------+
    |ap_clk  |  10.00 ns|  8.280 ns|     2.70 ns|
    +--------+----------+----------+------------+

+ Latency: 
    * Summary: 
    +---------+---------+-----------+-----------+------+------+---------+
    |  Latency (cycles) |   Latency (absolute)  |   Interval  | Pipeline|
    |   min   |   max   |    min    |    max    |  min |  max |   Type  |
    +---------+---------+-----------+-----------+------+------+---------+
    |     2008|     2008|  20.080 us|  20.080 us|  2008|  2008|       no|
    +---------+---------+-----------+-----------+------+------+---------+

    + Detail: 
        * Instance: 
        N/A

        * Loop: 
        +-----------------+---------+---------+----------+-----------+-----------+------+----------+
        |                 |  Latency (cycles) | Iteration|  Initiation Interval  | Trip |          |
        |    Loop Name    |   min   |   max   |  Latency |  achieved |   target  | Count| Pipelined|
        +-----------------+---------+---------+----------+-----------+-----------+------+----------+
        |- INPUT_CHANNEL  |     2006|     2006|       132|        125|          1|    16|       yes|
        +-----------------+---------+---------+----------+-----------+-----------+------+----------+



================================================================
== Utilization Estimates
================================================================
* Summary: 
+-----------------+---------+-----+--------+-------+-----+
|       Name      | BRAM_18K| DSP |   FF   |  LUT  | URAM|
+-----------------+---------+-----+--------+-------+-----+
|DSP              |        -|    -|       -|      -|    -|
|Expression       |        -|    -|       0|    459|    -|
|FIFO             |        -|    -|       -|      -|    -|
|Instance         |        -|    -|       -|      -|    -|
|Memory           |        -|    -|       -|      -|    -|
|Multiplexer      |        -|    -|       -|   1239|    -|
|Register         |        -|    -|    1501|      -|    -|
+-----------------+---------+-----+--------+-------+-----+
|Total            |        0|    0|    1501|   1698|    0|
+-----------------+---------+-----+--------+-------+-----+
|Available        |      280|  220|  106400|  53200|    0|
+-----------------+---------+-----+--------+-------+-----+
|Utilization (%)  |        0|    0|       1|      3|    0|
+-----------------+---------+-----+--------+-------+-----+

+ Detail: 
    * Instance: 
    N/A

    * DSP: 
    N/A

    * Memory: 
    N/A

    * FIFO: 
    N/A

    * Expression: 
    +-----------------------------------+----------+----+---+----+------------+------------+
    |           Variable Name           | Operation| DSP| FF| LUT| Bitwidth P0| Bitwidth P1|
    +-----------------------------------+----------+----+---+----+------------+------------+
    |add_ln21_10_fu_698_p2              |         +|   0|  0|  14|           9|           2|
    |add_ln21_11_fu_708_p2              |         +|   0|  0|  14|           9|           3|
    |add_ln21_12_fu_749_p2              |         +|   0|  0|  14|           9|           1|
    |add_ln21_13_fu_765_p2              |         +|   0|  0|  14|           9|           2|
    |add_ln21_14_fu_775_p2              |         +|   0|  0|  14|           9|           2|
    |add_ln21_15_fu_790_p2              |         +|   0|  0|  14|           9|           3|
    |add_ln21_16_fu_833_p2              |         +|   0|  0|  14|           9|           1|
    |add_ln21_17_fu_843_p2              |         +|   0|  0|  14|           9|           2|
    |add_ln21_18_fu_858_p2              |         +|   0|  0|  14|           9|           2|
    |add_ln21_19_fu_868_p2              |         +|   0|  0|  14|           9|           3|
    |add_ln21_1_fu_524_p2               |         +|   0|  0|  14|           9|           2|
    |add_ln21_2_fu_534_p2               |         +|   0|  0|  14|           9|           2|
    |add_ln21_3_fu_544_p2               |         +|   0|  0|  14|           9|           3|
    |add_ln21_4_fu_585_p2               |         +|   0|  0|  14|           9|           1|
    |add_ln21_5_fu_601_p2               |         +|   0|  0|  14|           9|           2|
    |add_ln21_6_fu_611_p2               |         +|   0|  0|  14|           9|           2|
    |add_ln21_7_fu_626_p2               |         +|   0|  0|  14|           9|           3|
    |add_ln21_8_fu_673_p2               |         +|   0|  0|  14|           9|           1|
    |add_ln21_9_fu_683_p2               |         +|   0|  0|  14|           9|           2|
    |add_ln21_fu_514_p2                 |         +|   0|  0|  14|           9|           1|
    |add_ln60_fu_453_p2                 |         +|   0|  0|  13|           5|           1|
    |empty_69_fu_479_p2                 |         +|   0|  0|  14|           7|           7|
    |empty_70_fu_497_p2                 |         +|   0|  0|  14|           9|           9|
    |empty_71_fu_554_p2                 |         +|   0|  0|  14|           7|           1|
    |empty_72_fu_574_p2                 |         +|   0|  0|  14|           9|           9|
    |empty_73_fu_636_p2                 |         +|   0|  0|  14|           7|           2|
    |empty_74_fu_653_p2                 |         +|   0|  0|  14|           9|           9|
    |empty_75_fu_718_p2                 |         +|   0|  0|  14|           7|           2|
    |empty_76_fu_738_p2                 |         +|   0|  0|  14|           9|           9|
    |empty_77_fu_800_p2                 |         +|   0|  0|  14|           7|           3|
    |empty_78_fu_817_p2                 |         +|   0|  0|  14|           9|           9|
    |ap_block_pp0_stage10_11001         |       and|   0|  0|   2|           1|           1|
    |ap_block_state10_pp0_stage9_iter0  |       and|   0|  0|   2|           1|           1|
    |icmp_ln59_fu_447_p2                |      icmp|   0|  0|  10|           5|           6|
    |ifzero189_fu_508_p2                |      icmp|   0|  0|  10|           5|           6|
    |ap_enable_pp0                      |       xor|   0|  0|   2|           1|           2|
    +-----------------------------------+----------+----+---+----+------------+------------+
    |Total                              |          |   0|  0| 459|         278|         117|
    +-----------------------------------+----------+----+---+----+------------+------------+

    * Multiplexer: 
    +-------------------------------------+-----+-----------+-----+-----------+
    |                 Name                | LUT | Input Size| Bits| Total Bits|
    +-------------------------------------+-----+-----------+-----+-----------+
    |accumulator_1_fu_84                  |    9|          2|   32|         64|
    |ap_NS_fsm                            |  658|        126|    1|        126|
    |ap_done_int                          |    9|          2|    1|          2|
    |ap_enable_reg_pp0_iter0              |    9|          2|    1|          2|
    |ap_enable_reg_pp0_iter0_reg          |    9|          2|    1|          2|
    |ap_enable_reg_pp0_iter1              |    9|          2|    1|          2|
    |ap_sig_allocacmp_accumulator_1_load  |    9|          2|   32|         64|
    |ap_sig_allocacmp_input_channel_1     |    9|          2|    5|         10|
    |gmem1_blk_n_R                        |    9|          2|    1|          2|
    |grp_fu_336_p0                        |   14|          3|   32|         96|
    |grp_fu_336_p1                        |  113|         22|   32|        704|
    |grp_fu_340_p0                        |   81|         17|   32|        544|
    |grp_fu_340_p1                        |  117|         26|   32|        832|
    |input_channel_fu_88                  |    9|          2|    5|         10|
    |pool2_output_address0                |   65|         14|    9|        126|
    |pool2_output_address1                |   65|         13|    9|        117|
    |reg_344                              |    9|          2|   32|         64|
    |reg_359                              |    9|          2|   32|         64|
    |reg_370                              |    9|          2|   32|         64|
    |reg_381                              |    9|          2|   32|         64|
    |reg_387                              |    9|          2|   32|         64|
    +-------------------------------------+-----+-----------+-----+-----------+
    |Total                                | 1239|        249|  386|       3023|
    +-------------------------------------+-----+-----------+-----+-----------+

    * Register: 
    +-----------------------------------------+-----+----+-----+-----------+
    |                   Name                  |  FF | LUT| Bits| Const Bits|
    +-----------------------------------------+-----+----+-----+-----------+
    |accumulator_1_fu_84                      |   32|   0|   32|          0|
    |add_ln60_reg_990                         |    5|   0|    5|          0|
    |ap_CS_fsm                                |  125|   0|  125|          0|
    |ap_done_reg                              |    1|   0|    1|          0|
    |ap_enable_reg_pp0_iter0_reg              |    1|   0|    1|          0|
    |ap_enable_reg_pp0_iter1                  |    1|   0|    1|          0|
    |conv3_output_addr_reg_976                |    7|   0|    7|          0|
    |conv3_output_addr_reg_976_pp0_iter1_reg  |    7|   0|    7|          0|
    |empty_69_reg_995                         |    7|   0|    7|          0|
    |empty_70_reg_1003                        |    9|   0|    9|          0|
    |empty_71_reg_1040                        |    7|   0|    7|          0|
    |empty_72_reg_1051                        |    9|   0|    9|          0|
    |empty_74_reg_1093                        |    9|   0|    9|          0|
    |empty_75_reg_1151                        |    7|   0|    7|          0|
    |empty_76_reg_1167                        |    9|   0|    9|          0|
    |empty_78_reg_1224                        |    9|   0|    9|          0|
    |icmp_ln59_reg_986                        |    1|   0|    1|          0|
    |ifzero189_reg_1016                       |    1|   0|    1|          0|
    |ifzero189_reg_1016_pp0_iter1_reg         |    1|   0|    1|          0|
    |input_channel_fu_88                      |    5|   0|    5|          0|
    |mul_i5_i1_10_reg_1322                    |   32|   0|   32|          0|
    |mul_i5_i1_11_reg_1332                    |   32|   0|   32|          0|
    |mul_i5_i1_12_reg_1342                    |   32|   0|   32|          0|
    |mul_i5_i1_13_reg_1352                    |   32|   0|   32|          0|
    |mul_i5_i1_15_reg_1367                    |   32|   0|   32|          0|
    |mul_i5_i1_16_reg_1377                    |   32|   0|   32|          0|
    |mul_i5_i1_17_reg_1387                    |   32|   0|   32|          0|
    |mul_i5_i1_18_reg_1397                    |   32|   0|   32|          0|
    |mul_i5_i1_20_reg_1412                    |   32|   0|   32|          0|
    |mul_i5_i1_21_reg_1422                    |   32|   0|   32|          0|
    |mul_i5_i1_22_reg_1427                    |   32|   0|   32|          0|
    |mul_i5_i1_23_reg_1432                    |   32|   0|   32|          0|
    |mul_i5_i1_4_reg_1204                     |   32|   0|   32|          0|
    |mul_i5_i1_6_reg_1257                     |   32|   0|   32|          0|
    |mul_i5_i1_7_reg_1282                     |   32|   0|   32|          0|
    |mul_i5_i1_8_reg_1297                     |   32|   0|   32|          0|
    |mul_i5_i1_9_reg_1307                     |   32|   0|   32|          0|
    |reg_344                                  |   32|   0|   32|          0|
    |reg_350                                  |   32|   0|   32|          0|
    |reg_354                                  |   32|   0|   32|          0|
    |reg_359                                  |   32|   0|   32|          0|
    |reg_365                                  |   32|   0|   32|          0|
    |reg_370                                  |   32|   0|   32|          0|
    |reg_376                                  |   32|   0|   32|          0|
    |reg_381                                  |   32|   0|   32|          0|
    |reg_387                                  |   32|   0|   32|          0|
    |reg_393                                  |   32|   0|   32|          0|
    |reg_398                                  |   32|   0|   32|          0|
    |reg_403                                  |   32|   0|   32|          0|
    |reg_408                                  |   32|   0|   32|          0|
    |reg_413                                  |   32|   0|   32|          0|
    |window_10_reg_1116                       |   32|   0|   32|          0|
    |window_12_reg_1136                       |   32|   0|   32|          0|
    |window_14_reg_1162                       |   32|   0|   32|          0|
    |window_16_reg_1189                       |   32|   0|   32|          0|
    |window_18_reg_1214                       |   32|   0|   32|          0|
    |window_20_reg_1242                       |   32|   0|   32|          0|
    |window_22_reg_1267                       |   32|   0|   32|          0|
    |window_24_reg_1292                       |   32|   0|   32|          0|
    +-----------------------------------------+-----+----+-----+-----------+
    |Total                                    | 1501|   0| 1501|          0|
    +-----------------------------------------+-----+----+-----+-----------+



================================================================
== Interface
================================================================
* Summary: 
+-----------------------+-----+-----+------------+----------------------------------------+--------------+
|       RTL Ports       | Dir | Bits|  Protocol  |              Source Object             |    C Type    |
+-----------------------+-----+-----+------------+----------------------------------------+--------------+
|ap_clk                 |   in|    1|  ap_ctrl_hs|  lenet_full_top_Pipeline_INPUT_CHANNEL2|  return value|
|ap_rst                 |   in|    1|  ap_ctrl_hs|  lenet_full_top_Pipeline_INPUT_CHANNEL2|  return value|
|ap_start               |   in|    1|  ap_ctrl_hs|  lenet_full_top_Pipeline_INPUT_CHANNEL2|  return value|
|ap_done                |  out|    1|  ap_ctrl_hs|  lenet_full_top_Pipeline_INPUT_CHANNEL2|  return value|
|ap_idle                |  out|    1|  ap_ctrl_hs|  lenet_full_top_Pipeline_INPUT_CHANNEL2|  return value|
|ap_ready               |  out|    1|  ap_ctrl_hs|  lenet_full_top_Pipeline_INPUT_CHANNEL2|  return value|
|grp_fu_1402_p_din0     |  out|   32|  ap_ctrl_hs|  lenet_full_top_Pipeline_INPUT_CHANNEL2|  return value|
|grp_fu_1402_p_din1     |  out|   32|  ap_ctrl_hs|  lenet_full_top_Pipeline_INPUT_CHANNEL2|  return value|
|grp_fu_1402_p_opcode   |  out|    2|  ap_ctrl_hs|  lenet_full_top_Pipeline_INPUT_CHANNEL2|  return value|
|grp_fu_1402_p_dout0    |   in|   32|  ap_ctrl_hs|  lenet_full_top_Pipeline_INPUT_CHANNEL2|  return value|
|grp_fu_1402_p_ce       |  out|    1|  ap_ctrl_hs|  lenet_full_top_Pipeline_INPUT_CHANNEL2|  return value|
|grp_fu_1406_p_din0     |  out|   32|  ap_ctrl_hs|  lenet_full_top_Pipeline_INPUT_CHANNEL2|  return value|
|grp_fu_1406_p_din1     |  out|   32|  ap_ctrl_hs|  lenet_full_top_Pipeline_INPUT_CHANNEL2|  return value|
|grp_fu_1406_p_dout0    |   in|   32|  ap_ctrl_hs|  lenet_full_top_Pipeline_INPUT_CHANNEL2|  return value|
|grp_fu_1406_p_ce       |  out|    1|  ap_ctrl_hs|  lenet_full_top_Pipeline_INPUT_CHANNEL2|  return value|
|m_axi_gmem1_AWVALID    |  out|    1|       m_axi|                                   gmem1|       pointer|
|m_axi_gmem1_AWREADY    |   in|    1|       m_axi|                                   gmem1|       pointer|
|m_axi_gmem1_AWADDR     |  out|   64|       m_axi|                                   gmem1|       pointer|
|m_axi_gmem1_AWID       |  out|    1|       m_axi|                                   gmem1|       pointer|
|m_axi_gmem1_AWLEN      |  out|   32|       m_axi|                                   gmem1|       pointer|
|m_axi_gmem1_AWSIZE     |  out|    3|       m_axi|                                   gmem1|       pointer|
|m_axi_gmem1_AWBURST    |  out|    2|       m_axi|                                   gmem1|       pointer|
|m_axi_gmem1_AWLOCK     |  out|    2|       m_axi|                                   gmem1|       pointer|
|m_axi_gmem1_AWCACHE    |  out|    4|       m_axi|                                   gmem1|       pointer|
|m_axi_gmem1_AWPROT     |  out|    3|       m_axi|                                   gmem1|       pointer|
|m_axi_gmem1_AWQOS      |  out|    4|       m_axi|                                   gmem1|       pointer|
|m_axi_gmem1_AWREGION   |  out|    4|       m_axi|                                   gmem1|       pointer|
|m_axi_gmem1_AWUSER     |  out|    1|       m_axi|                                   gmem1|       pointer|
|m_axi_gmem1_WVALID     |  out|    1|       m_axi|                                   gmem1|       pointer|
|m_axi_gmem1_WREADY     |   in|    1|       m_axi|                                   gmem1|       pointer|
|m_axi_gmem1_WDATA      |  out|   32|       m_axi|                                   gmem1|       pointer|
|m_axi_gmem1_WSTRB      |  out|    4|       m_axi|                                   gmem1|       pointer|
|m_axi_gmem1_WLAST      |  out|    1|       m_axi|                                   gmem1|       pointer|
|m_axi_gmem1_WID        |  out|    1|       m_axi|                                   gmem1|       pointer|
|m_axi_gmem1_WUSER      |  out|    1|       m_axi|                                   gmem1|       pointer|
|m_axi_gmem1_ARVALID    |  out|    1|       m_axi|                                   gmem1|       pointer|
|m_axi_gmem1_ARREADY    |   in|    1|       m_axi|                                   gmem1|       pointer|
|m_axi_gmem1_ARADDR     |  out|   64|       m_axi|                                   gmem1|       pointer|
|m_axi_gmem1_ARID       |  out|    1|       m_axi|                                   gmem1|       pointer|
|m_axi_gmem1_ARLEN      |  out|   32|       m_axi|                                   gmem1|       pointer|
|m_axi_gmem1_ARSIZE     |  out|    3|       m_axi|                                   gmem1|       pointer|
|m_axi_gmem1_ARBURST    |  out|    2|       m_axi|                                   gmem1|       pointer|
|m_axi_gmem1_ARLOCK     |  out|    2|       m_axi|                                   gmem1|       pointer|
|m_axi_gmem1_ARCACHE    |  out|    4|       m_axi|                                   gmem1|       pointer|
|m_axi_gmem1_ARPROT     |  out|    3|       m_axi|                                   gmem1|       pointer|
|m_axi_gmem1_ARQOS      |  out|    4|       m_axi|                                   gmem1|       pointer|
|m_axi_gmem1_ARREGION   |  out|    4|       m_axi|                                   gmem1|       pointer|
|m_axi_gmem1_ARUSER     |  out|    1|       m_axi|                                   gmem1|       pointer|
|m_axi_gmem1_RVALID     |   in|    1|       m_axi|                                   gmem1|       pointer|
|m_axi_gmem1_RREADY     |  out|    1|       m_axi|                                   gmem1|       pointer|
|m_axi_gmem1_RDATA      |   in|   32|       m_axi|                                   gmem1|       pointer|
|m_axi_gmem1_RLAST      |   in|    1|       m_axi|                                   gmem1|       pointer|
|m_axi_gmem1_RID        |   in|    1|       m_axi|                                   gmem1|       pointer|
|m_axi_gmem1_RFIFONUM   |   in|    9|       m_axi|                                   gmem1|       pointer|
|m_axi_gmem1_RUSER      |   in|    1|       m_axi|                                   gmem1|       pointer|
|m_axi_gmem1_RRESP      |   in|    2|       m_axi|                                   gmem1|       pointer|
|m_axi_gmem1_BVALID     |   in|    1|       m_axi|                                   gmem1|       pointer|
|m_axi_gmem1_BREADY     |  out|    1|       m_axi|                                   gmem1|       pointer|
|m_axi_gmem1_BRESP      |   in|    2|       m_axi|                                   gmem1|       pointer|
|m_axi_gmem1_BID        |   in|    1|       m_axi|                                   gmem1|       pointer|
|m_axi_gmem1_BUSER      |   in|    1|       m_axi|                                   gmem1|       pointer|
|accumulator            |   in|   32|     ap_none|                             accumulator|        scalar|
|conv3_output_address0  |  out|    7|   ap_memory|                            conv3_output|         array|
|conv3_output_ce0       |  out|    1|   ap_memory|                            conv3_output|         array|
|conv3_output_we0       |  out|    1|   ap_memory|                            conv3_output|         array|
|conv3_output_d0        |  out|   32|   ap_memory|                            conv3_output|         array|
|zext_ln51_1            |   in|    7|     ap_none|                             zext_ln51_1|        scalar|
|sext_ln51_2            |   in|   62|     ap_none|                             sext_ln51_2|        scalar|
|pool2_output_address0  |  out|    9|   ap_memory|                            pool2_output|         array|
|pool2_output_ce0       |  out|    1|   ap_memory|                            pool2_output|         array|
|pool2_output_q0        |   in|   32|   ap_memory|                            pool2_output|         array|
|pool2_output_address1  |  out|    9|   ap_memory|                            pool2_output|         array|
|pool2_output_ce1       |  out|    1|   ap_memory|                            pool2_output|         array|
|pool2_output_q1        |   in|   32|   ap_memory|                            pool2_output|         array|
+-----------------------+-----+-----+------------+----------------------------------------+--------------+

