

================================================================
== Vitis HLS Report for 'lenet_full_top_Pipeline_POOL_CHANNEL_POOL_ROW_POOL_COL'
================================================================
* Date:           Sun Sep  6 21:33:03 2026

* Version:        2022.2 (Build 3670227 on Oct 13 2022)
* Project:        mac_unroll_2
* Solution:       solution1 (Vivado IP Flow Target)
* Product family: zynq
* Target device:  xc7z020-clg400-1


================================================================
== Performance Estimates
================================================================
+ Timing: 
    * Summary: 
    +--------+----------+----------+------------+
    |  Clock |  Target  | Estimated| Uncertainty|
    +--------+----------+----------+------------+
    |ap_clk  |  10.00 ns|  7.107 ns|     2.70 ns|
    +--------+----------+----------+------------+

+ Latency: 
    * Summary: 
    +---------+---------+-----------+-----------+------+------+---------+
    |  Latency (cycles) |   Latency (absolute)  |   Interval  | Pipeline|
    |   min   |   max   |    min    |    max    |  min |  max |   Type  |
    +---------+---------+-----------+-----------+------+------+---------+
    |     1188|     1188|  11.880 us|  11.880 us|  1188|  1188|       no|
    +---------+---------+-----------+-----------+------+------+---------+

    + Detail: 
        * Instance: 
        N/A

        * Loop: 
        +----------------------------------+---------+---------+----------+-----------+-----------+------+----------+
        |                                  |  Latency (cycles) | Iteration|  Initiation Interval  | Trip |          |
        |             Loop Name            |   min   |   max   |  Latency |  achieved |   target  | Count| Pipelined|
        +----------------------------------+---------+---------+----------+-----------+-----------+------+----------+
        |- POOL_CHANNEL_POOL_ROW_POOL_COL  |     1186|     1186|        12|          1|          1|  1176|       yes|
        +----------------------------------+---------+---------+----------+-----------+-----------+------+----------+

============================================================
+ Verbose Summary: Synthesis Manager
============================================================
InlineROM: 1
ExposeGlobal: 0
============================================================
+ Verbose Summary: CDFG Model
============================================================
IsTopModel: 0
ResetActiveHigh: 1
IsCombinational: 0
IsDatapathOnly: 0
HasWiredReturn: 1
HasMFsm: 2
HasVarLatency: 1
IsPipeline: 0
IsRtlPipelined: 0
IsInstanceOverlapped: 0
IsDontTouch: 0
HasImplIP: 0
IsGatedGlobalClock: 0

+ Individual pipeline summary: 
  * Pipeline-0: initiation interval (II) = 1, depth = 12


============================================================
+ Verbose Summary: Schedule
============================================================
* Number of FSM states : 12
* Pipeline : 1
  Pipeline-0 : II = 1, D = 12, States = { 1 2 3 4 5 6 7 8 9 10 11 12 }
* Dataflow Pipeline: 0

* FSM state transitions: 
1 --> 2 
2 --> 3 
3 --> 4 
4 --> 5 
5 --> 6 
6 --> 7 
7 --> 8 
8 --> 9 
9 --> 10 
10 --> 11 
11 --> 12 
12 --> 

* FSM state operations: 

State 1 <SV = 0> <Delay = 6.92>
ST_1 : Operation 15 [1/1] (0.00ns)   --->   "%output_col = alloca i32 1"   --->   Operation 15 'alloca' 'output_col' <Predicate = true> <Delay = 0.00>
ST_1 : Operation 16 [1/1] (0.00ns)   --->   "%output_row_1 = alloca i32 1"   --->   Operation 16 'alloca' 'output_row_1' <Predicate = true> <Delay = 0.00>
ST_1 : Operation 17 [1/1] (0.00ns)   --->   "%indvar_flatten30 = alloca i32 1"   --->   Operation 17 'alloca' 'indvar_flatten30' <Predicate = true> <Delay = 0.00>
ST_1 : Operation 18 [1/1] (0.00ns)   --->   "%channel = alloca i32 1"   --->   Operation 18 'alloca' 'channel' <Predicate = true> <Delay = 0.00>
ST_1 : Operation 19 [1/1] (0.00ns)   --->   "%indvar_flatten98 = alloca i32 1"   --->   Operation 19 'alloca' 'indvar_flatten98' <Predicate = true> <Delay = 0.00>
ST_1 : Operation 20 [1/1] (1.58ns)   --->   "%store_ln0 = store i11 0, i11 %indvar_flatten98"   --->   Operation 20 'store' 'store_ln0' <Predicate = true> <Delay = 1.58>
ST_1 : Operation 21 [1/1] (1.58ns)   --->   "%store_ln0 = store i3 0, i3 %channel"   --->   Operation 21 'store' 'store_ln0' <Predicate = true> <Delay = 1.58>
ST_1 : Operation 22 [1/1] (1.58ns)   --->   "%store_ln0 = store i8 0, i8 %indvar_flatten30"   --->   Operation 22 'store' 'store_ln0' <Predicate = true> <Delay = 1.58>
ST_1 : Operation 23 [1/1] (1.58ns)   --->   "%store_ln0 = store i4 0, i4 %output_row_1"   --->   Operation 23 'store' 'store_ln0' <Predicate = true> <Delay = 1.58>
ST_1 : Operation 24 [1/1] (1.58ns)   --->   "%store_ln0 = store i4 0, i4 %output_col"   --->   Operation 24 'store' 'store_ln0' <Predicate = true> <Delay = 1.58>
ST_1 : Operation 25 [1/1] (0.00ns)   --->   "%br_ln0 = br void %POOL_KERNEL_ROW.i"   --->   Operation 25 'br' 'br_ln0' <Predicate = true> <Delay = 0.00>
ST_1 : Operation 26 [1/1] (0.00ns)   --->   "%output_row = load i4 %output_row_1" [D:/lenet_project/handoff/LeNet_DSE_Framework_2022_2/LeNet_DSE_Framework_2022_2/variants/mac_unroll_2/lenet_conv.cpp:94]   --->   Operation 26 'load' 'output_row' <Predicate = true> <Delay = 0.00>
ST_1 : Operation 27 [1/1] (0.00ns)   --->   "%channel_2 = load i3 %channel" [D:/lenet_project/handoff/LeNet_DSE_Framework_2022_2/LeNet_DSE_Framework_2022_2/variants/mac_unroll_2/lenet_conv.cpp:92]   --->   Operation 27 'load' 'channel_2' <Predicate = true> <Delay = 0.00>
ST_1 : Operation 28 [1/1] (0.00ns)   --->   "%indvar_flatten98_load = load i11 %indvar_flatten98" [D:/lenet_project/handoff/LeNet_DSE_Framework_2022_2/LeNet_DSE_Framework_2022_2/variants/mac_unroll_2/lenet_conv.cpp:92]   --->   Operation 28 'load' 'indvar_flatten98_load' <Predicate = true> <Delay = 0.00>
ST_1 : Operation 29 [1/1] (0.00ns)   --->   "%p_shl9 = bitconcatenate i8 @_ssdm_op_BitConcatenate.i8.i3.i5, i3 %channel_2, i5 0" [D:/lenet_project/handoff/LeNet_DSE_Framework_2022_2/LeNet_DSE_Framework_2022_2/variants/mac_unroll_2/lenet_conv.cpp:92]   --->   Operation 29 'bitconcatenate' 'p_shl9' <Predicate = true> <Delay = 0.00>
ST_1 : Operation 30 [1/1] (0.00ns)   --->   "%p_shl9_cast = zext i8 %p_shl9" [D:/lenet_project/handoff/LeNet_DSE_Framework_2022_2/LeNet_DSE_Framework_2022_2/variants/mac_unroll_2/lenet_conv.cpp:92]   --->   Operation 30 'zext' 'p_shl9_cast' <Predicate = true> <Delay = 0.00>
ST_1 : Operation 31 [1/1] (0.00ns)   --->   "%p_shl4 = bitconcatenate i5 @_ssdm_op_BitConcatenate.i5.i3.i2, i3 %channel_2, i2 0" [D:/lenet_project/handoff/LeNet_DSE_Framework_2022_2/LeNet_DSE_Framework_2022_2/variants/mac_unroll_2/lenet_conv.cpp:92]   --->   Operation 31 'bitconcatenate' 'p_shl4' <Predicate = true> <Delay = 0.00>
ST_1 : Operation 32 [1/1] (0.00ns)   --->   "%p_shl10_cast = zext i5 %p_shl4" [D:/lenet_project/handoff/LeNet_DSE_Framework_2022_2/LeNet_DSE_Framework_2022_2/variants/mac_unroll_2/lenet_conv.cpp:92]   --->   Operation 32 'zext' 'p_shl10_cast' <Predicate = true> <Delay = 0.00>
ST_1 : Operation 33 [1/1] (1.91ns)   --->   "%empty = sub i9 %p_shl9_cast, i9 %p_shl10_cast" [D:/lenet_project/handoff/LeNet_DSE_Framework_2022_2/LeNet_DSE_Framework_2022_2/variants/mac_unroll_2/lenet_conv.cpp:92]   --->   Operation 33 'sub' 'empty' <Predicate = true> <Delay = 1.91> <CoreInst = "Adder">   --->   Core 1 'Adder' <Latency = 0> <II = 1> <Delay = 1.91> <FuncUnit> <Opcode : 'add' 'sub'> <InPorts = 2> <OutPorts = 1>
ST_1 : Operation 34 [1/1] (0.00ns)   --->   "%tmp_1 = bitconcatenate i5 @_ssdm_op_BitConcatenate.i5.i4.i1, i4 %output_row, i1 0" [D:/lenet_project/handoff/LeNet_DSE_Framework_2022_2/LeNet_DSE_Framework_2022_2/variants/mac_unroll_2/lenet_conv.cpp:94]   --->   Operation 34 'bitconcatenate' 'tmp_1' <Predicate = true> <Delay = 0.00>
ST_1 : Operation 35 [1/1] (0.00ns)   --->   "%p_cast20 = zext i5 %tmp_1" [D:/lenet_project/handoff/LeNet_DSE_Framework_2022_2/LeNet_DSE_Framework_2022_2/variants/mac_unroll_2/lenet_conv.cpp:94]   --->   Operation 35 'zext' 'p_cast20' <Predicate = true> <Delay = 0.00>
ST_1 : Operation 36 [1/1] (1.82ns)   --->   "%empty_39 = add i9 %p_cast20, i9 %empty" [D:/lenet_project/handoff/LeNet_DSE_Framework_2022_2/LeNet_DSE_Framework_2022_2/variants/mac_unroll_2/lenet_conv.cpp:94]   --->   Operation 36 'add' 'empty_39' <Predicate = true> <Delay = 1.82> <CoreInst = "Adder">   --->   Core 1 'Adder' <Latency = 0> <II = 1> <Delay = 1.82> <FuncUnit> <Opcode : 'add' 'sub'> <InPorts = 2> <OutPorts = 1>
ST_1 : Operation 37 [1/1] (0.00ns)   --->   "%empty_40 = trunc i9 %empty_39" [D:/lenet_project/handoff/LeNet_DSE_Framework_2022_2/LeNet_DSE_Framework_2022_2/variants/mac_unroll_2/lenet_conv.cpp:94]   --->   Operation 37 'trunc' 'empty_40' <Predicate = true> <Delay = 0.00>
ST_1 : Operation 38 [1/1] (1.88ns)   --->   "%icmp_ln92 = icmp_eq  i11 %indvar_flatten98_load, i11 1176" [D:/lenet_project/handoff/LeNet_DSE_Framework_2022_2/LeNet_DSE_Framework_2022_2/variants/mac_unroll_2/lenet_conv.cpp:92]   --->   Operation 38 'icmp' 'icmp_ln92' <Predicate = true> <Delay = 1.88> <CoreInst = "Cmp">   --->   Core 9 'Cmp' <Latency = 0> <II = 1> <Delay = 1.88> <FuncUnit> <Opcode : 'icmp'> <InPorts = 2> <OutPorts = 1>
ST_1 : Operation 39 [1/1] (1.63ns)   --->   "%add_ln92_1 = add i11 %indvar_flatten98_load, i11 1" [D:/lenet_project/handoff/LeNet_DSE_Framework_2022_2/LeNet_DSE_Framework_2022_2/variants/mac_unroll_2/lenet_conv.cpp:92]   --->   Operation 39 'add' 'add_ln92_1' <Predicate = true> <Delay = 1.63> <CoreInst = "Adder">   --->   Core 1 'Adder' <Latency = 0> <II = 1> <Delay = 1.63> <FuncUnit> <Opcode : 'add' 'sub'> <InPorts = 2> <OutPorts = 1>
ST_1 : Operation 40 [1/1] (0.00ns)   --->   "%br_ln92 = br i1 %icmp_ln92, void %for.inc39.i, void %_ZN5lenet12_GLOBAL__N_116relu_maxpool_2x2ILi6ELi28ELi28EEEvPKfPf.exit.exitStub" [D:/lenet_project/handoff/LeNet_DSE_Framework_2022_2/LeNet_DSE_Framework_2022_2/variants/mac_unroll_2/lenet_conv.cpp:92]   --->   Operation 40 'br' 'br_ln92' <Predicate = true> <Delay = 0.00>
ST_1 : Operation 41 [1/1] (0.00ns)   --->   "%output_col_load = load i4 %output_col" [D:/lenet_project/handoff/LeNet_DSE_Framework_2022_2/LeNet_DSE_Framework_2022_2/variants/mac_unroll_2/lenet_conv.cpp:96]   --->   Operation 41 'load' 'output_col_load' <Predicate = (!icmp_ln92)> <Delay = 0.00>
ST_1 : Operation 42 [1/1] (0.00ns)   --->   "%indvar_flatten30_load = load i8 %indvar_flatten30" [D:/lenet_project/handoff/LeNet_DSE_Framework_2022_2/LeNet_DSE_Framework_2022_2/variants/mac_unroll_2/lenet_conv.cpp:94]   --->   Operation 42 'load' 'indvar_flatten30_load' <Predicate = (!icmp_ln92)> <Delay = 0.00>
ST_1 : Operation 43 [1/1] (1.55ns)   --->   "%icmp_ln94 = icmp_eq  i8 %indvar_flatten30_load, i8 196" [D:/lenet_project/handoff/LeNet_DSE_Framework_2022_2/LeNet_DSE_Framework_2022_2/variants/mac_unroll_2/lenet_conv.cpp:94]   --->   Operation 43 'icmp' 'icmp_ln94' <Predicate = (!icmp_ln92)> <Delay = 1.55> <CoreInst = "Cmp">   --->   Core 9 'Cmp' <Latency = 0> <II = 1> <Delay = 1.55> <FuncUnit> <Opcode : 'icmp'> <InPorts = 2> <OutPorts = 1>
ST_1 : Operation 44 [1/1] (1.02ns)   --->   "%select_ln92 = select i1 %icmp_ln94, i4 0, i4 %output_row" [D:/lenet_project/handoff/LeNet_DSE_Framework_2022_2/LeNet_DSE_Framework_2022_2/variants/mac_unroll_2/lenet_conv.cpp:92]   --->   Operation 44 'select' 'select_ln92' <Predicate = (!icmp_ln92)> <Delay = 1.02> <CoreInst = "Sel">   --->   Core 73 'Sel' <Latency = 0> <II = 1> <Delay = 1.02> <FuncUnit> <Opcode : 'select'> <InPorts = 3> <OutPorts = 1>
ST_1 : Operation 45 [1/1] (1.65ns)   --->   "%add_ln92 = add i3 %channel_2, i3 1" [D:/lenet_project/handoff/LeNet_DSE_Framework_2022_2/LeNet_DSE_Framework_2022_2/variants/mac_unroll_2/lenet_conv.cpp:92]   --->   Operation 45 'add' 'add_ln92' <Predicate = (!icmp_ln92)> <Delay = 1.65> <CoreInst = "Adder">   --->   Core 1 'Adder' <Latency = 0> <II = 1> <Delay = 1.65> <FuncUnit> <Opcode : 'add' 'sub'> <InPorts = 2> <OutPorts = 1>
ST_1 : Operation 46 [1/1] (0.00ns)   --->   "%p_shl9_mid1 = bitconcatenate i8 @_ssdm_op_BitConcatenate.i8.i3.i5, i3 %add_ln92, i5 0" [D:/lenet_project/handoff/LeNet_DSE_Framework_2022_2/LeNet_DSE_Framework_2022_2/variants/mac_unroll_2/lenet_conv.cpp:92]   --->   Operation 46 'bitconcatenate' 'p_shl9_mid1' <Predicate = (!icmp_ln92)> <Delay = 0.00>
ST_1 : Operation 47 [1/1] (0.00ns)   --->   "%p_shl9_cast_mid1 = zext i8 %p_shl9_mid1" [D:/lenet_project/handoff/LeNet_DSE_Framework_2022_2/LeNet_DSE_Framework_2022_2/variants/mac_unroll_2/lenet_conv.cpp:92]   --->   Operation 47 'zext' 'p_shl9_cast_mid1' <Predicate = (!icmp_ln92)> <Delay = 0.00>
ST_1 : Operation 48 [1/1] (0.00ns)   --->   "%p_shl10_mid1 = bitconcatenate i5 @_ssdm_op_BitConcatenate.i5.i3.i2, i3 %add_ln92, i2 0" [D:/lenet_project/handoff/LeNet_DSE_Framework_2022_2/LeNet_DSE_Framework_2022_2/variants/mac_unroll_2/lenet_conv.cpp:92]   --->   Operation 48 'bitconcatenate' 'p_shl10_mid1' <Predicate = (!icmp_ln92)> <Delay = 0.00>
ST_1 : Operation 49 [1/1] (0.00ns)   --->   "%p_shl10_cast_mid1 = zext i5 %p_shl10_mid1" [D:/lenet_project/handoff/LeNet_DSE_Framework_2022_2/LeNet_DSE_Framework_2022_2/variants/mac_unroll_2/lenet_conv.cpp:92]   --->   Operation 49 'zext' 'p_shl10_cast_mid1' <Predicate = (!icmp_ln92)> <Delay = 0.00>
ST_1 : Operation 50 [1/1] (1.91ns)   --->   "%p_mid142 = sub i9 %p_shl9_cast_mid1, i9 %p_shl10_cast_mid1" [D:/lenet_project/handoff/LeNet_DSE_Framework_2022_2/LeNet_DSE_Framework_2022_2/variants/mac_unroll_2/lenet_conv.cpp:92]   --->   Operation 50 'sub' 'p_mid142' <Predicate = (!icmp_ln92)> <Delay = 1.91> <CoreInst = "Adder">   --->   Core 1 'Adder' <Latency = 0> <II = 1> <Delay = 1.91> <FuncUnit> <Opcode : 'add' 'sub'> <InPorts = 2> <OutPorts = 1>
ST_1 : Operation 51 [1/1] (0.00ns) (grouped into LUT with out node p_mid122)   --->   "%select_ln92_1 = select i1 %icmp_ln94, i9 %p_mid142, i9 %empty" [D:/lenet_project/handoff/LeNet_DSE_Framework_2022_2/LeNet_DSE_Framework_2022_2/variants/mac_unroll_2/lenet_conv.cpp:92]   --->   Operation 51 'select' 'select_ln92_1' <Predicate = (!icmp_ln92)> <Delay = 0.00> <CoreInst = "Sel">   --->   Core 73 'Sel' <Latency = 0> <II = 1> <Delay = 0.96> <FuncUnit> <Opcode : 'select'> <InPorts = 3> <OutPorts = 1>
ST_1 : Operation 52 [1/1] (0.00ns)   --->   "%empty_47 = trunc i9 %p_mid142" [D:/lenet_project/handoff/LeNet_DSE_Framework_2022_2/LeNet_DSE_Framework_2022_2/variants/mac_unroll_2/lenet_conv.cpp:92]   --->   Operation 52 'trunc' 'empty_47' <Predicate = (!icmp_ln92)> <Delay = 0.00>
ST_1 : Operation 53 [1/1] (0.00ns) (grouped into LUT with out node and_ln92)   --->   "%xor_ln92 = xor i1 %icmp_ln94, i1 1" [D:/lenet_project/handoff/LeNet_DSE_Framework_2022_2/LeNet_DSE_Framework_2022_2/variants/mac_unroll_2/lenet_conv.cpp:92]   --->   Operation 53 'xor' 'xor_ln92' <Predicate = (!icmp_ln92)> <Delay = 0.00> <CoreInst = "LogicGate">   --->   Core 74 'LogicGate' <Latency = 0> <II = 1> <Delay = 0.97> <FuncUnit> <Opcode : 'and' 'or' 'xor'> <InPorts = 2> <OutPorts = 1>
ST_1 : Operation 54 [1/1] (1.30ns)   --->   "%icmp_ln96 = icmp_eq  i4 %output_col_load, i4 14" [D:/lenet_project/handoff/LeNet_DSE_Framework_2022_2/LeNet_DSE_Framework_2022_2/variants/mac_unroll_2/lenet_conv.cpp:96]   --->   Operation 54 'icmp' 'icmp_ln96' <Predicate = (!icmp_ln92)> <Delay = 1.30> <CoreInst = "Cmp">   --->   Core 9 'Cmp' <Latency = 0> <II = 1> <Delay = 1.30> <FuncUnit> <Opcode : 'icmp'> <InPorts = 2> <OutPorts = 1>
ST_1 : Operation 55 [1/1] (0.97ns) (out node of the LUT)   --->   "%and_ln92 = and i1 %icmp_ln96, i1 %xor_ln92" [D:/lenet_project/handoff/LeNet_DSE_Framework_2022_2/LeNet_DSE_Framework_2022_2/variants/mac_unroll_2/lenet_conv.cpp:92]   --->   Operation 55 'and' 'and_ln92' <Predicate = (!icmp_ln92)> <Delay = 0.97> <CoreInst = "LogicGate">   --->   Core 74 'LogicGate' <Latency = 0> <II = 1> <Delay = 0.97> <FuncUnit> <Opcode : 'and' 'or' 'xor'> <InPorts = 2> <OutPorts = 1>
ST_1 : Operation 56 [1/1] (0.98ns)   --->   "%select_ln92_6 = select i1 %icmp_ln94, i3 %add_ln92, i3 %channel_2" [D:/lenet_project/handoff/LeNet_DSE_Framework_2022_2/LeNet_DSE_Framework_2022_2/variants/mac_unroll_2/lenet_conv.cpp:92]   --->   Operation 56 'select' 'select_ln92_6' <Predicate = (!icmp_ln92)> <Delay = 0.98> <CoreInst = "Sel">   --->   Core 73 'Sel' <Latency = 0> <II = 1> <Delay = 0.98> <FuncUnit> <Opcode : 'select'> <InPorts = 3> <OutPorts = 1>
ST_1 : Operation 57 [1/1] (1.73ns)   --->   "%add_ln94 = add i4 %select_ln92, i4 1" [D:/lenet_project/handoff/LeNet_DSE_Framework_2022_2/LeNet_DSE_Framework_2022_2/variants/mac_unroll_2/lenet_conv.cpp:94]   --->   Operation 57 'add' 'add_ln94' <Predicate = (!icmp_ln92)> <Delay = 1.73> <CoreInst = "Adder">   --->   Core 1 'Adder' <Latency = 0> <II = 1> <Delay = 1.73> <FuncUnit> <Opcode : 'add' 'sub'> <InPorts = 2> <OutPorts = 1>
ST_1 : Operation 58 [1/1] (0.00ns) (grouped into LUT with out node select_ln94)   --->   "%or_ln94 = or i1 %and_ln92, i1 %icmp_ln94" [D:/lenet_project/handoff/LeNet_DSE_Framework_2022_2/LeNet_DSE_Framework_2022_2/variants/mac_unroll_2/lenet_conv.cpp:94]   --->   Operation 58 'or' 'or_ln94' <Predicate = (!icmp_ln92)> <Delay = 0.00> <CoreInst = "LogicGate">   --->   Core 74 'LogicGate' <Latency = 0> <II = 1> <Delay = 0.97> <FuncUnit> <Opcode : 'and' 'or' 'xor'> <InPorts = 2> <OutPorts = 1>
ST_1 : Operation 59 [1/1] (1.02ns) (out node of the LUT)   --->   "%select_ln94 = select i1 %or_ln94, i4 0, i4 %output_col_load" [D:/lenet_project/handoff/LeNet_DSE_Framework_2022_2/LeNet_DSE_Framework_2022_2/variants/mac_unroll_2/lenet_conv.cpp:94]   --->   Operation 59 'select' 'select_ln94' <Predicate = (!icmp_ln92)> <Delay = 1.02> <CoreInst = "Sel">   --->   Core 73 'Sel' <Latency = 0> <II = 1> <Delay = 1.02> <FuncUnit> <Opcode : 'select'> <InPorts = 3> <OutPorts = 1>
ST_1 : Operation 60 [1/1] (0.00ns) (grouped into LUT with out node p_mid122)   --->   "%p_mid = bitconcatenate i5 @_ssdm_op_BitConcatenate.i5.i4.i1, i4 %add_ln94, i1 0" [D:/lenet_project/handoff/LeNet_DSE_Framework_2022_2/LeNet_DSE_Framework_2022_2/variants/mac_unroll_2/lenet_conv.cpp:94]   --->   Operation 60 'bitconcatenate' 'p_mid' <Predicate = (!icmp_ln92)> <Delay = 0.00>
ST_1 : Operation 61 [1/1] (0.00ns) (grouped into LUT with out node p_mid122)   --->   "%p_cast20_mid1 = zext i5 %p_mid" [D:/lenet_project/handoff/LeNet_DSE_Framework_2022_2/LeNet_DSE_Framework_2022_2/variants/mac_unroll_2/lenet_conv.cpp:94]   --->   Operation 61 'zext' 'p_cast20_mid1' <Predicate = (!icmp_ln92)> <Delay = 0.00>
ST_1 : Operation 62 [1/1] (1.82ns) (out node of the LUT)   --->   "%p_mid122 = add i9 %p_cast20_mid1, i9 %select_ln92_1" [D:/lenet_project/handoff/LeNet_DSE_Framework_2022_2/LeNet_DSE_Framework_2022_2/variants/mac_unroll_2/lenet_conv.cpp:94]   --->   Operation 62 'add' 'p_mid122' <Predicate = (!icmp_ln92)> <Delay = 1.82> <CoreInst = "Adder">   --->   Core 1 'Adder' <Latency = 0> <II = 1> <Delay = 1.82> <FuncUnit> <Opcode : 'add' 'sub'> <InPorts = 2> <OutPorts = 1>
ST_1 : Operation 63 [1/1] (0.00ns)   --->   "%empty_50 = trunc i9 %p_mid122" [D:/lenet_project/handoff/LeNet_DSE_Framework_2022_2/LeNet_DSE_Framework_2022_2/variants/mac_unroll_2/lenet_conv.cpp:94]   --->   Operation 63 'trunc' 'empty_50' <Predicate = (!icmp_ln92)> <Delay = 0.00>
ST_1 : Operation 64 [1/1] (1.02ns)   --->   "%select_ln94_4 = select i1 %and_ln92, i4 %add_ln94, i4 %select_ln92" [D:/lenet_project/handoff/LeNet_DSE_Framework_2022_2/LeNet_DSE_Framework_2022_2/variants/mac_unroll_2/lenet_conv.cpp:94]   --->   Operation 64 'select' 'select_ln94_4' <Predicate = (!icmp_ln92)> <Delay = 1.02> <CoreInst = "Sel">   --->   Core 73 'Sel' <Latency = 0> <II = 1> <Delay = 1.02> <FuncUnit> <Opcode : 'select'> <InPorts = 3> <OutPorts = 1>
ST_1 : Operation 65 [1/1] (1.73ns)   --->   "%add_ln96 = add i4 %select_ln94, i4 1" [D:/lenet_project/handoff/LeNet_DSE_Framework_2022_2/LeNet_DSE_Framework_2022_2/variants/mac_unroll_2/lenet_conv.cpp:96]   --->   Operation 65 'add' 'add_ln96' <Predicate = (!icmp_ln92)> <Delay = 1.73> <CoreInst = "Adder">   --->   Core 1 'Adder' <Latency = 0> <II = 1> <Delay = 1.73> <FuncUnit> <Opcode : 'add' 'sub'> <InPorts = 2> <OutPorts = 1>
ST_1 : Operation 66 [1/1] (1.91ns)   --->   "%add_ln94_2 = add i8 %indvar_flatten30_load, i8 1" [D:/lenet_project/handoff/LeNet_DSE_Framework_2022_2/LeNet_DSE_Framework_2022_2/variants/mac_unroll_2/lenet_conv.cpp:94]   --->   Operation 66 'add' 'add_ln94_2' <Predicate = (!icmp_ln92)> <Delay = 1.91> <CoreInst = "Adder">   --->   Core 1 'Adder' <Latency = 0> <II = 1> <Delay = 1.91> <FuncUnit> <Opcode : 'add' 'sub'> <InPorts = 2> <OutPorts = 1>
ST_1 : Operation 67 [1/1] (1.24ns)   --->   "%select_ln94_5 = select i1 %icmp_ln94, i8 1, i8 %add_ln94_2" [D:/lenet_project/handoff/LeNet_DSE_Framework_2022_2/LeNet_DSE_Framework_2022_2/variants/mac_unroll_2/lenet_conv.cpp:94]   --->   Operation 67 'select' 'select_ln94_5' <Predicate = (!icmp_ln92)> <Delay = 1.24> <CoreInst = "Sel">   --->   Core 73 'Sel' <Latency = 0> <II = 1> <Delay = 1.24> <FuncUnit> <Opcode : 'select'> <InPorts = 3> <OutPorts = 1>
ST_1 : Operation 68 [1/1] (1.58ns)   --->   "%store_ln96 = store i11 %add_ln92_1, i11 %indvar_flatten98" [D:/lenet_project/handoff/LeNet_DSE_Framework_2022_2/LeNet_DSE_Framework_2022_2/variants/mac_unroll_2/lenet_conv.cpp:96]   --->   Operation 68 'store' 'store_ln96' <Predicate = (!icmp_ln92)> <Delay = 1.58>
ST_1 : Operation 69 [1/1] (1.58ns)   --->   "%store_ln96 = store i3 %select_ln92_6, i3 %channel" [D:/lenet_project/handoff/LeNet_DSE_Framework_2022_2/LeNet_DSE_Framework_2022_2/variants/mac_unroll_2/lenet_conv.cpp:96]   --->   Operation 69 'store' 'store_ln96' <Predicate = (!icmp_ln92)> <Delay = 1.58>
ST_1 : Operation 70 [1/1] (1.58ns)   --->   "%store_ln96 = store i8 %select_ln94_5, i8 %indvar_flatten30" [D:/lenet_project/handoff/LeNet_DSE_Framework_2022_2/LeNet_DSE_Framework_2022_2/variants/mac_unroll_2/lenet_conv.cpp:96]   --->   Operation 70 'store' 'store_ln96' <Predicate = (!icmp_ln92)> <Delay = 1.58>
ST_1 : Operation 71 [1/1] (1.58ns)   --->   "%store_ln96 = store i4 %select_ln94_4, i4 %output_row_1" [D:/lenet_project/handoff/LeNet_DSE_Framework_2022_2/LeNet_DSE_Framework_2022_2/variants/mac_unroll_2/lenet_conv.cpp:96]   --->   Operation 71 'store' 'store_ln96' <Predicate = (!icmp_ln92)> <Delay = 1.58>
ST_1 : Operation 72 [1/1] (1.58ns)   --->   "%store_ln96 = store i4 %add_ln96, i4 %output_col" [D:/lenet_project/handoff/LeNet_DSE_Framework_2022_2/LeNet_DSE_Framework_2022_2/variants/mac_unroll_2/lenet_conv.cpp:96]   --->   Operation 72 'store' 'store_ln96' <Predicate = (!icmp_ln92)> <Delay = 1.58>

State 2 <SV = 1> <Delay = 7.06>
ST_2 : Operation 73 [1/1] (0.00ns)   --->   "%p_shl7 = bitconcatenate i7 @_ssdm_op_BitConcatenate.i7.i3.i4, i3 %channel_2, i4 0" [D:/lenet_project/handoff/LeNet_DSE_Framework_2022_2/LeNet_DSE_Framework_2022_2/variants/mac_unroll_2/lenet_conv.cpp:92]   --->   Operation 73 'bitconcatenate' 'p_shl7' <Predicate = true> <Delay = 0.00>
ST_2 : Operation 74 [1/1] (0.00ns)   --->   "%p_shl7_cast = zext i7 %p_shl7" [D:/lenet_project/handoff/LeNet_DSE_Framework_2022_2/LeNet_DSE_Framework_2022_2/variants/mac_unroll_2/lenet_conv.cpp:92]   --->   Operation 74 'zext' 'p_shl7_cast' <Predicate = true> <Delay = 0.00>
ST_2 : Operation 75 [1/1] (0.00ns)   --->   "%p_shl8 = bitconcatenate i4 @_ssdm_op_BitConcatenate.i4.i3.i1, i3 %channel_2, i1 0" [D:/lenet_project/handoff/LeNet_DSE_Framework_2022_2/LeNet_DSE_Framework_2022_2/variants/mac_unroll_2/lenet_conv.cpp:92]   --->   Operation 75 'bitconcatenate' 'p_shl8' <Predicate = true> <Delay = 0.00>
ST_2 : Operation 76 [1/1] (0.00ns)   --->   "%p_shl8_cast = zext i4 %p_shl8" [D:/lenet_project/handoff/LeNet_DSE_Framework_2022_2/LeNet_DSE_Framework_2022_2/variants/mac_unroll_2/lenet_conv.cpp:92]   --->   Operation 76 'zext' 'p_shl8_cast' <Predicate = true> <Delay = 0.00>
ST_2 : Operation 77 [1/1] (1.87ns)   --->   "%empty_35 = sub i8 %p_shl7_cast, i8 %p_shl8_cast" [D:/lenet_project/handoff/LeNet_DSE_Framework_2022_2/LeNet_DSE_Framework_2022_2/variants/mac_unroll_2/lenet_conv.cpp:92]   --->   Operation 77 'sub' 'empty_35' <Predicate = true> <Delay = 1.87> <CoreInst = "Adder">   --->   Core 1 'Adder' <Latency = 0> <II = 1> <Delay = 1.87> <FuncUnit> <Opcode : 'add' 'sub'> <InPorts = 2> <OutPorts = 1>
ST_2 : Operation 78 [1/1] (0.00ns)   --->   "%zext_ln94 = zext i4 %output_row" [D:/lenet_project/handoff/LeNet_DSE_Framework_2022_2/LeNet_DSE_Framework_2022_2/variants/mac_unroll_2/lenet_conv.cpp:94]   --->   Operation 78 'zext' 'zext_ln94' <Predicate = (!icmp_ln94 & !and_ln92)> <Delay = 0.00>
ST_2 : Operation 79 [1/1] (1.91ns)   --->   "%empty_36 = add i8 %zext_ln94, i8 %empty_35" [D:/lenet_project/handoff/LeNet_DSE_Framework_2022_2/LeNet_DSE_Framework_2022_2/variants/mac_unroll_2/lenet_conv.cpp:94]   --->   Operation 79 'add' 'empty_36' <Predicate = (!icmp_ln94 & !and_ln92)> <Delay = 1.91> <CoreInst = "Adder">   --->   Core 1 'Adder' <Latency = 0> <II = 1> <Delay = 1.91> <FuncUnit> <Opcode : 'add' 'sub'> <InPorts = 2> <OutPorts = 1>
ST_2 : Operation 80 [1/1] (0.00ns)   --->   "%empty_37 = trunc i8 %empty_36" [D:/lenet_project/handoff/LeNet_DSE_Framework_2022_2/LeNet_DSE_Framework_2022_2/variants/mac_unroll_2/lenet_conv.cpp:94]   --->   Operation 80 'trunc' 'empty_37' <Predicate = (!icmp_ln94 & !and_ln92)> <Delay = 0.00>
ST_2 : Operation 81 [1/1] (0.00ns)   --->   "%p_shl5 = bitconcatenate i11 @_ssdm_op_BitConcatenate.i11.i7.i4, i7 %empty_37, i4 0" [D:/lenet_project/handoff/LeNet_DSE_Framework_2022_2/LeNet_DSE_Framework_2022_2/variants/mac_unroll_2/lenet_conv.cpp:94]   --->   Operation 81 'bitconcatenate' 'p_shl5' <Predicate = (!icmp_ln94 & !and_ln92)> <Delay = 0.00>
ST_2 : Operation 82 [1/1] (0.00ns)   --->   "%p_shl6 = bitconcatenate i9 @_ssdm_op_BitConcatenate.i9.i8.i1, i8 %empty_36, i1 0" [D:/lenet_project/handoff/LeNet_DSE_Framework_2022_2/LeNet_DSE_Framework_2022_2/variants/mac_unroll_2/lenet_conv.cpp:94]   --->   Operation 82 'bitconcatenate' 'p_shl6' <Predicate = (!icmp_ln94 & !and_ln92)> <Delay = 0.00>
ST_2 : Operation 83 [1/1] (0.00ns)   --->   "%p_shl12_cast = sext i9 %p_shl6" [D:/lenet_project/handoff/LeNet_DSE_Framework_2022_2/LeNet_DSE_Framework_2022_2/variants/mac_unroll_2/lenet_conv.cpp:94]   --->   Operation 83 'sext' 'p_shl12_cast' <Predicate = (!icmp_ln94 & !and_ln92)> <Delay = 0.00>
ST_2 : Operation 84 [1/1] (1.63ns)   --->   "%empty_38 = sub i11 %p_shl5, i11 %p_shl12_cast" [D:/lenet_project/handoff/LeNet_DSE_Framework_2022_2/LeNet_DSE_Framework_2022_2/variants/mac_unroll_2/lenet_conv.cpp:94]   --->   Operation 84 'sub' 'empty_38' <Predicate = (!icmp_ln94 & !and_ln92)> <Delay = 1.63> <CoreInst = "Adder">   --->   Core 1 'Adder' <Latency = 0> <II = 1> <Delay = 1.63> <FuncUnit> <Opcode : 'add' 'sub'> <InPorts = 2> <OutPorts = 1>
ST_2 : Operation 85 [1/1] (0.00ns)   --->   "%p_shl = bitconcatenate i13 @_ssdm_op_BitConcatenate.i13.i8.i5, i8 %empty_40, i5 0" [D:/lenet_project/handoff/LeNet_DSE_Framework_2022_2/LeNet_DSE_Framework_2022_2/variants/mac_unroll_2/lenet_conv.cpp:94]   --->   Operation 85 'bitconcatenate' 'p_shl' <Predicate = (!icmp_ln94 & !and_ln92)> <Delay = 0.00>
ST_2 : Operation 86 [1/1] (0.00ns)   --->   "%p_shl2 = bitconcatenate i11 @_ssdm_op_BitConcatenate.i11.i9.i2, i9 %empty_39, i2 0" [D:/lenet_project/handoff/LeNet_DSE_Framework_2022_2/LeNet_DSE_Framework_2022_2/variants/mac_unroll_2/lenet_conv.cpp:94]   --->   Operation 86 'bitconcatenate' 'p_shl2' <Predicate = (!icmp_ln94 & !and_ln92)> <Delay = 0.00>
ST_2 : Operation 87 [1/1] (0.00ns)   --->   "%p_shl14_0_cast = sext i11 %p_shl2" [D:/lenet_project/handoff/LeNet_DSE_Framework_2022_2/LeNet_DSE_Framework_2022_2/variants/mac_unroll_2/lenet_conv.cpp:94]   --->   Operation 87 'sext' 'p_shl14_0_cast' <Predicate = (!icmp_ln94 & !and_ln92)> <Delay = 0.00>
ST_2 : Operation 88 [1/1] (1.67ns)   --->   "%empty_41 = sub i13 %p_shl, i13 %p_shl14_0_cast" [D:/lenet_project/handoff/LeNet_DSE_Framework_2022_2/LeNet_DSE_Framework_2022_2/variants/mac_unroll_2/lenet_conv.cpp:94]   --->   Operation 88 'sub' 'empty_41' <Predicate = (!icmp_ln94 & !and_ln92)> <Delay = 1.67> <CoreInst = "Adder">   --->   Core 1 'Adder' <Latency = 0> <II = 1> <Delay = 1.67> <FuncUnit> <Opcode : 'add' 'sub'> <InPorts = 2> <OutPorts = 1>
ST_2 : Operation 89 [1/1] (0.00ns)   --->   "%empty_42 = or i9 %empty_39, i9 1" [D:/lenet_project/handoff/LeNet_DSE_Framework_2022_2/LeNet_DSE_Framework_2022_2/variants/mac_unroll_2/lenet_conv.cpp:94]   --->   Operation 89 'or' 'empty_42' <Predicate = (!icmp_ln94 & !and_ln92)> <Delay = 0.00>
ST_2 : Operation 90 [1/1] (0.00ns)   --->   "%empty_43 = trunc i9 %empty_42" [D:/lenet_project/handoff/LeNet_DSE_Framework_2022_2/LeNet_DSE_Framework_2022_2/variants/mac_unroll_2/lenet_conv.cpp:94]   --->   Operation 90 'trunc' 'empty_43' <Predicate = (!icmp_ln94 & !and_ln92)> <Delay = 0.00>
ST_2 : Operation 91 [1/1] (0.00ns)   --->   "%p_shl13_1 = bitconcatenate i13 @_ssdm_op_BitConcatenate.i13.i8.i5, i8 %empty_43, i5 0" [D:/lenet_project/handoff/LeNet_DSE_Framework_2022_2/LeNet_DSE_Framework_2022_2/variants/mac_unroll_2/lenet_conv.cpp:94]   --->   Operation 91 'bitconcatenate' 'p_shl13_1' <Predicate = (!icmp_ln94 & !and_ln92)> <Delay = 0.00>
ST_2 : Operation 92 [1/1] (0.00ns)   --->   "%p_shl14_1 = bitconcatenate i11 @_ssdm_op_BitConcatenate.i11.i9.i2, i9 %empty_42, i2 0" [D:/lenet_project/handoff/LeNet_DSE_Framework_2022_2/LeNet_DSE_Framework_2022_2/variants/mac_unroll_2/lenet_conv.cpp:94]   --->   Operation 92 'bitconcatenate' 'p_shl14_1' <Predicate = (!icmp_ln94 & !and_ln92)> <Delay = 0.00>
ST_2 : Operation 93 [1/1] (0.00ns)   --->   "%p_shl14_1_cast = sext i11 %p_shl14_1" [D:/lenet_project/handoff/LeNet_DSE_Framework_2022_2/LeNet_DSE_Framework_2022_2/variants/mac_unroll_2/lenet_conv.cpp:94]   --->   Operation 93 'sext' 'p_shl14_1_cast' <Predicate = (!icmp_ln94 & !and_ln92)> <Delay = 0.00>
ST_2 : Operation 94 [1/1] (1.67ns)   --->   "%empty_44 = sub i13 %p_shl13_1, i13 %p_shl14_1_cast" [D:/lenet_project/handoff/LeNet_DSE_Framework_2022_2/LeNet_DSE_Framework_2022_2/variants/mac_unroll_2/lenet_conv.cpp:94]   --->   Operation 94 'sub' 'empty_44' <Predicate = (!icmp_ln94 & !and_ln92)> <Delay = 1.67> <CoreInst = "Adder">   --->   Core 1 'Adder' <Latency = 0> <II = 1> <Delay = 1.67> <FuncUnit> <Opcode : 'add' 'sub'> <InPorts = 2> <OutPorts = 1>
ST_2 : Operation 95 [1/1] (0.00ns)   --->   "%specpipeline_ln0 = specpipeline void @_ssdm_op_SpecPipeline, i32 4294967295, i32 0, i32 1, i32 0, void @p_str"   --->   Operation 95 'specpipeline' 'specpipeline_ln0' <Predicate = true> <Delay = 0.00>
ST_2 : Operation 96 [1/1] (0.00ns)   --->   "%p_shl7_mid1 = bitconcatenate i7 @_ssdm_op_BitConcatenate.i7.i3.i4, i3 %add_ln92, i4 0" [D:/lenet_project/handoff/LeNet_DSE_Framework_2022_2/LeNet_DSE_Framework_2022_2/variants/mac_unroll_2/lenet_conv.cpp:92]   --->   Operation 96 'bitconcatenate' 'p_shl7_mid1' <Predicate = (!icmp_ln92)> <Delay = 0.00>
ST_2 : Operation 97 [1/1] (0.00ns)   --->   "%p_shl7_cast_mid1 = zext i7 %p_shl7_mid1" [D:/lenet_project/handoff/LeNet_DSE_Framework_2022_2/LeNet_DSE_Framework_2022_2/variants/mac_unroll_2/lenet_conv.cpp:92]   --->   Operation 97 'zext' 'p_shl7_cast_mid1' <Predicate = (!icmp_ln92)> <Delay = 0.00>
ST_2 : Operation 98 [1/1] (0.00ns)   --->   "%p_shl8_mid1 = bitconcatenate i4 @_ssdm_op_BitConcatenate.i4.i3.i1, i3 %add_ln92, i1 0" [D:/lenet_project/handoff/LeNet_DSE_Framework_2022_2/LeNet_DSE_Framework_2022_2/variants/mac_unroll_2/lenet_conv.cpp:92]   --->   Operation 98 'bitconcatenate' 'p_shl8_mid1' <Predicate = (!icmp_ln92)> <Delay = 0.00>
ST_2 : Operation 99 [1/1] (0.00ns)   --->   "%p_shl8_cast_mid1 = zext i4 %p_shl8_mid1" [D:/lenet_project/handoff/LeNet_DSE_Framework_2022_2/LeNet_DSE_Framework_2022_2/variants/mac_unroll_2/lenet_conv.cpp:92]   --->   Operation 99 'zext' 'p_shl8_cast_mid1' <Predicate = (!icmp_ln92)> <Delay = 0.00>
ST_2 : Operation 100 [1/1] (1.87ns)   --->   "%p_mid144 = sub i8 %p_shl7_cast_mid1, i8 %p_shl8_cast_mid1" [D:/lenet_project/handoff/LeNet_DSE_Framework_2022_2/LeNet_DSE_Framework_2022_2/variants/mac_unroll_2/lenet_conv.cpp:92]   --->   Operation 100 'sub' 'p_mid144' <Predicate = (!icmp_ln92)> <Delay = 1.87> <CoreInst = "Adder">   --->   Core 1 'Adder' <Latency = 0> <II = 1> <Delay = 1.87> <FuncUnit> <Opcode : 'add' 'sub'> <InPorts = 2> <OutPorts = 1>
ST_2 : Operation 101 [1/1] (0.00ns) (grouped into LUT with out node p_mid118)   --->   "%select_ln92_2 = select i1 %icmp_ln94, i8 %p_mid144, i8 %empty_35" [D:/lenet_project/handoff/LeNet_DSE_Framework_2022_2/LeNet_DSE_Framework_2022_2/variants/mac_unroll_2/lenet_conv.cpp:92]   --->   Operation 101 'select' 'select_ln92_2' <Predicate = (!icmp_ln92 & and_ln92)> <Delay = 0.00> <CoreInst = "Sel">   --->   Core 73 'Sel' <Latency = 0> <II = 1> <Delay = 1.24> <FuncUnit> <Opcode : 'select'> <InPorts = 3> <OutPorts = 1>
ST_2 : Operation 102 [1/1] (0.00ns)   --->   "%empty_46 = trunc i8 %p_mid144" [D:/lenet_project/handoff/LeNet_DSE_Framework_2022_2/LeNet_DSE_Framework_2022_2/variants/mac_unroll_2/lenet_conv.cpp:92]   --->   Operation 102 'trunc' 'empty_46' <Predicate = (!icmp_ln92 & icmp_ln94 & !and_ln92)> <Delay = 0.00>
ST_2 : Operation 103 [1/1] (0.00ns)   --->   "%p_shl11_mid = bitconcatenate i11 @_ssdm_op_BitConcatenate.i11.i7.i4, i7 %empty_46, i4 0" [D:/lenet_project/handoff/LeNet_DSE_Framework_2022_2/LeNet_DSE_Framework_2022_2/variants/mac_unroll_2/lenet_conv.cpp:92]   --->   Operation 103 'bitconcatenate' 'p_shl11_mid' <Predicate = (!icmp_ln92 & icmp_ln94 & !and_ln92)> <Delay = 0.00>
ST_2 : Operation 104 [1/1] (0.00ns)   --->   "%p_shl12_mid = bitconcatenate i9 @_ssdm_op_BitConcatenate.i9.i8.i1, i8 %p_mid144, i1 0" [D:/lenet_project/handoff/LeNet_DSE_Framework_2022_2/LeNet_DSE_Framework_2022_2/variants/mac_unroll_2/lenet_conv.cpp:92]   --->   Operation 104 'bitconcatenate' 'p_shl12_mid' <Predicate = (!icmp_ln92 & icmp_ln94 & !and_ln92)> <Delay = 0.00>
ST_2 : Operation 105 [1/1] (0.00ns)   --->   "%p_shl12_cast_mid164 = sext i9 %p_shl12_mid" [D:/lenet_project/handoff/LeNet_DSE_Framework_2022_2/LeNet_DSE_Framework_2022_2/variants/mac_unroll_2/lenet_conv.cpp:92]   --->   Operation 105 'sext' 'p_shl12_cast_mid164' <Predicate = (!icmp_ln92 & icmp_ln94 & !and_ln92)> <Delay = 0.00>
ST_2 : Operation 106 [1/1] (1.63ns)   --->   "%p_mid166 = sub i11 %p_shl11_mid, i11 %p_shl12_cast_mid164" [D:/lenet_project/handoff/LeNet_DSE_Framework_2022_2/LeNet_DSE_Framework_2022_2/variants/mac_unroll_2/lenet_conv.cpp:92]   --->   Operation 106 'sub' 'p_mid166' <Predicate = (!icmp_ln92 & icmp_ln94 & !and_ln92)> <Delay = 1.63> <CoreInst = "Adder">   --->   Core 1 'Adder' <Latency = 0> <II = 1> <Delay = 1.63> <FuncUnit> <Opcode : 'add' 'sub'> <InPorts = 2> <OutPorts = 1>
ST_2 : Operation 107 [1/1] (0.00ns) (grouped into LUT with out node add_ln115)   --->   "%select_ln92_3 = select i1 %icmp_ln94, i11 %p_mid166, i11 %empty_38" [D:/lenet_project/handoff/LeNet_DSE_Framework_2022_2/LeNet_DSE_Framework_2022_2/variants/mac_unroll_2/lenet_conv.cpp:92]   --->   Operation 107 'select' 'select_ln92_3' <Predicate = (!icmp_ln92 & !and_ln92)> <Delay = 0.00> <CoreInst = "Sel">   --->   Core 73 'Sel' <Latency = 0> <II = 1> <Delay = 0.69> <FuncUnit> <Opcode : 'select'> <InPorts = 3> <OutPorts = 1>
ST_2 : Operation 108 [1/1] (0.00ns)   --->   "%p_shl13_0_mid = bitconcatenate i13 @_ssdm_op_BitConcatenate.i13.i8.i5, i8 %empty_47, i5 0" [D:/lenet_project/handoff/LeNet_DSE_Framework_2022_2/LeNet_DSE_Framework_2022_2/variants/mac_unroll_2/lenet_conv.cpp:92]   --->   Operation 108 'bitconcatenate' 'p_shl13_0_mid' <Predicate = (!icmp_ln92 & icmp_ln94 & !and_ln92)> <Delay = 0.00>
ST_2 : Operation 109 [1/1] (0.00ns)   --->   "%p_shl14_0_mid = bitconcatenate i11 @_ssdm_op_BitConcatenate.i11.i9.i2, i9 %p_mid142, i2 0" [D:/lenet_project/handoff/LeNet_DSE_Framework_2022_2/LeNet_DSE_Framework_2022_2/variants/mac_unroll_2/lenet_conv.cpp:92]   --->   Operation 109 'bitconcatenate' 'p_shl14_0_mid' <Predicate = (!icmp_ln92 & icmp_ln94 & !and_ln92)> <Delay = 0.00>
ST_2 : Operation 110 [1/1] (0.00ns)   --->   "%p_shl14_0_cast_mid178 = sext i11 %p_shl14_0_mid" [D:/lenet_project/handoff/LeNet_DSE_Framework_2022_2/LeNet_DSE_Framework_2022_2/variants/mac_unroll_2/lenet_conv.cpp:92]   --->   Operation 110 'sext' 'p_shl14_0_cast_mid178' <Predicate = (!icmp_ln92 & icmp_ln94 & !and_ln92)> <Delay = 0.00>
ST_2 : Operation 111 [1/1] (1.67ns)   --->   "%p_mid180 = sub i13 %p_shl13_0_mid, i13 %p_shl14_0_cast_mid178" [D:/lenet_project/handoff/LeNet_DSE_Framework_2022_2/LeNet_DSE_Framework_2022_2/variants/mac_unroll_2/lenet_conv.cpp:92]   --->   Operation 111 'sub' 'p_mid180' <Predicate = (!icmp_ln92 & icmp_ln94 & !and_ln92)> <Delay = 1.67> <CoreInst = "Adder">   --->   Core 1 'Adder' <Latency = 0> <II = 1> <Delay = 1.67> <FuncUnit> <Opcode : 'add' 'sub'> <InPorts = 2> <OutPorts = 1>
ST_2 : Operation 112 [1/1] (0.00ns) (grouped into LUT with out node add_ln106)   --->   "%select_ln92_4 = select i1 %icmp_ln94, i13 %p_mid180, i13 %empty_41" [D:/lenet_project/handoff/LeNet_DSE_Framework_2022_2/LeNet_DSE_Framework_2022_2/variants/mac_unroll_2/lenet_conv.cpp:92]   --->   Operation 112 'select' 'select_ln92_4' <Predicate = (!icmp_ln92 & !and_ln92)> <Delay = 0.00> <CoreInst = "Sel">   --->   Core 73 'Sel' <Latency = 0> <II = 1> <Delay = 0.69> <FuncUnit> <Opcode : 'select'> <InPorts = 3> <OutPorts = 1>
ST_2 : Operation 113 [1/1] (0.00ns)   --->   "%p_mid182 = or i9 %p_mid142, i9 1" [D:/lenet_project/handoff/LeNet_DSE_Framework_2022_2/LeNet_DSE_Framework_2022_2/variants/mac_unroll_2/lenet_conv.cpp:92]   --->   Operation 113 'or' 'p_mid182' <Predicate = (!icmp_ln92 & icmp_ln94 & !and_ln92)> <Delay = 0.00>
ST_2 : Operation 114 [1/1] (0.00ns)   --->   "%empty_48 = trunc i9 %p_mid182" [D:/lenet_project/handoff/LeNet_DSE_Framework_2022_2/LeNet_DSE_Framework_2022_2/variants/mac_unroll_2/lenet_conv.cpp:92]   --->   Operation 114 'trunc' 'empty_48' <Predicate = (!icmp_ln92 & icmp_ln94 & !and_ln92)> <Delay = 0.00>
ST_2 : Operation 115 [1/1] (0.00ns)   --->   "%p_shl13_1_mid = bitconcatenate i13 @_ssdm_op_BitConcatenate.i13.i8.i5, i8 %empty_48, i5 0" [D:/lenet_project/handoff/LeNet_DSE_Framework_2022_2/LeNet_DSE_Framework_2022_2/variants/mac_unroll_2/lenet_conv.cpp:92]   --->   Operation 115 'bitconcatenate' 'p_shl13_1_mid' <Predicate = (!icmp_ln92 & icmp_ln94 & !and_ln92)> <Delay = 0.00>
ST_2 : Operation 116 [1/1] (0.00ns)   --->   "%p_shl14_1_mid = bitconcatenate i11 @_ssdm_op_BitConcatenate.i11.i9.i2, i9 %p_mid182, i2 0" [D:/lenet_project/handoff/LeNet_DSE_Framework_2022_2/LeNet_DSE_Framework_2022_2/variants/mac_unroll_2/lenet_conv.cpp:92]   --->   Operation 116 'bitconcatenate' 'p_shl14_1_mid' <Predicate = (!icmp_ln92 & icmp_ln94 & !and_ln92)> <Delay = 0.00>
ST_2 : Operation 117 [1/1] (0.00ns)   --->   "%p_shl14_1_cast_mid192 = sext i11 %p_shl14_1_mid" [D:/lenet_project/handoff/LeNet_DSE_Framework_2022_2/LeNet_DSE_Framework_2022_2/variants/mac_unroll_2/lenet_conv.cpp:92]   --->   Operation 117 'sext' 'p_shl14_1_cast_mid192' <Predicate = (!icmp_ln92 & icmp_ln94 & !and_ln92)> <Delay = 0.00>
ST_2 : Operation 118 [1/1] (1.67ns)   --->   "%p_mid194 = sub i13 %p_shl13_1_mid, i13 %p_shl14_1_cast_mid192" [D:/lenet_project/handoff/LeNet_DSE_Framework_2022_2/LeNet_DSE_Framework_2022_2/variants/mac_unroll_2/lenet_conv.cpp:92]   --->   Operation 118 'sub' 'p_mid194' <Predicate = (!icmp_ln92 & icmp_ln94 & !and_ln92)> <Delay = 1.67> <CoreInst = "Adder">   --->   Core 1 'Adder' <Latency = 0> <II = 1> <Delay = 1.67> <FuncUnit> <Opcode : 'add' 'sub'> <InPorts = 2> <OutPorts = 1>
ST_2 : Operation 119 [1/1] (0.00ns) (grouped into LUT with out node add_ln106_1)   --->   "%select_ln92_5 = select i1 %icmp_ln94, i13 %p_mid194, i13 %empty_44" [D:/lenet_project/handoff/LeNet_DSE_Framework_2022_2/LeNet_DSE_Framework_2022_2/variants/mac_unroll_2/lenet_conv.cpp:92]   --->   Operation 119 'select' 'select_ln92_5' <Predicate = (!icmp_ln92 & !and_ln92)> <Delay = 0.00> <CoreInst = "Sel">   --->   Core 73 'Sel' <Latency = 0> <II = 1> <Delay = 0.69> <FuncUnit> <Opcode : 'select'> <InPorts = 3> <OutPorts = 1>
ST_2 : Operation 120 [1/1] (0.00ns) (grouped into LUT with out node p_mid118)   --->   "%zext_ln94_1 = zext i4 %add_ln94" [D:/lenet_project/handoff/LeNet_DSE_Framework_2022_2/LeNet_DSE_Framework_2022_2/variants/mac_unroll_2/lenet_conv.cpp:94]   --->   Operation 120 'zext' 'zext_ln94_1' <Predicate = (!icmp_ln92 & and_ln92)> <Delay = 0.00>
ST_2 : Operation 121 [1/1] (1.91ns) (out node of the LUT)   --->   "%p_mid118 = add i8 %zext_ln94_1, i8 %select_ln92_2" [D:/lenet_project/handoff/LeNet_DSE_Framework_2022_2/LeNet_DSE_Framework_2022_2/variants/mac_unroll_2/lenet_conv.cpp:94]   --->   Operation 121 'add' 'p_mid118' <Predicate = (!icmp_ln92 & and_ln92)> <Delay = 1.91> <CoreInst = "Adder">   --->   Core 1 'Adder' <Latency = 0> <II = 1> <Delay = 1.91> <FuncUnit> <Opcode : 'add' 'sub'> <InPorts = 2> <OutPorts = 1>
ST_2 : Operation 122 [1/1] (0.00ns)   --->   "%empty_49 = trunc i8 %p_mid118" [D:/lenet_project/handoff/LeNet_DSE_Framework_2022_2/LeNet_DSE_Framework_2022_2/variants/mac_unroll_2/lenet_conv.cpp:94]   --->   Operation 122 'trunc' 'empty_49' <Predicate = (!icmp_ln92 & and_ln92)> <Delay = 0.00>
ST_2 : Operation 123 [1/1] (0.00ns)   --->   "%p_shl11_mid1 = bitconcatenate i11 @_ssdm_op_BitConcatenate.i11.i7.i4, i7 %empty_49, i4 0" [D:/lenet_project/handoff/LeNet_DSE_Framework_2022_2/LeNet_DSE_Framework_2022_2/variants/mac_unroll_2/lenet_conv.cpp:94]   --->   Operation 123 'bitconcatenate' 'p_shl11_mid1' <Predicate = (!icmp_ln92 & and_ln92)> <Delay = 0.00>
ST_2 : Operation 124 [1/1] (0.00ns)   --->   "%p_shl12_mid1 = bitconcatenate i9 @_ssdm_op_BitConcatenate.i9.i8.i1, i8 %p_mid118, i1 0" [D:/lenet_project/handoff/LeNet_DSE_Framework_2022_2/LeNet_DSE_Framework_2022_2/variants/mac_unroll_2/lenet_conv.cpp:94]   --->   Operation 124 'bitconcatenate' 'p_shl12_mid1' <Predicate = (!icmp_ln92 & and_ln92)> <Delay = 0.00>
ST_2 : Operation 125 [1/1] (0.00ns)   --->   "%p_shl12_cast_mid1 = sext i9 %p_shl12_mid1" [D:/lenet_project/handoff/LeNet_DSE_Framework_2022_2/LeNet_DSE_Framework_2022_2/variants/mac_unroll_2/lenet_conv.cpp:94]   --->   Operation 125 'sext' 'p_shl12_cast_mid1' <Predicate = (!icmp_ln92 & and_ln92)> <Delay = 0.00>
ST_2 : Operation 126 [1/1] (1.63ns)   --->   "%p_mid120 = sub i11 %p_shl11_mid1, i11 %p_shl12_cast_mid1" [D:/lenet_project/handoff/LeNet_DSE_Framework_2022_2/LeNet_DSE_Framework_2022_2/variants/mac_unroll_2/lenet_conv.cpp:94]   --->   Operation 126 'sub' 'p_mid120' <Predicate = (!icmp_ln92 & and_ln92)> <Delay = 1.63> <CoreInst = "Adder">   --->   Core 1 'Adder' <Latency = 0> <II = 1> <Delay = 1.63> <FuncUnit> <Opcode : 'add' 'sub'> <InPorts = 2> <OutPorts = 1>
ST_2 : Operation 127 [1/1] (0.00ns) (grouped into LUT with out node add_ln115)   --->   "%select_ln94_1 = select i1 %and_ln92, i11 %p_mid120, i11 %select_ln92_3" [D:/lenet_project/handoff/LeNet_DSE_Framework_2022_2/LeNet_DSE_Framework_2022_2/variants/mac_unroll_2/lenet_conv.cpp:94]   --->   Operation 127 'select' 'select_ln94_1' <Predicate = (!icmp_ln92)> <Delay = 0.00> <CoreInst = "Sel">   --->   Core 73 'Sel' <Latency = 0> <II = 1> <Delay = 0.69> <FuncUnit> <Opcode : 'select'> <InPorts = 3> <OutPorts = 1>
ST_2 : Operation 128 [1/1] (0.00ns)   --->   "%p_shl13_0_mid1 = bitconcatenate i13 @_ssdm_op_BitConcatenate.i13.i8.i5, i8 %empty_50, i5 0" [D:/lenet_project/handoff/LeNet_DSE_Framework_2022_2/LeNet_DSE_Framework_2022_2/variants/mac_unroll_2/lenet_conv.cpp:94]   --->   Operation 128 'bitconcatenate' 'p_shl13_0_mid1' <Predicate = (!icmp_ln92 & and_ln92)> <Delay = 0.00>
ST_2 : Operation 129 [1/1] (0.00ns)   --->   "%p_shl14_0_mid1 = bitconcatenate i11 @_ssdm_op_BitConcatenate.i11.i9.i2, i9 %p_mid122, i2 0" [D:/lenet_project/handoff/LeNet_DSE_Framework_2022_2/LeNet_DSE_Framework_2022_2/variants/mac_unroll_2/lenet_conv.cpp:94]   --->   Operation 129 'bitconcatenate' 'p_shl14_0_mid1' <Predicate = (!icmp_ln92 & and_ln92)> <Delay = 0.00>
ST_2 : Operation 130 [1/1] (0.00ns)   --->   "%p_shl14_0_cast_mid1 = sext i11 %p_shl14_0_mid1" [D:/lenet_project/handoff/LeNet_DSE_Framework_2022_2/LeNet_DSE_Framework_2022_2/variants/mac_unroll_2/lenet_conv.cpp:94]   --->   Operation 130 'sext' 'p_shl14_0_cast_mid1' <Predicate = (!icmp_ln92 & and_ln92)> <Delay = 0.00>
ST_2 : Operation 131 [1/1] (1.67ns)   --->   "%p_mid124 = sub i13 %p_shl13_0_mid1, i13 %p_shl14_0_cast_mid1" [D:/lenet_project/handoff/LeNet_DSE_Framework_2022_2/LeNet_DSE_Framework_2022_2/variants/mac_unroll_2/lenet_conv.cpp:94]   --->   Operation 131 'sub' 'p_mid124' <Predicate = (!icmp_ln92 & and_ln92)> <Delay = 1.67> <CoreInst = "Adder">   --->   Core 1 'Adder' <Latency = 0> <II = 1> <Delay = 1.67> <FuncUnit> <Opcode : 'add' 'sub'> <InPorts = 2> <OutPorts = 1>
ST_2 : Operation 132 [1/1] (0.00ns) (grouped into LUT with out node add_ln106)   --->   "%select_ln94_2 = select i1 %and_ln92, i13 %p_mid124, i13 %select_ln92_4" [D:/lenet_project/handoff/LeNet_DSE_Framework_2022_2/LeNet_DSE_Framework_2022_2/variants/mac_unroll_2/lenet_conv.cpp:94]   --->   Operation 132 'select' 'select_ln94_2' <Predicate = (!icmp_ln92)> <Delay = 0.00> <CoreInst = "Sel">   --->   Core 73 'Sel' <Latency = 0> <II = 1> <Delay = 0.69> <FuncUnit> <Opcode : 'select'> <InPorts = 3> <OutPorts = 1>
ST_2 : Operation 133 [1/1] (0.00ns)   --->   "%p_mid126 = or i9 %p_mid122, i9 1" [D:/lenet_project/handoff/LeNet_DSE_Framework_2022_2/LeNet_DSE_Framework_2022_2/variants/mac_unroll_2/lenet_conv.cpp:94]   --->   Operation 133 'or' 'p_mid126' <Predicate = (!icmp_ln92 & and_ln92)> <Delay = 0.00>
ST_2 : Operation 134 [1/1] (0.00ns)   --->   "%empty_51 = trunc i9 %p_mid126" [D:/lenet_project/handoff/LeNet_DSE_Framework_2022_2/LeNet_DSE_Framework_2022_2/variants/mac_unroll_2/lenet_conv.cpp:94]   --->   Operation 134 'trunc' 'empty_51' <Predicate = (!icmp_ln92 & and_ln92)> <Delay = 0.00>
ST_2 : Operation 135 [1/1] (0.00ns)   --->   "%p_shl13_1_mid1 = bitconcatenate i13 @_ssdm_op_BitConcatenate.i13.i8.i5, i8 %empty_51, i5 0" [D:/lenet_project/handoff/LeNet_DSE_Framework_2022_2/LeNet_DSE_Framework_2022_2/variants/mac_unroll_2/lenet_conv.cpp:94]   --->   Operation 135 'bitconcatenate' 'p_shl13_1_mid1' <Predicate = (!icmp_ln92 & and_ln92)> <Delay = 0.00>
ST_2 : Operation 136 [1/1] (0.00ns)   --->   "%p_shl14_1_mid1 = bitconcatenate i11 @_ssdm_op_BitConcatenate.i11.i9.i2, i9 %p_mid126, i2 0" [D:/lenet_project/handoff/LeNet_DSE_Framework_2022_2/LeNet_DSE_Framework_2022_2/variants/mac_unroll_2/lenet_conv.cpp:94]   --->   Operation 136 'bitconcatenate' 'p_shl14_1_mid1' <Predicate = (!icmp_ln92 & and_ln92)> <Delay = 0.00>
ST_2 : Operation 137 [1/1] (0.00ns)   --->   "%p_shl14_1_cast_mid1 = sext i11 %p_shl14_1_mid1" [D:/lenet_project/handoff/LeNet_DSE_Framework_2022_2/LeNet_DSE_Framework_2022_2/variants/mac_unroll_2/lenet_conv.cpp:94]   --->   Operation 137 'sext' 'p_shl14_1_cast_mid1' <Predicate = (!icmp_ln92 & and_ln92)> <Delay = 0.00>
ST_2 : Operation 138 [1/1] (1.67ns)   --->   "%p_mid128 = sub i13 %p_shl13_1_mid1, i13 %p_shl14_1_cast_mid1" [D:/lenet_project/handoff/LeNet_DSE_Framework_2022_2/LeNet_DSE_Framework_2022_2/variants/mac_unroll_2/lenet_conv.cpp:94]   --->   Operation 138 'sub' 'p_mid128' <Predicate = (!icmp_ln92 & and_ln92)> <Delay = 1.67> <CoreInst = "Adder">   --->   Core 1 'Adder' <Latency = 0> <II = 1> <Delay = 1.67> <FuncUnit> <Opcode : 'add' 'sub'> <InPorts = 2> <OutPorts = 1>
ST_2 : Operation 139 [1/1] (0.00ns) (grouped into LUT with out node add_ln106_1)   --->   "%select_ln94_3 = select i1 %and_ln92, i13 %p_mid128, i13 %select_ln92_5" [D:/lenet_project/handoff/LeNet_DSE_Framework_2022_2/LeNet_DSE_Framework_2022_2/variants/mac_unroll_2/lenet_conv.cpp:94]   --->   Operation 139 'select' 'select_ln94_3' <Predicate = (!icmp_ln92)> <Delay = 0.00> <CoreInst = "Sel">   --->   Core 73 'Sel' <Latency = 0> <II = 1> <Delay = 0.69> <FuncUnit> <Opcode : 'select'> <InPorts = 3> <OutPorts = 1>
ST_2 : Operation 140 [1/1] (0.00ns) (grouped into LUT with out node add_ln115)   --->   "%output_col_cast35 = zext i4 %select_ln94" [D:/lenet_project/handoff/LeNet_DSE_Framework_2022_2/LeNet_DSE_Framework_2022_2/variants/mac_unroll_2/lenet_conv.cpp:94]   --->   Operation 140 'zext' 'output_col_cast35' <Predicate = (!icmp_ln92)> <Delay = 0.00>
ST_2 : Operation 141 [1/1] (0.00ns)   --->   "%tmp_16 = bitconcatenate i5 @_ssdm_op_BitConcatenate.i5.i4.i1, i4 %select_ln94, i1 0" [D:/lenet_project/handoff/LeNet_DSE_Framework_2022_2/LeNet_DSE_Framework_2022_2/variants/mac_unroll_2/lenet_conv.cpp:94]   --->   Operation 141 'bitconcatenate' 'tmp_16' <Predicate = (!icmp_ln92)> <Delay = 0.00>
ST_2 : Operation 142 [1/1] (0.00ns)   --->   "%zext_ln106 = zext i5 %tmp_16" [D:/lenet_project/handoff/LeNet_DSE_Framework_2022_2/LeNet_DSE_Framework_2022_2/variants/mac_unroll_2/lenet_conv.cpp:106]   --->   Operation 142 'zext' 'zext_ln106' <Predicate = (!icmp_ln92)> <Delay = 0.00>
ST_2 : Operation 143 [1/1] (1.67ns) (out node of the LUT)   --->   "%add_ln106 = add i13 %select_ln94_2, i13 %zext_ln106" [D:/lenet_project/handoff/LeNet_DSE_Framework_2022_2/LeNet_DSE_Framework_2022_2/variants/mac_unroll_2/lenet_conv.cpp:106]   --->   Operation 143 'add' 'add_ln106' <Predicate = (!icmp_ln92)> <Delay = 1.67> <CoreInst = "Adder">   --->   Core 1 'Adder' <Latency = 0> <II = 1> <Delay = 1.67> <FuncUnit> <Opcode : 'add' 'sub'> <InPorts = 2> <OutPorts = 1>
ST_2 : Operation 144 [1/1] (0.00ns)   --->   "%zext_ln107 = zext i13 %add_ln106" [D:/lenet_project/handoff/LeNet_DSE_Framework_2022_2/LeNet_DSE_Framework_2022_2/variants/mac_unroll_2/lenet_conv.cpp:107]   --->   Operation 144 'zext' 'zext_ln107' <Predicate = (!icmp_ln92)> <Delay = 0.00>
ST_2 : Operation 145 [1/1] (0.00ns)   --->   "%conv1_output_addr = getelementptr i32 %conv1_output, i64 0, i64 %zext_ln107" [D:/lenet_project/handoff/LeNet_DSE_Framework_2022_2/LeNet_DSE_Framework_2022_2/variants/mac_unroll_2/lenet_conv.cpp:107]   --->   Operation 145 'getelementptr' 'conv1_output_addr' <Predicate = (!icmp_ln92)> <Delay = 0.00>
ST_2 : Operation 146 [2/2] (3.25ns)   --->   "%conv1_output_load = load i13 %conv1_output_addr" [D:/lenet_project/handoff/LeNet_DSE_Framework_2022_2/LeNet_DSE_Framework_2022_2/variants/mac_unroll_2/lenet_conv.cpp:107]   --->   Operation 146 'load' 'conv1_output_load' <Predicate = (!icmp_ln92)> <Delay = 3.25> <CoreInst = "RAM_1WnR">   --->   Core 83 'RAM_1WnR' <Latency = 1> <II = 1> <Delay = 3.25> <Storage> <Opcode : 'load' 'store'> <Ports = 17> <Width = 32> <Depth = 4704> <RAM>
ST_2 : Operation 147 [1/1] (0.00ns)   --->   "%or_ln106 = or i13 %add_ln106, i13 1" [D:/lenet_project/handoff/LeNet_DSE_Framework_2022_2/LeNet_DSE_Framework_2022_2/variants/mac_unroll_2/lenet_conv.cpp:106]   --->   Operation 147 'or' 'or_ln106' <Predicate = (!icmp_ln92)> <Delay = 0.00>
ST_2 : Operation 148 [1/1] (0.00ns)   --->   "%zext_ln107_1 = zext i13 %or_ln106" [D:/lenet_project/handoff/LeNet_DSE_Framework_2022_2/LeNet_DSE_Framework_2022_2/variants/mac_unroll_2/lenet_conv.cpp:107]   --->   Operation 148 'zext' 'zext_ln107_1' <Predicate = (!icmp_ln92)> <Delay = 0.00>
ST_2 : Operation 149 [1/1] (0.00ns)   --->   "%conv1_output_addr_1 = getelementptr i32 %conv1_output, i64 0, i64 %zext_ln107_1" [D:/lenet_project/handoff/LeNet_DSE_Framework_2022_2/LeNet_DSE_Framework_2022_2/variants/mac_unroll_2/lenet_conv.cpp:107]   --->   Operation 149 'getelementptr' 'conv1_output_addr_1' <Predicate = (!icmp_ln92)> <Delay = 0.00>
ST_2 : Operation 150 [2/2] (3.25ns)   --->   "%conv1_output_load_1 = load i13 %conv1_output_addr_1" [D:/lenet_project/handoff/LeNet_DSE_Framework_2022_2/LeNet_DSE_Framework_2022_2/variants/mac_unroll_2/lenet_conv.cpp:107]   --->   Operation 150 'load' 'conv1_output_load_1' <Predicate = (!icmp_ln92)> <Delay = 3.25> <CoreInst = "RAM_1WnR">   --->   Core 83 'RAM_1WnR' <Latency = 1> <II = 1> <Delay = 3.25> <Storage> <Opcode : 'load' 'store'> <Ports = 17> <Width = 32> <Depth = 4704> <RAM>
ST_2 : Operation 151 [1/1] (1.67ns) (out node of the LUT)   --->   "%add_ln106_1 = add i13 %select_ln94_3, i13 %zext_ln106" [D:/lenet_project/handoff/LeNet_DSE_Framework_2022_2/LeNet_DSE_Framework_2022_2/variants/mac_unroll_2/lenet_conv.cpp:106]   --->   Operation 151 'add' 'add_ln106_1' <Predicate = (!icmp_ln92)> <Delay = 1.67> <CoreInst = "Adder">   --->   Core 1 'Adder' <Latency = 0> <II = 1> <Delay = 1.67> <FuncUnit> <Opcode : 'add' 'sub'> <InPorts = 2> <OutPorts = 1>
ST_2 : Operation 152 [1/1] (0.00ns)   --->   "%zext_ln107_2 = zext i13 %add_ln106_1" [D:/lenet_project/handoff/LeNet_DSE_Framework_2022_2/LeNet_DSE_Framework_2022_2/variants/mac_unroll_2/lenet_conv.cpp:107]   --->   Operation 152 'zext' 'zext_ln107_2' <Predicate = (!icmp_ln92)> <Delay = 0.00>
ST_2 : Operation 153 [1/1] (0.00ns)   --->   "%conv1_output_addr_2 = getelementptr i32 %conv1_output, i64 0, i64 %zext_ln107_2" [D:/lenet_project/handoff/LeNet_DSE_Framework_2022_2/LeNet_DSE_Framework_2022_2/variants/mac_unroll_2/lenet_conv.cpp:107]   --->   Operation 153 'getelementptr' 'conv1_output_addr_2' <Predicate = (!icmp_ln92)> <Delay = 0.00>
ST_2 : Operation 154 [2/2] (3.25ns)   --->   "%conv1_output_load_2 = load i13 %conv1_output_addr_2" [D:/lenet_project/handoff/LeNet_DSE_Framework_2022_2/LeNet_DSE_Framework_2022_2/variants/mac_unroll_2/lenet_conv.cpp:107]   --->   Operation 154 'load' 'conv1_output_load_2' <Predicate = (!icmp_ln92)> <Delay = 3.25> <CoreInst = "RAM_1WnR">   --->   Core 83 'RAM_1WnR' <Latency = 1> <II = 1> <Delay = 3.25> <Storage> <Opcode : 'load' 'store'> <Ports = 17> <Width = 32> <Depth = 4704> <RAM>
ST_2 : Operation 155 [1/1] (0.00ns)   --->   "%or_ln106_1 = or i13 %add_ln106_1, i13 1" [D:/lenet_project/handoff/LeNet_DSE_Framework_2022_2/LeNet_DSE_Framework_2022_2/variants/mac_unroll_2/lenet_conv.cpp:106]   --->   Operation 155 'or' 'or_ln106_1' <Predicate = (!icmp_ln92)> <Delay = 0.00>
ST_2 : Operation 156 [1/1] (0.00ns)   --->   "%zext_ln107_3 = zext i13 %or_ln106_1" [D:/lenet_project/handoff/LeNet_DSE_Framework_2022_2/LeNet_DSE_Framework_2022_2/variants/mac_unroll_2/lenet_conv.cpp:107]   --->   Operation 156 'zext' 'zext_ln107_3' <Predicate = (!icmp_ln92)> <Delay = 0.00>
ST_2 : Operation 157 [1/1] (0.00ns)   --->   "%conv1_output_addr_3 = getelementptr i32 %conv1_output, i64 0, i64 %zext_ln107_3" [D:/lenet_project/handoff/LeNet_DSE_Framework_2022_2/LeNet_DSE_Framework_2022_2/variants/mac_unroll_2/lenet_conv.cpp:107]   --->   Operation 157 'getelementptr' 'conv1_output_addr_3' <Predicate = (!icmp_ln92)> <Delay = 0.00>
ST_2 : Operation 158 [2/2] (3.25ns)   --->   "%conv1_output_load_3 = load i13 %conv1_output_addr_3" [D:/lenet_project/handoff/LeNet_DSE_Framework_2022_2/LeNet_DSE_Framework_2022_2/variants/mac_unroll_2/lenet_conv.cpp:107]   --->   Operation 158 'load' 'conv1_output_load_3' <Predicate = (!icmp_ln92)> <Delay = 3.25> <CoreInst = "RAM_1WnR">   --->   Core 83 'RAM_1WnR' <Latency = 1> <II = 1> <Delay = 3.25> <Storage> <Opcode : 'load' 'store'> <Ports = 17> <Width = 32> <Depth = 4704> <RAM>
ST_2 : Operation 159 [1/1] (1.63ns) (out node of the LUT)   --->   "%add_ln115 = add i11 %output_col_cast35, i11 %select_ln94_1" [D:/lenet_project/handoff/LeNet_DSE_Framework_2022_2/LeNet_DSE_Framework_2022_2/variants/mac_unroll_2/lenet_conv.cpp:115]   --->   Operation 159 'add' 'add_ln115' <Predicate = (!icmp_ln92)> <Delay = 1.63> <CoreInst = "Adder">   --->   Core 1 'Adder' <Latency = 0> <II = 1> <Delay = 1.63> <FuncUnit> <Opcode : 'add' 'sub'> <InPorts = 2> <OutPorts = 1>

State 3 <SV = 2> <Delay = 3.25>
ST_3 : Operation 160 [1/2] (3.25ns)   --->   "%conv1_output_load = load i13 %conv1_output_addr" [D:/lenet_project/handoff/LeNet_DSE_Framework_2022_2/LeNet_DSE_Framework_2022_2/variants/mac_unroll_2/lenet_conv.cpp:107]   --->   Operation 160 'load' 'conv1_output_load' <Predicate = true> <Delay = 3.25> <CoreInst = "RAM_1WnR">   --->   Core 83 'RAM_1WnR' <Latency = 1> <II = 1> <Delay = 3.25> <Storage> <Opcode : 'load' 'store'> <Ports = 17> <Width = 32> <Depth = 4704> <RAM>
ST_3 : Operation 161 [1/2] (3.25ns)   --->   "%conv1_output_load_1 = load i13 %conv1_output_addr_1" [D:/lenet_project/handoff/LeNet_DSE_Framework_2022_2/LeNet_DSE_Framework_2022_2/variants/mac_unroll_2/lenet_conv.cpp:107]   --->   Operation 161 'load' 'conv1_output_load_1' <Predicate = true> <Delay = 3.25> <CoreInst = "RAM_1WnR">   --->   Core 83 'RAM_1WnR' <Latency = 1> <II = 1> <Delay = 3.25> <Storage> <Opcode : 'load' 'store'> <Ports = 17> <Width = 32> <Depth = 4704> <RAM>
ST_3 : Operation 162 [1/2] (3.25ns)   --->   "%conv1_output_load_2 = load i13 %conv1_output_addr_2" [D:/lenet_project/handoff/LeNet_DSE_Framework_2022_2/LeNet_DSE_Framework_2022_2/variants/mac_unroll_2/lenet_conv.cpp:107]   --->   Operation 162 'load' 'conv1_output_load_2' <Predicate = true> <Delay = 3.25> <CoreInst = "RAM_1WnR">   --->   Core 83 'RAM_1WnR' <Latency = 1> <II = 1> <Delay = 3.25> <Storage> <Opcode : 'load' 'store'> <Ports = 17> <Width = 32> <Depth = 4704> <RAM>
ST_3 : Operation 163 [1/2] (3.25ns)   --->   "%conv1_output_load_3 = load i13 %conv1_output_addr_3" [D:/lenet_project/handoff/LeNet_DSE_Framework_2022_2/LeNet_DSE_Framework_2022_2/variants/mac_unroll_2/lenet_conv.cpp:107]   --->   Operation 163 'load' 'conv1_output_load_3' <Predicate = true> <Delay = 3.25> <CoreInst = "RAM_1WnR">   --->   Core 83 'RAM_1WnR' <Latency = 1> <II = 1> <Delay = 3.25> <Storage> <Opcode : 'load' 'store'> <Ports = 17> <Width = 32> <Depth = 4704> <RAM>

State 4 <SV = 3> <Delay = 5.43>
ST_4 : Operation 164 [2/2] (5.43ns)   --->   "%tmp_7 = fcmp_ogt  i32 %conv1_output_load, i32 0" [D:/lenet_project/handoff/LeNet_DSE_Framework_2022_2/LeNet_DSE_Framework_2022_2/variants/mac_unroll_2/lenet_conv.cpp:108]   --->   Operation 164 'fcmp' 'tmp_7' <Predicate = true> <Delay = 5.43> <CoreInst = "FCompare">   --->   Core 19 'FCompare' <Latency = 1> <II = 1> <Delay = 5.43> <FuncUnit> <Opcode : 'fcmp'> <InPorts = 2> <OutPorts = 1>

State 5 <SV = 4> <Delay = 6.40>
ST_5 : Operation 165 [1/1] (0.00ns)   --->   "%bitcast_ln108 = bitcast i32 %conv1_output_load" [D:/lenet_project/handoff/LeNet_DSE_Framework_2022_2/LeNet_DSE_Framework_2022_2/variants/mac_unroll_2/lenet_conv.cpp:108]   --->   Operation 165 'bitcast' 'bitcast_ln108' <Predicate = true> <Delay = 0.00>
ST_5 : Operation 166 [1/1] (0.00ns)   --->   "%tmp_6 = partselect i8 @_ssdm_op_PartSelect.i8.i32.i32.i32, i32 %bitcast_ln108, i32 23, i32 30" [D:/lenet_project/handoff/LeNet_DSE_Framework_2022_2/LeNet_DSE_Framework_2022_2/variants/mac_unroll_2/lenet_conv.cpp:108]   --->   Operation 166 'partselect' 'tmp_6' <Predicate = true> <Delay = 0.00>
ST_5 : Operation 167 [1/1] (0.00ns)   --->   "%trunc_ln108 = trunc i32 %bitcast_ln108" [D:/lenet_project/handoff/LeNet_DSE_Framework_2022_2/LeNet_DSE_Framework_2022_2/variants/mac_unroll_2/lenet_conv.cpp:108]   --->   Operation 167 'trunc' 'trunc_ln108' <Predicate = true> <Delay = 0.00>
ST_5 : Operation 168 [1/1] (1.55ns)   --->   "%icmp_ln108 = icmp_ne  i8 %tmp_6, i8 255" [D:/lenet_project/handoff/LeNet_DSE_Framework_2022_2/LeNet_DSE_Framework_2022_2/variants/mac_unroll_2/lenet_conv.cpp:108]   --->   Operation 168 'icmp' 'icmp_ln108' <Predicate = true> <Delay = 1.55> <CoreInst = "Cmp">   --->   Core 9 'Cmp' <Latency = 0> <II = 1> <Delay = 1.55> <FuncUnit> <Opcode : 'icmp'> <InPorts = 2> <OutPorts = 1>
ST_5 : Operation 169 [1/1] (2.44ns)   --->   "%icmp_ln108_1 = icmp_eq  i23 %trunc_ln108, i23 0" [D:/lenet_project/handoff/LeNet_DSE_Framework_2022_2/LeNet_DSE_Framework_2022_2/variants/mac_unroll_2/lenet_conv.cpp:108]   --->   Operation 169 'icmp' 'icmp_ln108_1' <Predicate = true> <Delay = 2.44> <CoreInst = "Cmp">   --->   Core 9 'Cmp' <Latency = 0> <II = 1> <Delay = 2.44> <FuncUnit> <Opcode : 'icmp'> <InPorts = 2> <OutPorts = 1>
ST_5 : Operation 170 [1/1] (0.00ns) (grouped into LUT with out node select_ln108)   --->   "%or_ln108 = or i1 %icmp_ln108_1, i1 %icmp_ln108" [D:/lenet_project/handoff/LeNet_DSE_Framework_2022_2/LeNet_DSE_Framework_2022_2/variants/mac_unroll_2/lenet_conv.cpp:108]   --->   Operation 170 'or' 'or_ln108' <Predicate = true> <Delay = 0.00> <CoreInst = "LogicGate">   --->   Core 74 'LogicGate' <Latency = 0> <II = 1> <Delay = 0.97> <FuncUnit> <Opcode : 'and' 'or' 'xor'> <InPorts = 2> <OutPorts = 1>
ST_5 : Operation 171 [1/2] (5.43ns)   --->   "%tmp_7 = fcmp_ogt  i32 %conv1_output_load, i32 0" [D:/lenet_project/handoff/LeNet_DSE_Framework_2022_2/LeNet_DSE_Framework_2022_2/variants/mac_unroll_2/lenet_conv.cpp:108]   --->   Operation 171 'fcmp' 'tmp_7' <Predicate = true> <Delay = 5.43> <CoreInst = "FCompare">   --->   Core 19 'FCompare' <Latency = 1> <II = 1> <Delay = 5.43> <FuncUnit> <Opcode : 'fcmp'> <InPorts = 2> <OutPorts = 1>
ST_5 : Operation 172 [1/1] (0.00ns) (grouped into LUT with out node select_ln108)   --->   "%and_ln108 = and i1 %or_ln108, i1 %tmp_7" [D:/lenet_project/handoff/LeNet_DSE_Framework_2022_2/LeNet_DSE_Framework_2022_2/variants/mac_unroll_2/lenet_conv.cpp:108]   --->   Operation 172 'and' 'and_ln108' <Predicate = true> <Delay = 0.00> <CoreInst = "LogicGate">   --->   Core 74 'LogicGate' <Latency = 0> <II = 1> <Delay = 0.97> <FuncUnit> <Opcode : 'and' 'or' 'xor'> <InPorts = 2> <OutPorts = 1>
ST_5 : Operation 173 [1/1] (0.97ns) (out node of the LUT)   --->   "%select_ln108 = select i1 %and_ln108, i32 %conv1_output_load, i32 0" [D:/lenet_project/handoff/LeNet_DSE_Framework_2022_2/LeNet_DSE_Framework_2022_2/variants/mac_unroll_2/lenet_conv.cpp:108]   --->   Operation 173 'select' 'select_ln108' <Predicate = true> <Delay = 0.97> <CoreInst = "Sel">   --->   Core 73 'Sel' <Latency = 0> <II = 1> <Delay = 0.69> <FuncUnit> <Opcode : 'select'> <InPorts = 3> <OutPorts = 1>

State 6 <SV = 5> <Delay = 5.43>
ST_6 : Operation 174 [2/2] (5.43ns)   --->   "%tmp_s = fcmp_ogt  i32 %conv1_output_load_1, i32 %select_ln108" [D:/lenet_project/handoff/LeNet_DSE_Framework_2022_2/LeNet_DSE_Framework_2022_2/variants/mac_unroll_2/lenet_conv.cpp:108]   --->   Operation 174 'fcmp' 'tmp_s' <Predicate = true> <Delay = 5.43> <CoreInst = "FCompare">   --->   Core 19 'FCompare' <Latency = 1> <II = 1> <Delay = 5.43> <FuncUnit> <Opcode : 'fcmp'> <InPorts = 2> <OutPorts = 1>

State 7 <SV = 6> <Delay = 7.10>
ST_7 : Operation 175 [1/1] (0.00ns)   --->   "%bitcast_ln108_1 = bitcast i32 %conv1_output_load_1" [D:/lenet_project/handoff/LeNet_DSE_Framework_2022_2/LeNet_DSE_Framework_2022_2/variants/mac_unroll_2/lenet_conv.cpp:108]   --->   Operation 175 'bitcast' 'bitcast_ln108_1' <Predicate = true> <Delay = 0.00>
ST_7 : Operation 176 [1/1] (0.00ns)   --->   "%tmp_8 = partselect i8 @_ssdm_op_PartSelect.i8.i32.i32.i32, i32 %bitcast_ln108_1, i32 23, i32 30" [D:/lenet_project/handoff/LeNet_DSE_Framework_2022_2/LeNet_DSE_Framework_2022_2/variants/mac_unroll_2/lenet_conv.cpp:108]   --->   Operation 176 'partselect' 'tmp_8' <Predicate = true> <Delay = 0.00>
ST_7 : Operation 177 [1/1] (0.00ns)   --->   "%trunc_ln108_7 = trunc i32 %bitcast_ln108_1" [D:/lenet_project/handoff/LeNet_DSE_Framework_2022_2/LeNet_DSE_Framework_2022_2/variants/mac_unroll_2/lenet_conv.cpp:108]   --->   Operation 177 'trunc' 'trunc_ln108_7' <Predicate = true> <Delay = 0.00>
ST_7 : Operation 178 [1/1] (0.00ns)   --->   "%bitcast_ln108_2 = bitcast i32 %select_ln108" [D:/lenet_project/handoff/LeNet_DSE_Framework_2022_2/LeNet_DSE_Framework_2022_2/variants/mac_unroll_2/lenet_conv.cpp:108]   --->   Operation 178 'bitcast' 'bitcast_ln108_2' <Predicate = true> <Delay = 0.00>
ST_7 : Operation 179 [1/1] (0.00ns)   --->   "%tmp_9 = partselect i8 @_ssdm_op_PartSelect.i8.i32.i32.i32, i32 %bitcast_ln108_2, i32 23, i32 30" [D:/lenet_project/handoff/LeNet_DSE_Framework_2022_2/LeNet_DSE_Framework_2022_2/variants/mac_unroll_2/lenet_conv.cpp:108]   --->   Operation 179 'partselect' 'tmp_9' <Predicate = true> <Delay = 0.00>
ST_7 : Operation 180 [1/1] (0.00ns)   --->   "%trunc_ln108_8 = trunc i32 %bitcast_ln108_2" [D:/lenet_project/handoff/LeNet_DSE_Framework_2022_2/LeNet_DSE_Framework_2022_2/variants/mac_unroll_2/lenet_conv.cpp:108]   --->   Operation 180 'trunc' 'trunc_ln108_8' <Predicate = true> <Delay = 0.00>
ST_7 : Operation 181 [1/1] (1.55ns)   --->   "%icmp_ln108_2 = icmp_ne  i8 %tmp_8, i8 255" [D:/lenet_project/handoff/LeNet_DSE_Framework_2022_2/LeNet_DSE_Framework_2022_2/variants/mac_unroll_2/lenet_conv.cpp:108]   --->   Operation 181 'icmp' 'icmp_ln108_2' <Predicate = true> <Delay = 1.55> <CoreInst = "Cmp">   --->   Core 9 'Cmp' <Latency = 0> <II = 1> <Delay = 1.55> <FuncUnit> <Opcode : 'icmp'> <InPorts = 2> <OutPorts = 1>
ST_7 : Operation 182 [1/1] (2.44ns)   --->   "%icmp_ln108_3 = icmp_eq  i23 %trunc_ln108_7, i23 0" [D:/lenet_project/handoff/LeNet_DSE_Framework_2022_2/LeNet_DSE_Framework_2022_2/variants/mac_unroll_2/lenet_conv.cpp:108]   --->   Operation 182 'icmp' 'icmp_ln108_3' <Predicate = true> <Delay = 2.44> <CoreInst = "Cmp">   --->   Core 9 'Cmp' <Latency = 0> <II = 1> <Delay = 2.44> <FuncUnit> <Opcode : 'icmp'> <InPorts = 2> <OutPorts = 1>
ST_7 : Operation 183 [1/1] (0.00ns) (grouped into LUT with out node and_ln108_2)   --->   "%or_ln108_1 = or i1 %icmp_ln108_3, i1 %icmp_ln108_2" [D:/lenet_project/handoff/LeNet_DSE_Framework_2022_2/LeNet_DSE_Framework_2022_2/variants/mac_unroll_2/lenet_conv.cpp:108]   --->   Operation 183 'or' 'or_ln108_1' <Predicate = true> <Delay = 0.00> <CoreInst = "LogicGate">   --->   Core 74 'LogicGate' <Latency = 0> <II = 1> <Delay = 0.97> <FuncUnit> <Opcode : 'and' 'or' 'xor'> <InPorts = 2> <OutPorts = 1>
ST_7 : Operation 184 [1/1] (1.55ns)   --->   "%icmp_ln108_4 = icmp_ne  i8 %tmp_9, i8 255" [D:/lenet_project/handoff/LeNet_DSE_Framework_2022_2/LeNet_DSE_Framework_2022_2/variants/mac_unroll_2/lenet_conv.cpp:108]   --->   Operation 184 'icmp' 'icmp_ln108_4' <Predicate = true> <Delay = 1.55> <CoreInst = "Cmp">   --->   Core 9 'Cmp' <Latency = 0> <II = 1> <Delay = 1.55> <FuncUnit> <Opcode : 'icmp'> <InPorts = 2> <OutPorts = 1>
ST_7 : Operation 185 [1/1] (2.44ns)   --->   "%icmp_ln108_5 = icmp_eq  i23 %trunc_ln108_8, i23 0" [D:/lenet_project/handoff/LeNet_DSE_Framework_2022_2/LeNet_DSE_Framework_2022_2/variants/mac_unroll_2/lenet_conv.cpp:108]   --->   Operation 185 'icmp' 'icmp_ln108_5' <Predicate = true> <Delay = 2.44> <CoreInst = "Cmp">   --->   Core 9 'Cmp' <Latency = 0> <II = 1> <Delay = 2.44> <FuncUnit> <Opcode : 'icmp'> <InPorts = 2> <OutPorts = 1>
ST_7 : Operation 186 [1/1] (0.00ns) (grouped into LUT with out node and_ln108_2)   --->   "%or_ln108_2 = or i1 %icmp_ln108_5, i1 %icmp_ln108_4" [D:/lenet_project/handoff/LeNet_DSE_Framework_2022_2/LeNet_DSE_Framework_2022_2/variants/mac_unroll_2/lenet_conv.cpp:108]   --->   Operation 186 'or' 'or_ln108_2' <Predicate = true> <Delay = 0.00> <CoreInst = "LogicGate">   --->   Core 74 'LogicGate' <Latency = 0> <II = 1> <Delay = 0.97> <FuncUnit> <Opcode : 'and' 'or' 'xor'> <InPorts = 2> <OutPorts = 1>
ST_7 : Operation 187 [1/1] (0.00ns) (grouped into LUT with out node and_ln108_2)   --->   "%and_ln108_1 = and i1 %or_ln108_1, i1 %or_ln108_2" [D:/lenet_project/handoff/LeNet_DSE_Framework_2022_2/LeNet_DSE_Framework_2022_2/variants/mac_unroll_2/lenet_conv.cpp:108]   --->   Operation 187 'and' 'and_ln108_1' <Predicate = true> <Delay = 0.00> <CoreInst = "LogicGate">   --->   Core 74 'LogicGate' <Latency = 0> <II = 1> <Delay = 0.97> <FuncUnit> <Opcode : 'and' 'or' 'xor'> <InPorts = 2> <OutPorts = 1>
ST_7 : Operation 188 [1/2] (5.43ns)   --->   "%tmp_s = fcmp_ogt  i32 %conv1_output_load_1, i32 %select_ln108" [D:/lenet_project/handoff/LeNet_DSE_Framework_2022_2/LeNet_DSE_Framework_2022_2/variants/mac_unroll_2/lenet_conv.cpp:108]   --->   Operation 188 'fcmp' 'tmp_s' <Predicate = true> <Delay = 5.43> <CoreInst = "FCompare">   --->   Core 19 'FCompare' <Latency = 1> <II = 1> <Delay = 5.43> <FuncUnit> <Opcode : 'fcmp'> <InPorts = 2> <OutPorts = 1>
ST_7 : Operation 189 [1/1] (0.97ns) (out node of the LUT)   --->   "%and_ln108_2 = and i1 %and_ln108_1, i1 %tmp_s" [D:/lenet_project/handoff/LeNet_DSE_Framework_2022_2/LeNet_DSE_Framework_2022_2/variants/mac_unroll_2/lenet_conv.cpp:108]   --->   Operation 189 'and' 'and_ln108_2' <Predicate = true> <Delay = 0.97> <CoreInst = "LogicGate">   --->   Core 74 'LogicGate' <Latency = 0> <II = 1> <Delay = 0.97> <FuncUnit> <Opcode : 'and' 'or' 'xor'> <InPorts = 2> <OutPorts = 1>
ST_7 : Operation 190 [1/1] (0.69ns) (out node of the LUT)   --->   "%select_ln108_1 = select i1 %and_ln108_2, i32 %conv1_output_load_1, i32 %select_ln108" [D:/lenet_project/handoff/LeNet_DSE_Framework_2022_2/LeNet_DSE_Framework_2022_2/variants/mac_unroll_2/lenet_conv.cpp:108]   --->   Operation 190 'select' 'select_ln108_1' <Predicate = true> <Delay = 0.69> <CoreInst = "Sel">   --->   Core 73 'Sel' <Latency = 0> <II = 1> <Delay = 0.69> <FuncUnit> <Opcode : 'select'> <InPorts = 3> <OutPorts = 1>

State 8 <SV = 7> <Delay = 5.43>
ST_8 : Operation 191 [2/2] (5.43ns)   --->   "%tmp_12 = fcmp_ogt  i32 %conv1_output_load_2, i32 %select_ln108_1" [D:/lenet_project/handoff/LeNet_DSE_Framework_2022_2/LeNet_DSE_Framework_2022_2/variants/mac_unroll_2/lenet_conv.cpp:108]   --->   Operation 191 'fcmp' 'tmp_12' <Predicate = true> <Delay = 5.43> <CoreInst = "FCompare">   --->   Core 19 'FCompare' <Latency = 1> <II = 1> <Delay = 5.43> <FuncUnit> <Opcode : 'fcmp'> <InPorts = 2> <OutPorts = 1>

State 9 <SV = 8> <Delay = 7.10>
ST_9 : Operation 192 [1/1] (0.00ns)   --->   "%bitcast_ln108_3 = bitcast i32 %conv1_output_load_2" [D:/lenet_project/handoff/LeNet_DSE_Framework_2022_2/LeNet_DSE_Framework_2022_2/variants/mac_unroll_2/lenet_conv.cpp:108]   --->   Operation 192 'bitcast' 'bitcast_ln108_3' <Predicate = true> <Delay = 0.00>
ST_9 : Operation 193 [1/1] (0.00ns)   --->   "%tmp_10 = partselect i8 @_ssdm_op_PartSelect.i8.i32.i32.i32, i32 %bitcast_ln108_3, i32 23, i32 30" [D:/lenet_project/handoff/LeNet_DSE_Framework_2022_2/LeNet_DSE_Framework_2022_2/variants/mac_unroll_2/lenet_conv.cpp:108]   --->   Operation 193 'partselect' 'tmp_10' <Predicate = true> <Delay = 0.00>
ST_9 : Operation 194 [1/1] (0.00ns)   --->   "%trunc_ln108_9 = trunc i32 %bitcast_ln108_3" [D:/lenet_project/handoff/LeNet_DSE_Framework_2022_2/LeNet_DSE_Framework_2022_2/variants/mac_unroll_2/lenet_conv.cpp:108]   --->   Operation 194 'trunc' 'trunc_ln108_9' <Predicate = true> <Delay = 0.00>
ST_9 : Operation 195 [1/1] (0.00ns)   --->   "%bitcast_ln108_4 = bitcast i32 %select_ln108_1" [D:/lenet_project/handoff/LeNet_DSE_Framework_2022_2/LeNet_DSE_Framework_2022_2/variants/mac_unroll_2/lenet_conv.cpp:108]   --->   Operation 195 'bitcast' 'bitcast_ln108_4' <Predicate = true> <Delay = 0.00>
ST_9 : Operation 196 [1/1] (0.00ns)   --->   "%tmp_11 = partselect i8 @_ssdm_op_PartSelect.i8.i32.i32.i32, i32 %bitcast_ln108_4, i32 23, i32 30" [D:/lenet_project/handoff/LeNet_DSE_Framework_2022_2/LeNet_DSE_Framework_2022_2/variants/mac_unroll_2/lenet_conv.cpp:108]   --->   Operation 196 'partselect' 'tmp_11' <Predicate = true> <Delay = 0.00>
ST_9 : Operation 197 [1/1] (0.00ns)   --->   "%trunc_ln108_10 = trunc i32 %bitcast_ln108_4" [D:/lenet_project/handoff/LeNet_DSE_Framework_2022_2/LeNet_DSE_Framework_2022_2/variants/mac_unroll_2/lenet_conv.cpp:108]   --->   Operation 197 'trunc' 'trunc_ln108_10' <Predicate = true> <Delay = 0.00>
ST_9 : Operation 198 [1/1] (1.55ns)   --->   "%icmp_ln108_6 = icmp_ne  i8 %tmp_10, i8 255" [D:/lenet_project/handoff/LeNet_DSE_Framework_2022_2/LeNet_DSE_Framework_2022_2/variants/mac_unroll_2/lenet_conv.cpp:108]   --->   Operation 198 'icmp' 'icmp_ln108_6' <Predicate = true> <Delay = 1.55> <CoreInst = "Cmp">   --->   Core 9 'Cmp' <Latency = 0> <II = 1> <Delay = 1.55> <FuncUnit> <Opcode : 'icmp'> <InPorts = 2> <OutPorts = 1>
ST_9 : Operation 199 [1/1] (2.44ns)   --->   "%icmp_ln108_7 = icmp_eq  i23 %trunc_ln108_9, i23 0" [D:/lenet_project/handoff/LeNet_DSE_Framework_2022_2/LeNet_DSE_Framework_2022_2/variants/mac_unroll_2/lenet_conv.cpp:108]   --->   Operation 199 'icmp' 'icmp_ln108_7' <Predicate = true> <Delay = 2.44> <CoreInst = "Cmp">   --->   Core 9 'Cmp' <Latency = 0> <II = 1> <Delay = 2.44> <FuncUnit> <Opcode : 'icmp'> <InPorts = 2> <OutPorts = 1>
ST_9 : Operation 200 [1/1] (0.00ns) (grouped into LUT with out node and_ln108_4)   --->   "%or_ln108_3 = or i1 %icmp_ln108_7, i1 %icmp_ln108_6" [D:/lenet_project/handoff/LeNet_DSE_Framework_2022_2/LeNet_DSE_Framework_2022_2/variants/mac_unroll_2/lenet_conv.cpp:108]   --->   Operation 200 'or' 'or_ln108_3' <Predicate = true> <Delay = 0.00> <CoreInst = "LogicGate">   --->   Core 74 'LogicGate' <Latency = 0> <II = 1> <Delay = 0.97> <FuncUnit> <Opcode : 'and' 'or' 'xor'> <InPorts = 2> <OutPorts = 1>
ST_9 : Operation 201 [1/1] (1.55ns)   --->   "%icmp_ln108_8 = icmp_ne  i8 %tmp_11, i8 255" [D:/lenet_project/handoff/LeNet_DSE_Framework_2022_2/LeNet_DSE_Framework_2022_2/variants/mac_unroll_2/lenet_conv.cpp:108]   --->   Operation 201 'icmp' 'icmp_ln108_8' <Predicate = true> <Delay = 1.55> <CoreInst = "Cmp">   --->   Core 9 'Cmp' <Latency = 0> <II = 1> <Delay = 1.55> <FuncUnit> <Opcode : 'icmp'> <InPorts = 2> <OutPorts = 1>
ST_9 : Operation 202 [1/1] (2.44ns)   --->   "%icmp_ln108_9 = icmp_eq  i23 %trunc_ln108_10, i23 0" [D:/lenet_project/handoff/LeNet_DSE_Framework_2022_2/LeNet_DSE_Framework_2022_2/variants/mac_unroll_2/lenet_conv.cpp:108]   --->   Operation 202 'icmp' 'icmp_ln108_9' <Predicate = true> <Delay = 2.44> <CoreInst = "Cmp">   --->   Core 9 'Cmp' <Latency = 0> <II = 1> <Delay = 2.44> <FuncUnit> <Opcode : 'icmp'> <InPorts = 2> <OutPorts = 1>
ST_9 : Operation 203 [1/1] (0.00ns) (grouped into LUT with out node and_ln108_4)   --->   "%or_ln108_4 = or i1 %icmp_ln108_9, i1 %icmp_ln108_8" [D:/lenet_project/handoff/LeNet_DSE_Framework_2022_2/LeNet_DSE_Framework_2022_2/variants/mac_unroll_2/lenet_conv.cpp:108]   --->   Operation 203 'or' 'or_ln108_4' <Predicate = true> <Delay = 0.00> <CoreInst = "LogicGate">   --->   Core 74 'LogicGate' <Latency = 0> <II = 1> <Delay = 0.97> <FuncUnit> <Opcode : 'and' 'or' 'xor'> <InPorts = 2> <OutPorts = 1>
ST_9 : Operation 204 [1/1] (0.00ns) (grouped into LUT with out node and_ln108_4)   --->   "%and_ln108_3 = and i1 %or_ln108_3, i1 %or_ln108_4" [D:/lenet_project/handoff/LeNet_DSE_Framework_2022_2/LeNet_DSE_Framework_2022_2/variants/mac_unroll_2/lenet_conv.cpp:108]   --->   Operation 204 'and' 'and_ln108_3' <Predicate = true> <Delay = 0.00> <CoreInst = "LogicGate">   --->   Core 74 'LogicGate' <Latency = 0> <II = 1> <Delay = 0.97> <FuncUnit> <Opcode : 'and' 'or' 'xor'> <InPorts = 2> <OutPorts = 1>
ST_9 : Operation 205 [1/2] (5.43ns)   --->   "%tmp_12 = fcmp_ogt  i32 %conv1_output_load_2, i32 %select_ln108_1" [D:/lenet_project/handoff/LeNet_DSE_Framework_2022_2/LeNet_DSE_Framework_2022_2/variants/mac_unroll_2/lenet_conv.cpp:108]   --->   Operation 205 'fcmp' 'tmp_12' <Predicate = true> <Delay = 5.43> <CoreInst = "FCompare">   --->   Core 19 'FCompare' <Latency = 1> <II = 1> <Delay = 5.43> <FuncUnit> <Opcode : 'fcmp'> <InPorts = 2> <OutPorts = 1>
ST_9 : Operation 206 [1/1] (0.97ns) (out node of the LUT)   --->   "%and_ln108_4 = and i1 %and_ln108_3, i1 %tmp_12" [D:/lenet_project/handoff/LeNet_DSE_Framework_2022_2/LeNet_DSE_Framework_2022_2/variants/mac_unroll_2/lenet_conv.cpp:108]   --->   Operation 206 'and' 'and_ln108_4' <Predicate = true> <Delay = 0.97> <CoreInst = "LogicGate">   --->   Core 74 'LogicGate' <Latency = 0> <II = 1> <Delay = 0.97> <FuncUnit> <Opcode : 'and' 'or' 'xor'> <InPorts = 2> <OutPorts = 1>
ST_9 : Operation 207 [1/1] (0.69ns) (out node of the LUT)   --->   "%select_ln108_2 = select i1 %and_ln108_4, i32 %conv1_output_load_2, i32 %select_ln108_1" [D:/lenet_project/handoff/LeNet_DSE_Framework_2022_2/LeNet_DSE_Framework_2022_2/variants/mac_unroll_2/lenet_conv.cpp:108]   --->   Operation 207 'select' 'select_ln108_2' <Predicate = true> <Delay = 0.69> <CoreInst = "Sel">   --->   Core 73 'Sel' <Latency = 0> <II = 1> <Delay = 0.69> <FuncUnit> <Opcode : 'select'> <InPorts = 3> <OutPorts = 1>

State 10 <SV = 9> <Delay = 5.43>
ST_10 : Operation 208 [2/2] (5.43ns)   --->   "%tmp_15 = fcmp_ogt  i32 %conv1_output_load_3, i32 %select_ln108_2" [D:/lenet_project/handoff/LeNet_DSE_Framework_2022_2/LeNet_DSE_Framework_2022_2/variants/mac_unroll_2/lenet_conv.cpp:108]   --->   Operation 208 'fcmp' 'tmp_15' <Predicate = true> <Delay = 5.43> <CoreInst = "FCompare">   --->   Core 19 'FCompare' <Latency = 1> <II = 1> <Delay = 5.43> <FuncUnit> <Opcode : 'fcmp'> <InPorts = 2> <OutPorts = 1>

State 11 <SV = 10> <Delay = 7.10>
ST_11 : Operation 209 [1/1] (0.00ns)   --->   "%bitcast_ln108_5 = bitcast i32 %conv1_output_load_3" [D:/lenet_project/handoff/LeNet_DSE_Framework_2022_2/LeNet_DSE_Framework_2022_2/variants/mac_unroll_2/lenet_conv.cpp:108]   --->   Operation 209 'bitcast' 'bitcast_ln108_5' <Predicate = true> <Delay = 0.00>
ST_11 : Operation 210 [1/1] (0.00ns)   --->   "%tmp_13 = partselect i8 @_ssdm_op_PartSelect.i8.i32.i32.i32, i32 %bitcast_ln108_5, i32 23, i32 30" [D:/lenet_project/handoff/LeNet_DSE_Framework_2022_2/LeNet_DSE_Framework_2022_2/variants/mac_unroll_2/lenet_conv.cpp:108]   --->   Operation 210 'partselect' 'tmp_13' <Predicate = true> <Delay = 0.00>
ST_11 : Operation 211 [1/1] (0.00ns)   --->   "%trunc_ln108_11 = trunc i32 %bitcast_ln108_5" [D:/lenet_project/handoff/LeNet_DSE_Framework_2022_2/LeNet_DSE_Framework_2022_2/variants/mac_unroll_2/lenet_conv.cpp:108]   --->   Operation 211 'trunc' 'trunc_ln108_11' <Predicate = true> <Delay = 0.00>
ST_11 : Operation 212 [1/1] (0.00ns)   --->   "%bitcast_ln108_6 = bitcast i32 %select_ln108_2" [D:/lenet_project/handoff/LeNet_DSE_Framework_2022_2/LeNet_DSE_Framework_2022_2/variants/mac_unroll_2/lenet_conv.cpp:108]   --->   Operation 212 'bitcast' 'bitcast_ln108_6' <Predicate = true> <Delay = 0.00>
ST_11 : Operation 213 [1/1] (0.00ns)   --->   "%tmp_14 = partselect i8 @_ssdm_op_PartSelect.i8.i32.i32.i32, i32 %bitcast_ln108_6, i32 23, i32 30" [D:/lenet_project/handoff/LeNet_DSE_Framework_2022_2/LeNet_DSE_Framework_2022_2/variants/mac_unroll_2/lenet_conv.cpp:108]   --->   Operation 213 'partselect' 'tmp_14' <Predicate = true> <Delay = 0.00>
ST_11 : Operation 214 [1/1] (0.00ns)   --->   "%trunc_ln108_12 = trunc i32 %bitcast_ln108_6" [D:/lenet_project/handoff/LeNet_DSE_Framework_2022_2/LeNet_DSE_Framework_2022_2/variants/mac_unroll_2/lenet_conv.cpp:108]   --->   Operation 214 'trunc' 'trunc_ln108_12' <Predicate = true> <Delay = 0.00>
ST_11 : Operation 215 [1/1] (1.55ns)   --->   "%icmp_ln108_10 = icmp_ne  i8 %tmp_13, i8 255" [D:/lenet_project/handoff/LeNet_DSE_Framework_2022_2/LeNet_DSE_Framework_2022_2/variants/mac_unroll_2/lenet_conv.cpp:108]   --->   Operation 215 'icmp' 'icmp_ln108_10' <Predicate = true> <Delay = 1.55> <CoreInst = "Cmp">   --->   Core 9 'Cmp' <Latency = 0> <II = 1> <Delay = 1.55> <FuncUnit> <Opcode : 'icmp'> <InPorts = 2> <OutPorts = 1>
ST_11 : Operation 216 [1/1] (2.44ns)   --->   "%icmp_ln108_11 = icmp_eq  i23 %trunc_ln108_11, i23 0" [D:/lenet_project/handoff/LeNet_DSE_Framework_2022_2/LeNet_DSE_Framework_2022_2/variants/mac_unroll_2/lenet_conv.cpp:108]   --->   Operation 216 'icmp' 'icmp_ln108_11' <Predicate = true> <Delay = 2.44> <CoreInst = "Cmp">   --->   Core 9 'Cmp' <Latency = 0> <II = 1> <Delay = 2.44> <FuncUnit> <Opcode : 'icmp'> <InPorts = 2> <OutPorts = 1>
ST_11 : Operation 217 [1/1] (0.00ns) (grouped into LUT with out node and_ln108_6)   --->   "%or_ln108_5 = or i1 %icmp_ln108_11, i1 %icmp_ln108_10" [D:/lenet_project/handoff/LeNet_DSE_Framework_2022_2/LeNet_DSE_Framework_2022_2/variants/mac_unroll_2/lenet_conv.cpp:108]   --->   Operation 217 'or' 'or_ln108_5' <Predicate = true> <Delay = 0.00> <CoreInst = "LogicGate">   --->   Core 74 'LogicGate' <Latency = 0> <II = 1> <Delay = 0.97> <FuncUnit> <Opcode : 'and' 'or' 'xor'> <InPorts = 2> <OutPorts = 1>
ST_11 : Operation 218 [1/1] (1.55ns)   --->   "%icmp_ln108_12 = icmp_ne  i8 %tmp_14, i8 255" [D:/lenet_project/handoff/LeNet_DSE_Framework_2022_2/LeNet_DSE_Framework_2022_2/variants/mac_unroll_2/lenet_conv.cpp:108]   --->   Operation 218 'icmp' 'icmp_ln108_12' <Predicate = true> <Delay = 1.55> <CoreInst = "Cmp">   --->   Core 9 'Cmp' <Latency = 0> <II = 1> <Delay = 1.55> <FuncUnit> <Opcode : 'icmp'> <InPorts = 2> <OutPorts = 1>
ST_11 : Operation 219 [1/1] (2.44ns)   --->   "%icmp_ln108_13 = icmp_eq  i23 %trunc_ln108_12, i23 0" [D:/lenet_project/handoff/LeNet_DSE_Framework_2022_2/LeNet_DSE_Framework_2022_2/variants/mac_unroll_2/lenet_conv.cpp:108]   --->   Operation 219 'icmp' 'icmp_ln108_13' <Predicate = true> <Delay = 2.44> <CoreInst = "Cmp">   --->   Core 9 'Cmp' <Latency = 0> <II = 1> <Delay = 2.44> <FuncUnit> <Opcode : 'icmp'> <InPorts = 2> <OutPorts = 1>
ST_11 : Operation 220 [1/1] (0.00ns) (grouped into LUT with out node and_ln108_6)   --->   "%or_ln108_6 = or i1 %icmp_ln108_13, i1 %icmp_ln108_12" [D:/lenet_project/handoff/LeNet_DSE_Framework_2022_2/LeNet_DSE_Framework_2022_2/variants/mac_unroll_2/lenet_conv.cpp:108]   --->   Operation 220 'or' 'or_ln108_6' <Predicate = true> <Delay = 0.00> <CoreInst = "LogicGate">   --->   Core 74 'LogicGate' <Latency = 0> <II = 1> <Delay = 0.97> <FuncUnit> <Opcode : 'and' 'or' 'xor'> <InPorts = 2> <OutPorts = 1>
ST_11 : Operation 221 [1/1] (0.00ns) (grouped into LUT with out node and_ln108_6)   --->   "%and_ln108_5 = and i1 %or_ln108_5, i1 %or_ln108_6" [D:/lenet_project/handoff/LeNet_DSE_Framework_2022_2/LeNet_DSE_Framework_2022_2/variants/mac_unroll_2/lenet_conv.cpp:108]   --->   Operation 221 'and' 'and_ln108_5' <Predicate = true> <Delay = 0.00> <CoreInst = "LogicGate">   --->   Core 74 'LogicGate' <Latency = 0> <II = 1> <Delay = 0.97> <FuncUnit> <Opcode : 'and' 'or' 'xor'> <InPorts = 2> <OutPorts = 1>
ST_11 : Operation 222 [1/2] (5.43ns)   --->   "%tmp_15 = fcmp_ogt  i32 %conv1_output_load_3, i32 %select_ln108_2" [D:/lenet_project/handoff/LeNet_DSE_Framework_2022_2/LeNet_DSE_Framework_2022_2/variants/mac_unroll_2/lenet_conv.cpp:108]   --->   Operation 222 'fcmp' 'tmp_15' <Predicate = true> <Delay = 5.43> <CoreInst = "FCompare">   --->   Core 19 'FCompare' <Latency = 1> <II = 1> <Delay = 5.43> <FuncUnit> <Opcode : 'fcmp'> <InPorts = 2> <OutPorts = 1>
ST_11 : Operation 223 [1/1] (0.97ns) (out node of the LUT)   --->   "%and_ln108_6 = and i1 %and_ln108_5, i1 %tmp_15" [D:/lenet_project/handoff/LeNet_DSE_Framework_2022_2/LeNet_DSE_Framework_2022_2/variants/mac_unroll_2/lenet_conv.cpp:108]   --->   Operation 223 'and' 'and_ln108_6' <Predicate = true> <Delay = 0.97> <CoreInst = "LogicGate">   --->   Core 74 'LogicGate' <Latency = 0> <II = 1> <Delay = 0.97> <FuncUnit> <Opcode : 'and' 'or' 'xor'> <InPorts = 2> <OutPorts = 1>
ST_11 : Operation 224 [1/1] (0.69ns) (out node of the LUT)   --->   "%select_ln108_3 = select i1 %and_ln108_6, i32 %conv1_output_load_3, i32 %select_ln108_2" [D:/lenet_project/handoff/LeNet_DSE_Framework_2022_2/LeNet_DSE_Framework_2022_2/variants/mac_unroll_2/lenet_conv.cpp:108]   --->   Operation 224 'select' 'select_ln108_3' <Predicate = true> <Delay = 0.69> <CoreInst = "Sel">   --->   Core 73 'Sel' <Latency = 0> <II = 1> <Delay = 0.69> <FuncUnit> <Opcode : 'select'> <InPorts = 3> <OutPorts = 1>
ST_11 : Operation 235 [1/1] (0.00ns)   --->   "%ret_ln0 = ret"   --->   Operation 235 'ret' 'ret_ln0' <Predicate = (icmp_ln92)> <Delay = 0.00>

State 12 <SV = 11> <Delay = 3.25>
ST_12 : Operation 225 [1/1] (0.00ns)   --->   "%specloopname_ln0 = specloopname void @_ssdm_op_SpecLoopName, void @POOL_CHANNEL_POOL_ROW_POOL_COL_str"   --->   Operation 225 'specloopname' 'specloopname_ln0' <Predicate = true> <Delay = 0.00>
ST_12 : Operation 226 [1/1] (0.00ns)   --->   "%empty_45 = speclooptripcount i32 @_ssdm_op_SpecLoopTripCount, i64 1176, i64 1176, i64 1176"   --->   Operation 226 'speclooptripcount' 'empty_45' <Predicate = true> <Delay = 0.00>
ST_12 : Operation 227 [1/1] (0.00ns)   --->   "%specpipeline_ln0 = specpipeline void @_ssdm_op_SpecPipeline, i32 4294967295, i32 0, i32 1, i32 0, void @p_str"   --->   Operation 227 'specpipeline' 'specpipeline_ln0' <Predicate = true> <Delay = 0.00>
ST_12 : Operation 228 [1/1] (0.00ns)   --->   "%specloopname_ln0 = specloopname void @_ssdm_op_SpecLoopName, void @POOL_ROW_POOL_COL_str"   --->   Operation 228 'specloopname' 'specloopname_ln0' <Predicate = true> <Delay = 0.00>
ST_12 : Operation 229 [1/1] (0.00ns)   --->   "%specpipeline_ln0 = specpipeline void @_ssdm_op_SpecPipeline, i32 4294967295, i32 0, i32 1, i32 0, void @p_str"   --->   Operation 229 'specpipeline' 'specpipeline_ln0' <Predicate = true> <Delay = 0.00>
ST_12 : Operation 230 [1/1] (0.00ns)   --->   "%specloopname_ln97 = specloopname void @_ssdm_op_SpecLoopName, void @empty_20" [D:/lenet_project/handoff/LeNet_DSE_Framework_2022_2/LeNet_DSE_Framework_2022_2/variants/mac_unroll_2/lenet_conv.cpp:97]   --->   Operation 230 'specloopname' 'specloopname_ln97' <Predicate = true> <Delay = 0.00>
ST_12 : Operation 231 [1/1] (0.00ns)   --->   "%zext_ln116 = zext i11 %add_ln115" [D:/lenet_project/handoff/LeNet_DSE_Framework_2022_2/LeNet_DSE_Framework_2022_2/variants/mac_unroll_2/lenet_conv.cpp:116]   --->   Operation 231 'zext' 'zext_ln116' <Predicate = true> <Delay = 0.00>
ST_12 : Operation 232 [1/1] (0.00ns)   --->   "%pool1_output_addr = getelementptr i32 %pool1_output, i64 0, i64 %zext_ln116" [D:/lenet_project/handoff/LeNet_DSE_Framework_2022_2/LeNet_DSE_Framework_2022_2/variants/mac_unroll_2/lenet_conv.cpp:116]   --->   Operation 232 'getelementptr' 'pool1_output_addr' <Predicate = true> <Delay = 0.00>
ST_12 : Operation 233 [1/1] (3.25ns)   --->   "%store_ln116 = store i32 %select_ln108_3, i11 %pool1_output_addr" [D:/lenet_project/handoff/LeNet_DSE_Framework_2022_2/LeNet_DSE_Framework_2022_2/variants/mac_unroll_2/lenet_conv.cpp:116]   --->   Operation 233 'store' 'store_ln116' <Predicate = true> <Delay = 3.25> <CoreInst = "RAM_1WnR">   --->   Core 83 'RAM_1WnR' <Latency = 1> <II = 1> <Delay = 3.25> <Storage> <Opcode : 'load' 'store'> <Ports = 17> <Width = 32> <Depth = 1176> <RAM>
ST_12 : Operation 234 [1/1] (0.00ns)   --->   "%br_ln96 = br void %POOL_KERNEL_ROW.i" [D:/lenet_project/handoff/LeNet_DSE_Framework_2022_2/LeNet_DSE_Framework_2022_2/variants/mac_unroll_2/lenet_conv.cpp:96]   --->   Operation 234 'br' 'br_ln96' <Predicate = true> <Delay = 0.00>


============================================================
+ Verbose Summary: Timing violations
============================================================
Target clock period: 10ns, clock uncertainty: 2.7ns.

 <State 1>: 6.92ns
The critical path consists of the following:
	'alloca' operation ('indvar_flatten30') [5]  (0 ns)
	'load' operation ('indvar_flatten30_load', D:/lenet_project/handoff/LeNet_DSE_Framework_2022_2/LeNet_DSE_Framework_2022_2/variants/mac_unroll_2/lenet_conv.cpp:94) on local variable 'indvar_flatten30' [55]  (0 ns)
	'icmp' operation ('icmp_ln94', D:/lenet_project/handoff/LeNet_DSE_Framework_2022_2/LeNet_DSE_Framework_2022_2/variants/mac_unroll_2/lenet_conv.cpp:94) [58]  (1.55 ns)
	'select' operation ('select_ln92', D:/lenet_project/handoff/LeNet_DSE_Framework_2022_2/LeNet_DSE_Framework_2022_2/variants/mac_unroll_2/lenet_conv.cpp:92) [59]  (1.02 ns)
	'add' operation ('add_ln94', D:/lenet_project/handoff/LeNet_DSE_Framework_2022_2/LeNet_DSE_Framework_2022_2/variants/mac_unroll_2/lenet_conv.cpp:94) [97]  (1.74 ns)
	'select' operation ('select_ln94_4', D:/lenet_project/handoff/LeNet_DSE_Framework_2022_2/LeNet_DSE_Framework_2022_2/variants/mac_unroll_2/lenet_conv.cpp:94) [126]  (1.02 ns)
	'store' operation ('store_ln96', D:/lenet_project/handoff/LeNet_DSE_Framework_2022_2/LeNet_DSE_Framework_2022_2/variants/mac_unroll_2/lenet_conv.cpp:96) of variable 'select_ln94_4', D:/lenet_project/handoff/LeNet_DSE_Framework_2022_2/LeNet_DSE_Framework_2022_2/variants/mac_unroll_2/lenet_conv.cpp:94 on local variable 'output_row' [214]  (1.59 ns)

 <State 2>: 7.06ns
The critical path consists of the following:
	'sub' operation ('empty_35', D:/lenet_project/handoff/LeNet_DSE_Framework_2022_2/LeNet_DSE_Framework_2022_2/variants/mac_unroll_2/lenet_conv.cpp:92) [27]  (1.87 ns)
	'select' operation ('select_ln92_2', D:/lenet_project/handoff/LeNet_DSE_Framework_2022_2/LeNet_DSE_Framework_2022_2/variants/mac_unroll_2/lenet_conv.cpp:92) [72]  (0 ns)
	'add' operation ('p_mid118', D:/lenet_project/handoff/LeNet_DSE_Framework_2022_2/LeNet_DSE_Framework_2022_2/variants/mac_unroll_2/lenet_conv.cpp:94) [104]  (1.92 ns)
	'sub' operation ('p_mid120', D:/lenet_project/handoff/LeNet_DSE_Framework_2022_2/LeNet_DSE_Framework_2022_2/variants/mac_unroll_2/lenet_conv.cpp:94) [109]  (1.64 ns)
	'select' operation ('select_ln94_1', D:/lenet_project/handoff/LeNet_DSE_Framework_2022_2/LeNet_DSE_Framework_2022_2/variants/mac_unroll_2/lenet_conv.cpp:94) [110]  (0 ns)
	'add' operation ('add_ln115', D:/lenet_project/handoff/LeNet_DSE_Framework_2022_2/LeNet_DSE_Framework_2022_2/variants/mac_unroll_2/lenet_conv.cpp:115) [204]  (1.64 ns)

 <State 3>: 3.25ns
The critical path consists of the following:
	'load' operation ('conv1_output_load', D:/lenet_project/handoff/LeNet_DSE_Framework_2022_2/LeNet_DSE_Framework_2022_2/variants/mac_unroll_2/lenet_conv.cpp:107) on array 'conv1_output' [134]  (3.25 ns)

 <State 4>: 5.43ns
The critical path consists of the following:
	'fcmp' operation ('tmp_7', D:/lenet_project/handoff/LeNet_DSE_Framework_2022_2/LeNet_DSE_Framework_2022_2/variants/mac_unroll_2/lenet_conv.cpp:108) [141]  (5.43 ns)

 <State 5>: 6.41ns
The critical path consists of the following:
	'fcmp' operation ('tmp_7', D:/lenet_project/handoff/LeNet_DSE_Framework_2022_2/LeNet_DSE_Framework_2022_2/variants/mac_unroll_2/lenet_conv.cpp:108) [141]  (5.43 ns)
	'and' operation ('and_ln108', D:/lenet_project/handoff/LeNet_DSE_Framework_2022_2/LeNet_DSE_Framework_2022_2/variants/mac_unroll_2/lenet_conv.cpp:108) [142]  (0 ns)
	'select' operation ('select_ln108', D:/lenet_project/handoff/LeNet_DSE_Framework_2022_2/LeNet_DSE_Framework_2022_2/variants/mac_unroll_2/lenet_conv.cpp:108) [143]  (0.978 ns)

 <State 6>: 5.43ns
The critical path consists of the following:
	'fcmp' operation ('tmp_s', D:/lenet_project/handoff/LeNet_DSE_Framework_2022_2/LeNet_DSE_Framework_2022_2/variants/mac_unroll_2/lenet_conv.cpp:108) [161]  (5.43 ns)

 <State 7>: 7.11ns
The critical path consists of the following:
	'fcmp' operation ('tmp_s', D:/lenet_project/handoff/LeNet_DSE_Framework_2022_2/LeNet_DSE_Framework_2022_2/variants/mac_unroll_2/lenet_conv.cpp:108) [161]  (5.43 ns)
	'and' operation ('and_ln108_2', D:/lenet_project/handoff/LeNet_DSE_Framework_2022_2/LeNet_DSE_Framework_2022_2/variants/mac_unroll_2/lenet_conv.cpp:108) [162]  (0.978 ns)
	'select' operation ('select_ln108_1', D:/lenet_project/handoff/LeNet_DSE_Framework_2022_2/LeNet_DSE_Framework_2022_2/variants/mac_unroll_2/lenet_conv.cpp:108) [163]  (0.698 ns)

 <State 8>: 5.43ns
The critical path consists of the following:
	'fcmp' operation ('tmp_12', D:/lenet_project/handoff/LeNet_DSE_Framework_2022_2/LeNet_DSE_Framework_2022_2/variants/mac_unroll_2/lenet_conv.cpp:108) [181]  (5.43 ns)

 <State 9>: 7.11ns
The critical path consists of the following:
	'fcmp' operation ('tmp_12', D:/lenet_project/handoff/LeNet_DSE_Framework_2022_2/LeNet_DSE_Framework_2022_2/variants/mac_unroll_2/lenet_conv.cpp:108) [181]  (5.43 ns)
	'and' operation ('and_ln108_4', D:/lenet_project/handoff/LeNet_DSE_Framework_2022_2/LeNet_DSE_Framework_2022_2/variants/mac_unroll_2/lenet_conv.cpp:108) [182]  (0.978 ns)
	'select' operation ('select_ln108_2', D:/lenet_project/handoff/LeNet_DSE_Framework_2022_2/LeNet_DSE_Framework_2022_2/variants/mac_unroll_2/lenet_conv.cpp:108) [183]  (0.698 ns)

 <State 10>: 5.43ns
The critical path consists of the following:
	'fcmp' operation ('tmp_15', D:/lenet_project/handoff/LeNet_DSE_Framework_2022_2/LeNet_DSE_Framework_2022_2/variants/mac_unroll_2/lenet_conv.cpp:108) [201]  (5.43 ns)

 <State 11>: 7.11ns
The critical path consists of the following:
	'fcmp' operation ('tmp_15', D:/lenet_project/handoff/LeNet_DSE_Framework_2022_2/LeNet_DSE_Framework_2022_2/variants/mac_unroll_2/lenet_conv.cpp:108) [201]  (5.43 ns)
	'and' operation ('and_ln108_6', D:/lenet_project/handoff/LeNet_DSE_Framework_2022_2/LeNet_DSE_Framework_2022_2/variants/mac_unroll_2/lenet_conv.cpp:108) [202]  (0.978 ns)
	'select' operation ('select_ln108_3', D:/lenet_project/handoff/LeNet_DSE_Framework_2022_2/LeNet_DSE_Framework_2022_2/variants/mac_unroll_2/lenet_conv.cpp:108) [203]  (0.698 ns)

 <State 12>: 3.25ns
The critical path consists of the following:
	'getelementptr' operation ('pool1_output_addr', D:/lenet_project/handoff/LeNet_DSE_Framework_2022_2/LeNet_DSE_Framework_2022_2/variants/mac_unroll_2/lenet_conv.cpp:116) [206]  (0 ns)
	'store' operation ('store_ln116', D:/lenet_project/handoff/LeNet_DSE_Framework_2022_2/LeNet_DSE_Framework_2022_2/variants/mac_unroll_2/lenet_conv.cpp:116) of variable 'select_ln108_3', D:/lenet_project/handoff/LeNet_DSE_Framework_2022_2/LeNet_DSE_Framework_2022_2/variants/mac_unroll_2/lenet_conv.cpp:108 on array 'pool1_output' [207]  (3.25 ns)


============================================================
+ Verbose Summary: Binding
============================================================
N/A
* FSMD analyzer results:
  - Output states:
 - Input state : 
  - Chain level:
	State 1
	State 2
	State 3
	State 4
	State 5
	State 6
	State 7
	State 8
	State 9
	State 10
	State 11
	State 12


============================================================
+ Verbose Summary: Datapath Resource usage 
============================================================
N/A
