

================================================================
== Vitis HLS Report for 'lenet_full_top_Pipeline_DENSE_INPUT'
================================================================
* Date:           Sun Sep  6 21:33:07 2026

* Version:        2022.2 (Build 3670227 on Oct 13 2022)
* Project:        mac_unroll_2
* Solution:       solution1 (Vivado IP Flow Target)
* Product family: zynq
* Target device:  xc7z020-clg400-1


================================================================
== Performance Estimates
================================================================
+ Timing: 
    * Summary: 
    +--------+----------+----------+------------+
    |  Clock |  Target  | Estimated| Uncertainty|
    +--------+----------+----------+------------+
    |ap_clk  |  10.00 ns|  7.300 ns|     2.70 ns|
    +--------+----------+----------+------------+

+ Latency: 
    * Summary: 
    +---------+---------+----------+----------+-----+-----+---------+
    |  Latency (cycles) |  Latency (absolute) |  Interval | Pipeline|
    |   min   |   max   |    min   |    max   | min | max |   Type  |
    +---------+---------+----------+----------+-----+-----+---------+
    |      608|      608|  6.080 us|  6.080 us|  608|  608|       no|
    +---------+---------+----------+----------+-----+-----+---------+

    + Detail: 
        * Instance: 
        N/A

        * Loop: 
        +---------------+---------+---------+----------+-----------+-----------+------+----------+
        |               |  Latency (cycles) | Iteration|  Initiation Interval  | Trip |          |
        |   Loop Name   |   min   |   max   |  Latency |  achieved |   target  | Count| Pipelined|
        +---------------+---------+---------+----------+-----------+-----------+------+----------+
        |- DENSE_INPUT  |      606|      606|        12|          5|          1|   120|       yes|
        +---------------+---------+---------+----------+-----------+-----------+------+----------+

============================================================
+ Verbose Summary: Synthesis Manager
============================================================
InlineROM: 1
ExposeGlobal: 0
============================================================
+ Verbose Summary: CDFG Model
============================================================
IsTopModel: 0
ResetActiveHigh: 1
IsCombinational: 0
IsDatapathOnly: 0
HasWiredReturn: 1
HasMFsm: 2
HasVarLatency: 1
IsPipeline: 0
IsRtlPipelined: 0
IsInstanceOverlapped: 0
IsDontTouch: 0
HasImplIP: 0
IsGatedGlobalClock: 0

+ Individual pipeline summary: 
  * Pipeline-0: initiation interval (II) = 5, depth = 12


============================================================
+ Verbose Summary: Schedule
============================================================
* Number of FSM states : 12
* Pipeline : 1
  Pipeline-0 : II = 5, D = 12, States = { 1 2 3 4 5 6 7 8 9 10 11 12 }
* Dataflow Pipeline: 0

* FSM state transitions: 
1 --> 2 
2 --> 3 
3 --> 4 
4 --> 5 
5 --> 6 
6 --> 7 
7 --> 8 
8 --> 9 
9 --> 10 
10 --> 11 
11 --> 12 
12 --> 

* FSM state operations: 

State 1 <SV = 0> <Delay = 3.25>
ST_1 : Operation 15 [1/1] (0.00ns)   --->   "%accumulator = alloca i32 1"   --->   Operation 15 'alloca' 'accumulator' <Predicate = true> <Delay = 0.00>
ST_1 : Operation 16 [1/1] (0.00ns)   --->   "%input_index = alloca i32 1"   --->   Operation 16 'alloca' 'input_index' <Predicate = true> <Delay = 0.00>
ST_1 : Operation 17 [1/1] (0.00ns)   --->   "%sext_ln140_read = read i62 @_ssdm_op_Read.ap_auto.i62, i62 %sext_ln140"   --->   Operation 17 'read' 'sext_ln140_read' <Predicate = true> <Delay = 0.00>
ST_1 : Operation 18 [1/1] (0.00ns)   --->   "%zext_ln140_read = read i7 @_ssdm_op_Read.ap_auto.i7, i7 %zext_ln140"   --->   Operation 18 'read' 'zext_ln140_read' <Predicate = true> <Delay = 0.00>
ST_1 : Operation 19 [1/1] (0.00ns)   --->   "%accumulator_5_read = read i32 @_ssdm_op_Read.ap_auto.float, i32 %accumulator_5"   --->   Operation 19 'read' 'accumulator_5_read' <Predicate = true> <Delay = 0.00>
ST_1 : Operation 20 [1/1] (0.00ns)   --->   "%sext_ln140_cast = sext i62 %sext_ln140_read"   --->   Operation 20 'sext' 'sext_ln140_cast' <Predicate = true> <Delay = 0.00>
ST_1 : Operation 21 [1/1] (0.00ns)   --->   "%zext_ln140_cast = zext i7 %zext_ln140_read"   --->   Operation 21 'zext' 'zext_ln140_cast' <Predicate = true> <Delay = 0.00>
ST_1 : Operation 22 [1/1] (0.00ns)   --->   "%specinterface_ln0 = specinterface void @_ssdm_op_SpecInterface, i32 %gmem1, void @empty, i32 0, i32 0, void @empty_0, i32 0, i32 61470, void @empty_3, void @empty_2, void @empty_0, i32 16, i32 16, i32 16, i32 16, void @empty_0, void @empty_0, i32 4294967295, i32 0"   --->   Operation 22 'specinterface' 'specinterface_ln0' <Predicate = true> <Delay = 0.00>
ST_1 : Operation 23 [1/1] (1.58ns)   --->   "%store_ln0 = store i7 0, i7 %input_index"   --->   Operation 23 'store' 'store_ln0' <Predicate = true> <Delay = 1.58>
ST_1 : Operation 24 [1/1] (1.58ns)   --->   "%store_ln0 = store i32 %accumulator_5_read, i32 %accumulator"   --->   Operation 24 'store' 'store_ln0' <Predicate = true> <Delay = 1.58>
ST_1 : Operation 25 [1/1] (0.00ns)   --->   "%br_ln0 = br void %for.inc.i173"   --->   Operation 25 'br' 'br_ln0' <Predicate = true> <Delay = 0.00>
ST_1 : Operation 26 [1/1] (0.00ns)   --->   "%input_index_2 = load i7 %input_index" [D:/lenet_project/handoff/LeNet_DSE_Framework_2022_2/LeNet_DSE_Framework_2022_2/variants/mac_unroll_2/lenet_conv.cpp:144]   --->   Operation 26 'load' 'input_index_2' <Predicate = true> <Delay = 0.00>
ST_1 : Operation 27 [1/1] (0.00ns)   --->   "%fc1_output_addr = getelementptr i32 %fc1_output, i64 0, i64 %zext_ln140_cast" [D:/lenet_project/handoff/LeNet_DSE_Framework_2022_2/LeNet_DSE_Framework_2022_2/variants/mac_unroll_2/lenet_conv.cpp:149]   --->   Operation 27 'getelementptr' 'fc1_output_addr' <Predicate = true> <Delay = 0.00>
ST_1 : Operation 28 [1/1] (1.48ns)   --->   "%icmp_ln144 = icmp_eq  i7 %input_index_2, i7 120" [D:/lenet_project/handoff/LeNet_DSE_Framework_2022_2/LeNet_DSE_Framework_2022_2/variants/mac_unroll_2/lenet_conv.cpp:144]   --->   Operation 28 'icmp' 'icmp_ln144' <Predicate = true> <Delay = 1.48> <CoreInst = "Cmp">   --->   Core 9 'Cmp' <Latency = 0> <II = 1> <Delay = 1.48> <FuncUnit> <Opcode : 'icmp'> <InPorts = 2> <OutPorts = 1>
ST_1 : Operation 29 [1/1] (0.00ns)   --->   "%br_ln144 = br i1 %icmp_ln144, void %for.inc.i173.split, void %for.inc13.i.exitStub" [D:/lenet_project/handoff/LeNet_DSE_Framework_2022_2/LeNet_DSE_Framework_2022_2/variants/mac_unroll_2/lenet_conv.cpp:144]   --->   Operation 29 'br' 'br_ln144' <Predicate = true> <Delay = 0.00>
ST_1 : Operation 30 [1/1] (0.00ns)   --->   "%input_index_cast = zext i7 %input_index_2" [D:/lenet_project/handoff/LeNet_DSE_Framework_2022_2/LeNet_DSE_Framework_2022_2/variants/mac_unroll_2/lenet_conv.cpp:144]   --->   Operation 30 'zext' 'input_index_cast' <Predicate = (!icmp_ln144)> <Delay = 0.00>
ST_1 : Operation 31 [1/1] (0.00ns)   --->   "%conv3_relu_addr = getelementptr i32 %conv3_relu, i64 0, i64 %input_index_cast" [D:/lenet_project/handoff/LeNet_DSE_Framework_2022_2/LeNet_DSE_Framework_2022_2/variants/mac_unroll_2/lenet_conv.cpp:146]   --->   Operation 31 'getelementptr' 'conv3_relu_addr' <Predicate = (!icmp_ln144)> <Delay = 0.00>
ST_1 : Operation 32 [2/2] (3.25ns)   --->   "%conv3_relu_load = load i7 %conv3_relu_addr" [D:/lenet_project/handoff/LeNet_DSE_Framework_2022_2/LeNet_DSE_Framework_2022_2/variants/mac_unroll_2/lenet_conv.cpp:146]   --->   Operation 32 'load' 'conv3_relu_load' <Predicate = (!icmp_ln144)> <Delay = 3.25> <CoreInst = "RAM">   --->   Core 82 'RAM' <Latency = 1> <II = 1> <Delay = 3.25> <Storage> <Opcode : 'load' 'store'> <Ports = 2> <Width = 32> <Depth = 120> <RAM>

State 2 <SV = 1> <Delay = 7.30>
ST_2 : Operation 33 [1/1] (0.00ns)   --->   "%specbitsmap_ln0 = specbitsmap void @_ssdm_op_SpecBitsMap, i32 %gmem1"   --->   Operation 33 'specbitsmap' 'specbitsmap_ln0' <Predicate = true> <Delay = 0.00>
ST_2 : Operation 34 [1/1] (0.00ns)   --->   "%gmem1_addr = getelementptr i32 %gmem1, i64 %sext_ln140_cast" [D:/lenet_project/handoff/LeNet_DSE_Framework_2022_2/LeNet_DSE_Framework_2022_2/variants/mac_unroll_2/lenet_conv.cpp:140]   --->   Operation 34 'getelementptr' 'gmem1_addr' <Predicate = true> <Delay = 0.00>
ST_2 : Operation 35 [1/1] (0.00ns)   --->   "%specpipeline_ln0 = specpipeline void @_ssdm_op_SpecPipeline, i32 4294967295, i32 0, i32 1, i32 0, void @p_str"   --->   Operation 35 'specpipeline' 'specpipeline_ln0' <Predicate = true> <Delay = 0.00>
ST_2 : Operation 36 [1/1] (0.00ns)   --->   "%empty = speclooptripcount i32 @_ssdm_op_SpecLoopTripCount, i64 120, i64 120, i64 120"   --->   Operation 36 'speclooptripcount' 'empty' <Predicate = true> <Delay = 0.00>
ST_2 : Operation 37 [1/1] (1.87ns)   --->   "%add_ln144 = add i7 %input_index_2, i7 1" [D:/lenet_project/handoff/LeNet_DSE_Framework_2022_2/LeNet_DSE_Framework_2022_2/variants/mac_unroll_2/lenet_conv.cpp:144]   --->   Operation 37 'add' 'add_ln144' <Predicate = true> <Delay = 1.87> <CoreInst = "Adder">   --->   Core 1 'Adder' <Latency = 0> <II = 1> <Delay = 1.87> <FuncUnit> <Opcode : 'add' 'sub'> <InPorts = 2> <OutPorts = 1>
ST_2 : Operation 38 [1/2] (3.25ns)   --->   "%conv3_relu_load = load i7 %conv3_relu_addr" [D:/lenet_project/handoff/LeNet_DSE_Framework_2022_2/LeNet_DSE_Framework_2022_2/variants/mac_unroll_2/lenet_conv.cpp:146]   --->   Operation 38 'load' 'conv3_relu_load' <Predicate = (!icmp_ln144)> <Delay = 3.25> <CoreInst = "RAM">   --->   Core 82 'RAM' <Latency = 1> <II = 1> <Delay = 3.25> <Storage> <Opcode : 'load' 'store'> <Ports = 2> <Width = 32> <Depth = 120> <RAM>
ST_2 : Operation 39 [1/1] (7.30ns)   --->   "%gmem1_addr_read = read i32 @_ssdm_op_Read.m_axi.p1i32, i32 %gmem1_addr" [D:/lenet_project/handoff/LeNet_DSE_Framework_2022_2/LeNet_DSE_Framework_2022_2/variants/mac_unroll_2/lenet_conv.cpp:147]   --->   Operation 39 'read' 'gmem1_addr_read' <Predicate = (!icmp_ln144)> <Delay = 7.30> <CoreInst = "m_axi">   --->   Core 113 'm_axi' <Latency = 0> <II = 1> <Delay = 1.00> <Adapter> <Opcode : 'read' 'write' 'readreq' 'writereq' 'writeresp'>
ST_2 : Operation 40 [1/1] (1.48ns)   --->   "%ifzero193 = icmp_eq  i7 %add_ln144, i7 120" [D:/lenet_project/handoff/LeNet_DSE_Framework_2022_2/LeNet_DSE_Framework_2022_2/variants/mac_unroll_2/lenet_conv.cpp:144]   --->   Operation 40 'icmp' 'ifzero193' <Predicate = (!icmp_ln144)> <Delay = 1.48> <CoreInst = "Cmp">   --->   Core 9 'Cmp' <Latency = 0> <II = 1> <Delay = 1.48> <FuncUnit> <Opcode : 'icmp'> <InPorts = 2> <OutPorts = 1>
ST_2 : Operation 41 [1/1] (0.00ns)   --->   "%br_ln144 = br i1 %ifzero193, void %ifFalse192, void %ifTrue191" [D:/lenet_project/handoff/LeNet_DSE_Framework_2022_2/LeNet_DSE_Framework_2022_2/variants/mac_unroll_2/lenet_conv.cpp:144]   --->   Operation 41 'br' 'br_ln144' <Predicate = (!icmp_ln144)> <Delay = 0.00>

State 3 <SV = 2> <Delay = 5.70>
ST_3 : Operation 42 [1/1] (0.00ns)   --->   "%bitcast_ln147 = bitcast i32 %gmem1_addr_read" [D:/lenet_project/handoff/LeNet_DSE_Framework_2022_2/LeNet_DSE_Framework_2022_2/variants/mac_unroll_2/lenet_conv.cpp:147]   --->   Operation 42 'bitcast' 'bitcast_ln147' <Predicate = (!icmp_ln144)> <Delay = 0.00>
ST_3 : Operation 43 [4/4] (5.70ns)   --->   "%mul9_i = fmul i32 %conv3_relu_load, i32 %bitcast_ln147" [D:/lenet_project/handoff/LeNet_DSE_Framework_2022_2/LeNet_DSE_Framework_2022_2/variants/mac_unroll_2/lenet_conv.cpp:146]   --->   Operation 43 'fmul' 'mul9_i' <Predicate = (!icmp_ln144)> <Delay = 5.70> <CoreInst = "FMul_maxdsp">   --->   Core 30 'FMul_maxdsp' <Latency = 3> <II = 1> <Delay = 5.70> <FuncUnit> <Opcode : 'fmul'> <InPorts = 2> <OutPorts = 1>

State 4 <SV = 3> <Delay = 5.70>
ST_4 : Operation 44 [3/4] (5.70ns)   --->   "%mul9_i = fmul i32 %conv3_relu_load, i32 %bitcast_ln147" [D:/lenet_project/handoff/LeNet_DSE_Framework_2022_2/LeNet_DSE_Framework_2022_2/variants/mac_unroll_2/lenet_conv.cpp:146]   --->   Operation 44 'fmul' 'mul9_i' <Predicate = (!icmp_ln144)> <Delay = 5.70> <CoreInst = "FMul_maxdsp">   --->   Core 30 'FMul_maxdsp' <Latency = 3> <II = 1> <Delay = 5.70> <FuncUnit> <Opcode : 'fmul'> <InPorts = 2> <OutPorts = 1>

State 5 <SV = 4> <Delay = 5.70>
ST_5 : Operation 45 [2/4] (5.70ns)   --->   "%mul9_i = fmul i32 %conv3_relu_load, i32 %bitcast_ln147" [D:/lenet_project/handoff/LeNet_DSE_Framework_2022_2/LeNet_DSE_Framework_2022_2/variants/mac_unroll_2/lenet_conv.cpp:146]   --->   Operation 45 'fmul' 'mul9_i' <Predicate = (!icmp_ln144)> <Delay = 5.70> <CoreInst = "FMul_maxdsp">   --->   Core 30 'FMul_maxdsp' <Latency = 3> <II = 1> <Delay = 5.70> <FuncUnit> <Opcode : 'fmul'> <InPorts = 2> <OutPorts = 1>
ST_5 : Operation 46 [1/1] (1.58ns)   --->   "%store_ln144 = store i7 %add_ln144, i7 %input_index" [D:/lenet_project/handoff/LeNet_DSE_Framework_2022_2/LeNet_DSE_Framework_2022_2/variants/mac_unroll_2/lenet_conv.cpp:144]   --->   Operation 46 'store' 'store_ln144' <Predicate = (!icmp_ln144)> <Delay = 1.58>

State 6 <SV = 5> <Delay = 5.70>
ST_6 : Operation 47 [1/4] (5.70ns)   --->   "%mul9_i = fmul i32 %conv3_relu_load, i32 %bitcast_ln147" [D:/lenet_project/handoff/LeNet_DSE_Framework_2022_2/LeNet_DSE_Framework_2022_2/variants/mac_unroll_2/lenet_conv.cpp:146]   --->   Operation 47 'fmul' 'mul9_i' <Predicate = true> <Delay = 5.70> <CoreInst = "FMul_maxdsp">   --->   Core 30 'FMul_maxdsp' <Latency = 3> <II = 1> <Delay = 5.70> <FuncUnit> <Opcode : 'fmul'> <InPorts = 2> <OutPorts = 1>

State 7 <SV = 6> <Delay = 7.25>
ST_7 : Operation 48 [1/1] (0.00ns)   --->   "%accumulator_load = load i32 %accumulator" [D:/lenet_project/handoff/LeNet_DSE_Framework_2022_2/LeNet_DSE_Framework_2022_2/variants/mac_unroll_2/lenet_conv.cpp:145]   --->   Operation 48 'load' 'accumulator_load' <Predicate = true> <Delay = 0.00>
ST_7 : Operation 49 [5/5] (7.25ns)   --->   "%accumulator_3 = fadd i32 %accumulator_load, i32 %mul9_i" [D:/lenet_project/handoff/LeNet_DSE_Framework_2022_2/LeNet_DSE_Framework_2022_2/variants/mac_unroll_2/lenet_conv.cpp:145]   --->   Operation 49 'fadd' 'accumulator_3' <Predicate = true> <Delay = 7.25> <CoreInst = "FAddSub_fulldsp">   --->   Core 18 'FAddSub_fulldsp' <Latency = 4> <II = 1> <Delay = 7.25> <FuncUnit> <Opcode : 'fadd' 'fsub'> <InPorts = 2> <OutPorts = 1>
ST_7 : Operation 59 [1/1] (0.00ns)   --->   "%ret_ln0 = ret"   --->   Operation 59 'ret' 'ret_ln0' <Predicate = (icmp_ln144)> <Delay = 0.00>

State 8 <SV = 7> <Delay = 7.25>
ST_8 : Operation 50 [4/5] (7.25ns)   --->   "%accumulator_3 = fadd i32 %accumulator_load, i32 %mul9_i" [D:/lenet_project/handoff/LeNet_DSE_Framework_2022_2/LeNet_DSE_Framework_2022_2/variants/mac_unroll_2/lenet_conv.cpp:145]   --->   Operation 50 'fadd' 'accumulator_3' <Predicate = true> <Delay = 7.25> <CoreInst = "FAddSub_fulldsp">   --->   Core 18 'FAddSub_fulldsp' <Latency = 4> <II = 1> <Delay = 7.25> <FuncUnit> <Opcode : 'fadd' 'fsub'> <InPorts = 2> <OutPorts = 1>

State 9 <SV = 8> <Delay = 7.25>
ST_9 : Operation 51 [3/5] (7.25ns)   --->   "%accumulator_3 = fadd i32 %accumulator_load, i32 %mul9_i" [D:/lenet_project/handoff/LeNet_DSE_Framework_2022_2/LeNet_DSE_Framework_2022_2/variants/mac_unroll_2/lenet_conv.cpp:145]   --->   Operation 51 'fadd' 'accumulator_3' <Predicate = true> <Delay = 7.25> <CoreInst = "FAddSub_fulldsp">   --->   Core 18 'FAddSub_fulldsp' <Latency = 4> <II = 1> <Delay = 7.25> <FuncUnit> <Opcode : 'fadd' 'fsub'> <InPorts = 2> <OutPorts = 1>

State 10 <SV = 9> <Delay = 7.25>
ST_10 : Operation 52 [2/5] (7.25ns)   --->   "%accumulator_3 = fadd i32 %accumulator_load, i32 %mul9_i" [D:/lenet_project/handoff/LeNet_DSE_Framework_2022_2/LeNet_DSE_Framework_2022_2/variants/mac_unroll_2/lenet_conv.cpp:145]   --->   Operation 52 'fadd' 'accumulator_3' <Predicate = true> <Delay = 7.25> <CoreInst = "FAddSub_fulldsp">   --->   Core 18 'FAddSub_fulldsp' <Latency = 4> <II = 1> <Delay = 7.25> <FuncUnit> <Opcode : 'fadd' 'fsub'> <InPorts = 2> <OutPorts = 1>

State 11 <SV = 10> <Delay = 7.25>
ST_11 : Operation 53 [1/1] (0.00ns)   --->   "%specloopname_ln141 = specloopname void @_ssdm_op_SpecLoopName, void @empty_15" [D:/lenet_project/handoff/LeNet_DSE_Framework_2022_2/LeNet_DSE_Framework_2022_2/variants/mac_unroll_2/lenet_conv.cpp:141]   --->   Operation 53 'specloopname' 'specloopname_ln141' <Predicate = true> <Delay = 0.00>
ST_11 : Operation 54 [1/5] (7.25ns)   --->   "%accumulator_3 = fadd i32 %accumulator_load, i32 %mul9_i" [D:/lenet_project/handoff/LeNet_DSE_Framework_2022_2/LeNet_DSE_Framework_2022_2/variants/mac_unroll_2/lenet_conv.cpp:145]   --->   Operation 54 'fadd' 'accumulator_3' <Predicate = true> <Delay = 7.25> <CoreInst = "FAddSub_fulldsp">   --->   Core 18 'FAddSub_fulldsp' <Latency = 4> <II = 1> <Delay = 7.25> <FuncUnit> <Opcode : 'fadd' 'fsub'> <InPorts = 2> <OutPorts = 1>

State 12 <SV = 11> <Delay = 3.25>
ST_12 : Operation 55 [1/1] (3.25ns)   --->   "%store_ln149 = store i32 %accumulator_3, i7 %fc1_output_addr" [D:/lenet_project/handoff/LeNet_DSE_Framework_2022_2/LeNet_DSE_Framework_2022_2/variants/mac_unroll_2/lenet_conv.cpp:149]   --->   Operation 55 'store' 'store_ln149' <Predicate = (ifzero193)> <Delay = 3.25> <CoreInst = "RAM">   --->   Core 82 'RAM' <Latency = 1> <II = 1> <Delay = 3.25> <Storage> <Opcode : 'load' 'store'> <Ports = 2> <Width = 32> <Depth = 84> <RAM>
ST_12 : Operation 56 [1/1] (0.00ns)   --->   "%br_ln0 = br void %ifFalse192"   --->   Operation 56 'br' 'br_ln0' <Predicate = (ifzero193)> <Delay = 0.00>
ST_12 : Operation 57 [1/1] (1.58ns)   --->   "%store_ln145 = store i32 %accumulator_3, i32 %accumulator" [D:/lenet_project/handoff/LeNet_DSE_Framework_2022_2/LeNet_DSE_Framework_2022_2/variants/mac_unroll_2/lenet_conv.cpp:145]   --->   Operation 57 'store' 'store_ln145' <Predicate = true> <Delay = 1.58>
ST_12 : Operation 58 [1/1] (0.00ns)   --->   "%br_ln0 = br void %for.inc.i173"   --->   Operation 58 'br' 'br_ln0' <Predicate = true> <Delay = 0.00>


============================================================
+ Verbose Summary: Binding
============================================================
STG Binding: 
---------------- STG Properties BEGIN ----------------
- Is combinational: 0
- Is one-state seq: 0
- Is datapath-only: 0
- Is pipelined: 0
- Is top level: 0
Port [ Return ] is wired: 1; IO mode=ap_ctrl_hs:ce=0
Port [ accumulator_5]:  wired=1; compound=0; hidden=0; nouse=0; global=0; static=0; extern=0; dir=0; type=0; pingpong=0; private_global=0; IO mode=ap_none:ce=0
Port [ gmem1]:  wired=1; compound=1; hidden=0; nouse=0; global=0; static=0; extern=0; dir=0; type=4; pingpong=0; private_global=0; IO mode=m_axi:ce=0
Port [ fc1_output]:  wired=1; compound=1; hidden=0; nouse=0; global=0; static=0; extern=0; dir=1; type=1; pingpong=0; private_global=0; MemPort=[03]; IO mode=ap_memory:ce=0
Port [ zext_ln140]:  wired=1; compound=0; hidden=0; nouse=0; global=0; static=0; extern=0; dir=0; type=0; pingpong=0; private_global=0; IO mode=ap_none:ce=0
Port [ sext_ln140]:  wired=1; compound=0; hidden=0; nouse=0; global=0; static=0; extern=0; dir=0; type=0; pingpong=0; private_global=0; IO mode=ap_none:ce=0
Port [ conv3_relu]:  wired=1; compound=1; hidden=0; nouse=0; global=0; static=0; extern=0; dir=0; type=1; pingpong=0; private_global=0; MemPort=[13]; IO mode=ap_memory:ce=0
---------------- STG Properties END ------------------

---------------- Datapath Model BEGIN ----------------

<LifeTime>
<method=bitvector/>
accumulator        (alloca           ) [ 0111111111111]
input_index        (alloca           ) [ 0111110000000]
sext_ln140_read    (read             ) [ 0000000000000]
zext_ln140_read    (read             ) [ 0000000000000]
accumulator_5_read (read             ) [ 0000000000000]
sext_ln140_cast    (sext             ) [ 0010000000000]
zext_ln140_cast    (zext             ) [ 0000000000000]
specinterface_ln0  (specinterface    ) [ 0000000000000]
store_ln0          (store            ) [ 0000000000000]
store_ln0          (store            ) [ 0000000000000]
br_ln0             (br               ) [ 0000000000000]
input_index_2      (load             ) [ 0010000000000]
fc1_output_addr    (getelementptr    ) [ 0111111111111]
icmp_ln144         (icmp             ) [ 0111111100000]
br_ln144           (br               ) [ 0000000000000]
input_index_cast   (zext             ) [ 0000000000000]
conv3_relu_addr    (getelementptr    ) [ 0010000000000]
specbitsmap_ln0    (specbitsmap      ) [ 0000000000000]
gmem1_addr         (getelementptr    ) [ 0000000000000]
specpipeline_ln0   (specpipeline     ) [ 0000000000000]
empty              (speclooptripcount) [ 0000000000000]
add_ln144          (add              ) [ 0001110000000]
conv3_relu_load    (load             ) [ 0101111000000]
gmem1_addr_read    (read             ) [ 0001000000000]
ifzero193          (icmp             ) [ 0111111111111]
br_ln144           (br               ) [ 0000000000000]
bitcast_ln147      (bitcast          ) [ 0100111000000]
store_ln144        (store            ) [ 0000000000000]
mul9_i             (fmul             ) [ 0111110111110]
accumulator_load   (load             ) [ 0101110011110]
specloopname_ln141 (specloopname     ) [ 0000000000000]
accumulator_3      (fadd             ) [ 0010000000001]
store_ln149        (store            ) [ 0000000000000]
br_ln0             (br               ) [ 0000000000000]
store_ln145        (store            ) [ 0000000000000]
br_ln0             (br               ) [ 0000000000000]
ret_ln0            (ret              ) [ 0000000000000]
</LifeTime>

<model>

<comp_list>
<comp id="0" class="1000" name="accumulator_5">
<pin_list>
<pin id="1" dir="1" index="0" bw="1" slack="0"/>
</pin_list>
<bind>
<StgValue><ssdm name="accumulator_5"/></StgValue>
</bind>
</comp>

<comp id="2" class="1000" name="gmem1">
<pin_list>
<pin id="3" dir="1" index="0" bw="1" slack="0"/>
</pin_list>
<bind>
<StgValue><ssdm name="gmem1"/></StgValue>
</bind>
</comp>

<comp id="4" class="1000" name="fc1_output">
<pin_list>
<pin id="5" dir="1" index="0" bw="1" slack="0"/>
</pin_list>
<bind>
<StgValue><ssdm name="fc1_output"/><MemPortTyVec>0 3 </MemPortTyVec>
</StgValue>
</bind>
</comp>

<comp id="6" class="1000" name="zext_ln140">
<pin_list>
<pin id="7" dir="1" index="0" bw="1" slack="0"/>
</pin_list>
<bind>
<StgValue><ssdm name="zext_ln140"/></StgValue>
</bind>
</comp>

<comp id="8" class="1000" name="sext_ln140">
<pin_list>
<pin id="9" dir="1" index="0" bw="1" slack="0"/>
</pin_list>
<bind>
<StgValue><ssdm name="sext_ln140"/></StgValue>
</bind>
</comp>

<comp id="10" class="1000" name="conv3_relu">
<pin_list>
<pin id="11" dir="1" index="0" bw="1" slack="0"/>
</pin_list>
<bind>
<StgValue><ssdm name="conv3_relu"/><MemPortTyVec>1 3 </MemPortTyVec>
</StgValue>
</bind>
</comp>

<comp id="12" class="1001" name="const_12">
<pin_list>
<pin id="13" dir="1" index="0" bw="1" slack="0"/>
</pin_list>
<bind>
<StgValue><ssdm name=""/></StgValue>
</bind>
</comp>

<comp id="14" class="1001" name="const_14">
<pin_list>
<pin id="15" dir="1" index="0" bw="1" slack="0"/>
</pin_list>
<bind>
<StgValue><ssdm name="_ssdm_op_Read.ap_auto.i62"/></StgValue>
</bind>
</comp>

<comp id="16" class="1001" name="const_16">
<pin_list>
<pin id="17" dir="1" index="0" bw="1" slack="0"/>
</pin_list>
<bind>
<StgValue><ssdm name="_ssdm_op_Read.ap_auto.i7"/></StgValue>
</bind>
</comp>

<comp id="18" class="1001" name="const_18">
<pin_list>
<pin id="19" dir="1" index="0" bw="1" slack="0"/>
</pin_list>
<bind>
<StgValue><ssdm name="_ssdm_op_Read.ap_auto.float"/></StgValue>
</bind>
</comp>

<comp id="20" class="1001" name="const_20">
<pin_list>
<pin id="21" dir="1" index="0" bw="1" slack="2147483647"/>
</pin_list>
<bind>
<StgValue><ssdm name="_ssdm_op_SpecInterface"/></StgValue>
</bind>
</comp>

<comp id="22" class="1001" name="const_22">
<pin_list>
<pin id="23" dir="1" index="0" bw="1" slack="2147483647"/>
</pin_list>
<bind>
<StgValue><ssdm name="empty"/></StgValue>
</bind>
</comp>

<comp id="24" class="1001" name="const_24">
<pin_list>
<pin id="25" dir="1" index="0" bw="1" slack="2147483647"/>
</pin_list>
<bind>
<StgValue><ssdm name=""/></StgValue>
</bind>
</comp>

<comp id="26" class="1001" name="const_26">
<pin_list>
<pin id="27" dir="1" index="0" bw="1" slack="2147483647"/>
</pin_list>
<bind>
<StgValue><ssdm name="empty_0"/></StgValue>
</bind>
</comp>

<comp id="28" class="1001" name="const_28">
<pin_list>
<pin id="29" dir="1" index="0" bw="1" slack="2147483647"/>
</pin_list>
<bind>
<StgValue><ssdm name=""/></StgValue>
</bind>
</comp>

<comp id="30" class="1001" name="const_30">
<pin_list>
<pin id="31" dir="1" index="0" bw="1" slack="2147483647"/>
</pin_list>
<bind>
<StgValue><ssdm name="empty_3"/></StgValue>
</bind>
</comp>

<comp id="32" class="1001" name="const_32">
<pin_list>
<pin id="33" dir="1" index="0" bw="1" slack="2147483647"/>
</pin_list>
<bind>
<StgValue><ssdm name="empty_2"/></StgValue>
</bind>
</comp>

<comp id="34" class="1001" name="const_34">
<pin_list>
<pin id="35" dir="1" index="0" bw="1" slack="2147483647"/>
</pin_list>
<bind>
<StgValue><ssdm name=""/></StgValue>
</bind>
</comp>

<comp id="36" class="1001" name="const_36">
<pin_list>
<pin id="37" dir="1" index="0" bw="1" slack="2147483647"/>
</pin_list>
<bind>
<StgValue><ssdm name=""/></StgValue>
</bind>
</comp>

<comp id="38" class="1001" name="const_38">
<pin_list>
<pin id="39" dir="1" index="0" bw="1" slack="0"/>
</pin_list>
<bind>
<StgValue><ssdm name=""/></StgValue>
</bind>
</comp>

<comp id="40" class="1001" name="const_40">
<pin_list>
<pin id="41" dir="1" index="0" bw="1" slack="0"/>
</pin_list>
<bind>
<StgValue><ssdm name=""/></StgValue>
</bind>
</comp>

<comp id="42" class="1001" name="const_42">
<pin_list>
<pin id="43" dir="1" index="0" bw="1" slack="0"/>
</pin_list>
<bind>
<StgValue><ssdm name=""/></StgValue>
</bind>
</comp>

<comp id="44" class="1001" name="const_44">
<pin_list>
<pin id="45" dir="1" index="0" bw="1" slack="2147483647"/>
</pin_list>
<bind>
<StgValue><ssdm name="_ssdm_op_SpecBitsMap"/></StgValue>
</bind>
</comp>

<comp id="46" class="1001" name="const_46">
<pin_list>
<pin id="47" dir="1" index="0" bw="1" slack="2147483647"/>
</pin_list>
<bind>
<StgValue><ssdm name="_ssdm_op_SpecPipeline"/></StgValue>
</bind>
</comp>

<comp id="48" class="1001" name="const_48">
<pin_list>
<pin id="49" dir="1" index="0" bw="1" slack="2147483647"/>
</pin_list>
<bind>
<StgValue><ssdm name="p_str"/></StgValue>
</bind>
</comp>

<comp id="50" class="1001" name="const_50">
<pin_list>
<pin id="51" dir="1" index="0" bw="1" slack="2147483647"/>
</pin_list>
<bind>
<StgValue><ssdm name="_ssdm_op_SpecLoopTripCount"/></StgValue>
</bind>
</comp>

<comp id="52" class="1001" name="const_52">
<pin_list>
<pin id="53" dir="1" index="0" bw="1" slack="2147483647"/>
</pin_list>
<bind>
<StgValue><ssdm name=""/></StgValue>
</bind>
</comp>

<comp id="54" class="1001" name="const_54">
<pin_list>
<pin id="55" dir="1" index="0" bw="1" slack="0"/>
</pin_list>
<bind>
<StgValue><ssdm name=""/></StgValue>
</bind>
</comp>

<comp id="56" class="1001" name="const_56">
<pin_list>
<pin id="57" dir="1" index="0" bw="1" slack="0"/>
</pin_list>
<bind>
<StgValue><ssdm name="_ssdm_op_Read.m_axi.p1i32"/></StgValue>
</bind>
</comp>

<comp id="58" class="1001" name="const_58">
<pin_list>
<pin id="59" dir="1" index="0" bw="1" slack="2147483647"/>
</pin_list>
<bind>
<StgValue><ssdm name="_ssdm_op_SpecLoopName"/></StgValue>
</bind>
</comp>

<comp id="60" class="1001" name="const_60">
<pin_list>
<pin id="61" dir="1" index="0" bw="1" slack="2147483647"/>
</pin_list>
<bind>
<StgValue><ssdm name="empty_15"/></StgValue>
</bind>
</comp>

<comp id="62" class="1004" name="accumulator_fu_62">
<pin_list>
<pin id="63" dir="0" index="0" bw="1" slack="0"/>
<pin id="64" dir="1" index="1" bw="32" slack="0"/>
</pin_list>
<bind>
<opcode="alloca(26) " fcode="alloca"/>
<opset="accumulator/1 "/>
</bind>
</comp>

<comp id="66" class="1004" name="input_index_fu_66">
<pin_list>
<pin id="67" dir="0" index="0" bw="1" slack="0"/>
<pin id="68" dir="1" index="1" bw="7" slack="0"/>
</pin_list>
<bind>
<opcode="alloca(26) " fcode="alloca"/>
<opset="input_index/1 "/>
</bind>
</comp>

<comp id="70" class="1004" name="sext_ln140_read_read_fu_70">
<pin_list>
<pin id="71" dir="0" index="0" bw="62" slack="0"/>
<pin id="72" dir="0" index="1" bw="62" slack="0"/>
<pin id="73" dir="1" index="2" bw="62" slack="0"/>
</pin_list>
<bind>
<opcode="read(1150) " fcode="read"/>
<opset="sext_ln140_read/1 "/>
</bind>
</comp>

<comp id="76" class="1004" name="zext_ln140_read_read_fu_76">
<pin_list>
<pin id="77" dir="0" index="0" bw="7" slack="0"/>
<pin id="78" dir="0" index="1" bw="7" slack="0"/>
<pin id="79" dir="1" index="2" bw="7" slack="0"/>
</pin_list>
<bind>
<opcode="read(1150) " fcode="read"/>
<opset="zext_ln140_read/1 "/>
</bind>
</comp>

<comp id="82" class="1004" name="accumulator_5_read_read_fu_82">
<pin_list>
<pin id="83" dir="0" index="0" bw="32" slack="0"/>
<pin id="84" dir="0" index="1" bw="32" slack="0"/>
<pin id="85" dir="1" index="2" bw="32" slack="0"/>
</pin_list>
<bind>
<opcode="read(1150) " fcode="read"/>
<opset="accumulator_5_read/1 "/>
</bind>
</comp>

<comp id="88" class="1004" name="gmem1_addr_read_read_fu_88">
<pin_list>
<pin id="89" dir="0" index="0" bw="32" slack="0"/>
<pin id="90" dir="0" index="1" bw="32" slack="0"/>
<pin id="91" dir="1" index="2" bw="32" slack="1"/>
</pin_list>
<bind>
<opcode="read(1150) " fcode="read"/>
<opset="gmem1_addr_read/2 "/>
</bind>
</comp>

<comp id="93" class="1004" name="fc1_output_addr_gep_fu_93">
<pin_list>
<pin id="94" dir="0" index="0" bw="32" slack="0"/>
<pin id="95" dir="0" index="1" bw="1" slack="0"/>
<pin id="96" dir="0" index="2" bw="7" slack="0"/>
<pin id="97" dir="1" index="3" bw="7" slack="11"/>
</pin_list>
<bind>
<opcode="getelementptr(29) " fcode="getelementptr"/>
<opset="fc1_output_addr/1 "/>
</bind>
</comp>

<comp id="100" class="1004" name="conv3_relu_addr_gep_fu_100">
<pin_list>
<pin id="101" dir="0" index="0" bw="32" slack="0"/>
<pin id="102" dir="0" index="1" bw="1" slack="0"/>
<pin id="103" dir="0" index="2" bw="7" slack="0"/>
<pin id="104" dir="1" index="3" bw="7" slack="0"/>
</pin_list>
<bind>
<opcode="getelementptr(29) " fcode="getelementptr"/>
<opset="conv3_relu_addr/1 "/>
</bind>
</comp>

<comp id="107" class="1004" name="grp_access_fu_107">
<pin_list>
<pin id="108" dir="0" index="0" bw="7" slack="0"/>
<pin id="109" dir="0" index="1" bw="32" slack="2147483647"/>
<pin id="110" dir="0" index="2" bw="0" slack="2147483647"/>
<pin id="111" dir="1" index="3" bw="32" slack="1"/>
</pin_list>
<bind>
<opcode="load(27) " fcode="load"/>
<opset="conv3_relu_load/1 "/>
</bind>
</comp>

<comp id="113" class="1004" name="store_ln149_access_fu_113">
<pin_list>
<pin id="114" dir="0" index="0" bw="7" slack="11"/>
<pin id="115" dir="0" index="1" bw="32" slack="1"/>
<pin id="116" dir="0" index="2" bw="0" slack="2147483647"/>
<pin id="117" dir="1" index="3" bw="32" slack="2147483647"/>
</pin_list>
<bind>
<opcode="store(28) " fcode="store"/>
<opset="store_ln149/12 "/>
</bind>
</comp>

<comp id="118" class="1004" name="grp_fu_118">
<pin_list>
<pin id="119" dir="0" index="0" bw="32" slack="0"/>
<pin id="120" dir="0" index="1" bw="32" slack="1"/>
<pin id="121" dir="1" index="2" bw="32" slack="1"/>
</pin_list>
<bind>
<opcode="fadd(9) " fcode="fadd"/>
<opset="accumulator_3/7 "/>
</bind>
</comp>

<comp id="122" class="1004" name="grp_fu_122">
<pin_list>
<pin id="123" dir="0" index="0" bw="32" slack="1"/>
<pin id="124" dir="0" index="1" bw="32" slack="0"/>
<pin id="125" dir="1" index="2" bw="32" slack="1"/>
</pin_list>
<bind>
<opcode="fmul(13) " fcode="fmul"/>
<opset="mul9_i/3 "/>
</bind>
</comp>

<comp id="126" class="1004" name="sext_ln140_cast_fu_126">
<pin_list>
<pin id="127" dir="0" index="0" bw="62" slack="0"/>
<pin id="128" dir="1" index="1" bw="64" slack="1"/>
</pin_list>
<bind>
<opcode="sext(35) " fcode="sext"/>
<opset="sext_ln140_cast/1 "/>
</bind>
</comp>

<comp id="130" class="1004" name="zext_ln140_cast_fu_130">
<pin_list>
<pin id="131" dir="0" index="0" bw="7" slack="0"/>
<pin id="132" dir="1" index="1" bw="64" slack="0"/>
</pin_list>
<bind>
<opcode="zext(34) " fcode="zext"/>
<opset="zext_ln140_cast/1 "/>
</bind>
</comp>

<comp id="135" class="1004" name="store_ln0_store_fu_135">
<pin_list>
<pin id="136" dir="0" index="0" bw="1" slack="0"/>
<pin id="137" dir="0" index="1" bw="7" slack="0"/>
<pin id="138" dir="1" index="2" bw="0" slack="2147483647"/>
</pin_list>
<bind>
<opcode="store(28) " fcode="store"/>
<opset="store_ln0/1 "/>
</bind>
</comp>

<comp id="140" class="1004" name="store_ln0_store_fu_140">
<pin_list>
<pin id="141" dir="0" index="0" bw="32" slack="0"/>
<pin id="142" dir="0" index="1" bw="32" slack="0"/>
<pin id="143" dir="1" index="2" bw="0" slack="2147483647"/>
</pin_list>
<bind>
<opcode="store(28) " fcode="store"/>
<opset="store_ln0/1 "/>
</bind>
</comp>

<comp id="145" class="1004" name="input_index_2_load_fu_145">
<pin_list>
<pin id="146" dir="0" index="0" bw="7" slack="0"/>
<pin id="147" dir="1" index="1" bw="7" slack="0"/>
</pin_list>
<bind>
<opcode="load(27) " fcode="load"/>
<opset="input_index_2/1 "/>
</bind>
</comp>

<comp id="148" class="1004" name="icmp_ln144_fu_148">
<pin_list>
<pin id="149" dir="0" index="0" bw="7" slack="0"/>
<pin id="150" dir="0" index="1" bw="4" slack="0"/>
<pin id="151" dir="1" index="2" bw="1" slack="1"/>
</pin_list>
<bind>
<opcode="icmp(45) " fcode="icmp"/>
<opset="icmp_ln144/1 "/>
</bind>
</comp>

<comp id="154" class="1004" name="input_index_cast_fu_154">
<pin_list>
<pin id="155" dir="0" index="0" bw="7" slack="0"/>
<pin id="156" dir="1" index="1" bw="64" slack="0"/>
</pin_list>
<bind>
<opcode="zext(34) " fcode="zext"/>
<opset="input_index_cast/1 "/>
</bind>
</comp>

<comp id="159" class="1004" name="gmem1_addr_fu_159">
<pin_list>
<pin id="160" dir="0" index="0" bw="32" slack="0"/>
<pin id="161" dir="0" index="1" bw="62" slack="1"/>
<pin id="162" dir="1" index="2" bw="32" slack="0"/>
</pin_list>
<bind>
<opcode="getelementptr(29) " fcode="getelementptr"/>
<opset="gmem1_addr/2 "/>
</bind>
</comp>

<comp id="165" class="1004" name="add_ln144_fu_165">
<pin_list>
<pin id="166" dir="0" index="0" bw="7" slack="1"/>
<pin id="167" dir="0" index="1" bw="1" slack="0"/>
<pin id="168" dir="1" index="2" bw="7" slack="0"/>
</pin_list>
<bind>
<opcode="add(8) " fcode="add"/>
<opset="add_ln144/2 "/>
</bind>
</comp>

<comp id="170" class="1004" name="ifzero193_fu_170">
<pin_list>
<pin id="171" dir="0" index="0" bw="7" slack="0"/>
<pin id="172" dir="0" index="1" bw="4" slack="0"/>
<pin id="173" dir="1" index="2" bw="1" slack="10"/>
</pin_list>
<bind>
<opcode="icmp(45) " fcode="icmp"/>
<opset="ifzero193/2 "/>
</bind>
</comp>

<comp id="176" class="1004" name="bitcast_ln147_fu_176">
<pin_list>
<pin id="177" dir="0" index="0" bw="32" slack="1"/>
<pin id="178" dir="1" index="1" bw="32" slack="0"/>
</pin_list>
<bind>
<opcode="bitcast(44) " fcode="bitcast"/>
<opset="bitcast_ln147/3 "/>
</bind>
</comp>

<comp id="180" class="1004" name="store_ln144_store_fu_180">
<pin_list>
<pin id="181" dir="0" index="0" bw="7" slack="3"/>
<pin id="182" dir="0" index="1" bw="7" slack="4"/>
<pin id="183" dir="1" index="2" bw="0" slack="2147483647"/>
</pin_list>
<bind>
<opcode="store(28) " fcode="store"/>
<opset="store_ln144/5 "/>
</bind>
</comp>

<comp id="184" class="1004" name="accumulator_load_load_fu_184">
<pin_list>
<pin id="185" dir="0" index="0" bw="32" slack="6"/>
<pin id="186" dir="1" index="1" bw="32" slack="0"/>
</pin_list>
<bind>
<opcode="load(27) " fcode="load"/>
<opset="accumulator_load/7 "/>
</bind>
</comp>

<comp id="188" class="1004" name="store_ln145_store_fu_188">
<pin_list>
<pin id="189" dir="0" index="0" bw="32" slack="1"/>
<pin id="190" dir="0" index="1" bw="32" slack="11"/>
<pin id="191" dir="1" index="2" bw="0" slack="2147483647"/>
</pin_list>
<bind>
<opcode="store(28) " fcode="store"/>
<opset="store_ln145/12 "/>
</bind>
</comp>

<comp id="192" class="1005" name="accumulator_reg_192">
<pin_list>
<pin id="193" dir="0" index="0" bw="32" slack="0"/>
<pin id="194" dir="1" index="1" bw="32" slack="0"/>
</pin_list>
<bind>
<opset="accumulator "/>
</bind>
</comp>

<comp id="199" class="1005" name="input_index_reg_199">
<pin_list>
<pin id="200" dir="0" index="0" bw="7" slack="0"/>
<pin id="201" dir="1" index="1" bw="7" slack="0"/>
</pin_list>
<bind>
<opset="input_index "/>
</bind>
</comp>

<comp id="206" class="1005" name="sext_ln140_cast_reg_206">
<pin_list>
<pin id="207" dir="0" index="0" bw="64" slack="1"/>
<pin id="208" dir="1" index="1" bw="64" slack="1"/>
</pin_list>
<bind>
<opset="sext_ln140_cast "/>
</bind>
</comp>

<comp id="211" class="1005" name="input_index_2_reg_211">
<pin_list>
<pin id="212" dir="0" index="0" bw="7" slack="1"/>
<pin id="213" dir="1" index="1" bw="7" slack="1"/>
</pin_list>
<bind>
<opset="input_index_2 "/>
</bind>
</comp>

<comp id="216" class="1005" name="fc1_output_addr_reg_216">
<pin_list>
<pin id="217" dir="0" index="0" bw="7" slack="11"/>
<pin id="218" dir="1" index="1" bw="7" slack="11"/>
</pin_list>
<bind>
<opset="fc1_output_addr "/>
</bind>
</comp>

<comp id="221" class="1005" name="icmp_ln144_reg_221">
<pin_list>
<pin id="222" dir="0" index="0" bw="1" slack="1"/>
<pin id="223" dir="1" index="1" bw="1" slack="2147483647"/>
</pin_list>
<bind>
<opset="icmp_ln144 "/>
</bind>
</comp>

<comp id="225" class="1005" name="conv3_relu_addr_reg_225">
<pin_list>
<pin id="226" dir="0" index="0" bw="7" slack="1"/>
<pin id="227" dir="1" index="1" bw="7" slack="1"/>
</pin_list>
<bind>
<opset="conv3_relu_addr "/>
</bind>
</comp>

<comp id="230" class="1005" name="add_ln144_reg_230">
<pin_list>
<pin id="231" dir="0" index="0" bw="7" slack="3"/>
<pin id="232" dir="1" index="1" bw="7" slack="3"/>
</pin_list>
<bind>
<opset="add_ln144 "/>
</bind>
</comp>

<comp id="235" class="1005" name="conv3_relu_load_reg_235">
<pin_list>
<pin id="236" dir="0" index="0" bw="32" slack="1"/>
<pin id="237" dir="1" index="1" bw="32" slack="1"/>
</pin_list>
<bind>
<opset="conv3_relu_load "/>
</bind>
</comp>

<comp id="240" class="1005" name="gmem1_addr_read_reg_240">
<pin_list>
<pin id="241" dir="0" index="0" bw="32" slack="1"/>
<pin id="242" dir="1" index="1" bw="32" slack="1"/>
</pin_list>
<bind>
<opset="gmem1_addr_read "/>
</bind>
</comp>

<comp id="245" class="1005" name="ifzero193_reg_245">
<pin_list>
<pin id="246" dir="0" index="0" bw="1" slack="10"/>
<pin id="247" dir="1" index="1" bw="1" slack="2147483647"/>
</pin_list>
<bind>
<opset="ifzero193 "/>
</bind>
</comp>

<comp id="249" class="1005" name="bitcast_ln147_reg_249">
<pin_list>
<pin id="250" dir="0" index="0" bw="32" slack="1"/>
<pin id="251" dir="1" index="1" bw="32" slack="1"/>
</pin_list>
<bind>
<opset="bitcast_ln147 "/>
</bind>
</comp>

<comp id="254" class="1005" name="mul9_i_reg_254">
<pin_list>
<pin id="255" dir="0" index="0" bw="32" slack="1"/>
<pin id="256" dir="1" index="1" bw="32" slack="1"/>
</pin_list>
<bind>
<opset="mul9_i "/>
</bind>
</comp>

<comp id="259" class="1005" name="accumulator_load_reg_259">
<pin_list>
<pin id="260" dir="0" index="0" bw="32" slack="1"/>
<pin id="261" dir="1" index="1" bw="32" slack="1"/>
</pin_list>
<bind>
<opset="accumulator_load "/>
</bind>
</comp>

<comp id="264" class="1005" name="accumulator_3_reg_264">
<pin_list>
<pin id="265" dir="0" index="0" bw="32" slack="1"/>
<pin id="266" dir="1" index="1" bw="32" slack="1"/>
</pin_list>
<bind>
<opset="accumulator_3 "/>
</bind>
</comp>

</comp_list>

<net_list>
<net id="65"><net_src comp="12" pin="0"/><net_sink comp="62" pin=0"/></net>

<net id="69"><net_src comp="12" pin="0"/><net_sink comp="66" pin=0"/></net>

<net id="74"><net_src comp="14" pin="0"/><net_sink comp="70" pin=0"/></net>

<net id="75"><net_src comp="8" pin="0"/><net_sink comp="70" pin=1"/></net>

<net id="80"><net_src comp="16" pin="0"/><net_sink comp="76" pin=0"/></net>

<net id="81"><net_src comp="6" pin="0"/><net_sink comp="76" pin=1"/></net>

<net id="86"><net_src comp="18" pin="0"/><net_sink comp="82" pin=0"/></net>

<net id="87"><net_src comp="0" pin="0"/><net_sink comp="82" pin=1"/></net>

<net id="92"><net_src comp="56" pin="0"/><net_sink comp="88" pin=0"/></net>

<net id="98"><net_src comp="4" pin="0"/><net_sink comp="93" pin=0"/></net>

<net id="99"><net_src comp="40" pin="0"/><net_sink comp="93" pin=1"/></net>

<net id="105"><net_src comp="10" pin="0"/><net_sink comp="100" pin=0"/></net>

<net id="106"><net_src comp="40" pin="0"/><net_sink comp="100" pin=1"/></net>

<net id="112"><net_src comp="100" pin="3"/><net_sink comp="107" pin=0"/></net>

<net id="129"><net_src comp="70" pin="2"/><net_sink comp="126" pin=0"/></net>

<net id="133"><net_src comp="76" pin="2"/><net_sink comp="130" pin=0"/></net>

<net id="134"><net_src comp="130" pin="1"/><net_sink comp="93" pin=2"/></net>

<net id="139"><net_src comp="38" pin="0"/><net_sink comp="135" pin=0"/></net>

<net id="144"><net_src comp="82" pin="2"/><net_sink comp="140" pin=0"/></net>

<net id="152"><net_src comp="145" pin="1"/><net_sink comp="148" pin=0"/></net>

<net id="153"><net_src comp="42" pin="0"/><net_sink comp="148" pin=1"/></net>

<net id="157"><net_src comp="145" pin="1"/><net_sink comp="154" pin=0"/></net>

<net id="158"><net_src comp="154" pin="1"/><net_sink comp="100" pin=2"/></net>

<net id="163"><net_src comp="2" pin="0"/><net_sink comp="159" pin=0"/></net>

<net id="164"><net_src comp="159" pin="2"/><net_sink comp="88" pin=1"/></net>

<net id="169"><net_src comp="54" pin="0"/><net_sink comp="165" pin=1"/></net>

<net id="174"><net_src comp="165" pin="2"/><net_sink comp="170" pin=0"/></net>

<net id="175"><net_src comp="42" pin="0"/><net_sink comp="170" pin=1"/></net>

<net id="179"><net_src comp="176" pin="1"/><net_sink comp="122" pin=1"/></net>

<net id="187"><net_src comp="184" pin="1"/><net_sink comp="118" pin=0"/></net>

<net id="195"><net_src comp="62" pin="1"/><net_sink comp="192" pin=0"/></net>

<net id="196"><net_src comp="192" pin="1"/><net_sink comp="140" pin=1"/></net>

<net id="197"><net_src comp="192" pin="1"/><net_sink comp="184" pin=0"/></net>

<net id="198"><net_src comp="192" pin="1"/><net_sink comp="188" pin=1"/></net>

<net id="202"><net_src comp="66" pin="1"/><net_sink comp="199" pin=0"/></net>

<net id="203"><net_src comp="199" pin="1"/><net_sink comp="135" pin=1"/></net>

<net id="204"><net_src comp="199" pin="1"/><net_sink comp="145" pin=0"/></net>

<net id="205"><net_src comp="199" pin="1"/><net_sink comp="180" pin=1"/></net>

<net id="209"><net_src comp="126" pin="1"/><net_sink comp="206" pin=0"/></net>

<net id="210"><net_src comp="206" pin="1"/><net_sink comp="159" pin=1"/></net>

<net id="214"><net_src comp="145" pin="1"/><net_sink comp="211" pin=0"/></net>

<net id="215"><net_src comp="211" pin="1"/><net_sink comp="165" pin=0"/></net>

<net id="219"><net_src comp="93" pin="3"/><net_sink comp="216" pin=0"/></net>

<net id="220"><net_src comp="216" pin="1"/><net_sink comp="113" pin=0"/></net>

<net id="224"><net_src comp="148" pin="2"/><net_sink comp="221" pin=0"/></net>

<net id="228"><net_src comp="100" pin="3"/><net_sink comp="225" pin=0"/></net>

<net id="229"><net_src comp="225" pin="1"/><net_sink comp="107" pin=0"/></net>

<net id="233"><net_src comp="165" pin="2"/><net_sink comp="230" pin=0"/></net>

<net id="234"><net_src comp="230" pin="1"/><net_sink comp="180" pin=0"/></net>

<net id="238"><net_src comp="107" pin="3"/><net_sink comp="235" pin=0"/></net>

<net id="239"><net_src comp="235" pin="1"/><net_sink comp="122" pin=0"/></net>

<net id="243"><net_src comp="88" pin="2"/><net_sink comp="240" pin=0"/></net>

<net id="244"><net_src comp="240" pin="1"/><net_sink comp="176" pin=0"/></net>

<net id="248"><net_src comp="170" pin="2"/><net_sink comp="245" pin=0"/></net>

<net id="252"><net_src comp="176" pin="1"/><net_sink comp="249" pin=0"/></net>

<net id="253"><net_src comp="249" pin="1"/><net_sink comp="122" pin=1"/></net>

<net id="257"><net_src comp="122" pin="2"/><net_sink comp="254" pin=0"/></net>

<net id="258"><net_src comp="254" pin="1"/><net_sink comp="118" pin=1"/></net>

<net id="262"><net_src comp="184" pin="1"/><net_sink comp="259" pin=0"/></net>

<net id="263"><net_src comp="259" pin="1"/><net_sink comp="118" pin=0"/></net>

<net id="267"><net_src comp="118" pin="2"/><net_sink comp="264" pin=0"/></net>

<net id="268"><net_src comp="264" pin="1"/><net_sink comp="113" pin=1"/></net>

<net id="269"><net_src comp="264" pin="1"/><net_sink comp="188" pin=0"/></net>

</net_list>

</model> 
---------------- Datapath Model END ------------------

* FSMD analyzer results:
  - Output states:
	Port: fc1_output | {12 }
 - Input state : 
	Port: lenet_full_top_Pipeline_DENSE_INPUT : accumulator_5 | {1 }
	Port: lenet_full_top_Pipeline_DENSE_INPUT : gmem1 | {2 }
	Port: lenet_full_top_Pipeline_DENSE_INPUT : zext_ln140 | {1 }
	Port: lenet_full_top_Pipeline_DENSE_INPUT : sext_ln140 | {1 }
	Port: lenet_full_top_Pipeline_DENSE_INPUT : conv3_relu | {1 2 }
  - Chain level:
	State 1
		store_ln0 : 1
		input_index_2 : 1
		fc1_output_addr : 1
		icmp_ln144 : 2
		br_ln144 : 3
		input_index_cast : 2
		conv3_relu_addr : 3
		conv3_relu_load : 4
	State 2
		gmem1_addr_read : 1
		ifzero193 : 1
		br_ln144 : 2
	State 3
		mul9_i : 1
	State 4
	State 5
	State 6
	State 7
		accumulator_3 : 1
	State 8
	State 9
	State 10
	State 11
	State 12


============================================================
+ Verbose Summary: Datapath Resource usage 
============================================================

* Functional unit list:
|----------|-------------------------------|---------|---------|---------|
| Operation|        Functional Unit        |   DSP   |    FF   |   LUT   |
|----------|-------------------------------|---------|---------|---------|
|   fadd   |           grp_fu_118          |    2    |   205   |   390   |
|----------|-------------------------------|---------|---------|---------|
|   fmul   |           grp_fu_122          |    3    |   143   |   321   |
|----------|-------------------------------|---------|---------|---------|
|   icmp   |       icmp_ln144_fu_148       |    0    |    0    |    10   |
|          |        ifzero193_fu_170       |    0    |    0    |    10   |
|----------|-------------------------------|---------|---------|---------|
|    add   |        add_ln144_fu_165       |    0    |    0    |    14   |
|----------|-------------------------------|---------|---------|---------|
|          |   sext_ln140_read_read_fu_70  |    0    |    0    |    0    |
|   read   |   zext_ln140_read_read_fu_76  |    0    |    0    |    0    |
|          | accumulator_5_read_read_fu_82 |    0    |    0    |    0    |
|          |   gmem1_addr_read_read_fu_88  |    0    |    0    |    0    |
|----------|-------------------------------|---------|---------|---------|
|   sext   |     sext_ln140_cast_fu_126    |    0    |    0    |    0    |
|----------|-------------------------------|---------|---------|---------|
|   zext   |     zext_ln140_cast_fu_130    |    0    |    0    |    0    |
|          |    input_index_cast_fu_154    |    0    |    0    |    0    |
|----------|-------------------------------|---------|---------|---------|
|   Total  |                               |    5    |   348   |   745   |
|----------|-------------------------------|---------|---------|---------|

Memories:
N/A

* Register list:
+------------------------+--------+
|                        |   FF   |
+------------------------+--------+
|  accumulator_3_reg_264 |   32   |
|accumulator_load_reg_259|   32   |
|   accumulator_reg_192  |   32   |
|    add_ln144_reg_230   |    7   |
|  bitcast_ln147_reg_249 |   32   |
| conv3_relu_addr_reg_225|    7   |
| conv3_relu_load_reg_235|   32   |
| fc1_output_addr_reg_216|    7   |
| gmem1_addr_read_reg_240|   32   |
|   icmp_ln144_reg_221   |    1   |
|    ifzero193_reg_245   |    1   |
|  input_index_2_reg_211 |    7   |
|   input_index_reg_199  |    7   |
|     mul9_i_reg_254     |   32   |
| sext_ln140_cast_reg_206|   64   |
+------------------------+--------+
|          Total         |   325  |
+------------------------+--------+

* Multiplexer (MUX) list: 
|-------------------|------|------|------|--------||---------||---------|
|        Comp       |  Pin | Size |  BW  | S x BW ||  Delay  ||   LUT   |
|-------------------|------|------|------|--------||---------||---------|
| grp_access_fu_107 |  p0  |   2  |   7  |   14   ||    9    |
|     grp_fu_118    |  p0  |   2  |  32  |   64   ||    9    |
|     grp_fu_122    |  p1  |   2  |  32  |   64   ||    9    |
|-------------------|------|------|------|--------||---------||---------|
|       Total       |      |      |      |   142  ||  4.764  ||    27   |
|-------------------|------|------|------|--------||---------||---------|



* Summary:
+-----------+--------+--------+--------+--------+
|           |   DSP  |  Delay |   FF   |   LUT  |
+-----------+--------+--------+--------+--------+
|  Function |    5   |    -   |   348  |   745  |
|   Memory  |    -   |    -   |    -   |    -   |
|Multiplexer|    -   |    4   |    -   |   27   |
|  Register |    -   |    -   |   325  |    -   |
+-----------+--------+--------+--------+--------+
|   Total   |    5   |    4   |   673  |   772  |
+-----------+--------+--------+--------+--------+
