

================================================================
== Synthesis Summary Report of 'lenet_conv2_top'
================================================================
+ General Information: 
    * Date:           Wed Sep  9 15:38:08 2026
    * Version:        2022.2 (Build 3670227 on Oct 13 2022)
    * Project:        conv2_hls
    * Solution:       solution1 (Vivado IP Flow Target)
    * Product family: zynq
    * Target device:  xc7z020-clg400-1
    

+ Performance & Resource Estimates: 
    
    PS: '+' for module; 'o' for loop; '*' for dataflow
    +------------------------------------------------------------------------------------+--------+-------+---------+-----------+----------+---------+------+----------+------+--------+-------------+-------------+-----+
    |                                       Modules                                      |  Issue |       | Latency |  Latency  | Iteration|         | Trip |          |      |        |             |             |     |
    |                                       & Loops                                      |  Type  | Slack | (cycles)|    (ns)   |  Latency | Interval| Count| Pipelined| BRAM |   DSP  |      FF     |     LUT     | URAM|
    +------------------------------------------------------------------------------------+--------+-------+---------+-----------+----------+---------+------+----------+------+--------+-------------+-------------+-----+
    |+ lenet_conv2_top                                                                   |  Timing|  -2.90|   243101|  2.480e+06|         -|   243102|     -|        no|     -|  7 (3%)|  16887 (15%)|  13444 (25%)|    -|
    | + p_anonymous_namespace_conv5x5_valid_6_14_14_16_s                                 |  Timing|  -2.90|   243100|  2.480e+06|         -|   243100|     -|        no|     -|  7 (3%)|  14012 (13%)|   8077 (15%)|    -|
    |  o OUTPUT_CHANNEL                                                                  |       -|   7.30|   243088|  2.479e+06|     15193|        -|    16|        no|     -|       -|            -|            -|    -|
    |   + p_anonymous_namespace_conv5x5_valid_6_14_14_16_Pipeline_OUTPUT_ROW_OUTPUT_COL  |  Timing|  -2.90|    15041|  1.534e+05|         -|    15041|     -|        no|     -|  7 (3%)|    4148 (3%)|   6943 (13%)|    -|
    |    o OUTPUT_ROW_OUTPUT_COL                                                         |      II|   7.30|    15039|  1.534e+05|       190|      150|   100|       yes|     -|       -|            -|            -|    -|
    +------------------------------------------------------------------------------------+--------+-------+---------+-----------+----------+---------+------+----------+------+--------+-------------+-------------+-----+


================================================================
== HW Interfaces
================================================================
* M_AXI
+-------------+------------+---------------+---------+--------+----------+-----------+--------------+--------------+-------------+-------------+
| Interface   | Data Width | Address Width | Latency | Offset | Register | Max Widen | Max Read     | Max Write    | Num Read    | Num Write   |
|             | (SW->HW)   |               |         |        |          | Bitwidth  | Burst Length | Burst Length | Outstanding | Outstanding |
+-------------+------------+---------------+---------+--------+----------+-----------+--------------+--------------+-------------+-------------+
| m_axi_gmem0 | 32 -> 32   | 64            | 0       | direct | 0        | 0         | 16           | 16           | 16          | 16          |
| m_axi_gmem1 | 32 -> 32   | 64            | 0       | direct | 0        | 0         | 16           | 16           | 16          | 16          |
| m_axi_gmem2 | 32 -> 32   | 64            | 0       | direct | 0        | 0         | 16           | 16           | 16          | 16          |
| m_axi_gmem3 | 32 -> 32   | 64            | 0       | direct | 0        | 0         | 16           | 16           | 16          | 16          |
+-------------+------------+---------------+---------+--------+----------+-----------+--------------+--------------+-------------+-------------+

* Other Ports
+-------------+---------+----------+
| Interface   | Mode    | Bitwidth |
+-------------+---------+----------+
| bias        | ap_none | 64       |
| feature_in  | ap_none | 64       |
| feature_out | ap_none | 64       |
| weight      | ap_none | 64       |
+-------------+---------+----------+

* TOP LEVEL CONTROL
+-----------+------------+-----------------------------------+
| Interface | Type       | Ports                             |
+-----------+------------+-----------------------------------+
| ap_clk    | clock      | ap_clk                            |
| ap_rst_n  | reset      | ap_rst_n                          |
| ap_ctrl   | ap_ctrl_hs | ap_done ap_idle ap_ready ap_start |
+-----------+------------+-----------------------------------+


================================================================
== SW I/O Information
================================================================
* Top Function Arguments
+-------------+-----------+---------------+
| Argument    | Direction | Datatype      |
+-------------+-----------+---------------+
| feature_in  | in        | float const * |
| weight      | in        | float const * |
| bias        | in        | float const * |
| feature_out | in        | float*        |
+-------------+-----------+---------------+

* SW-to-HW Mapping
+-------------+--------------+-----------+----------+
| Argument    | HW Interface | HW Type   | HW Usage |
+-------------+--------------+-----------+----------+
| feature_in  | m_axi_gmem0  | interface |          |
| feature_in  | feature_in   | port      | offset   |
| weight      | m_axi_gmem1  | interface |          |
| weight      | weight       | port      | offset   |
| bias        | m_axi_gmem2  | interface |          |
| bias        | bias         | port      | offset   |
| feature_out | m_axi_gmem3  | interface |          |
| feature_out | feature_out  | port      | offset   |
+-------------+--------------+-----------+----------+


================================================================
== M_AXI Burst Information
================================================================
 Note: All burst requests might be further partitioned into multiple requests during RTL generation based on max_read_burst_length or max_write_burst_length settings.

* Inferred Burst Summary
+--------------+----------------+-----------+--------+-------+-----------------------------------------------------------------------------------------+
| HW Interface | Loop           | Direction | Length | Width | Location                                                                                |
+--------------+----------------+-----------+--------+-------+-----------------------------------------------------------------------------------------+
| m_axi_gmem3  | OUTPUT_CHANNEL | write     | 1600   | 32    | D:/FPGA_project/lenet_project/member_d_pe/member_c_conv_hls/src/lenet_conv_D2.cpp:89:5  |
| m_axi_gmem1  | OUTPUT_CHANNEL | read      | 2400   | 32    | D:/FPGA_project/lenet_project/member_d_pe/member_c_conv_hls/src/lenet_conv_D2.cpp:89:5  |
| m_axi_gmem2  | OUTPUT_CHANNEL | read      | 16     | 32    | D:/FPGA_project/lenet_project/member_d_pe/member_c_conv_hls/src/lenet_conv_D2.cpp:89:5  |
| m_axi_gmem0  |                | read      | 5      | 32    | D:/FPGA_project/lenet_project/member_d_pe/member_c_conv_hls/src/lenet_conv_D2.cpp:23:17 |
+--------------+----------------+-----------+--------+-------+-----------------------------------------------------------------------------------------+

* Inferred Bursts and Widening Missed
+--------------+-------------+----------------+---------------------------------------------------------------------------------------------------------+------------+-----------------------------------------------------------------------------------------+
| HW Interface | Variable    | Loop           | Problem                                                                                                 | Resolution | Location                                                                                |
+--------------+-------------+----------------+---------------------------------------------------------------------------------------------------------+------------+-----------------------------------------------------------------------------------------+
| m_axi_gmem0  | feature_in  |                | Could not widen since type float size is greater than or equal to the max_widen_bitwidth threshold of 0 | 214-353    | D:/FPGA_project/lenet_project/member_d_pe/member_c_conv_hls/src/lenet_conv_D2.cpp:23:17 |
| m_axi_gmem0  | feature_in  |                | Could not widen since type float size is greater than or equal to the max_widen_bitwidth threshold of 0 | 214-353    | D:/FPGA_project/lenet_project/member_d_pe/member_c_conv_hls/src/lenet_conv_D2.cpp:23:17 |
| m_axi_gmem0  | feature_in  |                | Could not widen since type float size is greater than or equal to the max_widen_bitwidth threshold of 0 | 214-353    | D:/FPGA_project/lenet_project/member_d_pe/member_c_conv_hls/src/lenet_conv_D2.cpp:23:17 |
| m_axi_gmem0  | feature_in  |                | Could not widen since type float size is greater than or equal to the max_widen_bitwidth threshold of 0 | 214-353    | D:/FPGA_project/lenet_project/member_d_pe/member_c_conv_hls/src/lenet_conv_D2.cpp:23:17 |
| m_axi_gmem0  | feature_in  |                | Could not widen since type float size is greater than or equal to the max_widen_bitwidth threshold of 0 | 214-353    | D:/FPGA_project/lenet_project/member_d_pe/member_c_conv_hls/src/lenet_conv_D2.cpp:23:17 |
| m_axi_gmem0  | feature_in  |                | Could not widen since type float size is greater than or equal to the max_widen_bitwidth threshold of 0 | 214-353    | D:/FPGA_project/lenet_project/member_d_pe/member_c_conv_hls/src/lenet_conv_D2.cpp:23:17 |
| m_axi_gmem0  | feature_in  |                | Could not widen since type float size is greater than or equal to the max_widen_bitwidth threshold of 0 | 214-353    | D:/FPGA_project/lenet_project/member_d_pe/member_c_conv_hls/src/lenet_conv_D2.cpp:23:17 |
| m_axi_gmem0  | feature_in  |                | Could not widen since type float size is greater than or equal to the max_widen_bitwidth threshold of 0 | 214-353    | D:/FPGA_project/lenet_project/member_d_pe/member_c_conv_hls/src/lenet_conv_D2.cpp:23:17 |
| m_axi_gmem0  | feature_in  |                | Could not widen since type float size is greater than or equal to the max_widen_bitwidth threshold of 0 | 214-353    | D:/FPGA_project/lenet_project/member_d_pe/member_c_conv_hls/src/lenet_conv_D2.cpp:23:17 |
| m_axi_gmem0  | feature_in  |                | Could not widen since type float size is greater than or equal to the max_widen_bitwidth threshold of 0 | 214-353    | D:/FPGA_project/lenet_project/member_d_pe/member_c_conv_hls/src/lenet_conv_D2.cpp:23:17 |
| m_axi_gmem0  | feature_in  |                | Could not widen since type float size is greater than or equal to the max_widen_bitwidth threshold of 0 | 214-353    | D:/FPGA_project/lenet_project/member_d_pe/member_c_conv_hls/src/lenet_conv_D2.cpp:23:17 |
| m_axi_gmem0  | feature_in  |                | Could not widen since type float size is greater than or equal to the max_widen_bitwidth threshold of 0 | 214-353    | D:/FPGA_project/lenet_project/member_d_pe/member_c_conv_hls/src/lenet_conv_D2.cpp:23:17 |
| m_axi_gmem0  | feature_in  |                | Could not widen since type float size is greater than or equal to the max_widen_bitwidth threshold of 0 | 214-353    | D:/FPGA_project/lenet_project/member_d_pe/member_c_conv_hls/src/lenet_conv_D2.cpp:23:17 |
| m_axi_gmem0  | feature_in  |                | Could not widen since type float size is greater than or equal to the max_widen_bitwidth threshold of 0 | 214-353    | D:/FPGA_project/lenet_project/member_d_pe/member_c_conv_hls/src/lenet_conv_D2.cpp:23:17 |
| m_axi_gmem0  | feature_in  |                | Could not widen since type float size is greater than or equal to the max_widen_bitwidth threshold of 0 | 214-353    | D:/FPGA_project/lenet_project/member_d_pe/member_c_conv_hls/src/lenet_conv_D2.cpp:23:17 |
| m_axi_gmem0  | feature_in  |                | Could not widen since type float size is greater than or equal to the max_widen_bitwidth threshold of 0 | 214-353    | D:/FPGA_project/lenet_project/member_d_pe/member_c_conv_hls/src/lenet_conv_D2.cpp:23:17 |
| m_axi_gmem0  | feature_in  |                | Could not widen since type float size is greater than or equal to the max_widen_bitwidth threshold of 0 | 214-353    | D:/FPGA_project/lenet_project/member_d_pe/member_c_conv_hls/src/lenet_conv_D2.cpp:23:17 |
| m_axi_gmem0  | feature_in  |                | Could not widen since type float size is greater than or equal to the max_widen_bitwidth threshold of 0 | 214-353    | D:/FPGA_project/lenet_project/member_d_pe/member_c_conv_hls/src/lenet_conv_D2.cpp:23:17 |
| m_axi_gmem0  | feature_in  |                | Could not widen since type float size is greater than or equal to the max_widen_bitwidth threshold of 0 | 214-353    | D:/FPGA_project/lenet_project/member_d_pe/member_c_conv_hls/src/lenet_conv_D2.cpp:23:17 |
| m_axi_gmem0  | feature_in  |                | Could not widen since type float size is greater than or equal to the max_widen_bitwidth threshold of 0 | 214-353    | D:/FPGA_project/lenet_project/member_d_pe/member_c_conv_hls/src/lenet_conv_D2.cpp:23:17 |
| m_axi_gmem0  | feature_in  |                | Could not widen since type float size is greater than or equal to the max_widen_bitwidth threshold of 0 | 214-353    | D:/FPGA_project/lenet_project/member_d_pe/member_c_conv_hls/src/lenet_conv_D2.cpp:23:17 |
| m_axi_gmem0  | feature_in  |                | Could not widen since type float size is greater than or equal to the max_widen_bitwidth threshold of 0 | 214-353    | D:/FPGA_project/lenet_project/member_d_pe/member_c_conv_hls/src/lenet_conv_D2.cpp:23:17 |
| m_axi_gmem0  | feature_in  |                | Could not widen since type float size is greater than or equal to the max_widen_bitwidth threshold of 0 | 214-353    | D:/FPGA_project/lenet_project/member_d_pe/member_c_conv_hls/src/lenet_conv_D2.cpp:23:17 |
| m_axi_gmem0  | feature_in  |                | Could not widen since type float size is greater than or equal to the max_widen_bitwidth threshold of 0 | 214-353    | D:/FPGA_project/lenet_project/member_d_pe/member_c_conv_hls/src/lenet_conv_D2.cpp:23:17 |
| m_axi_gmem0  | feature_in  |                | Could not widen since type float size is greater than or equal to the max_widen_bitwidth threshold of 0 | 214-353    | D:/FPGA_project/lenet_project/member_d_pe/member_c_conv_hls/src/lenet_conv_D2.cpp:23:17 |
| m_axi_gmem0  | feature_in  |                | Could not widen since type float size is greater than or equal to the max_widen_bitwidth threshold of 0 | 214-353    | D:/FPGA_project/lenet_project/member_d_pe/member_c_conv_hls/src/lenet_conv_D2.cpp:23:17 |
| m_axi_gmem0  | feature_in  |                | Could not widen since type float size is greater than or equal to the max_widen_bitwidth threshold of 0 | 214-353    | D:/FPGA_project/lenet_project/member_d_pe/member_c_conv_hls/src/lenet_conv_D2.cpp:23:17 |
| m_axi_gmem0  | feature_in  |                | Could not widen since type float size is greater than or equal to the max_widen_bitwidth threshold of 0 | 214-353    | D:/FPGA_project/lenet_project/member_d_pe/member_c_conv_hls/src/lenet_conv_D2.cpp:23:17 |
| m_axi_gmem0  | feature_in  |                | Could not widen since type float size is greater than or equal to the max_widen_bitwidth threshold of 0 | 214-353    | D:/FPGA_project/lenet_project/member_d_pe/member_c_conv_hls/src/lenet_conv_D2.cpp:23:17 |
| m_axi_gmem0  | feature_in  |                | Could not widen since type float size is greater than or equal to the max_widen_bitwidth threshold of 0 | 214-353    | D:/FPGA_project/lenet_project/member_d_pe/member_c_conv_hls/src/lenet_conv_D2.cpp:23:17 |
| m_axi_gmem3  | feature_out | OUTPUT_COL     | Could not widen since type float size is greater than or equal to the max_widen_bitwidth threshold of 0 | 214-353    | D:/FPGA_project/lenet_project/member_d_pe/member_c_conv_hls/src/lenet_conv_D2.cpp:93:13 |
| m_axi_gmem2  | bias        | OUTPUT_CHANNEL | Could not widen since type float size is greater than or equal to the max_widen_bitwidth threshold of 0 | 214-353    | D:/FPGA_project/lenet_project/member_d_pe/member_c_conv_hls/src/lenet_conv_D2.cpp:89:5  |
| m_axi_gmem1  | weight      | OUTPUT_CHANNEL | Could not widen since type float size is greater than or equal to the max_widen_bitwidth threshold of 0 | 214-353    | D:/FPGA_project/lenet_project/member_d_pe/member_c_conv_hls/src/lenet_conv_D2.cpp:89:5  |
+--------------+-------------+----------------+---------------------------------------------------------------------------------------------------------+------------+-----------------------------------------------------------------------------------------+

    * Resolution URL: www.xilinx.com/cgi-bin/docs/rdoc?v=2022.2;t=hls+guidance;d=XXX-YYY.html (replace XXX-YYY with column value)

================================================================
== Bind Op Report
================================================================
+-----------------------------------------------------------------------------------+-----+--------+--------------------------+------+---------+---------+
| Name                                                                              | DSP | Pragma | Variable                 | Op   | Impl    | Latency |
+-----------------------------------------------------------------------------------+-----+--------+--------------------------+------+---------+---------+
| + lenet_conv2_top                                                                 | 7   |        |                          |      |         |         |
|  + p_anonymous_namespace_conv5x5_valid_6_14_14_16_s                               | 7   |        |                          |      |         |         |
|    add_ln89_fu_376_p2                                                             | -   |        | add_ln89                 | add  | fabric  | 0       |
|   + p_anonymous_namespace_conv5x5_valid_6_14_14_16_Pipeline_OUTPUT_ROW_OUTPUT_COL | 7   |        |                          |      |         |         |
|     empty_197_fu_2045_p2                                                          | -   |        | empty_197                | sub  | fabric  | 0       |
|     add_ln91_fu_2057_p2                                                           | -   |        | add_ln91                 | add  | fabric  | 0       |
|     indvars_iv_next608_dup98_fu_2080_p2                                           | -   |        | indvars_iv_next608_dup98 | add  | fabric  | 0       |
|     p_mid1_fu_2110_p2                                                             | -   |        | p_mid1                   | sub  | fabric  | 0       |
|     empty_200_fu_4237_p2                                                          | -   |        | empty_200                | add  | fabric  | 0       |
|     empty_202_fu_4265_p2                                                          | -   |        | empty_202                | add  | fabric  | 0       |
|     empty_203_fu_4285_p2                                                          | -   |        | empty_203                | add  | fabric  | 0       |
|     empty_204_fu_4302_p2                                                          | -   |        | empty_204                | add  | fabric  | 0       |
|     tmp3_fu_4131_p2                                                               | -   |        | tmp3                     | add  | fabric  | 0       |
|     empty_205_fu_4144_p2                                                          | -   |        | empty_205                | add  | fabric  | 0       |
|     empty_206_fu_4161_p2                                                          | -   |        | empty_206                | add  | fabric  | 0       |
|     tmp4_fu_4050_p2                                                               | -   |        | tmp4                     | add  | fabric  | 0       |
|     empty_207_fu_4063_p2                                                          | -   |        | empty_207                | add  | fabric  | 0       |
|     empty_208_fu_4081_p2                                                          | -   |        | empty_208                | add  | fabric  | 0       |
|     empty_210_fu_3997_p2                                                          | -   |        | empty_210                | add  | fabric  | 0       |
|     empty_212_fu_3921_p2                                                          | -   |        | empty_212                | add  | fabric  | 0       |
|     empty_214_fu_3845_p2                                                          | -   |        | empty_214                | add  | fabric  | 0       |
|     tmp8_fu_3743_p2                                                               | -   |        | tmp8                     | add  | fabric  | 0       |
|     empty_215_fu_3752_p2                                                          | -   |        | empty_215                | add  | fabric  | 0       |
|     empty_216_fu_3769_p2                                                          | -   |        | empty_216                | add  | fabric  | 0       |
|     empty_217_fu_3676_p2                                                          | -   |        | empty_217                | add  | fabric  | 0       |
|     empty_218_fu_3693_p2                                                          | -   |        | empty_218                | add  | fabric  | 0       |
|     empty_220_fu_3615_p2                                                          | -   |        | empty_220                | add  | fabric  | 0       |
|     empty_222_fu_3543_p2                                                          | -   |        | empty_222                | add  | fabric  | 0       |
|     empty_224_fu_3471_p2                                                          | -   |        | empty_224                | add  | fabric  | 0       |
|     empty_226_fu_3399_p2                                                          | -   |        | empty_226                | add  | fabric  | 0       |
|     empty_228_fu_3327_p2                                                          | -   |        | empty_228                | add  | fabric  | 0       |
|     empty_229_fu_3234_p2                                                          | -   |        | empty_229                | add  | fabric  | 0       |
|     empty_230_fu_3251_p2                                                          | -   |        | empty_230                | add  | fabric  | 0       |
|     tmp16_fu_3139_p2                                                              | -   |        | tmp16                    | add  | fabric  | 0       |
|     empty_231_fu_3152_p2                                                          | -   |        | empty_231                | add  | fabric  | 0       |
|     empty_232_fu_3169_p2                                                          | -   |        | empty_232                | add  | fabric  | 0       |
|     tmp17_fu_3059_p2                                                              | -   |        | tmp17                    | add  | fabric  | 0       |
|     empty_233_fu_3072_p2                                                          | -   |        | empty_233                | add  | fabric  | 0       |
|     empty_234_fu_3089_p2                                                          | -   |        | empty_234                | add  | fabric  | 0       |
|     tmp18_fu_2979_p2                                                              | -   |        | tmp18                    | add  | fabric  | 0       |
|     empty_235_fu_2992_p2                                                          | -   |        | empty_235                | add  | fabric  | 0       |
|     empty_236_fu_3009_p2                                                          | -   |        | empty_236                | add  | fabric  | 0       |
|     tmp19_fu_2897_p2                                                              | -   |        | tmp19                    | add  | fabric  | 0       |
|     empty_237_fu_2911_p2                                                          | -   |        | empty_237                | add  | fabric  | 0       |
|     empty_238_fu_2929_p2                                                          | -   |        | empty_238                | add  | fabric  | 0       |
|     empty_240_fu_2841_p2                                                          | -   |        | empty_240                | add  | fabric  | 0       |
|     tmp21_fu_2739_p2                                                              | -   |        | tmp21                    | add  | fabric  | 0       |
|     empty_241_fu_2752_p2                                                          | -   |        | empty_241                | add  | fabric  | 0       |
|     empty_242_fu_2769_p2                                                          | -   |        | empty_242                | add  | fabric  | 0       |
|     empty_243_fu_2672_p2                                                          | -   |        | empty_243                | add  | fabric  | 0       |
|     empty_244_fu_2689_p2                                                          | -   |        | empty_244                | add  | fabric  | 0       |
|     tmp23_fu_2577_p2                                                              | -   |        | tmp23                    | add  | fabric  | 0       |
|     empty_245_fu_2590_p2                                                          | -   |        | empty_245                | add  | fabric  | 0       |
|     empty_246_fu_2607_p2                                                          | -   |        | empty_246                | add  | fabric  | 0       |
|     tmp24_fu_2497_p2                                                              | -   |        | tmp24                    | add  | fabric  | 0       |
|     empty_247_fu_2510_p2                                                          | -   |        | empty_247                | add  | fabric  | 0       |
|     empty_248_fu_2527_p2                                                          | -   |        | empty_248                | add  | fabric  | 0       |
|     tmp25_fu_2416_p2                                                              | -   |        | tmp25                    | add  | fabric  | 0       |
|     empty_249_fu_2426_p2                                                          | -   |        | empty_249                | add  | fabric  | 0       |
|     empty_250_fu_2447_p2                                                          | -   |        | empty_250                | add  | fabric  | 0       |
|     tmp26_fu_2342_p2                                                              | -   |        | tmp26                    | add  | fabric  | 0       |
|     empty_251_fu_2351_p2                                                          | -   |        | empty_251                | add  | fabric  | 0       |
|     empty_252_fu_2368_p2                                                          | -   |        | empty_252                | add  | fabric  | 0       |
|     tmp27_fu_2265_p2                                                              | -   |        | tmp27                    | add  | fabric  | 0       |
|     empty_253_fu_2275_p2                                                          | -   |        | empty_253                | add  | fabric  | 0       |
|     empty_254_fu_2292_p2                                                          | -   |        | empty_254                | add  | fabric  | 0       |
|     tmp28_fu_2205_p2                                                              | -   |        | tmp28                    | add  | fabric  | 0       |
|     empty_255_fu_2215_p2                                                          | -   |        | empty_255                | add  | fabric  | 0       |
|     empty_256_fu_2232_p2                                                          | -   |        | empty_256                | add  | fabric  | 0       |
|     empty_257_fu_2160_p2                                                          | -   |        | empty_257                | add  | fabric  | 0       |
|     empty_258_fu_2177_p2                                                          | -   |        | empty_258                | add  | fabric  | 0       |
|     fmul_32ns_32ns_32_4_max_dsp_1_U3                                              | 3   |        | mul_i                    | fmul | maxdsp  | 3       |
|     fadd_32ns_32ns_32_5_full_dsp_1_U1                                             | 2   |        | add19_i                  | fadd | fulldsp | 4       |
|     fmul_32ns_32ns_32_4_max_dsp_1_U3                                              | 3   |        | mul_i12_s                | fmul | maxdsp  | 3       |
|     fadd_32ns_32ns_32_5_full_dsp_1_U1                                             | 2   |        | add19_i_s                | fadd | fulldsp | 4       |
|     fmul_32ns_32ns_32_4_max_dsp_1_U3                                              | 3   |        | mul_i12_6                | fmul | maxdsp  | 3       |
|     fadd_32ns_32ns_32_5_full_dsp_1_U1                                             | 2   |        | add19_i_6                | fadd | fulldsp | 4       |
|     fmul_32ns_32ns_32_4_max_dsp_1_U3                                              | 3   |        | mul_i12_7                | fmul | maxdsp  | 3       |
|     fadd_32ns_32ns_32_5_full_dsp_1_U1                                             | 2   |        | add19_i_7                | fadd | fulldsp | 4       |
|     fmul_32ns_32ns_32_4_max_dsp_1_U3                                              | 3   |        | mul_i12_8                | fmul | maxdsp  | 3       |
|     fadd_32ns_32ns_32_5_full_dsp_1_U1                                             | 2   |        | add19_i_8                | fadd | fulldsp | 4       |
|     fmul_32ns_32ns_32_4_max_dsp_1_U3                                              | 3   |        | mul_i12_9                | fmul | maxdsp  | 3       |
|     fadd_32ns_32ns_32_5_full_dsp_1_U1                                             | 2   |        | add19_i_9                | fadd | fulldsp | 4       |
|     fmul_32ns_32ns_32_4_max_dsp_1_U3                                              | 3   |        | mul_i12_1304_1           | fmul | maxdsp  | 3       |
|     fadd_32ns_32ns_32_5_full_dsp_1_U1                                             | 2   |        | add19_i_1306_1           | fadd | fulldsp | 4       |
|     fmul_32ns_32ns_32_4_max_dsp_1_U3                                              | 3   |        | mul_i12_1304_2           | fmul | maxdsp  | 3       |
|     fadd_32ns_32ns_32_5_full_dsp_1_U1                                             | 2   |        | add19_i_1306_2           | fadd | fulldsp | 4       |
|     fmul_32ns_32ns_32_4_max_dsp_1_U3                                              | 3   |        | mul_i12_1304_3           | fmul | maxdsp  | 3       |
|     fadd_32ns_32ns_32_5_full_dsp_1_U1                                             | 2   |        | add19_i_1306_3           | fadd | fulldsp | 4       |
|     fmul_32ns_32ns_32_4_max_dsp_1_U3                                              | 3   |        | mul_i12_1304_4           | fmul | maxdsp  | 3       |
|     fadd_32ns_32ns_32_5_full_dsp_1_U1                                             | 2   |        | add19_i_1306_4           | fadd | fulldsp | 4       |
|     fmul_32ns_32ns_32_4_max_dsp_1_U3                                              | 3   |        | mul_i12_10               | fmul | maxdsp  | 3       |
|     fadd_32ns_32ns_32_5_full_dsp_1_U1                                             | 2   |        | add19_i_10               | fadd | fulldsp | 4       |
|     fmul_32ns_32ns_32_4_max_dsp_1_U3                                              | 3   |        | mul_i12_2313_1           | fmul | maxdsp  | 3       |
|     fadd_32ns_32ns_32_5_full_dsp_1_U1                                             | 2   |        | add19_i_2315_1           | fadd | fulldsp | 4       |
|     fmul_32ns_32ns_32_4_max_dsp_1_U3                                              | 3   |        | mul_i12_2313_2           | fmul | maxdsp  | 3       |
|     fadd_32ns_32ns_32_5_full_dsp_1_U1                                             | 2   |        | add19_i_2315_2           | fadd | fulldsp | 4       |
|     fmul_32ns_32ns_32_4_max_dsp_1_U3                                              | 3   |        | mul_i12_2313_3           | fmul | maxdsp  | 3       |
|     fadd_32ns_32ns_32_5_full_dsp_1_U1                                             | 2   |        | add19_i_2315_3           | fadd | fulldsp | 4       |
|     fmul_32ns_32ns_32_4_max_dsp_1_U3                                              | 3   |        | mul_i12_2313_4           | fmul | maxdsp  | 3       |
|     fadd_32ns_32ns_32_5_full_dsp_1_U1                                             | 2   |        | add19_i_2315_4           | fadd | fulldsp | 4       |
|     fmul_32ns_32ns_32_4_max_dsp_1_U3                                              | 3   |        | mul_i12_11               | fmul | maxdsp  | 3       |
|     fadd_32ns_32ns_32_5_full_dsp_1_U1                                             | 2   |        | add19_i_11               | fadd | fulldsp | 4       |
|     fmul_32ns_32ns_32_4_max_dsp_1_U3                                              | 3   |        | mul_i12_3322_1           | fmul | maxdsp  | 3       |
|     fadd_32ns_32ns_32_5_full_dsp_1_U1                                             | 2   |        | add19_i_3324_1           | fadd | fulldsp | 4       |
|     fmul_32ns_32ns_32_4_max_dsp_1_U3                                              | 3   |        | mul_i12_3322_2           | fmul | maxdsp  | 3       |
|     fadd_32ns_32ns_32_5_full_dsp_1_U1                                             | 2   |        | add19_i_3324_2           | fadd | fulldsp | 4       |
|     fmul_32ns_32ns_32_4_max_dsp_1_U3                                              | 3   |        | mul_i12_3322_3           | fmul | maxdsp  | 3       |
|     fadd_32ns_32ns_32_5_full_dsp_1_U1                                             | 2   |        | add19_i_3324_3           | fadd | fulldsp | 4       |
|     fmul_32ns_32ns_32_4_max_dsp_1_U3                                              | 3   |        | mul_i12_3322_4           | fmul | maxdsp  | 3       |
|     fadd_32ns_32ns_32_5_full_dsp_1_U1                                             | 2   |        | add19_i_3324_4           | fadd | fulldsp | 4       |
|     fmul_32ns_32ns_32_4_max_dsp_1_U3                                              | 3   |        | mul_i12_12               | fmul | maxdsp  | 3       |
|     fadd_32ns_32ns_32_5_full_dsp_1_U1                                             | 2   |        | add19_i_12               | fadd | fulldsp | 4       |
|     fmul_32ns_32ns_32_4_max_dsp_1_U3                                              | 3   |        | mul_i12_4331_1           | fmul | maxdsp  | 3       |
|     fadd_32ns_32ns_32_5_full_dsp_1_U1                                             | 2   |        | add19_i_4333_1           | fadd | fulldsp | 4       |
|     fmul_32ns_32ns_32_4_max_dsp_1_U3                                              | 3   |        | mul_i12_4331_2           | fmul | maxdsp  | 3       |
|     fadd_32ns_32ns_32_5_full_dsp_1_U1                                             | 2   |        | add19_i_4333_2           | fadd | fulldsp | 4       |
|     fmul_32ns_32ns_32_4_max_dsp_1_U3                                              | 3   |        | mul_i12_4331_3           | fmul | maxdsp  | 3       |
|     fadd_32ns_32ns_32_5_full_dsp_1_U1                                             | 2   |        | add19_i_4333_3           | fadd | fulldsp | 4       |
|     fmul_32ns_32ns_32_4_max_dsp_1_U3                                              | 3   |        | mul_i12_4331_4           | fmul | maxdsp  | 3       |
|     fadd_32ns_32ns_32_5_full_dsp_1_U1                                             | 2   |        | add19_i_4333_4           | fadd | fulldsp | 4       |
|     fadd_32ns_32ns_32_5_full_dsp_1_U1                                             | 2   |        | accumulator_assign_1     | fadd | fulldsp | 4       |
|     fadd_32ns_32ns_32_5_full_dsp_1_U1                                             | 2   |        | accumulator_assign_2     | fadd | fulldsp | 4       |
|     fadd_32ns_32ns_32_5_full_dsp_1_U1                                             | 2   |        | accumulator_assign_3     | fadd | fulldsp | 4       |
|     fadd_32ns_32ns_32_5_full_dsp_1_U1                                             | 2   |        | accumulator_assign_4     | fadd | fulldsp | 4       |
|     fadd_32ns_32ns_32_5_full_dsp_1_U1                                             | 2   |        | accumulator_1            | fadd | fulldsp | 4       |
|     fmul_32ns_32ns_32_4_max_dsp_1_U3                                              | 3   |        | mul_i12_1                | fmul | maxdsp  | 3       |
|     fadd_32ns_32ns_32_5_full_dsp_1_U2                                             | 2   |        | add19_i_1                | fadd | fulldsp | 4       |
|     fmul_32ns_32ns_32_4_max_dsp_1_U3                                              | 3   |        | mul_i12_1_s              | fmul | maxdsp  | 3       |
|     fadd_32ns_32ns_32_5_full_dsp_1_U1                                             | 2   |        | add19_i_1_s              | fadd | fulldsp | 4       |
|     fmul_32ns_32ns_32_4_max_dsp_1_U3                                              | 3   |        | mul_i12_1_5              | fmul | maxdsp  | 3       |
|     fadd_32ns_32ns_32_5_full_dsp_1_U1                                             | 2   |        | add19_i_1_5              | fadd | fulldsp | 4       |
|     fmul_32ns_32ns_32_4_max_dsp_1_U3                                              | 3   |        | mul_i12_1_6              | fmul | maxdsp  | 3       |
|     fadd_32ns_32ns_32_5_full_dsp_1_U1                                             | 2   |        | add19_i_1_6              | fadd | fulldsp | 4       |
|     fmul_32ns_32ns_32_4_max_dsp_1_U3                                              | 3   |        | mul_i12_1_7              | fmul | maxdsp  | 3       |
|     fadd_32ns_32ns_32_5_full_dsp_1_U1                                             | 2   |        | add19_i_1_7              | fadd | fulldsp | 4       |
|     fmul_32ns_32ns_32_4_max_dsp_1_U3                                              | 3   |        | mul_i12_1_1              | fmul | maxdsp  | 3       |
|     fadd_32ns_32ns_32_5_full_dsp_1_U2                                             | 2   |        | add19_i_1_1              | fadd | fulldsp | 4       |
|     fmul_32ns_32ns_32_4_max_dsp_1_U3                                              | 3   |        | mul_i12_1_1_1            | fmul | maxdsp  | 3       |
|     fadd_32ns_32ns_32_5_full_dsp_1_U1                                             | 2   |        | add19_i_1_1_1            | fadd | fulldsp | 4       |
|     fmul_32ns_32ns_32_4_max_dsp_1_U3                                              | 3   |        | mul_i12_1_1_2            | fmul | maxdsp  | 3       |
|     fadd_32ns_32ns_32_5_full_dsp_1_U1                                             | 2   |        | add19_i_1_1_2            | fadd | fulldsp | 4       |
|     fmul_32ns_32ns_32_4_max_dsp_1_U3                                              | 3   |        | mul_i12_1_1_3            | fmul | maxdsp  | 3       |
|     fadd_32ns_32ns_32_5_full_dsp_1_U1                                             | 2   |        | add19_i_1_1_3            | fadd | fulldsp | 4       |
|     fmul_32ns_32ns_32_4_max_dsp_1_U3                                              | 3   |        | mul_i12_1_1_4            | fmul | maxdsp  | 3       |
|     fadd_32ns_32ns_32_5_full_dsp_1_U1                                             | 2   |        | add19_i_1_1_4            | fadd | fulldsp | 4       |
|     fmul_32ns_32ns_32_4_max_dsp_1_U3                                              | 3   |        | mul_i12_1_2              | fmul | maxdsp  | 3       |
|     fadd_32ns_32ns_32_5_full_dsp_1_U2                                             | 2   |        | add19_i_1_2              | fadd | fulldsp | 4       |
|     fmul_32ns_32ns_32_4_max_dsp_1_U3                                              | 3   |        | mul_i12_1_2_1            | fmul | maxdsp  | 3       |
|     fadd_32ns_32ns_32_5_full_dsp_1_U1                                             | 2   |        | add19_i_1_2_1            | fadd | fulldsp | 4       |
|     fmul_32ns_32ns_32_4_max_dsp_1_U3                                              | 3   |        | mul_i12_1_2_2            | fmul | maxdsp  | 3       |
|     fadd_32ns_32ns_32_5_full_dsp_1_U1                                             | 2   |        | add19_i_1_2_2            | fadd | fulldsp | 4       |
|     fmul_32ns_32ns_32_4_max_dsp_1_U3                                              | 3   |        | mul_i12_1_2_3            | fmul | maxdsp  | 3       |
|     fadd_32ns_32ns_32_5_full_dsp_1_U1                                             | 2   |        | add19_i_1_2_3            | fadd | fulldsp | 4       |
|     fmul_32ns_32ns_32_4_max_dsp_1_U3                                              | 3   |        | mul_i12_1_2_4            | fmul | maxdsp  | 3       |
|     fadd_32ns_32ns_32_5_full_dsp_1_U1                                             | 2   |        | add19_i_1_2_4            | fadd | fulldsp | 4       |
|     fmul_32ns_32ns_32_4_max_dsp_1_U3                                              | 3   |        | mul_i12_1_3              | fmul | maxdsp  | 3       |
|     fadd_32ns_32ns_32_5_full_dsp_1_U2                                             | 2   |        | add19_i_1_3              | fadd | fulldsp | 4       |
|     fmul_32ns_32ns_32_4_max_dsp_1_U3                                              | 3   |        | mul_i12_1_3_1            | fmul | maxdsp  | 3       |
|     fadd_32ns_32ns_32_5_full_dsp_1_U1                                             | 2   |        | add19_i_1_3_1            | fadd | fulldsp | 4       |
|     fmul_32ns_32ns_32_4_max_dsp_1_U3                                              | 3   |        | mul_i12_1_3_2            | fmul | maxdsp  | 3       |
|     fadd_32ns_32ns_32_5_full_dsp_1_U1                                             | 2   |        | add19_i_1_3_2            | fadd | fulldsp | 4       |
|     fmul_32ns_32ns_32_4_max_dsp_1_U3                                              | 3   |        | mul_i12_1_3_3            | fmul | maxdsp  | 3       |
|     fadd_32ns_32ns_32_5_full_dsp_1_U1                                             | 2   |        | add19_i_1_3_3            | fadd | fulldsp | 4       |
|     fmul_32ns_32ns_32_4_max_dsp_1_U3                                              | 3   |        | mul_i12_1_3_4            | fmul | maxdsp  | 3       |
|     fadd_32ns_32ns_32_5_full_dsp_1_U1                                             | 2   |        | add19_i_1_3_4            | fadd | fulldsp | 4       |
|     fmul_32ns_32ns_32_4_max_dsp_1_U3                                              | 3   |        | mul_i12_1_4              | fmul | maxdsp  | 3       |
|     fadd_32ns_32ns_32_5_full_dsp_1_U2                                             | 2   |        | add19_i_1_4              | fadd | fulldsp | 4       |
|     fmul_32ns_32ns_32_4_max_dsp_1_U3                                              | 3   |        | mul_i12_1_4_1            | fmul | maxdsp  | 3       |
|     fadd_32ns_32ns_32_5_full_dsp_1_U1                                             | 2   |        | add19_i_1_4_1            | fadd | fulldsp | 4       |
|     fmul_32ns_32ns_32_4_max_dsp_1_U3                                              | 3   |        | mul_i12_1_4_2            | fmul | maxdsp  | 3       |
|     fadd_32ns_32ns_32_5_full_dsp_1_U1                                             | 2   |        | add19_i_1_4_2            | fadd | fulldsp | 4       |
|     fmul_32ns_32ns_32_4_max_dsp_1_U3                                              | 3   |        | mul_i12_1_4_3            | fmul | maxdsp  | 3       |
|     fadd_32ns_32ns_32_5_full_dsp_1_U1                                             | 2   |        | add19_i_1_4_3            | fadd | fulldsp | 4       |
|     fmul_32ns_32ns_32_4_max_dsp_1_U3                                              | 3   |        | mul_i12_1_4_4            | fmul | maxdsp  | 3       |
|     fadd_32ns_32ns_32_5_full_dsp_1_U1                                             | 2   |        | add19_i_1_4_4            | fadd | fulldsp | 4       |
|     fadd_32ns_32ns_32_5_full_dsp_1_U1                                             | 2   |        | accumulator_assign       | fadd | fulldsp | 4       |
|     fadd_32ns_32ns_32_5_full_dsp_1_U1                                             | 2   |        | accumulator_assign_6     | fadd | fulldsp | 4       |
|     fadd_32ns_32ns_32_5_full_dsp_1_U1                                             | 2   |        | accumulator_assign_7     | fadd | fulldsp | 4       |
|     fadd_32ns_32ns_32_5_full_dsp_1_U1                                             | 2   |        | accumulator_assign_8     | fadd | fulldsp | 4       |
|     fadd_32ns_32ns_32_5_full_dsp_1_U1                                             | 2   |        | accumulator_2            | fadd | fulldsp | 4       |
|     fmul_32ns_32ns_32_4_max_dsp_1_U3                                              | 3   |        | mul_i12_2                | fmul | maxdsp  | 3       |
|     fadd_32ns_32ns_32_5_full_dsp_1_U2                                             | 2   |        | add19_i_2                | fadd | fulldsp | 4       |
|     fmul_32ns_32ns_32_4_max_dsp_1_U3                                              | 3   |        | mul_i12_2_s              | fmul | maxdsp  | 3       |
|     fadd_32ns_32ns_32_5_full_dsp_1_U1                                             | 2   |        | add19_i_2_s              | fadd | fulldsp | 4       |
|     fmul_32ns_32ns_32_4_max_dsp_1_U3                                              | 3   |        | mul_i12_2_5              | fmul | maxdsp  | 3       |
|     fadd_32ns_32ns_32_5_full_dsp_1_U1                                             | 2   |        | add19_i_2_5              | fadd | fulldsp | 4       |
|     fmul_32ns_32ns_32_4_max_dsp_1_U3                                              | 3   |        | mul_i12_2_6              | fmul | maxdsp  | 3       |
|     fadd_32ns_32ns_32_5_full_dsp_1_U1                                             | 2   |        | add19_i_2_6              | fadd | fulldsp | 4       |
|     fmul_32ns_32ns_32_4_max_dsp_1_U3                                              | 3   |        | mul_i12_2_7              | fmul | maxdsp  | 3       |
|     fadd_32ns_32ns_32_5_full_dsp_1_U1                                             | 2   |        | add19_i_2_7              | fadd | fulldsp | 4       |
|     fmul_32ns_32ns_32_4_max_dsp_1_U3                                              | 3   |        | mul_i12_2_1              | fmul | maxdsp  | 3       |
|     fadd_32ns_32ns_32_5_full_dsp_1_U2                                             | 2   |        | add19_i_2_1              | fadd | fulldsp | 4       |
|     fmul_32ns_32ns_32_4_max_dsp_1_U3                                              | 3   |        | mul_i12_2_1_1            | fmul | maxdsp  | 3       |
|     fadd_32ns_32ns_32_5_full_dsp_1_U1                                             | 2   |        | add19_i_2_1_1            | fadd | fulldsp | 4       |
|     fmul_32ns_32ns_32_4_max_dsp_1_U3                                              | 3   |        | mul_i12_2_1_2            | fmul | maxdsp  | 3       |
|     fadd_32ns_32ns_32_5_full_dsp_1_U1                                             | 2   |        | add19_i_2_1_2            | fadd | fulldsp | 4       |
|     fmul_32ns_32ns_32_4_max_dsp_1_U3                                              | 3   |        | mul_i12_2_1_3            | fmul | maxdsp  | 3       |
|     fadd_32ns_32ns_32_5_full_dsp_1_U1                                             | 2   |        | add19_i_2_1_3            | fadd | fulldsp | 4       |
|     fmul_32ns_32ns_32_4_max_dsp_1_U3                                              | 3   |        | mul_i12_2_1_4            | fmul | maxdsp  | 3       |
|     fadd_32ns_32ns_32_5_full_dsp_1_U1                                             | 2   |        | add19_i_2_1_4            | fadd | fulldsp | 4       |
|     fmul_32ns_32ns_32_4_max_dsp_1_U3                                              | 3   |        | mul_i12_2_2              | fmul | maxdsp  | 3       |
|     fadd_32ns_32ns_32_5_full_dsp_1_U2                                             | 2   |        | add19_i_2_2              | fadd | fulldsp | 4       |
|     fmul_32ns_32ns_32_4_max_dsp_1_U3                                              | 3   |        | mul_i12_2_2_1            | fmul | maxdsp  | 3       |
|     fadd_32ns_32ns_32_5_full_dsp_1_U1                                             | 2   |        | add19_i_2_2_1            | fadd | fulldsp | 4       |
|     fmul_32ns_32ns_32_4_max_dsp_1_U3                                              | 3   |        | mul_i12_2_2_2            | fmul | maxdsp  | 3       |
|     fadd_32ns_32ns_32_5_full_dsp_1_U1                                             | 2   |        | add19_i_2_2_2            | fadd | fulldsp | 4       |
|     fmul_32ns_32ns_32_4_max_dsp_1_U3                                              | 3   |        | mul_i12_2_2_3            | fmul | maxdsp  | 3       |
|     fadd_32ns_32ns_32_5_full_dsp_1_U1                                             | 2   |        | add19_i_2_2_3            | fadd | fulldsp | 4       |
|     fmul_32ns_32ns_32_4_max_dsp_1_U3                                              | 3   |        | mul_i12_2_2_4            | fmul | maxdsp  | 3       |
|     fadd_32ns_32ns_32_5_full_dsp_1_U1                                             | 2   |        | add19_i_2_2_4            | fadd | fulldsp | 4       |
|     fmul_32ns_32ns_32_4_max_dsp_1_U3                                              | 3   |        | mul_i12_2_3              | fmul | maxdsp  | 3       |
|     fadd_32ns_32ns_32_5_full_dsp_1_U2                                             | 2   |        | add19_i_2_3              | fadd | fulldsp | 4       |
|     fmul_32ns_32ns_32_4_max_dsp_1_U3                                              | 3   |        | mul_i12_2_3_1            | fmul | maxdsp  | 3       |
|     fadd_32ns_32ns_32_5_full_dsp_1_U1                                             | 2   |        | add19_i_2_3_1            | fadd | fulldsp | 4       |
|     fmul_32ns_32ns_32_4_max_dsp_1_U3                                              | 3   |        | mul_i12_2_3_2            | fmul | maxdsp  | 3       |
|     fadd_32ns_32ns_32_5_full_dsp_1_U1                                             | 2   |        | add19_i_2_3_2            | fadd | fulldsp | 4       |
|     fmul_32ns_32ns_32_4_max_dsp_1_U3                                              | 3   |        | mul_i12_2_3_3            | fmul | maxdsp  | 3       |
|     fadd_32ns_32ns_32_5_full_dsp_1_U1                                             | 2   |        | add19_i_2_3_3            | fadd | fulldsp | 4       |
|     fmul_32ns_32ns_32_4_max_dsp_1_U3                                              | 3   |        | mul_i12_2_3_4            | fmul | maxdsp  | 3       |
|     fadd_32ns_32ns_32_5_full_dsp_1_U1                                             | 2   |        | add19_i_2_3_4            | fadd | fulldsp | 4       |
|     fmul_32ns_32ns_32_4_max_dsp_1_U3                                              | 3   |        | mul_i12_2_4              | fmul | maxdsp  | 3       |
|     fadd_32ns_32ns_32_5_full_dsp_1_U2                                             | 2   |        | add19_i_2_4              | fadd | fulldsp | 4       |
|     fmul_32ns_32ns_32_4_max_dsp_1_U3                                              | 3   |        | mul_i12_2_4_1            | fmul | maxdsp  | 3       |
|     fadd_32ns_32ns_32_5_full_dsp_1_U1                                             | 2   |        | add19_i_2_4_1            | fadd | fulldsp | 4       |
|     fmul_32ns_32ns_32_4_max_dsp_1_U3                                              | 3   |        | mul_i12_2_4_2            | fmul | maxdsp  | 3       |
|     fadd_32ns_32ns_32_5_full_dsp_1_U1                                             | 2   |        | add19_i_2_4_2            | fadd | fulldsp | 4       |
|     fmul_32ns_32ns_32_4_max_dsp_1_U3                                              | 3   |        | mul_i12_2_4_3            | fmul | maxdsp  | 3       |
|     fadd_32ns_32ns_32_5_full_dsp_1_U1                                             | 2   |        | add19_i_2_4_3            | fadd | fulldsp | 4       |
|     fmul_32ns_32ns_32_4_max_dsp_1_U3                                              | 3   |        | mul_i12_2_4_4            | fmul | maxdsp  | 3       |
|     fadd_32ns_32ns_32_5_full_dsp_1_U1                                             | 2   |        | add19_i_2_4_4            | fadd | fulldsp | 4       |
|     fadd_32ns_32ns_32_5_full_dsp_1_U1                                             | 2   |        | accumulator_assign_s     | fadd | fulldsp | 4       |
|     fadd_32ns_32ns_32_5_full_dsp_1_U1                                             | 2   |        | accumulator_assign_5     | fadd | fulldsp | 4       |
|     fadd_32ns_32ns_32_5_full_dsp_1_U1                                             | 2   |        | accumulator_assign_9     | fadd | fulldsp | 4       |
|     fadd_32ns_32ns_32_5_full_dsp_1_U1                                             | 2   |        | accumulator_assign_10    | fadd | fulldsp | 4       |
|     fadd_32ns_32ns_32_5_full_dsp_1_U1                                             | 2   |        | accumulator_3            | fadd | fulldsp | 4       |
|     fmul_32ns_32ns_32_4_max_dsp_1_U3                                              | 3   |        | mul_i12_3                | fmul | maxdsp  | 3       |
|     fadd_32ns_32ns_32_5_full_dsp_1_U2                                             | 2   |        | add19_i_3                | fadd | fulldsp | 4       |
|     fmul_32ns_32ns_32_4_max_dsp_1_U3                                              | 3   |        | mul_i12_3_s              | fmul | maxdsp  | 3       |
|     fadd_32ns_32ns_32_5_full_dsp_1_U1                                             | 2   |        | add19_i_3_s              | fadd | fulldsp | 4       |
|     fmul_32ns_32ns_32_4_max_dsp_1_U3                                              | 3   |        | mul_i12_3_5              | fmul | maxdsp  | 3       |
|     fadd_32ns_32ns_32_5_full_dsp_1_U1                                             | 2   |        | add19_i_3_5              | fadd | fulldsp | 4       |
|     fmul_32ns_32ns_32_4_max_dsp_1_U3                                              | 3   |        | mul_i12_3_6              | fmul | maxdsp  | 3       |
|     fadd_32ns_32ns_32_5_full_dsp_1_U1                                             | 2   |        | add19_i_3_6              | fadd | fulldsp | 4       |
|     fmul_32ns_32ns_32_4_max_dsp_1_U3                                              | 3   |        | mul_i12_3_7              | fmul | maxdsp  | 3       |
|     fadd_32ns_32ns_32_5_full_dsp_1_U1                                             | 2   |        | add19_i_3_7              | fadd | fulldsp | 4       |
|     fmul_32ns_32ns_32_4_max_dsp_1_U3                                              | 3   |        | mul_i12_3_1              | fmul | maxdsp  | 3       |
|     fadd_32ns_32ns_32_5_full_dsp_1_U2                                             | 2   |        | add19_i_3_1              | fadd | fulldsp | 4       |
|     fmul_32ns_32ns_32_4_max_dsp_1_U3                                              | 3   |        | mul_i12_3_1_1            | fmul | maxdsp  | 3       |
|     fadd_32ns_32ns_32_5_full_dsp_1_U1                                             | 2   |        | add19_i_3_1_1            | fadd | fulldsp | 4       |
|     fmul_32ns_32ns_32_4_max_dsp_1_U3                                              | 3   |        | mul_i12_3_1_2            | fmul | maxdsp  | 3       |
|     fadd_32ns_32ns_32_5_full_dsp_1_U1                                             | 2   |        | add19_i_3_1_2            | fadd | fulldsp | 4       |
|     fmul_32ns_32ns_32_4_max_dsp_1_U3                                              | 3   |        | mul_i12_3_1_3            | fmul | maxdsp  | 3       |
|     fadd_32ns_32ns_32_5_full_dsp_1_U1                                             | 2   |        | add19_i_3_1_3            | fadd | fulldsp | 4       |
|     fmul_32ns_32ns_32_4_max_dsp_1_U3                                              | 3   |        | mul_i12_3_1_4            | fmul | maxdsp  | 3       |
|     fadd_32ns_32ns_32_5_full_dsp_1_U1                                             | 2   |        | add19_i_3_1_4            | fadd | fulldsp | 4       |
|     fmul_32ns_32ns_32_4_max_dsp_1_U3                                              | 3   |        | mul_i12_3_2              | fmul | maxdsp  | 3       |
|     fadd_32ns_32ns_32_5_full_dsp_1_U2                                             | 2   |        | add19_i_3_2              | fadd | fulldsp | 4       |
|     fmul_32ns_32ns_32_4_max_dsp_1_U3                                              | 3   |        | mul_i12_3_2_1            | fmul | maxdsp  | 3       |
|     fadd_32ns_32ns_32_5_full_dsp_1_U1                                             | 2   |        | add19_i_3_2_1            | fadd | fulldsp | 4       |
|     fmul_32ns_32ns_32_4_max_dsp_1_U3                                              | 3   |        | mul_i12_3_2_2            | fmul | maxdsp  | 3       |
|     fadd_32ns_32ns_32_5_full_dsp_1_U1                                             | 2   |        | add19_i_3_2_2            | fadd | fulldsp | 4       |
|     fmul_32ns_32ns_32_4_max_dsp_1_U3                                              | 3   |        | mul_i12_3_2_3            | fmul | maxdsp  | 3       |
|     fadd_32ns_32ns_32_5_full_dsp_1_U1                                             | 2   |        | add19_i_3_2_3            | fadd | fulldsp | 4       |
|     fmul_32ns_32ns_32_4_max_dsp_1_U3                                              | 3   |        | mul_i12_3_2_4            | fmul | maxdsp  | 3       |
|     fadd_32ns_32ns_32_5_full_dsp_1_U1                                             | 2   |        | add19_i_3_2_4            | fadd | fulldsp | 4       |
|     fmul_32ns_32ns_32_4_max_dsp_1_U3                                              | 3   |        | mul_i12_3_3              | fmul | maxdsp  | 3       |
|     fadd_32ns_32ns_32_5_full_dsp_1_U2                                             | 2   |        | add19_i_3_3              | fadd | fulldsp | 4       |
|     fmul_32ns_32ns_32_4_max_dsp_1_U3                                              | 3   |        | mul_i12_3_3_1            | fmul | maxdsp  | 3       |
|     fadd_32ns_32ns_32_5_full_dsp_1_U1                                             | 2   |        | add19_i_3_3_1            | fadd | fulldsp | 4       |
|     fmul_32ns_32ns_32_4_max_dsp_1_U3                                              | 3   |        | mul_i12_3_3_2            | fmul | maxdsp  | 3       |
|     fadd_32ns_32ns_32_5_full_dsp_1_U1                                             | 2   |        | add19_i_3_3_2            | fadd | fulldsp | 4       |
|     fmul_32ns_32ns_32_4_max_dsp_1_U3                                              | 3   |        | mul_i12_3_3_3            | fmul | maxdsp  | 3       |
|     fadd_32ns_32ns_32_5_full_dsp_1_U1                                             | 2   |        | add19_i_3_3_3            | fadd | fulldsp | 4       |
|     fmul_32ns_32ns_32_4_max_dsp_1_U3                                              | 3   |        | mul_i12_3_3_4            | fmul | maxdsp  | 3       |
|     fadd_32ns_32ns_32_5_full_dsp_1_U1                                             | 2   |        | add19_i_3_3_4            | fadd | fulldsp | 4       |
|     fmul_32ns_32ns_32_4_max_dsp_1_U3                                              | 3   |        | mul_i12_3_4              | fmul | maxdsp  | 3       |
|     fadd_32ns_32ns_32_5_full_dsp_1_U2                                             | 2   |        | add19_i_3_4              | fadd | fulldsp | 4       |
|     fmul_32ns_32ns_32_4_max_dsp_1_U3                                              | 3   |        | mul_i12_3_4_1            | fmul | maxdsp  | 3       |
|     fadd_32ns_32ns_32_5_full_dsp_1_U1                                             | 2   |        | add19_i_3_4_1            | fadd | fulldsp | 4       |
|     fmul_32ns_32ns_32_4_max_dsp_1_U3                                              | 3   |        | mul_i12_3_4_2            | fmul | maxdsp  | 3       |
|     fadd_32ns_32ns_32_5_full_dsp_1_U1                                             | 2   |        | add19_i_3_4_2            | fadd | fulldsp | 4       |
|     fmul_32ns_32ns_32_4_max_dsp_1_U3                                              | 3   |        | mul_i12_3_4_3            | fmul | maxdsp  | 3       |
|     fadd_32ns_32ns_32_5_full_dsp_1_U1                                             | 2   |        | add19_i_3_4_3            | fadd | fulldsp | 4       |
|     fmul_32ns_32ns_32_4_max_dsp_1_U3                                              | 3   |        | mul_i12_3_4_4            | fmul | maxdsp  | 3       |
|     fadd_32ns_32ns_32_5_full_dsp_1_U1                                             | 2   |        | add19_i_3_4_4            | fadd | fulldsp | 4       |
|     fadd_32ns_32ns_32_5_full_dsp_1_U1                                             | 2   |        | accumulator_assign_11    | fadd | fulldsp | 4       |
|     fadd_32ns_32ns_32_5_full_dsp_1_U1                                             | 2   |        | accumulator_assign_12    | fadd | fulldsp | 4       |
|     fadd_32ns_32ns_32_5_full_dsp_1_U1                                             | 2   |        | accumulator_assign_13    | fadd | fulldsp | 4       |
|     fadd_32ns_32ns_32_5_full_dsp_1_U1                                             | 2   |        | accumulator_assign_14    | fadd | fulldsp | 4       |
|     fadd_32ns_32ns_32_5_full_dsp_1_U1                                             | 2   |        | accumulator_4            | fadd | fulldsp | 4       |
|     fmul_32ns_32ns_32_4_max_dsp_1_U3                                              | 3   |        | mul_i12_4                | fmul | maxdsp  | 3       |
|     fadd_32ns_32ns_32_5_full_dsp_1_U2                                             | 2   |        | add19_i_4                | fadd | fulldsp | 4       |
|     fmul_32ns_32ns_32_4_max_dsp_1_U3                                              | 3   |        | mul_i12_4_s              | fmul | maxdsp  | 3       |
|     fadd_32ns_32ns_32_5_full_dsp_1_U1                                             | 2   |        | add19_i_4_s              | fadd | fulldsp | 4       |
|     fmul_32ns_32ns_32_4_max_dsp_1_U3                                              | 3   |        | mul_i12_4_5              | fmul | maxdsp  | 3       |
|     fadd_32ns_32ns_32_5_full_dsp_1_U1                                             | 2   |        | add19_i_4_5              | fadd | fulldsp | 4       |
|     fmul_32ns_32ns_32_4_max_dsp_1_U3                                              | 3   |        | mul_i12_4_6              | fmul | maxdsp  | 3       |
|     fadd_32ns_32ns_32_5_full_dsp_1_U1                                             | 2   |        | add19_i_4_6              | fadd | fulldsp | 4       |
|     fmul_32ns_32ns_32_4_max_dsp_1_U3                                              | 3   |        | mul_i12_4_7              | fmul | maxdsp  | 3       |
|     fadd_32ns_32ns_32_5_full_dsp_1_U1                                             | 2   |        | add19_i_4_7              | fadd | fulldsp | 4       |
|     fmul_32ns_32ns_32_4_max_dsp_1_U3                                              | 3   |        | mul_i12_4_1              | fmul | maxdsp  | 3       |
|     fadd_32ns_32ns_32_5_full_dsp_1_U2                                             | 2   |        | add19_i_4_1              | fadd | fulldsp | 4       |
|     fmul_32ns_32ns_32_4_max_dsp_1_U3                                              | 3   |        | mul_i12_4_1_1            | fmul | maxdsp  | 3       |
|     fadd_32ns_32ns_32_5_full_dsp_1_U1                                             | 2   |        | add19_i_4_1_1            | fadd | fulldsp | 4       |
|     fmul_32ns_32ns_32_4_max_dsp_1_U3                                              | 3   |        | mul_i12_4_1_2            | fmul | maxdsp  | 3       |
|     fadd_32ns_32ns_32_5_full_dsp_1_U1                                             | 2   |        | add19_i_4_1_2            | fadd | fulldsp | 4       |
|     fmul_32ns_32ns_32_4_max_dsp_1_U3                                              | 3   |        | mul_i12_4_1_3            | fmul | maxdsp  | 3       |
|     fadd_32ns_32ns_32_5_full_dsp_1_U1                                             | 2   |        | add19_i_4_1_3            | fadd | fulldsp | 4       |
|     fmul_32ns_32ns_32_4_max_dsp_1_U3                                              | 3   |        | mul_i12_4_1_4            | fmul | maxdsp  | 3       |
|     fadd_32ns_32ns_32_5_full_dsp_1_U1                                             | 2   |        | add19_i_4_1_4            | fadd | fulldsp | 4       |
|     fmul_32ns_32ns_32_4_max_dsp_1_U3                                              | 3   |        | mul_i12_4_2              | fmul | maxdsp  | 3       |
|     fadd_32ns_32ns_32_5_full_dsp_1_U2                                             | 2   |        | add19_i_4_2              | fadd | fulldsp | 4       |
|     fmul_32ns_32ns_32_4_max_dsp_1_U3                                              | 3   |        | mul_i12_4_2_1            | fmul | maxdsp  | 3       |
|     fadd_32ns_32ns_32_5_full_dsp_1_U1                                             | 2   |        | add19_i_4_2_1            | fadd | fulldsp | 4       |
|     fmul_32ns_32ns_32_4_max_dsp_1_U3                                              | 3   |        | mul_i12_4_2_2            | fmul | maxdsp  | 3       |
|     fadd_32ns_32ns_32_5_full_dsp_1_U1                                             | 2   |        | add19_i_4_2_2            | fadd | fulldsp | 4       |
|     fmul_32ns_32ns_32_4_max_dsp_1_U3                                              | 3   |        | mul_i12_4_2_3            | fmul | maxdsp  | 3       |
|     fadd_32ns_32ns_32_5_full_dsp_1_U1                                             | 2   |        | add19_i_4_2_3            | fadd | fulldsp | 4       |
|     fmul_32ns_32ns_32_4_max_dsp_1_U3                                              | 3   |        | mul_i12_4_2_4            | fmul | maxdsp  | 3       |
|     fadd_32ns_32ns_32_5_full_dsp_1_U1                                             | 2   |        | add19_i_4_2_4            | fadd | fulldsp | 4       |
|     fmul_32ns_32ns_32_4_max_dsp_1_U3                                              | 3   |        | mul_i12_4_3              | fmul | maxdsp  | 3       |
|     fadd_32ns_32ns_32_5_full_dsp_1_U2                                             | 2   |        | add19_i_4_3              | fadd | fulldsp | 4       |
|     fmul_32ns_32ns_32_4_max_dsp_1_U3                                              | 3   |        | mul_i12_4_3_1            | fmul | maxdsp  | 3       |
|     fadd_32ns_32ns_32_5_full_dsp_1_U1                                             | 2   |        | add19_i_4_3_1            | fadd | fulldsp | 4       |
|     fmul_32ns_32ns_32_4_max_dsp_1_U3                                              | 3   |        | mul_i12_4_3_2            | fmul | maxdsp  | 3       |
|     fadd_32ns_32ns_32_5_full_dsp_1_U1                                             | 2   |        | add19_i_4_3_2            | fadd | fulldsp | 4       |
|     fmul_32ns_32ns_32_4_max_dsp_1_U3                                              | 3   |        | mul_i12_4_3_3            | fmul | maxdsp  | 3       |
|     fadd_32ns_32ns_32_5_full_dsp_1_U1                                             | 2   |        | add19_i_4_3_3            | fadd | fulldsp | 4       |
|     fmul_32ns_32ns_32_4_max_dsp_1_U3                                              | 3   |        | mul_i12_4_3_4            | fmul | maxdsp  | 3       |
|     fadd_32ns_32ns_32_5_full_dsp_1_U1                                             | 2   |        | add19_i_4_3_4            | fadd | fulldsp | 4       |
|     fmul_32ns_32ns_32_4_max_dsp_1_U3                                              | 3   |        | mul_i12_4_4              | fmul | maxdsp  | 3       |
|     fadd_32ns_32ns_32_5_full_dsp_1_U2                                             | 2   |        | add19_i_4_4              | fadd | fulldsp | 4       |
|     fmul_32ns_32ns_32_4_max_dsp_1_U3                                              | 3   |        | mul_i12_4_4_1            | fmul | maxdsp  | 3       |
|     fadd_32ns_32ns_32_5_full_dsp_1_U1                                             | 2   |        | add19_i_4_4_1            | fadd | fulldsp | 4       |
|     fmul_32ns_32ns_32_4_max_dsp_1_U3                                              | 3   |        | mul_i12_4_4_2            | fmul | maxdsp  | 3       |
|     fadd_32ns_32ns_32_5_full_dsp_1_U1                                             | 2   |        | add19_i_4_4_2            | fadd | fulldsp | 4       |
|     fmul_32ns_32ns_32_4_max_dsp_1_U3                                              | 3   |        | mul_i12_4_4_3            | fmul | maxdsp  | 3       |
|     fadd_32ns_32ns_32_5_full_dsp_1_U1                                             | 2   |        | add19_i_4_4_3            | fadd | fulldsp | 4       |
|     fmul_32ns_32ns_32_4_max_dsp_1_U3                                              | 3   |        | mul_i12_4_4_4            | fmul | maxdsp  | 3       |
|     fadd_32ns_32ns_32_5_full_dsp_1_U1                                             | 2   |        | add19_i_4_4_4            | fadd | fulldsp | 4       |
|     fadd_32ns_32ns_32_5_full_dsp_1_U1                                             | 2   |        | accumulator_assign_15    | fadd | fulldsp | 4       |
|     fadd_32ns_32ns_32_5_full_dsp_1_U1                                             | 2   |        | accumulator_assign_16    | fadd | fulldsp | 4       |
|     fadd_32ns_32ns_32_5_full_dsp_1_U1                                             | 2   |        | accumulator_assign_17    | fadd | fulldsp | 4       |
|     fadd_32ns_32ns_32_5_full_dsp_1_U1                                             | 2   |        | accumulator_assign_18    | fadd | fulldsp | 4       |
|     fadd_32ns_32ns_32_5_full_dsp_1_U1                                             | 2   |        | accumulator_5            | fadd | fulldsp | 4       |
|     fmul_32ns_32ns_32_4_max_dsp_1_U3                                              | 3   |        | mul_i12_5                | fmul | maxdsp  | 3       |
|     fadd_32ns_32ns_32_5_full_dsp_1_U2                                             | 2   |        | add19_i_5                | fadd | fulldsp | 4       |
|     fmul_32ns_32ns_32_4_max_dsp_1_U3                                              | 3   |        | mul_i12_5_s              | fmul | maxdsp  | 3       |
|     fadd_32ns_32ns_32_5_full_dsp_1_U1                                             | 2   |        | add19_i_5_s              | fadd | fulldsp | 4       |
|     fmul_32ns_32ns_32_4_max_dsp_1_U3                                              | 3   |        | mul_i12_5_5              | fmul | maxdsp  | 3       |
|     fadd_32ns_32ns_32_5_full_dsp_1_U1                                             | 2   |        | add19_i_5_5              | fadd | fulldsp | 4       |
|     fmul_32ns_32ns_32_4_max_dsp_1_U3                                              | 3   |        | mul_i12_5_6              | fmul | maxdsp  | 3       |
|     fadd_32ns_32ns_32_5_full_dsp_1_U1                                             | 2   |        | add19_i_5_6              | fadd | fulldsp | 4       |
|     fmul_32ns_32ns_32_4_max_dsp_1_U3                                              | 3   |        | mul_i12_5_7              | fmul | maxdsp  | 3       |
|     fadd_32ns_32ns_32_5_full_dsp_1_U1                                             | 2   |        | add19_i_5_7              | fadd | fulldsp | 4       |
|     fmul_32ns_32ns_32_4_max_dsp_1_U3                                              | 3   |        | mul_i12_5_1              | fmul | maxdsp  | 3       |
|     fadd_32ns_32ns_32_5_full_dsp_1_U2                                             | 2   |        | add19_i_5_1              | fadd | fulldsp | 4       |
|     fmul_32ns_32ns_32_4_max_dsp_1_U3                                              | 3   |        | mul_i12_5_1_1            | fmul | maxdsp  | 3       |
|     fadd_32ns_32ns_32_5_full_dsp_1_U1                                             | 2   |        | add19_i_5_1_1            | fadd | fulldsp | 4       |
|     fmul_32ns_32ns_32_4_max_dsp_1_U3                                              | 3   |        | mul_i12_5_1_2            | fmul | maxdsp  | 3       |
|     fadd_32ns_32ns_32_5_full_dsp_1_U1                                             | 2   |        | add19_i_5_1_2            | fadd | fulldsp | 4       |
|     fmul_32ns_32ns_32_4_max_dsp_1_U3                                              | 3   |        | mul_i12_5_1_3            | fmul | maxdsp  | 3       |
|     fadd_32ns_32ns_32_5_full_dsp_1_U1                                             | 2   |        | add19_i_5_1_3            | fadd | fulldsp | 4       |
|     fmul_32ns_32ns_32_4_max_dsp_1_U3                                              | 3   |        | mul_i12_5_1_4            | fmul | maxdsp  | 3       |
|     fadd_32ns_32ns_32_5_full_dsp_1_U1                                             | 2   |        | add19_i_5_1_4            | fadd | fulldsp | 4       |
|     fmul_32ns_32ns_32_4_max_dsp_1_U3                                              | 3   |        | mul_i12_5_2              | fmul | maxdsp  | 3       |
|     fadd_32ns_32ns_32_5_full_dsp_1_U2                                             | 2   |        | add19_i_5_2              | fadd | fulldsp | 4       |
|     fmul_32ns_32ns_32_4_max_dsp_1_U3                                              | 3   |        | mul_i12_5_2_1            | fmul | maxdsp  | 3       |
|     fadd_32ns_32ns_32_5_full_dsp_1_U1                                             | 2   |        | add19_i_5_2_1            | fadd | fulldsp | 4       |
|     fmul_32ns_32ns_32_4_max_dsp_1_U3                                              | 3   |        | mul_i12_5_2_2            | fmul | maxdsp  | 3       |
|     fadd_32ns_32ns_32_5_full_dsp_1_U1                                             | 2   |        | add19_i_5_2_2            | fadd | fulldsp | 4       |
|     fmul_32ns_32ns_32_4_max_dsp_1_U3                                              | 3   |        | mul_i12_5_2_3            | fmul | maxdsp  | 3       |
|     fadd_32ns_32ns_32_5_full_dsp_1_U1                                             | 2   |        | add19_i_5_2_3            | fadd | fulldsp | 4       |
|     fmul_32ns_32ns_32_4_max_dsp_1_U3                                              | 3   |        | mul_i12_5_2_4            | fmul | maxdsp  | 3       |
|     fadd_32ns_32ns_32_5_full_dsp_1_U1                                             | 2   |        | add19_i_5_2_4            | fadd | fulldsp | 4       |
|     fmul_32ns_32ns_32_4_max_dsp_1_U3                                              | 3   |        | mul_i12_5_3              | fmul | maxdsp  | 3       |
|     fadd_32ns_32ns_32_5_full_dsp_1_U2                                             | 2   |        | add19_i_5_3              | fadd | fulldsp | 4       |
|     fmul_32ns_32ns_32_4_max_dsp_1_U3                                              | 3   |        | mul_i12_5_3_1            | fmul | maxdsp  | 3       |
|     fadd_32ns_32ns_32_5_full_dsp_1_U1                                             | 2   |        | add19_i_5_3_1            | fadd | fulldsp | 4       |
|     fmul_32ns_32ns_32_4_max_dsp_1_U3                                              | 3   |        | mul_i12_5_3_2            | fmul | maxdsp  | 3       |
|     fadd_32ns_32ns_32_5_full_dsp_1_U1                                             | 2   |        | add19_i_5_3_2            | fadd | fulldsp | 4       |
|     fmul_32ns_32ns_32_4_max_dsp_1_U3                                              | 3   |        | mul_i12_5_3_3            | fmul | maxdsp  | 3       |
|     fadd_32ns_32ns_32_5_full_dsp_1_U1                                             | 2   |        | add19_i_5_3_3            | fadd | fulldsp | 4       |
|     fmul_32ns_32ns_32_4_max_dsp_1_U3                                              | 3   |        | mul_i12_5_3_4            | fmul | maxdsp  | 3       |
|     fadd_32ns_32ns_32_5_full_dsp_1_U1                                             | 2   |        | add19_i_5_3_4            | fadd | fulldsp | 4       |
|     fmul_32ns_32ns_32_4_max_dsp_1_U3                                              | 3   |        | mul_i12_5_4              | fmul | maxdsp  | 3       |
|     fadd_32ns_32ns_32_5_full_dsp_1_U2                                             | 2   |        | add19_i_5_4              | fadd | fulldsp | 4       |
|     fmul_32ns_32ns_32_4_max_dsp_1_U3                                              | 3   |        | mul_i12_5_4_1            | fmul | maxdsp  | 3       |
|     fadd_32ns_32ns_32_5_full_dsp_1_U1                                             | 2   |        | add19_i_5_4_1            | fadd | fulldsp | 4       |
|     fmul_32ns_32ns_32_4_max_dsp_1_U3                                              | 3   |        | mul_i12_5_4_2            | fmul | maxdsp  | 3       |
|     fadd_32ns_32ns_32_5_full_dsp_1_U1                                             | 2   |        | add19_i_5_4_2            | fadd | fulldsp | 4       |
|     fmul_32ns_32ns_32_4_max_dsp_1_U3                                              | 3   |        | mul_i12_5_4_3            | fmul | maxdsp  | 3       |
|     fadd_32ns_32ns_32_5_full_dsp_1_U1                                             | 2   |        | add19_i_5_4_3            | fadd | fulldsp | 4       |
|     fmul_32ns_32ns_32_4_max_dsp_1_U3                                              | 3   |        | mul_i12_5_4_4            | fmul | maxdsp  | 3       |
|     fadd_32ns_32ns_32_5_full_dsp_1_U1                                             | 2   |        | add19_i_5_4_4            | fadd | fulldsp | 4       |
|     fadd_32ns_32ns_32_5_full_dsp_1_U2                                             | 2   |        | accumulator_assign_19    | fadd | fulldsp | 4       |
|     fadd_32ns_32ns_32_5_full_dsp_1_U2                                             | 2   |        | accumulator_assign_20    | fadd | fulldsp | 4       |
|     fadd_32ns_32ns_32_5_full_dsp_1_U2                                             | 2   |        | accumulator_assign_21    | fadd | fulldsp | 4       |
|     fadd_32ns_32ns_32_5_full_dsp_1_U2                                             | 2   |        | accumulator_assign_22    | fadd | fulldsp | 4       |
|     fadd_32ns_32ns_32_5_full_dsp_1_U2                                             | 2   |        | accumulator_6            | fadd | fulldsp | 4       |
|     add_ln93_fu_2136_p2                                                           | -   |        | add_ln93                 | add  | fabric  | 0       |
+-----------------------------------------------------------------------------------+-----+--------+--------------------------+------+---------+---------+


================================================================
== Bind Storage Report
================================================================
  No bind storage info in design

================================================================
== Pragma Report
================================================================
* Valid Pragma Syntax
+-----------------+--------------------------------------------------------------+--------------------------------------------------------------+
| Type            | Options                                                      | Location                                                     |
+-----------------+--------------------------------------------------------------+--------------------------------------------------------------+
| inline          |                                                              | ../src/lenet_conv_D2.cpp:13 in generate_window_5x5           |
| inline          |                                                              | ../src/lenet_conv_D2.cpp:32 in mac_5x5                       |
| inline          |                                                              | ../src/lenet_conv_D2.cpp:47 in mac_5x5_pe                    |
| array_partition | variable=window cyclic factor=5 dim=1                        | ../src/lenet_conv_D2.cpp:48 in mac_5x5_pe, window            |
| array_partition | variable=kernel cyclic factor=5 dim=1                        | ../src/lenet_conv_D2.cpp:49 in mac_5x5_pe, kernel            |
| array_partition | variable=partial complete dim=1                              | ../src/lenet_conv_D2.cpp:52 in mac_5x5_pe, partial           |
| unroll          |                                                              | ../src/lenet_conv_D2.cpp:56 in mac_5x5_pe                    |
| pipeline        |                                                              | ../src/lenet_conv_D2.cpp:62 in mac_5x5_pe                    |
| unroll          |                                                              | ../src/lenet_conv_D2.cpp:65 in mac_5x5_pe                    |
| pipeline        | II=1                                                         | ../src/lenet_conv_D2.cpp:94 in conv5x5_valid                 |
| interface       | m_axi port=feature_in offset=direct bundle=gmem0 depth=1024  | ../src/lenet_conv_D2.cpp:226 in lenet_conv1_top, feature_in  |
| interface       | m_axi port=weight offset=direct bundle=gmem1 depth=150       | ../src/lenet_conv_D2.cpp:227 in lenet_conv1_top, weight      |
| interface       | m_axi port=bias offset=direct bundle=gmem2 depth=6           | ../src/lenet_conv_D2.cpp:228 in lenet_conv1_top, bias        |
| interface       | m_axi port=feature_out offset=direct bundle=gmem3 depth=4704 | ../src/lenet_conv_D2.cpp:229 in lenet_conv1_top, feature_out |
| interface       | ap_ctrl_hs port=return                                       | ../src/lenet_conv_D2.cpp:230 in lenet_conv1_top, return      |
| interface       | m_axi port=feature_in offset=direct bundle=gmem0 depth=1176  | ../src/lenet_conv_D2.cpp:242 in lenet_conv2_top, feature_in  |
| interface       | m_axi port=weight offset=direct bundle=gmem1 depth=2400      | ../src/lenet_conv_D2.cpp:243 in lenet_conv2_top, weight      |
| interface       | m_axi port=bias offset=direct bundle=gmem2 depth=16          | ../src/lenet_conv_D2.cpp:244 in lenet_conv2_top, bias        |
| interface       | m_axi port=feature_out offset=direct bundle=gmem3 depth=1600 | ../src/lenet_conv_D2.cpp:245 in lenet_conv2_top, feature_out |
| interface       | ap_ctrl_hs port=return                                       | ../src/lenet_conv_D2.cpp:246 in lenet_conv2_top, return      |
| interface       | m_axi port=feature_in offset=direct bundle=gmem0 depth=400   | ../src/lenet_conv_D2.cpp:260 in lenet_conv3_top, feature_in  |
| interface       | m_axi port=weight offset=direct bundle=gmem1 depth=48000     | ../src/lenet_conv_D2.cpp:261 in lenet_conv3_top, weight      |
| interface       | m_axi port=bias offset=direct bundle=gmem2 depth=120         | ../src/lenet_conv_D2.cpp:262 in lenet_conv3_top, bias        |
| interface       | m_axi port=feature_out offset=direct bundle=gmem3 depth=120  | ../src/lenet_conv_D2.cpp:263 in lenet_conv3_top, feature_out |
| interface       | ap_ctrl_hs port=return                                       | ../src/lenet_conv_D2.cpp:264 in lenet_conv3_top, return      |
| interface       | m_axi port=feature_in offset=direct bundle=gmem0 depth=120   | ../src/lenet_conv_D2.cpp:278 in lenet_fc1_top, feature_in    |
| interface       | m_axi port=weight offset=direct bundle=gmem1 depth=10080     | ../src/lenet_conv_D2.cpp:279 in lenet_fc1_top, weight        |
| interface       | m_axi port=bias offset=direct bundle=gmem2 depth=84          | ../src/lenet_conv_D2.cpp:280 in lenet_fc1_top, bias          |
| interface       | m_axi port=feature_out offset=direct bundle=gmem3 depth=84   | ../src/lenet_conv_D2.cpp:281 in lenet_fc1_top, feature_out   |
| interface       | ap_ctrl_hs port=return                                       | ../src/lenet_conv_D2.cpp:282 in lenet_fc1_top, return        |
| interface       | m_axi port=feature_in offset=direct bundle=gmem0 depth=84    | ../src/lenet_conv_D2.cpp:293 in lenet_fc2_top, feature_in    |
| interface       | m_axi port=weight offset=direct bundle=gmem1 depth=840       | ../src/lenet_conv_D2.cpp:294 in lenet_fc2_top, weight        |
| interface       | m_axi port=bias offset=direct bundle=gmem2 depth=10          | ../src/lenet_conv_D2.cpp:295 in lenet_fc2_top, bias          |
| interface       | m_axi port=feature_out offset=direct bundle=gmem3 depth=10   | ../src/lenet_conv_D2.cpp:296 in lenet_fc2_top, feature_out   |
| interface       | ap_ctrl_hs port=return                                       | ../src/lenet_conv_D2.cpp:297 in lenet_fc2_top, return        |
| interface       | m_axi port=feature_in offset=direct bundle=gmem0 depth=1024  | ../src/lenet_conv_D2.cpp:308 in lenet_full_top, feature_in   |
| interface       | m_axi port=weight offset=direct bundle=gmem1 depth=61470     | ../src/lenet_conv_D2.cpp:309 in lenet_full_top, weight       |
| interface       | m_axi port=bias offset=direct bundle=gmem2 depth=236         | ../src/lenet_conv_D2.cpp:310 in lenet_full_top, bias         |
| interface       | m_axi port=feature_out offset=direct bundle=gmem3 depth=10   | ../src/lenet_conv_D2.cpp:311 in lenet_full_top, feature_out  |
| interface       | ap_ctrl_hs port=return                                       | ../src/lenet_conv_D2.cpp:312 in lenet_full_top, return       |
+-----------------+--------------------------------------------------------------+--------------------------------------------------------------+


