

================================================================
== Vitis HLS Report for 'lenet_w4a4_top_Pipeline_VITIS_LOOP_147_1_KERNEL_ROW_KERNEL_COL'
================================================================
* Date:           Tue Sep 15 00:31:02 2026

* Version:        2022.2 (Build 3670227 on Oct 13 2022)
* Project:        g_w4a4_lc2_validation
* Solution:       solution1 (Vivado IP Flow Target)
* Product family: zynq
* Target device:  xc7z020-clg400-1


================================================================
== Performance Estimates
================================================================
+ Timing: 
    * Summary: 
    +--------+----------+----------+------------+
    |  Clock |  Target  | Estimated| Uncertainty|
    +--------+----------+----------+------------+
    |ap_clk  |  10.00 ns|  7.275 ns|     2.70 ns|
    +--------+----------+----------+------------+

+ Latency: 
    * Summary: 
    +---------+---------+----------+----------+-----+-----+---------+
    |  Latency (cycles) |  Latency (absolute) |  Interval | Pipeline|
    |   min   |   max   |    min   |    max   | min | max |   Type  |
    +---------+---------+----------+----------+-----+-----+---------+
    |      157|      157|  1.570 us|  1.570 us|  157|  157|       no|
    +---------+---------+----------+----------+-----+-----+---------+

    + Detail: 
        * Instance: 
        N/A

        * Loop: 
        +------------------------------------------+---------+---------+----------+-----------+-----------+------+----------+
        |                                          |  Latency (cycles) | Iteration|  Initiation Interval  | Trip |          |
        |                 Loop Name                |   min   |   max   |  Latency |  achieved |   target  | Count| Pipelined|
        +------------------------------------------+---------+---------+----------+-----------+-----------+------+----------+
        |- VITIS_LOOP_147_1_KERNEL_ROW_KERNEL_COL  |      155|      155|         7|          1|          1|   150|       yes|
        +------------------------------------------+---------+---------+----------+-----------+-----------+------+----------+

============================================================
+ Verbose Summary: Synthesis Manager
============================================================
InlineROM: 1
ExposeGlobal: 0
============================================================
+ Verbose Summary: CDFG Model
============================================================
IsTopModel: 0
ResetActiveHigh: 1
IsCombinational: 0
IsDatapathOnly: 0
HasWiredReturn: 1
HasMFsm: 2
HasVarLatency: 1
IsPipeline: 0
IsRtlPipelined: 0
IsInstanceOverlapped: 0
IsDontTouch: 0
HasImplIP: 0
IsGatedGlobalClock: 0

+ Individual pipeline summary: 
  * Pipeline-0: initiation interval (II) = 1, depth = 7


============================================================
+ Verbose Summary: Schedule
============================================================
* Number of FSM states : 7
* Pipeline : 1
  Pipeline-0 : II = 1, D = 7, States = { 1 2 3 4 5 6 7 }
* Dataflow Pipeline: 0

* FSM state transitions: 
1 --> 2 
2 --> 3 
3 --> 4 
4 --> 5 
5 --> 6 
6 --> 7 
7 --> 

* FSM state operations: 

State 1 <SV = 0> <Delay = 4.60>
ST_1 : Operation 10 [1/1] (0.00ns)   --->   "%accumulator_V_2 = alloca i32 1"   --->   Operation 10 'alloca' 'accumulator_V_2' <Predicate = true> <Delay = 0.00>
ST_1 : Operation 11 [1/1] (0.00ns)   --->   "%kw = alloca i32 1"   --->   Operation 11 'alloca' 'kw' <Predicate = true> <Delay = 0.00>
ST_1 : Operation 12 [1/1] (0.00ns)   --->   "%kh_1 = alloca i32 1"   --->   Operation 12 'alloca' 'kh_1' <Predicate = true> <Delay = 0.00>
ST_1 : Operation 13 [1/1] (0.00ns)   --->   "%indvar_flatten126 = alloca i32 1"   --->   Operation 13 'alloca' 'indvar_flatten126' <Predicate = true> <Delay = 0.00>
ST_1 : Operation 14 [1/1] (0.00ns)   --->   "%ic_1 = alloca i32 1"   --->   Operation 14 'alloca' 'ic_1' <Predicate = true> <Delay = 0.00>
ST_1 : Operation 15 [1/1] (0.00ns)   --->   "%indvar_flatten179 = alloca i32 1"   --->   Operation 15 'alloca' 'indvar_flatten179' <Predicate = true> <Delay = 0.00>
ST_1 : Operation 16 [1/1] (0.00ns)   --->   "%select_ln138_7_read = read i4 @_ssdm_op_Read.ap_auto.i4, i4 %select_ln138_7"   --->   Operation 16 'read' 'select_ln138_7_read' <Predicate = true> <Delay = 0.00>
ST_1 : Operation 17 [1/1] (0.00ns)   --->   "%tmp60_cast_mid1145_read = read i4 @_ssdm_op_Read.ap_auto.i4, i4 %tmp60_cast_mid1145"   --->   Operation 17 'read' 'tmp60_cast_mid1145_read' <Predicate = true> <Delay = 0.00>
ST_1 : Operation 18 [1/1] (0.00ns)   --->   "%select_ln138_8_read = read i4 @_ssdm_op_Read.ap_auto.i4, i4 %select_ln138_8"   --->   Operation 18 'read' 'select_ln138_8_read' <Predicate = true> <Delay = 0.00>
ST_1 : Operation 19 [1/1] (0.00ns)   --->   "%tmp60_cast_mid1145_cast = zext i4 %tmp60_cast_mid1145_read"   --->   Operation 19 'zext' 'tmp60_cast_mid1145_cast' <Predicate = true> <Delay = 0.00>
ST_1 : Operation 20 [1/1] (1.58ns)   --->   "%store_ln0 = store i8 0, i8 %indvar_flatten179"   --->   Operation 20 'store' 'store_ln0' <Predicate = true> <Delay = 1.58>
ST_1 : Operation 21 [1/1] (1.58ns)   --->   "%store_ln0 = store i3 0, i3 %ic_1"   --->   Operation 21 'store' 'store_ln0' <Predicate = true> <Delay = 1.58>
ST_1 : Operation 22 [1/1] (1.58ns)   --->   "%store_ln0 = store i6 0, i6 %indvar_flatten126"   --->   Operation 22 'store' 'store_ln0' <Predicate = true> <Delay = 1.58>
ST_1 : Operation 23 [1/1] (1.58ns)   --->   "%store_ln0 = store i3 0, i3 %kh_1"   --->   Operation 23 'store' 'store_ln0' <Predicate = true> <Delay = 1.58>
ST_1 : Operation 24 [1/1] (1.58ns)   --->   "%store_ln0 = store i3 0, i3 %kw"   --->   Operation 24 'store' 'store_ln0' <Predicate = true> <Delay = 1.58>
ST_1 : Operation 25 [1/1] (1.58ns)   --->   "%store_ln0 = store i15 0, i15 %accumulator_V_2"   --->   Operation 25 'store' 'store_ln0' <Predicate = true> <Delay = 1.58>
ST_1 : Operation 26 [1/1] (0.00ns)   --->   "%br_ln0 = br void %for.inc46.i68"   --->   Operation 26 'br' 'br_ln0' <Predicate = true> <Delay = 0.00>
ST_1 : Operation 27 [1/1] (0.00ns)   --->   "%indvar_flatten179_load = load i8 %indvar_flatten179" [D:/GitHub/vivado/vivado/F_Quantization_W8A8/hls_w4a4/src/lenet_w4a4_lc2.cpp:147]   --->   Operation 27 'load' 'indvar_flatten179_load' <Predicate = true> <Delay = 0.00>
ST_1 : Operation 28 [1/1] (1.55ns)   --->   "%icmp_ln147 = icmp_eq  i8 %indvar_flatten179_load, i8 150" [D:/GitHub/vivado/vivado/F_Quantization_W8A8/hls_w4a4/src/lenet_w4a4_lc2.cpp:147]   --->   Operation 28 'icmp' 'icmp_ln147' <Predicate = true> <Delay = 1.55> <CoreInst = "Cmp">   --->   Core 9 'Cmp' <Latency = 0> <II = 1> <Delay = 1.55> <FuncUnit> <Opcode : 'icmp'> <InPorts = 2> <OutPorts = 1>
ST_1 : Operation 29 [1/1] (1.91ns)   --->   "%add_ln147_1 = add i8 %indvar_flatten179_load, i8 1" [D:/GitHub/vivado/vivado/F_Quantization_W8A8/hls_w4a4/src/lenet_w4a4_lc2.cpp:147]   --->   Operation 29 'add' 'add_ln147_1' <Predicate = true> <Delay = 1.91> <CoreInst = "Adder">   --->   Core 1 'Adder' <Latency = 0> <II = 1> <Delay = 1.91> <FuncUnit> <Opcode : 'add' 'sub'> <InPorts = 2> <OutPorts = 1>
ST_1 : Operation 30 [1/1] (0.00ns)   --->   "%br_ln147 = br i1 %icmp_ln147, void %for.inc52.i, void %for.inc61.i77.exitStub" [D:/GitHub/vivado/vivado/F_Quantization_W8A8/hls_w4a4/src/lenet_w4a4_lc2.cpp:147]   --->   Operation 30 'br' 'br_ln147' <Predicate = true> <Delay = 0.00>
ST_1 : Operation 31 [1/1] (0.00ns)   --->   "%indvar_flatten126_load = load i6 %indvar_flatten126" [D:/GitHub/vivado/vivado/F_Quantization_W8A8/hls_w4a4/src/lenet_w4a4_lc2.cpp:152]   --->   Operation 31 'load' 'indvar_flatten126_load' <Predicate = (!icmp_ln147)> <Delay = 0.00>
ST_1 : Operation 32 [1/1] (1.42ns)   --->   "%icmp_ln152 = icmp_eq  i6 %indvar_flatten126_load, i6 25" [D:/GitHub/vivado/vivado/F_Quantization_W8A8/hls_w4a4/src/lenet_w4a4_lc2.cpp:152]   --->   Operation 32 'icmp' 'icmp_ln152' <Predicate = (!icmp_ln147)> <Delay = 1.42> <CoreInst = "Cmp">   --->   Core 9 'Cmp' <Latency = 0> <II = 1> <Delay = 1.42> <FuncUnit> <Opcode : 'icmp'> <InPorts = 2> <OutPorts = 1>
ST_1 : Operation 33 [1/1] (1.82ns)   --->   "%add_ln152 = add i6 %indvar_flatten126_load, i6 1" [D:/GitHub/vivado/vivado/F_Quantization_W8A8/hls_w4a4/src/lenet_w4a4_lc2.cpp:152]   --->   Operation 33 'add' 'add_ln152' <Predicate = (!icmp_ln147)> <Delay = 1.82> <CoreInst = "Adder">   --->   Core 1 'Adder' <Latency = 0> <II = 1> <Delay = 1.82> <FuncUnit> <Opcode : 'add' 'sub'> <InPorts = 2> <OutPorts = 1>
ST_1 : Operation 34 [1/1] (1.18ns)   --->   "%select_ln152_5 = select i1 %icmp_ln152, i6 1, i6 %add_ln152" [D:/GitHub/vivado/vivado/F_Quantization_W8A8/hls_w4a4/src/lenet_w4a4_lc2.cpp:152]   --->   Operation 34 'select' 'select_ln152_5' <Predicate = (!icmp_ln147)> <Delay = 1.18> <CoreInst = "Sel">   --->   Core 73 'Sel' <Latency = 0> <II = 1> <Delay = 1.18> <FuncUnit> <Opcode : 'select'> <InPorts = 3> <OutPorts = 1>
ST_1 : Operation 35 [1/1] (1.58ns)   --->   "%store_ln157 = store i8 %add_ln147_1, i8 %indvar_flatten179" [D:/GitHub/vivado/vivado/F_Quantization_W8A8/hls_w4a4/src/lenet_w4a4_lc2.cpp:157]   --->   Operation 35 'store' 'store_ln157' <Predicate = (!icmp_ln147)> <Delay = 1.58>
ST_1 : Operation 36 [1/1] (1.58ns)   --->   "%store_ln157 = store i6 %select_ln152_5, i6 %indvar_flatten126" [D:/GitHub/vivado/vivado/F_Quantization_W8A8/hls_w4a4/src/lenet_w4a4_lc2.cpp:157]   --->   Operation 36 'store' 'store_ln157' <Predicate = (!icmp_ln147)> <Delay = 1.58>

State 2 <SV = 1> <Delay = 7.27>
ST_2 : Operation 37 [1/1] (0.00ns)   --->   "%kh = load i3 %kh_1"   --->   Operation 37 'load' 'kh' <Predicate = true> <Delay = 0.00>
ST_2 : Operation 38 [1/1] (0.00ns)   --->   "%ic = load i3 %ic_1" [D:/GitHub/vivado/vivado/F_Quantization_W8A8/hls_w4a4/src/lenet_w4a4_lc2.cpp:147]   --->   Operation 38 'load' 'ic' <Predicate = true> <Delay = 0.00>
ST_2 : Operation 39 [1/1] (0.00ns)   --->   "%zext_ln147 = zext i3 %ic" [D:/GitHub/vivado/vivado/F_Quantization_W8A8/hls_w4a4/src/lenet_w4a4_lc2.cpp:147]   --->   Operation 39 'zext' 'zext_ln147' <Predicate = (!icmp_ln152)> <Delay = 0.00>
ST_2 : Operation 40 [1/1] (0.00ns)   --->   "%p_shl = bitconcatenate i7 @_ssdm_op_BitConcatenate.i7.i3.i4, i3 %ic, i4 0" [D:/GitHub/vivado/vivado/F_Quantization_W8A8/hls_w4a4/src/lenet_w4a4_lc2.cpp:147]   --->   Operation 40 'bitconcatenate' 'p_shl' <Predicate = true> <Delay = 0.00>
ST_2 : Operation 41 [1/1] (0.00ns)   --->   "%p_shl18_cast = zext i7 %p_shl" [D:/GitHub/vivado/vivado/F_Quantization_W8A8/hls_w4a4/src/lenet_w4a4_lc2.cpp:147]   --->   Operation 41 'zext' 'p_shl18_cast' <Predicate = true> <Delay = 0.00>
ST_2 : Operation 42 [1/1] (0.00ns)   --->   "%p_shl1 = bitconcatenate i4 @_ssdm_op_BitConcatenate.i4.i3.i1, i3 %ic, i1 0" [D:/GitHub/vivado/vivado/F_Quantization_W8A8/hls_w4a4/src/lenet_w4a4_lc2.cpp:147]   --->   Operation 42 'bitconcatenate' 'p_shl1' <Predicate = true> <Delay = 0.00>
ST_2 : Operation 43 [1/1] (0.00ns)   --->   "%p_shl19_cast = zext i4 %p_shl1" [D:/GitHub/vivado/vivado/F_Quantization_W8A8/hls_w4a4/src/lenet_w4a4_lc2.cpp:147]   --->   Operation 43 'zext' 'p_shl19_cast' <Predicate = true> <Delay = 0.00>
ST_2 : Operation 44 [1/1] (1.87ns)   --->   "%empty = sub i8 %p_shl18_cast, i8 %p_shl19_cast" [D:/GitHub/vivado/vivado/F_Quantization_W8A8/hls_w4a4/src/lenet_w4a4_lc2.cpp:147]   --->   Operation 44 'sub' 'empty' <Predicate = true> <Delay = 1.87> <CoreInst = "Adder">   --->   Core 1 'Adder' <Latency = 0> <II = 1> <Delay = 1.87> <FuncUnit> <Opcode : 'add' 'sub'> <InPorts = 2> <OutPorts = 1>
ST_2 : Operation 45 [1/1] (0.00ns)   --->   "%p_shl2 = bitconcatenate i5 @_ssdm_op_BitConcatenate.i5.i3.i2, i3 %ic, i2 0" [D:/GitHub/vivado/vivado/F_Quantization_W8A8/hls_w4a4/src/lenet_w4a4_lc2.cpp:147]   --->   Operation 45 'bitconcatenate' 'p_shl2' <Predicate = true> <Delay = 0.00>
ST_2 : Operation 46 [1/1] (0.00ns)   --->   "%zext_ln152_1 = zext i3 %kh" [D:/GitHub/vivado/vivado/F_Quantization_W8A8/hls_w4a4/src/lenet_w4a4_lc2.cpp:152]   --->   Operation 46 'zext' 'zext_ln152_1' <Predicate = true> <Delay = 0.00>
ST_2 : Operation 47 [1/1] (1.73ns)   --->   "%tmp60 = add i4 %select_ln138_8_read, i4 %zext_ln152_1" [D:/GitHub/vivado/vivado/F_Quantization_W8A8/hls_w4a4/src/lenet_w4a4_lc2.cpp:152]   --->   Operation 47 'add' 'tmp60' <Predicate = (!icmp_ln152)> <Delay = 1.73> <CoreInst = "Adder">   --->   Core 1 'Adder' <Latency = 0> <II = 1> <Delay = 1.73> <FuncUnit> <Opcode : 'add' 'sub'> <InPorts = 2> <OutPorts = 1>
ST_2 : Operation 48 [1/1] (0.00ns)   --->   "%tmp60_cast = zext i4 %tmp60" [D:/GitHub/vivado/vivado/F_Quantization_W8A8/hls_w4a4/src/lenet_w4a4_lc2.cpp:152]   --->   Operation 48 'zext' 'tmp60_cast' <Predicate = (!icmp_ln152)> <Delay = 0.00>
ST_2 : Operation 49 [1/1] (1.91ns)   --->   "%empty_60 = add i8 %tmp60_cast, i8 %empty" [D:/GitHub/vivado/vivado/F_Quantization_W8A8/hls_w4a4/src/lenet_w4a4_lc2.cpp:152]   --->   Operation 49 'add' 'empty_60' <Predicate = (!icmp_ln152)> <Delay = 1.91> <CoreInst = "Adder">   --->   Core 1 'Adder' <Latency = 0> <II = 1> <Delay = 1.91> <FuncUnit> <Opcode : 'add' 'sub'> <InPorts = 2> <OutPorts = 1>
ST_2 : Operation 50 [1/1] (0.00ns)   --->   "%empty_61 = trunc i8 %empty_60" [D:/GitHub/vivado/vivado/F_Quantization_W8A8/hls_w4a4/src/lenet_w4a4_lc2.cpp:152]   --->   Operation 50 'trunc' 'empty_61' <Predicate = (!icmp_ln152)> <Delay = 0.00>
ST_2 : Operation 51 [1/1] (0.00ns)   --->   "%p_shl3 = bitconcatenate i11 @_ssdm_op_BitConcatenate.i11.i7.i4, i7 %empty_61, i4 0" [D:/GitHub/vivado/vivado/F_Quantization_W8A8/hls_w4a4/src/lenet_w4a4_lc2.cpp:152]   --->   Operation 51 'bitconcatenate' 'p_shl3' <Predicate = (!icmp_ln152)> <Delay = 0.00>
ST_2 : Operation 52 [1/1] (0.00ns)   --->   "%p_shl4 = bitconcatenate i9 @_ssdm_op_BitConcatenate.i9.i8.i1, i8 %empty_60, i1 0" [D:/GitHub/vivado/vivado/F_Quantization_W8A8/hls_w4a4/src/lenet_w4a4_lc2.cpp:152]   --->   Operation 52 'bitconcatenate' 'p_shl4' <Predicate = (!icmp_ln152)> <Delay = 0.00>
ST_2 : Operation 53 [1/1] (0.00ns)   --->   "%p_shl22_cast = sext i9 %p_shl4" [D:/GitHub/vivado/vivado/F_Quantization_W8A8/hls_w4a4/src/lenet_w4a4_lc2.cpp:152]   --->   Operation 53 'sext' 'p_shl22_cast' <Predicate = (!icmp_ln152)> <Delay = 0.00>
ST_2 : Operation 54 [1/1] (1.63ns)   --->   "%empty_62 = sub i11 %p_shl3, i11 %p_shl22_cast" [D:/GitHub/vivado/vivado/F_Quantization_W8A8/hls_w4a4/src/lenet_w4a4_lc2.cpp:152]   --->   Operation 54 'sub' 'empty_62' <Predicate = (!icmp_ln152)> <Delay = 1.63> <CoreInst = "Adder">   --->   Core 1 'Adder' <Latency = 0> <II = 1> <Delay = 1.63> <FuncUnit> <Opcode : 'add' 'sub'> <InPorts = 2> <OutPorts = 1>
ST_2 : Operation 55 [1/1] (1.65ns)   --->   "%tmp61 = add i4 %zext_ln147, i4 %zext_ln152_1" [D:/GitHub/vivado/vivado/F_Quantization_W8A8/hls_w4a4/src/lenet_w4a4_lc2.cpp:147]   --->   Operation 55 'add' 'tmp61' <Predicate = (!icmp_ln152)> <Delay = 1.65> <CoreInst = "Adder">   --->   Core 1 'Adder' <Latency = 0> <II = 1> <Delay = 1.65> <FuncUnit> <Opcode : 'add' 'sub'> <InPorts = 2> <OutPorts = 1>
ST_2 : Operation 56 [1/1] (0.00ns)   --->   "%tmp61_cast = zext i4 %tmp61" [D:/GitHub/vivado/vivado/F_Quantization_W8A8/hls_w4a4/src/lenet_w4a4_lc2.cpp:147]   --->   Operation 56 'zext' 'tmp61_cast' <Predicate = (!icmp_ln152)> <Delay = 0.00>
ST_2 : Operation 57 [1/1] (1.78ns)   --->   "%empty_63 = add i5 %tmp61_cast, i5 %p_shl2" [D:/GitHub/vivado/vivado/F_Quantization_W8A8/hls_w4a4/src/lenet_w4a4_lc2.cpp:147]   --->   Operation 57 'add' 'empty_63' <Predicate = (!icmp_ln152)> <Delay = 1.78> <CoreInst = "Adder">   --->   Core 1 'Adder' <Latency = 0> <II = 1> <Delay = 1.78> <FuncUnit> <Opcode : 'add' 'sub'> <InPorts = 2> <OutPorts = 1>
ST_2 : Operation 58 [1/1] (0.00ns)   --->   "%specpipeline_ln0 = specpipeline void @_ssdm_op_SpecPipeline, i32 4294967295, i32 0, i32 1, i32 0, void @p_str"   --->   Operation 58 'specpipeline' 'specpipeline_ln0' <Predicate = true> <Delay = 0.00>
ST_2 : Operation 59 [1/1] (0.00ns)   --->   "%kw_load = load i3 %kw" [D:/GitHub/vivado/vivado/F_Quantization_W8A8/hls_w4a4/src/lenet_w4a4_lc2.cpp:159]   --->   Operation 59 'load' 'kw_load' <Predicate = (!icmp_ln147)> <Delay = 0.00>
ST_2 : Operation 60 [1/1] (0.98ns)   --->   "%select_ln147 = select i1 %icmp_ln152, i3 0, i3 %kh" [D:/GitHub/vivado/vivado/F_Quantization_W8A8/hls_w4a4/src/lenet_w4a4_lc2.cpp:147]   --->   Operation 60 'select' 'select_ln147' <Predicate = (!icmp_ln147)> <Delay = 0.98> <CoreInst = "Sel">   --->   Core 73 'Sel' <Latency = 0> <II = 1> <Delay = 0.98> <FuncUnit> <Opcode : 'select'> <InPorts = 3> <OutPorts = 1>
ST_2 : Operation 61 [1/1] (1.65ns)   --->   "%add_ln147 = add i3 %ic, i3 1" [D:/GitHub/vivado/vivado/F_Quantization_W8A8/hls_w4a4/src/lenet_w4a4_lc2.cpp:147]   --->   Operation 61 'add' 'add_ln147' <Predicate = (!icmp_ln147)> <Delay = 1.65> <CoreInst = "Adder">   --->   Core 1 'Adder' <Latency = 0> <II = 1> <Delay = 1.65> <FuncUnit> <Opcode : 'add' 'sub'> <InPorts = 2> <OutPorts = 1>
ST_2 : Operation 62 [1/1] (0.00ns)   --->   "%zext_ln147_1 = zext i3 %add_ln147" [D:/GitHub/vivado/vivado/F_Quantization_W8A8/hls_w4a4/src/lenet_w4a4_lc2.cpp:147]   --->   Operation 62 'zext' 'zext_ln147_1' <Predicate = (!icmp_ln147 & icmp_ln152)> <Delay = 0.00>
ST_2 : Operation 63 [1/1] (0.98ns)   --->   "%select_ln147_1 = select i1 %icmp_ln152, i3 %add_ln147, i3 %ic" [D:/GitHub/vivado/vivado/F_Quantization_W8A8/hls_w4a4/src/lenet_w4a4_lc2.cpp:147]   --->   Operation 63 'select' 'select_ln147_1' <Predicate = (!icmp_ln147)> <Delay = 0.98> <CoreInst = "Sel">   --->   Core 73 'Sel' <Latency = 0> <II = 1> <Delay = 0.98> <FuncUnit> <Opcode : 'select'> <InPorts = 3> <OutPorts = 1>
ST_2 : Operation 64 [1/1] (0.00ns)   --->   "%zext_ln147_2 = zext i3 %select_ln147_1" [D:/GitHub/vivado/vivado/F_Quantization_W8A8/hls_w4a4/src/lenet_w4a4_lc2.cpp:147]   --->   Operation 64 'zext' 'zext_ln147_2' <Predicate = (!icmp_ln147)> <Delay = 0.00>
ST_2 : Operation 65 [1/1] (0.00ns)   --->   "%p_shl18_mid1 = bitconcatenate i7 @_ssdm_op_BitConcatenate.i7.i3.i4, i3 %add_ln147, i4 0" [D:/GitHub/vivado/vivado/F_Quantization_W8A8/hls_w4a4/src/lenet_w4a4_lc2.cpp:147]   --->   Operation 65 'bitconcatenate' 'p_shl18_mid1' <Predicate = (!icmp_ln147)> <Delay = 0.00>
ST_2 : Operation 66 [1/1] (0.00ns)   --->   "%p_shl18_cast_mid1 = zext i7 %p_shl18_mid1" [D:/GitHub/vivado/vivado/F_Quantization_W8A8/hls_w4a4/src/lenet_w4a4_lc2.cpp:147]   --->   Operation 66 'zext' 'p_shl18_cast_mid1' <Predicate = (!icmp_ln147)> <Delay = 0.00>
ST_2 : Operation 67 [1/1] (0.00ns)   --->   "%p_shl19_mid1 = bitconcatenate i4 @_ssdm_op_BitConcatenate.i4.i3.i1, i3 %add_ln147, i1 0" [D:/GitHub/vivado/vivado/F_Quantization_W8A8/hls_w4a4/src/lenet_w4a4_lc2.cpp:147]   --->   Operation 67 'bitconcatenate' 'p_shl19_mid1' <Predicate = (!icmp_ln147)> <Delay = 0.00>
ST_2 : Operation 68 [1/1] (0.00ns)   --->   "%p_shl19_cast_mid1 = zext i4 %p_shl19_mid1" [D:/GitHub/vivado/vivado/F_Quantization_W8A8/hls_w4a4/src/lenet_w4a4_lc2.cpp:147]   --->   Operation 68 'zext' 'p_shl19_cast_mid1' <Predicate = (!icmp_ln147)> <Delay = 0.00>
ST_2 : Operation 69 [1/1] (1.87ns)   --->   "%p_mid1139 = sub i8 %p_shl18_cast_mid1, i8 %p_shl19_cast_mid1" [D:/GitHub/vivado/vivado/F_Quantization_W8A8/hls_w4a4/src/lenet_w4a4_lc2.cpp:147]   --->   Operation 69 'sub' 'p_mid1139' <Predicate = (!icmp_ln147)> <Delay = 1.87> <CoreInst = "Adder">   --->   Core 1 'Adder' <Latency = 0> <II = 1> <Delay = 1.87> <FuncUnit> <Opcode : 'add' 'sub'> <InPorts = 2> <OutPorts = 1>
ST_2 : Operation 70 [1/1] (0.00ns) (grouped into LUT with out node p_mid1120)   --->   "%select_ln147_2 = select i1 %icmp_ln152, i8 %p_mid1139, i8 %empty" [D:/GitHub/vivado/vivado/F_Quantization_W8A8/hls_w4a4/src/lenet_w4a4_lc2.cpp:147]   --->   Operation 70 'select' 'select_ln147_2' <Predicate = (!icmp_ln147)> <Delay = 0.00> <CoreInst = "Sel">   --->   Core 73 'Sel' <Latency = 0> <II = 1> <Delay = 1.24> <FuncUnit> <Opcode : 'select'> <InPorts = 3> <OutPorts = 1>
ST_2 : Operation 71 [1/1] (0.00ns)   --->   "%p_shl17_mid1 = bitconcatenate i5 @_ssdm_op_BitConcatenate.i5.i3.i2, i3 %add_ln147, i2 0" [D:/GitHub/vivado/vivado/F_Quantization_W8A8/hls_w4a4/src/lenet_w4a4_lc2.cpp:147]   --->   Operation 71 'bitconcatenate' 'p_shl17_mid1' <Predicate = (!icmp_ln147)> <Delay = 0.00>
ST_2 : Operation 72 [1/1] (0.00ns) (grouped into LUT with out node p_mid1124)   --->   "%select_ln147_3 = select i1 %icmp_ln152, i5 %p_shl17_mid1, i5 %p_shl2" [D:/GitHub/vivado/vivado/F_Quantization_W8A8/hls_w4a4/src/lenet_w4a4_lc2.cpp:147]   --->   Operation 72 'select' 'select_ln147_3' <Predicate = (!icmp_ln147)> <Delay = 0.00> <CoreInst = "Sel">   --->   Core 73 'Sel' <Latency = 0> <II = 1> <Delay = 1.21> <FuncUnit> <Opcode : 'select'> <InPorts = 3> <OutPorts = 1>
ST_2 : Operation 73 [1/1] (0.00ns) (grouped into LUT with out node xor_ln172_1)   --->   "%trunc_ln147 = trunc i3 %select_ln147_1" [D:/GitHub/vivado/vivado/F_Quantization_W8A8/hls_w4a4/src/lenet_w4a4_lc2.cpp:147]   --->   Operation 73 'trunc' 'trunc_ln147' <Predicate = (!icmp_ln147)> <Delay = 0.00>
ST_2 : Operation 74 [1/1] (1.91ns)   --->   "%p_mid1147 = add i8 %tmp60_cast_mid1145_cast, i8 %p_mid1139" [D:/GitHub/vivado/vivado/F_Quantization_W8A8/hls_w4a4/src/lenet_w4a4_lc2.cpp:147]   --->   Operation 74 'add' 'p_mid1147' <Predicate = (!icmp_ln147 & icmp_ln152)> <Delay = 1.91> <CoreInst = "Adder">   --->   Core 1 'Adder' <Latency = 0> <II = 1> <Delay = 1.91> <FuncUnit> <Opcode : 'add' 'sub'> <InPorts = 2> <OutPorts = 1>
ST_2 : Operation 75 [1/1] (0.00ns)   --->   "%empty_65 = trunc i8 %p_mid1147" [D:/GitHub/vivado/vivado/F_Quantization_W8A8/hls_w4a4/src/lenet_w4a4_lc2.cpp:147]   --->   Operation 75 'trunc' 'empty_65' <Predicate = (!icmp_ln147 & icmp_ln152)> <Delay = 0.00>
ST_2 : Operation 76 [1/1] (0.00ns)   --->   "%p_shl21_mid = bitconcatenate i11 @_ssdm_op_BitConcatenate.i11.i7.i4, i7 %empty_65, i4 0" [D:/GitHub/vivado/vivado/F_Quantization_W8A8/hls_w4a4/src/lenet_w4a4_lc2.cpp:147]   --->   Operation 76 'bitconcatenate' 'p_shl21_mid' <Predicate = (!icmp_ln147 & icmp_ln152)> <Delay = 0.00>
ST_2 : Operation 77 [1/1] (0.00ns)   --->   "%p_shl22_mid = bitconcatenate i9 @_ssdm_op_BitConcatenate.i9.i8.i1, i8 %p_mid1147, i1 0" [D:/GitHub/vivado/vivado/F_Quantization_W8A8/hls_w4a4/src/lenet_w4a4_lc2.cpp:147]   --->   Operation 77 'bitconcatenate' 'p_shl22_mid' <Predicate = (!icmp_ln147 & icmp_ln152)> <Delay = 0.00>
ST_2 : Operation 78 [1/1] (0.00ns)   --->   "%p_shl22_cast_mid1157 = sext i9 %p_shl22_mid" [D:/GitHub/vivado/vivado/F_Quantization_W8A8/hls_w4a4/src/lenet_w4a4_lc2.cpp:147]   --->   Operation 78 'sext' 'p_shl22_cast_mid1157' <Predicate = (!icmp_ln147 & icmp_ln152)> <Delay = 0.00>
ST_2 : Operation 79 [1/1] (1.63ns)   --->   "%p_mid1159 = sub i11 %p_shl21_mid, i11 %p_shl22_cast_mid1157" [D:/GitHub/vivado/vivado/F_Quantization_W8A8/hls_w4a4/src/lenet_w4a4_lc2.cpp:147]   --->   Operation 79 'sub' 'p_mid1159' <Predicate = (!icmp_ln147 & icmp_ln152)> <Delay = 1.63> <CoreInst = "Adder">   --->   Core 1 'Adder' <Latency = 0> <II = 1> <Delay = 1.63> <FuncUnit> <Opcode : 'add' 'sub'> <InPorts = 2> <OutPorts = 1>
ST_2 : Operation 80 [1/1] (0.97ns)   --->   "%xor_ln147 = xor i1 %icmp_ln152, i1 1" [D:/GitHub/vivado/vivado/F_Quantization_W8A8/hls_w4a4/src/lenet_w4a4_lc2.cpp:147]   --->   Operation 80 'xor' 'xor_ln147' <Predicate = (!icmp_ln147)> <Delay = 0.97> <CoreInst = "LogicGate">   --->   Core 74 'LogicGate' <Latency = 0> <II = 1> <Delay = 0.97> <FuncUnit> <Opcode : 'and' 'or' 'xor'> <InPorts = 2> <OutPorts = 1>
ST_2 : Operation 81 [1/1] (0.00ns) (grouped into LUT with out node xor_ln172_1)   --->   "%empty_66 = trunc i3 %kh"   --->   Operation 81 'trunc' 'empty_66' <Predicate = (!icmp_ln147)> <Delay = 0.00>
ST_2 : Operation 82 [1/1] (0.00ns) (grouped into LUT with out node xor_ln172_1)   --->   "%and_ln147 = and i1 %empty_66, i1 %xor_ln147" [D:/GitHub/vivado/vivado/F_Quantization_W8A8/hls_w4a4/src/lenet_w4a4_lc2.cpp:147]   --->   Operation 82 'and' 'and_ln147' <Predicate = (!icmp_ln147)> <Delay = 0.00> <CoreInst = "LogicGate">   --->   Core 74 'LogicGate' <Latency = 0> <II = 1> <Delay = 0.97> <FuncUnit> <Opcode : 'and' 'or' 'xor'> <InPorts = 2> <OutPorts = 1>
ST_2 : Operation 83 [1/1] (1.78ns)   --->   "%p_mid1167 = add i5 %zext_ln147_1, i5 %p_shl17_mid1" [D:/GitHub/vivado/vivado/F_Quantization_W8A8/hls_w4a4/src/lenet_w4a4_lc2.cpp:147]   --->   Operation 83 'add' 'p_mid1167' <Predicate = (!icmp_ln147 & icmp_ln152)> <Delay = 1.78> <CoreInst = "Adder">   --->   Core 1 'Adder' <Latency = 0> <II = 1> <Delay = 1.78> <FuncUnit> <Opcode : 'add' 'sub'> <InPorts = 2> <OutPorts = 1>
ST_2 : Operation 84 [1/1] (0.00ns) (grouped into LUT with out node select_ln152_3)   --->   "%select_ln147_5 = select i1 %icmp_ln152, i5 %p_mid1167, i5 %empty_63" [D:/GitHub/vivado/vivado/F_Quantization_W8A8/hls_w4a4/src/lenet_w4a4_lc2.cpp:147]   --->   Operation 84 'select' 'select_ln147_5' <Predicate = (!icmp_ln147)> <Delay = 0.00> <CoreInst = "Sel">   --->   Core 73 'Sel' <Latency = 0> <II = 1> <Delay = 1.21> <FuncUnit> <Opcode : 'select'> <InPorts = 3> <OutPorts = 1>
ST_2 : Operation 85 [1/1] (1.13ns)   --->   "%icmp_ln159 = icmp_eq  i3 %kw_load, i3 5" [D:/GitHub/vivado/vivado/F_Quantization_W8A8/hls_w4a4/src/lenet_w4a4_lc2.cpp:159]   --->   Operation 85 'icmp' 'icmp_ln159' <Predicate = (!icmp_ln147)> <Delay = 1.13> <CoreInst = "Cmp">   --->   Core 9 'Cmp' <Latency = 0> <II = 1> <Delay = 1.13> <FuncUnit> <Opcode : 'icmp'> <InPorts = 2> <OutPorts = 1>
ST_2 : Operation 86 [1/1] (0.97ns)   --->   "%and_ln147_1 = and i1 %icmp_ln159, i1 %xor_ln147" [D:/GitHub/vivado/vivado/F_Quantization_W8A8/hls_w4a4/src/lenet_w4a4_lc2.cpp:147]   --->   Operation 86 'and' 'and_ln147_1' <Predicate = (!icmp_ln147)> <Delay = 0.97> <CoreInst = "LogicGate">   --->   Core 74 'LogicGate' <Latency = 0> <II = 1> <Delay = 0.97> <FuncUnit> <Opcode : 'and' 'or' 'xor'> <InPorts = 2> <OutPorts = 1>
ST_2 : Operation 87 [1/1] (1.65ns)   --->   "%add_ln153 = add i3 %select_ln147, i3 1" [D:/GitHub/vivado/vivado/F_Quantization_W8A8/hls_w4a4/src/lenet_w4a4_lc2.cpp:153]   --->   Operation 87 'add' 'add_ln153' <Predicate = (!icmp_ln147)> <Delay = 1.65> <CoreInst = "Adder">   --->   Core 1 'Adder' <Latency = 0> <II = 1> <Delay = 1.65> <FuncUnit> <Opcode : 'add' 'sub'> <InPorts = 2> <OutPorts = 1>
ST_2 : Operation 88 [1/1] (0.00ns) (grouped into LUT with out node select_ln152)   --->   "%or_ln152 = or i1 %and_ln147_1, i1 %icmp_ln152" [D:/GitHub/vivado/vivado/F_Quantization_W8A8/hls_w4a4/src/lenet_w4a4_lc2.cpp:152]   --->   Operation 88 'or' 'or_ln152' <Predicate = (!icmp_ln147)> <Delay = 0.00> <CoreInst = "LogicGate">   --->   Core 74 'LogicGate' <Latency = 0> <II = 1> <Delay = 0.97> <FuncUnit> <Opcode : 'and' 'or' 'xor'> <InPorts = 2> <OutPorts = 1>
ST_2 : Operation 89 [1/1] (0.98ns) (out node of the LUT)   --->   "%select_ln152 = select i1 %or_ln152, i3 0, i3 %kw_load" [D:/GitHub/vivado/vivado/F_Quantization_W8A8/hls_w4a4/src/lenet_w4a4_lc2.cpp:152]   --->   Operation 89 'select' 'select_ln152' <Predicate = (!icmp_ln147)> <Delay = 0.98> <CoreInst = "Sel">   --->   Core 73 'Sel' <Latency = 0> <II = 1> <Delay = 0.98> <FuncUnit> <Opcode : 'select'> <InPorts = 3> <OutPorts = 1>
ST_2 : Operation 90 [1/1] (0.00ns)   --->   "%zext_ln152 = zext i3 %add_ln153" [D:/GitHub/vivado/vivado/F_Quantization_W8A8/hls_w4a4/src/lenet_w4a4_lc2.cpp:152]   --->   Operation 90 'zext' 'zext_ln152' <Predicate = (!icmp_ln147)> <Delay = 0.00>
ST_2 : Operation 91 [1/1] (1.73ns)   --->   "%tmp60_mid1 = add i4 %select_ln138_8_read, i4 %zext_ln152" [D:/GitHub/vivado/vivado/F_Quantization_W8A8/hls_w4a4/src/lenet_w4a4_lc2.cpp:152]   --->   Operation 91 'add' 'tmp60_mid1' <Predicate = (!icmp_ln147)> <Delay = 1.73> <CoreInst = "Adder">   --->   Core 1 'Adder' <Latency = 0> <II = 1> <Delay = 1.73> <FuncUnit> <Opcode : 'add' 'sub'> <InPorts = 2> <OutPorts = 1>
ST_2 : Operation 92 [1/1] (0.00ns) (grouped into LUT with out node p_mid1120)   --->   "%tmp60_cast_mid1 = zext i4 %tmp60_mid1" [D:/GitHub/vivado/vivado/F_Quantization_W8A8/hls_w4a4/src/lenet_w4a4_lc2.cpp:152]   --->   Operation 92 'zext' 'tmp60_cast_mid1' <Predicate = (!icmp_ln147)> <Delay = 0.00>
ST_2 : Operation 93 [1/1] (1.91ns) (out node of the LUT)   --->   "%p_mid1120 = add i8 %tmp60_cast_mid1, i8 %select_ln147_2" [D:/GitHub/vivado/vivado/F_Quantization_W8A8/hls_w4a4/src/lenet_w4a4_lc2.cpp:152]   --->   Operation 93 'add' 'p_mid1120' <Predicate = (!icmp_ln147)> <Delay = 1.91> <CoreInst = "Adder">   --->   Core 1 'Adder' <Latency = 0> <II = 1> <Delay = 1.91> <FuncUnit> <Opcode : 'add' 'sub'> <InPorts = 2> <OutPorts = 1>
ST_2 : Operation 94 [1/1] (0.00ns)   --->   "%empty_67 = trunc i8 %p_mid1120" [D:/GitHub/vivado/vivado/F_Quantization_W8A8/hls_w4a4/src/lenet_w4a4_lc2.cpp:152]   --->   Operation 94 'trunc' 'empty_67' <Predicate = (!icmp_ln147)> <Delay = 0.00>
ST_2 : Operation 95 [1/1] (0.00ns) (grouped into LUT with out node xor_ln172_1)   --->   "%empty_68 = trunc i3 %add_ln153" [D:/GitHub/vivado/vivado/F_Quantization_W8A8/hls_w4a4/src/lenet_w4a4_lc2.cpp:153]   --->   Operation 95 'trunc' 'empty_68' <Predicate = (!icmp_ln147)> <Delay = 0.00>
ST_2 : Operation 96 [1/1] (0.00ns) (grouped into LUT with out node xor_ln172_1)   --->   "%select_ln152_2 = select i1 %and_ln147_1, i1 %empty_68, i1 %and_ln147" [D:/GitHub/vivado/vivado/F_Quantization_W8A8/hls_w4a4/src/lenet_w4a4_lc2.cpp:152]   --->   Operation 96 'select' 'select_ln152_2' <Predicate = (!icmp_ln147)> <Delay = 0.00> <CoreInst = "Sel">   --->   Core 73 'Sel' <Latency = 0> <II = 1> <Delay = 0.99> <FuncUnit> <Opcode : 'select'> <InPorts = 3> <OutPorts = 1>
ST_2 : Operation 97 [1/1] (1.65ns)   --->   "%tmp61_mid1 = add i4 %zext_ln147_2, i4 %zext_ln152" [D:/GitHub/vivado/vivado/F_Quantization_W8A8/hls_w4a4/src/lenet_w4a4_lc2.cpp:147]   --->   Operation 97 'add' 'tmp61_mid1' <Predicate = (!icmp_ln147)> <Delay = 1.65> <CoreInst = "Adder">   --->   Core 1 'Adder' <Latency = 0> <II = 1> <Delay = 1.65> <FuncUnit> <Opcode : 'add' 'sub'> <InPorts = 2> <OutPorts = 1>
ST_2 : Operation 98 [1/1] (0.00ns) (grouped into LUT with out node p_mid1124)   --->   "%tmp61_cast_mid1 = zext i4 %tmp61_mid1" [D:/GitHub/vivado/vivado/F_Quantization_W8A8/hls_w4a4/src/lenet_w4a4_lc2.cpp:147]   --->   Operation 98 'zext' 'tmp61_cast_mid1' <Predicate = (!icmp_ln147)> <Delay = 0.00>
ST_2 : Operation 99 [1/1] (1.78ns) (out node of the LUT)   --->   "%p_mid1124 = add i5 %tmp61_cast_mid1, i5 %select_ln147_3" [D:/GitHub/vivado/vivado/F_Quantization_W8A8/hls_w4a4/src/lenet_w4a4_lc2.cpp:147]   --->   Operation 99 'add' 'p_mid1124' <Predicate = (!icmp_ln147)> <Delay = 1.78> <CoreInst = "Adder">   --->   Core 1 'Adder' <Latency = 0> <II = 1> <Delay = 1.78> <FuncUnit> <Opcode : 'add' 'sub'> <InPorts = 2> <OutPorts = 1>
ST_2 : Operation 100 [1/1] (1.21ns) (out node of the LUT)   --->   "%select_ln152_3 = select i1 %and_ln147_1, i5 %p_mid1124, i5 %select_ln147_5" [D:/GitHub/vivado/vivado/F_Quantization_W8A8/hls_w4a4/src/lenet_w4a4_lc2.cpp:152]   --->   Operation 100 'select' 'select_ln152_3' <Predicate = (!icmp_ln147)> <Delay = 1.21> <CoreInst = "Sel">   --->   Core 73 'Sel' <Latency = 0> <II = 1> <Delay = 1.21> <FuncUnit> <Opcode : 'select'> <InPorts = 3> <OutPorts = 1>
ST_2 : Operation 101 [1/1] (0.98ns)   --->   "%select_ln152_4 = select i1 %and_ln147_1, i3 %add_ln153, i3 %select_ln147" [D:/GitHub/vivado/vivado/F_Quantization_W8A8/hls_w4a4/src/lenet_w4a4_lc2.cpp:152]   --->   Operation 101 'select' 'select_ln152_4' <Predicate = (!icmp_ln147)> <Delay = 0.98> <CoreInst = "Sel">   --->   Core 73 'Sel' <Latency = 0> <II = 1> <Delay = 0.98> <FuncUnit> <Opcode : 'select'> <InPorts = 3> <OutPorts = 1>
ST_2 : Operation 102 [1/1] (0.00ns)   --->   "%kw_1_cast = zext i3 %select_ln152" [D:/GitHub/vivado/vivado/F_Quantization_W8A8/hls_w4a4/src/lenet_w4a4_lc2.cpp:152]   --->   Operation 102 'zext' 'kw_1_cast' <Predicate = (!icmp_ln147)> <Delay = 0.00>
ST_2 : Operation 103 [1/1] (1.73ns)   --->   "%add_ln167 = add i4 %select_ln138_7_read, i4 %kw_1_cast" [D:/GitHub/vivado/vivado/F_Quantization_W8A8/hls_w4a4/src/lenet_w4a4_lc2.cpp:167]   --->   Operation 103 'add' 'add_ln167' <Predicate = (!icmp_ln147)> <Delay = 1.73> <CoreInst = "Adder">   --->   Core 1 'Adder' <Latency = 0> <II = 1> <Delay = 1.73> <FuncUnit> <Opcode : 'add' 'sub'> <InPorts = 2> <OutPorts = 1>
ST_2 : Operation 104 [1/1] (0.00ns) (grouped into LUT with out node xor_ln172_1)   --->   "%trunc_ln170 = trunc i3 %select_ln152" [D:/GitHub/vivado/vivado/F_Quantization_W8A8/hls_w4a4/src/lenet_w4a4_lc2.cpp:170]   --->   Operation 104 'trunc' 'trunc_ln170' <Predicate = (!icmp_ln147)> <Delay = 0.00>
ST_2 : Operation 105 [1/1] (0.00ns) (grouped into LUT with out node xor_ln172_1)   --->   "%xor_ln172 = xor i1 %trunc_ln147, i1 %trunc_ln170" [D:/GitHub/vivado/vivado/F_Quantization_W8A8/hls_w4a4/src/lenet_w4a4_lc2.cpp:172]   --->   Operation 105 'xor' 'xor_ln172' <Predicate = (!icmp_ln147)> <Delay = 0.00> <CoreInst = "LogicGate">   --->   Core 74 'LogicGate' <Latency = 0> <II = 1> <Delay = 0.97> <FuncUnit> <Opcode : 'and' 'or' 'xor'> <InPorts = 2> <OutPorts = 1>
ST_2 : Operation 106 [1/1] (0.99ns) (out node of the LUT)   --->   "%xor_ln172_1 = xor i1 %xor_ln172, i1 %select_ln152_2" [D:/GitHub/vivado/vivado/F_Quantization_W8A8/hls_w4a4/src/lenet_w4a4_lc2.cpp:172]   --->   Operation 106 'xor' 'xor_ln172_1' <Predicate = (!icmp_ln147)> <Delay = 0.99> <CoreInst = "LogicGate">   --->   Core 74 'LogicGate' <Latency = 0> <II = 1> <Delay = 0.97> <FuncUnit> <Opcode : 'and' 'or' 'xor'> <InPorts = 2> <OutPorts = 1>
ST_2 : Operation 107 [1/1] (1.65ns)   --->   "%add_ln160 = add i3 %select_ln152, i3 1" [D:/GitHub/vivado/vivado/F_Quantization_W8A8/hls_w4a4/src/lenet_w4a4_lc2.cpp:160]   --->   Operation 107 'add' 'add_ln160' <Predicate = (!icmp_ln147)> <Delay = 1.65> <CoreInst = "Adder">   --->   Core 1 'Adder' <Latency = 0> <II = 1> <Delay = 1.65> <FuncUnit> <Opcode : 'add' 'sub'> <InPorts = 2> <OutPorts = 1>
ST_2 : Operation 108 [1/1] (1.58ns)   --->   "%store_ln157 = store i3 %select_ln147_1, i3 %ic_1" [D:/GitHub/vivado/vivado/F_Quantization_W8A8/hls_w4a4/src/lenet_w4a4_lc2.cpp:157]   --->   Operation 108 'store' 'store_ln157' <Predicate = (!icmp_ln147)> <Delay = 1.58>
ST_2 : Operation 109 [1/1] (1.58ns)   --->   "%store_ln157 = store i3 %select_ln152_4, i3 %kh_1" [D:/GitHub/vivado/vivado/F_Quantization_W8A8/hls_w4a4/src/lenet_w4a4_lc2.cpp:157]   --->   Operation 109 'store' 'store_ln157' <Predicate = (!icmp_ln147)> <Delay = 1.58>
ST_2 : Operation 110 [1/1] (1.58ns)   --->   "%store_ln157 = store i3 %add_ln160, i3 %kw" [D:/GitHub/vivado/vivado/F_Quantization_W8A8/hls_w4a4/src/lenet_w4a4_lc2.cpp:157]   --->   Operation 110 'store' 'store_ln157' <Predicate = (!icmp_ln147)> <Delay = 1.58>

State 3 <SV = 2> <Delay = 6.53>
ST_3 : Operation 111 [1/1] (0.00ns) (grouped into LUT with out node add_ln167_2)   --->   "%select_ln147_4 = select i1 %icmp_ln152, i11 %p_mid1159, i11 %empty_62" [D:/GitHub/vivado/vivado/F_Quantization_W8A8/hls_w4a4/src/lenet_w4a4_lc2.cpp:147]   --->   Operation 111 'select' 'select_ln147_4' <Predicate = (!and_ln147_1)> <Delay = 0.00> <CoreInst = "Sel">   --->   Core 73 'Sel' <Latency = 0> <II = 1> <Delay = 0.69> <FuncUnit> <Opcode : 'select'> <InPorts = 3> <OutPorts = 1>
ST_3 : Operation 112 [1/1] (0.00ns)   --->   "%p_shl21_mid1 = bitconcatenate i11 @_ssdm_op_BitConcatenate.i11.i7.i4, i7 %empty_67, i4 0" [D:/GitHub/vivado/vivado/F_Quantization_W8A8/hls_w4a4/src/lenet_w4a4_lc2.cpp:152]   --->   Operation 112 'bitconcatenate' 'p_shl21_mid1' <Predicate = (and_ln147_1)> <Delay = 0.00>
ST_3 : Operation 113 [1/1] (0.00ns)   --->   "%p_shl22_mid1 = bitconcatenate i9 @_ssdm_op_BitConcatenate.i9.i8.i1, i8 %p_mid1120, i1 0" [D:/GitHub/vivado/vivado/F_Quantization_W8A8/hls_w4a4/src/lenet_w4a4_lc2.cpp:152]   --->   Operation 113 'bitconcatenate' 'p_shl22_mid1' <Predicate = (and_ln147_1)> <Delay = 0.00>
ST_3 : Operation 114 [1/1] (0.00ns)   --->   "%p_shl22_cast_mid1 = sext i9 %p_shl22_mid1" [D:/GitHub/vivado/vivado/F_Quantization_W8A8/hls_w4a4/src/lenet_w4a4_lc2.cpp:152]   --->   Operation 114 'sext' 'p_shl22_cast_mid1' <Predicate = (and_ln147_1)> <Delay = 0.00>
ST_3 : Operation 115 [1/1] (1.63ns)   --->   "%p_mid1122 = sub i11 %p_shl21_mid1, i11 %p_shl22_cast_mid1" [D:/GitHub/vivado/vivado/F_Quantization_W8A8/hls_w4a4/src/lenet_w4a4_lc2.cpp:152]   --->   Operation 115 'sub' 'p_mid1122' <Predicate = (and_ln147_1)> <Delay = 1.63> <CoreInst = "Adder">   --->   Core 1 'Adder' <Latency = 0> <II = 1> <Delay = 1.63> <FuncUnit> <Opcode : 'add' 'sub'> <InPorts = 2> <OutPorts = 1>
ST_3 : Operation 116 [1/1] (0.00ns) (grouped into LUT with out node add_ln167_2)   --->   "%select_ln152_1 = select i1 %and_ln147_1, i11 %p_mid1122, i11 %select_ln147_4" [D:/GitHub/vivado/vivado/F_Quantization_W8A8/hls_w4a4/src/lenet_w4a4_lc2.cpp:152]   --->   Operation 116 'select' 'select_ln152_1' <Predicate = true> <Delay = 0.00> <CoreInst = "Sel">   --->   Core 73 'Sel' <Latency = 0> <II = 1> <Delay = 0.69> <FuncUnit> <Opcode : 'select'> <InPorts = 3> <OutPorts = 1>
ST_3 : Operation 117 [1/1] (0.00ns)   --->   "%zext_ln152_2 = zext i5 %select_ln152_3" [D:/GitHub/vivado/vivado/F_Quantization_W8A8/hls_w4a4/src/lenet_w4a4_lc2.cpp:152]   --->   Operation 117 'zext' 'zext_ln152_2' <Predicate = true> <Delay = 0.00>
ST_3 : Operation 118 [1/1] (0.00ns)   --->   "%zext_ln157_mid2_v = bitconcatenate i7 @_ssdm_op_BitConcatenate.i7.i5.i2, i5 %select_ln152_3, i2 0" [D:/GitHub/vivado/vivado/F_Quantization_W8A8/hls_w4a4/src/lenet_w4a4_lc2.cpp:152]   --->   Operation 118 'bitconcatenate' 'zext_ln157_mid2_v' <Predicate = true> <Delay = 0.00>
ST_3 : Operation 119 [1/1] (0.00ns)   --->   "%zext_ln152_3 = zext i7 %zext_ln157_mid2_v" [D:/GitHub/vivado/vivado/F_Quantization_W8A8/hls_w4a4/src/lenet_w4a4_lc2.cpp:152]   --->   Operation 119 'zext' 'zext_ln152_3' <Predicate = true> <Delay = 0.00>
ST_3 : Operation 120 [1/1] (0.00ns)   --->   "%kw_1_cast128 = zext i3 %select_ln152" [D:/GitHub/vivado/vivado/F_Quantization_W8A8/hls_w4a4/src/lenet_w4a4_lc2.cpp:152]   --->   Operation 120 'zext' 'kw_1_cast128' <Predicate = true> <Delay = 0.00>
ST_3 : Operation 121 [1/1] (0.00ns) (grouped into LUT with out node add_ln167_2)   --->   "%zext_ln167 = zext i4 %add_ln167" [D:/GitHub/vivado/vivado/F_Quantization_W8A8/hls_w4a4/src/lenet_w4a4_lc2.cpp:167]   --->   Operation 121 'zext' 'zext_ln167' <Predicate = true> <Delay = 0.00>
ST_3 : Operation 122 [1/1] (1.63ns) (out node of the LUT)   --->   "%add_ln167_2 = add i11 %zext_ln167, i11 %select_ln152_1" [D:/GitHub/vivado/vivado/F_Quantization_W8A8/hls_w4a4/src/lenet_w4a4_lc2.cpp:167]   --->   Operation 122 'add' 'add_ln167_2' <Predicate = true> <Delay = 1.63> <CoreInst = "Adder">   --->   Core 1 'Adder' <Latency = 0> <II = 1> <Delay = 1.63> <FuncUnit> <Opcode : 'add' 'sub'> <InPorts = 2> <OutPorts = 1>
ST_3 : Operation 123 [1/1] (0.00ns)   --->   "%zext_ln170 = zext i11 %add_ln167_2" [D:/GitHub/vivado/vivado/F_Quantization_W8A8/hls_w4a4/src/lenet_w4a4_lc2.cpp:170]   --->   Operation 123 'zext' 'zext_ln170' <Predicate = true> <Delay = 0.00>
ST_3 : Operation 124 [1/1] (1.78ns)   --->   "%add_ln170_1 = add i6 %zext_ln152_2, i6 %kw_1_cast128" [D:/GitHub/vivado/vivado/F_Quantization_W8A8/hls_w4a4/src/lenet_w4a4_lc2.cpp:170]   --->   Operation 124 'add' 'add_ln170_1' <Predicate = true> <Delay = 1.78> <CoreInst = "Adder">   --->   Core 1 'Adder' <Latency = 0> <II = 1> <Delay = 1.78> <FuncUnit> <Opcode : 'add' 'sub'> <InPorts = 2> <OutPorts = 1>
ST_3 : Operation 125 [1/1] (0.00ns)   --->   "%zext_ln170_1 = zext i6 %add_ln170_1" [D:/GitHub/vivado/vivado/F_Quantization_W8A8/hls_w4a4/src/lenet_w4a4_lc2.cpp:170]   --->   Operation 125 'zext' 'zext_ln170_1' <Predicate = true> <Delay = 0.00>
ST_3 : Operation 126 [1/1] (1.87ns)   --->   "%add_ln170 = add i8 %zext_ln170_1, i8 %zext_ln152_3" [D:/GitHub/vivado/vivado/F_Quantization_W8A8/hls_w4a4/src/lenet_w4a4_lc2.cpp:170]   --->   Operation 126 'add' 'add_ln170' <Predicate = true> <Delay = 1.87> <CoreInst = "Adder">   --->   Core 1 'Adder' <Latency = 0> <II = 1> <Delay = 1.87> <FuncUnit> <Opcode : 'add' 'sub'> <InPorts = 2> <OutPorts = 1>
ST_3 : Operation 127 [1/1] (0.00ns)   --->   "%lshr_ln172_1 = partselect i7 @_ssdm_op_PartSelect.i7.i8.i32.i32, i8 %add_ln170, i32 1, i32 7" [D:/GitHub/vivado/vivado/F_Quantization_W8A8/hls_w4a4/src/lenet_w4a4_lc2.cpp:172]   --->   Operation 127 'partselect' 'lshr_ln172_1' <Predicate = true> <Delay = 0.00>
ST_3 : Operation 128 [1/1] (0.00ns)   --->   "%zext_ln172 = zext i7 %lshr_ln172_1" [D:/GitHub/vivado/vivado/F_Quantization_W8A8/hls_w4a4/src/lenet_w4a4_lc2.cpp:172]   --->   Operation 128 'zext' 'zext_ln172' <Predicate = true> <Delay = 0.00>
ST_3 : Operation 129 [1/1] (0.00ns)   --->   "%local_weight_V_2_addr = getelementptr i4 %local_weight_V_2, i64 0, i64 %zext_ln172" [D:/GitHub/vivado/vivado/F_Quantization_W8A8/hls_w4a4/src/lenet_w4a4_lc2.cpp:172]   --->   Operation 129 'getelementptr' 'local_weight_V_2_addr' <Predicate = true> <Delay = 0.00>
ST_3 : Operation 130 [1/1] (0.00ns)   --->   "%local_weight_V_3_addr = getelementptr i4 %local_weight_V_3, i64 0, i64 %zext_ln172" [D:/GitHub/vivado/vivado/F_Quantization_W8A8/hls_w4a4/src/lenet_w4a4_lc2.cpp:172]   --->   Operation 130 'getelementptr' 'local_weight_V_3_addr' <Predicate = true> <Delay = 0.00>
ST_3 : Operation 131 [2/2] (2.32ns)   --->   "%local_weight_V_2_load = load i7 %local_weight_V_2_addr" [D:/GitHub/vivado/vivado/F_Quantization_W8A8/hls_w4a4/src/lenet_w4a4_lc2.cpp:172]   --->   Operation 131 'load' 'local_weight_V_2_load' <Predicate = true> <Delay = 2.32> <CoreInst = "RAM">   --->   Core 82 'RAM' <Latency = 1> <II = 1> <Delay = 2.32> <Storage> <Opcode : 'load' 'store'> <Ports = 2> <Width = 4> <Depth = 75> <RAM>
ST_3 : Operation 132 [2/2] (2.32ns)   --->   "%local_weight_V_3_load = load i7 %local_weight_V_3_addr" [D:/GitHub/vivado/vivado/F_Quantization_W8A8/hls_w4a4/src/lenet_w4a4_lc2.cpp:172]   --->   Operation 132 'load' 'local_weight_V_3_load' <Predicate = true> <Delay = 2.32> <CoreInst = "RAM">   --->   Core 82 'RAM' <Latency = 1> <II = 1> <Delay = 2.32> <Storage> <Opcode : 'load' 'store'> <Ports = 2> <Width = 4> <Depth = 75> <RAM>
ST_3 : Operation 133 [1/1] (0.00ns)   --->   "%pool1_V_addr = getelementptr i3 %pool1_V, i64 0, i64 %zext_ln170" [D:/GitHub/vivado/vivado/F_Quantization_W8A8/hls_w4a4/src/lenet_w4a4_lc2.cpp:175]   --->   Operation 133 'getelementptr' 'pool1_V_addr' <Predicate = true> <Delay = 0.00>
ST_3 : Operation 134 [2/2] (3.25ns)   --->   "%pool1_V_load = load i11 %pool1_V_addr" [D:/GitHub/vivado/vivado/F_Quantization_W8A8/hls_w4a4/src/lenet_w4a4_lc2.cpp:175]   --->   Operation 134 'load' 'pool1_V_load' <Predicate = true> <Delay = 3.25> <CoreInst = "RAM">   --->   Core 82 'RAM' <Latency = 1> <II = 1> <Delay = 3.25> <Storage> <Opcode : 'load' 'store'> <Ports = 2> <Width = 3> <Depth = 1176> <RAM>

State 4 <SV = 3> <Delay = 4.96>
ST_4 : Operation 135 [1/2] (2.32ns)   --->   "%local_weight_V_2_load = load i7 %local_weight_V_2_addr" [D:/GitHub/vivado/vivado/F_Quantization_W8A8/hls_w4a4/src/lenet_w4a4_lc2.cpp:172]   --->   Operation 135 'load' 'local_weight_V_2_load' <Predicate = true> <Delay = 2.32> <CoreInst = "RAM">   --->   Core 82 'RAM' <Latency = 1> <II = 1> <Delay = 2.32> <Storage> <Opcode : 'load' 'store'> <Ports = 2> <Width = 4> <Depth = 75> <RAM>
ST_4 : Operation 136 [1/2] (2.32ns)   --->   "%local_weight_V_3_load = load i7 %local_weight_V_3_addr" [D:/GitHub/vivado/vivado/F_Quantization_W8A8/hls_w4a4/src/lenet_w4a4_lc2.cpp:172]   --->   Operation 136 'load' 'local_weight_V_3_load' <Predicate = true> <Delay = 2.32> <CoreInst = "RAM">   --->   Core 82 'RAM' <Latency = 1> <II = 1> <Delay = 2.32> <Storage> <Opcode : 'load' 'store'> <Ports = 2> <Width = 4> <Depth = 75> <RAM>
ST_4 : Operation 137 [1/1] (1.58ns)   --->   "%weight_value_V = mux i4 @_ssdm_op_Mux.ap_auto.2i4.i1, i4 %local_weight_V_2_load, i4 %local_weight_V_3_load, i1 %xor_ln172_1" [D:/GitHub/vivado/vivado/F_Quantization_W8A8/hls_w4a4/src/lenet_w4a4_lc2.cpp:172]   --->   Operation 137 'mux' 'weight_value_V' <Predicate = true> <Delay = 1.58> <CoreInst = "Multiplexer">   --->   Core 76 'Multiplexer' <Latency = 0> <II = 1> <Delay = 1.58> <FuncUnit> <Opcode : 'mux'> <InPorts = 2> <OutPorts = 1>
ST_4 : Operation 138 [1/2] (3.25ns)   --->   "%pool1_V_load = load i11 %pool1_V_addr" [D:/GitHub/vivado/vivado/F_Quantization_W8A8/hls_w4a4/src/lenet_w4a4_lc2.cpp:175]   --->   Operation 138 'load' 'pool1_V_load' <Predicate = true> <Delay = 3.25> <CoreInst = "RAM">   --->   Core 82 'RAM' <Latency = 1> <II = 1> <Delay = 3.25> <Storage> <Opcode : 'load' 'store'> <Ports = 2> <Width = 3> <Depth = 1176> <RAM>
ST_4 : Operation 139 [1/1] (0.00ns)   --->   "%zext_ln178 = zext i3 %pool1_V_load" [D:/GitHub/vivado/vivado/F_Quantization_W8A8/hls_w4a4/src/lenet_w4a4_lc2.cpp:178]   --->   Operation 139 'zext' 'zext_ln178' <Predicate = true> <Delay = 0.00>
ST_4 : Operation 140 [1/1] (0.00ns)   --->   "%sext_ln840 = sext i4 %weight_value_V"   --->   Operation 140 'sext' 'sext_ln840' <Predicate = true> <Delay = 0.00>
ST_4 : Operation 141 [3/3] (1.05ns) (grouped into DSP with root node accumulator_V)   --->   "%mul_ln840 = mul i7 %zext_ln178, i7 %sext_ln840"   --->   Operation 141 'mul' 'mul_ln840' <Predicate = true> <Delay = 1.05> <CoreInst = "DSP48">   --->   Core 119 'DSP48' <Latency = 3> <II = 1> <Delay = 2.15> <IPBlock> <Opcode : 'mul' 'add' 'sub' 'select'> <InPorts = 0> <OutPorts = 1> <Sync> <CReg>

State 5 <SV = 4> <Delay = 1.05>
ST_5 : Operation 142 [2/3] (1.05ns) (grouped into DSP with root node accumulator_V)   --->   "%mul_ln840 = mul i7 %zext_ln178, i7 %sext_ln840"   --->   Operation 142 'mul' 'mul_ln840' <Predicate = true> <Delay = 1.05> <CoreInst = "DSP48">   --->   Core 119 'DSP48' <Latency = 3> <II = 1> <Delay = 2.15> <IPBlock> <Opcode : 'mul' 'add' 'sub' 'select'> <InPorts = 0> <OutPorts = 1> <Sync> <CReg>

State 6 <SV = 5> <Delay = 2.10>
ST_6 : Operation 143 [1/1] (0.00ns)   --->   "%accumulator_V_2_load = load i15 %accumulator_V_2"   --->   Operation 143 'load' 'accumulator_V_2_load' <Predicate = true> <Delay = 0.00>
ST_6 : Operation 144 [1/3] (0.00ns) (grouped into DSP with root node accumulator_V)   --->   "%mul_ln840 = mul i7 %zext_ln178, i7 %sext_ln840"   --->   Operation 144 'mul' 'mul_ln840' <Predicate = true> <Delay = 0.00> <CoreInst = "DSP48">   --->   Core 119 'DSP48' <Latency = 3> <II = 1> <Delay = 2.15> <IPBlock> <Opcode : 'mul' 'add' 'sub' 'select'> <InPorts = 0> <OutPorts = 1> <Sync> <CReg>
ST_6 : Operation 145 [1/1] (0.00ns) (grouped into DSP with root node accumulator_V)   --->   "%sext_ln840_2 = sext i7 %mul_ln840"   --->   Operation 145 'sext' 'sext_ln840_2' <Predicate = true> <Delay = 0.00>
ST_6 : Operation 146 [2/2] (2.10ns) (root node of the DSP)   --->   "%accumulator_V = add i15 %sext_ln840_2, i15 %accumulator_V_2_load"   --->   Operation 146 'add' 'accumulator_V' <Predicate = true> <Delay = 2.10> <CoreInst = "DSP48">   --->   Core 119 'DSP48' <Latency = 3> <II = 1> <Delay = 2.15> <IPBlock> <Opcode : 'mul' 'add' 'sub' 'select'> <InPorts = 0> <OutPorts = 1> <Sync> <CReg>
ST_6 : Operation 156 [1/1] (0.00ns)   --->   "%accumulator_V_2_load_1 = load i15 %accumulator_V_2"   --->   Operation 156 'load' 'accumulator_V_2_load_1' <Predicate = (icmp_ln147)> <Delay = 0.00>
ST_6 : Operation 157 [1/1] (0.00ns)   --->   "%write_ln0 = write void @_ssdm_op_Write.ap_auto.i15P0A, i15 %accumulator_V_2_out, i15 %accumulator_V_2_load_1"   --->   Operation 157 'write' 'write_ln0' <Predicate = (icmp_ln147)> <Delay = 0.00>
ST_6 : Operation 158 [1/1] (0.00ns)   --->   "%ret_ln0 = ret"   --->   Operation 158 'ret' 'ret_ln0' <Predicate = (icmp_ln147)> <Delay = 0.00>

State 7 <SV = 6> <Delay = 3.68>
ST_7 : Operation 147 [1/1] (0.00ns)   --->   "%specloopname_ln0 = specloopname void @_ssdm_op_SpecLoopName, void @VITIS_LOOP_147_1_KERNEL_ROW_KERNEL_COL_str"   --->   Operation 147 'specloopname' 'specloopname_ln0' <Predicate = true> <Delay = 0.00>
ST_7 : Operation 148 [1/1] (0.00ns)   --->   "%empty_64 = speclooptripcount i32 @_ssdm_op_SpecLoopTripCount, i64 150, i64 150, i64 150"   --->   Operation 148 'speclooptripcount' 'empty_64' <Predicate = true> <Delay = 0.00>
ST_7 : Operation 149 [1/1] (0.00ns)   --->   "%specpipeline_ln0 = specpipeline void @_ssdm_op_SpecPipeline, i32 4294967295, i32 0, i32 1, i32 0, void @p_str"   --->   Operation 149 'specpipeline' 'specpipeline_ln0' <Predicate = true> <Delay = 0.00>
ST_7 : Operation 150 [1/1] (0.00ns)   --->   "%specloopname_ln0 = specloopname void @_ssdm_op_SpecLoopName, void @KERNEL_ROW_KERNEL_COL_str"   --->   Operation 150 'specloopname' 'specloopname_ln0' <Predicate = true> <Delay = 0.00>
ST_7 : Operation 151 [1/1] (0.00ns)   --->   "%specpipeline_ln0 = specpipeline void @_ssdm_op_SpecPipeline, i32 4294967295, i32 0, i32 1, i32 0, void @p_str"   --->   Operation 151 'specpipeline' 'specpipeline_ln0' <Predicate = true> <Delay = 0.00>
ST_7 : Operation 152 [1/1] (0.00ns)   --->   "%specloopname_ln143 = specloopname void @_ssdm_op_SpecLoopName, void @empty_17" [D:/GitHub/vivado/vivado/F_Quantization_W8A8/hls_w4a4/src/lenet_w4a4_lc2.cpp:143]   --->   Operation 152 'specloopname' 'specloopname_ln143' <Predicate = true> <Delay = 0.00>
ST_7 : Operation 153 [1/2] (2.10ns) (root node of the DSP)   --->   "%accumulator_V = add i15 %sext_ln840_2, i15 %accumulator_V_2_load"   --->   Operation 153 'add' 'accumulator_V' <Predicate = true> <Delay = 2.10> <CoreInst = "DSP48">   --->   Core 119 'DSP48' <Latency = 3> <II = 1> <Delay = 2.15> <IPBlock> <Opcode : 'mul' 'add' 'sub' 'select'> <InPorts = 0> <OutPorts = 1> <Sync> <CReg>
ST_7 : Operation 154 [1/1] (1.58ns)   --->   "%store_ln157 = store i15 %accumulator_V, i15 %accumulator_V_2" [D:/GitHub/vivado/vivado/F_Quantization_W8A8/hls_w4a4/src/lenet_w4a4_lc2.cpp:157]   --->   Operation 154 'store' 'store_ln157' <Predicate = true> <Delay = 1.58>
ST_7 : Operation 155 [1/1] (0.00ns)   --->   "%br_ln157 = br void %for.inc46.i68" [D:/GitHub/vivado/vivado/F_Quantization_W8A8/hls_w4a4/src/lenet_w4a4_lc2.cpp:157]   --->   Operation 155 'br' 'br_ln157' <Predicate = true> <Delay = 0.00>


============================================================
+ Verbose Summary: Timing violations
============================================================
Target clock period: 10ns, clock uncertainty: 2.7ns.

 <State 1>: 4.6ns
The critical path consists of the following:
	'alloca' operation ('indvar_flatten126') [11]  (0 ns)
	'load' operation ('indvar_flatten126_load', D:/GitHub/vivado/vivado/F_Quantization_W8A8/hls_w4a4/src/lenet_w4a4_lc2.cpp:152) on local variable 'indvar_flatten126' [55]  (0 ns)
	'add' operation ('add_ln152', D:/GitHub/vivado/vivado/F_Quantization_W8A8/hls_w4a4/src/lenet_w4a4_lc2.cpp:152) [141]  (1.83 ns)
	'select' operation ('select_ln152_5', D:/GitHub/vivado/vivado/F_Quantization_W8A8/hls_w4a4/src/lenet_w4a4_lc2.cpp:152) [142]  (1.19 ns)
	'store' operation ('store_ln157', D:/GitHub/vivado/vivado/F_Quantization_W8A8/hls_w4a4/src/lenet_w4a4_lc2.cpp:157) of variable 'select_ln152_5', D:/GitHub/vivado/vivado/F_Quantization_W8A8/hls_w4a4/src/lenet_w4a4_lc2.cpp:152 on local variable 'indvar_flatten126' [145]  (1.59 ns)

 <State 2>: 7.27ns
The critical path consists of the following:
	'load' operation ('kh') on local variable 'kh' [26]  (0 ns)
	'select' operation ('select_ln147', D:/GitHub/vivado/vivado/F_Quantization_W8A8/hls_w4a4/src/lenet_w4a4_lc2.cpp:147) [59]  (0.98 ns)
	'add' operation ('add_ln153', D:/GitHub/vivado/vivado/F_Quantization_W8A8/hls_w4a4/src/lenet_w4a4_lc2.cpp:153) [88]  (1.65 ns)
	'add' operation ('tmp61_mid1', D:/GitHub/vivado/vivado/F_Quantization_W8A8/hls_w4a4/src/lenet_w4a4_lc2.cpp:147) [104]  (1.65 ns)
	'add' operation ('p_mid1124', D:/GitHub/vivado/vivado/F_Quantization_W8A8/hls_w4a4/src/lenet_w4a4_lc2.cpp:147) [106]  (1.78 ns)
	'select' operation ('select_ln152_3', D:/GitHub/vivado/vivado/F_Quantization_W8A8/hls_w4a4/src/lenet_w4a4_lc2.cpp:152) [107]  (1.22 ns)

 <State 3>: 6.53ns
The critical path consists of the following:
	'sub' operation ('p_mid1122', D:/GitHub/vivado/vivado/F_Quantization_W8A8/hls_w4a4/src/lenet_w4a4_lc2.cpp:152) [100]  (1.64 ns)
	'select' operation ('select_ln152_1', D:/GitHub/vivado/vivado/F_Quantization_W8A8/hls_w4a4/src/lenet_w4a4_lc2.cpp:152) [101]  (0 ns)
	'add' operation ('add_ln167_2', D:/GitHub/vivado/vivado/F_Quantization_W8A8/hls_w4a4/src/lenet_w4a4_lc2.cpp:167) [118]  (1.64 ns)
	'getelementptr' operation ('pool1_V_addr', D:/GitHub/vivado/vivado/F_Quantization_W8A8/hls_w4a4/src/lenet_w4a4_lc2.cpp:175) [133]  (0 ns)
	'load' operation ('pool1_V_load', D:/GitHub/vivado/vivado/F_Quantization_W8A8/hls_w4a4/src/lenet_w4a4_lc2.cpp:175) on array 'pool1_V' [134]  (3.25 ns)

 <State 4>: 4.96ns
The critical path consists of the following:
	'load' operation ('local_weight_V_2_load', D:/GitHub/vivado/vivado/F_Quantization_W8A8/hls_w4a4/src/lenet_w4a4_lc2.cpp:172) on array 'local_weight_V_2' [130]  (2.32 ns)
	'mux' operation ('weight_value.V', D:/GitHub/vivado/vivado/F_Quantization_W8A8/hls_w4a4/src/lenet_w4a4_lc2.cpp:172) [132]  (1.59 ns)
	'mul' operation of DSP[139] ('mul_ln840') [137]  (1.05 ns)

 <State 5>: 1.05ns
The critical path consists of the following:
	'mul' operation of DSP[139] ('mul_ln840') [137]  (1.05 ns)

 <State 6>: 2.1ns
The critical path consists of the following:
	'load' operation ('accumulator_V_2_load') on local variable 'accumulator.V' [53]  (0 ns)
	'add' operation of DSP[139] ('accumulator_V') [139]  (2.1 ns)

 <State 7>: 3.69ns
The critical path consists of the following:
	'add' operation of DSP[139] ('accumulator_V') [139]  (2.1 ns)
	'store' operation ('store_ln157', D:/GitHub/vivado/vivado/F_Quantization_W8A8/hls_w4a4/src/lenet_w4a4_lc2.cpp:157) of variable 'accumulator_V' on local variable 'accumulator.V' [148]  (1.59 ns)


============================================================
+ Verbose Summary: Binding
============================================================
N/A
* FSMD analyzer results:
  - Output states:
 - Input state : 
  - Chain level:
	State 1
	State 2
	State 3
	State 4
	State 5
	State 6
	State 7


============================================================
+ Verbose Summary: Datapath Resource usage 
============================================================
N/A
