

================================================================
== Synthesis Summary Report of 'lenet_full_top'
================================================================
+ General Information: 
    * Date:           Sun Sep  6 21:25:48 2026
    * Version:        2022.2 (Build 3670227 on Oct 13 2022)
    * Project:        clk_7ns
    * Solution:       solution1 (Vivado IP Flow Target)
    * Product family: zynq
    * Target device:  xc7z020-clg400-1
    

+ Performance & Resource Estimates: 
    
    PS: '+' for module; 'o' for loop; '*' for dataflow
    +------------------------------------------------------------+--------+-------+---------+-----------+----------+---------+------+----------+----------+--------+-------------+-------------+-----+
    |                           Modules                          |  Issue |       | Latency |  Latency  | Iteration|         | Trip |          |          |        |             |             |     |
    |                           & Loops                          |  Type  | Slack | (cycles)|    (ns)   |  Latency | Interval| Count| Pipelined|   BRAM   |   DSP  |      FF     |     LUT     | URAM|
    +------------------------------------------------------------+--------+-------+---------+-----------+----------+---------+------+----------+----------+--------+-------------+-------------+-----+
    |+ lenet_full_top                                            |  Timing|  -0.27|  2847628|  1.993e+07|         -|  2847629|     -|        no|  70 (25%)|  5 (2%)|  15272 (14%)|  18945 (35%)|    -|
    | + lenet_full_top_Pipeline_POOL_CHANNEL_POOL_ROW_POOL_COL   |       -|   0.18|     1196|  8.372e+03|         -|     1196|     -|        no|         -|       -|    1414 (1%)|    1482 (2%)|    -|
    |  o POOL_CHANNEL_POOL_ROW_POOL_COL                          |       -|   5.11|     1194|  8.358e+03|        20|        1|  1176|       yes|         -|       -|            -|            -|    -|
    | + lenet_full_top_Pipeline_POOL_CHANNEL_POOL_ROW_POOL_COL1  |       -|   0.17|      421|  2.947e+03|         -|      421|     -|        no|         -|       -|    971 (~0%)|    1143 (2%)|    -|
    |  o POOL_CHANNEL_POOL_ROW_POOL_COL                          |       -|   5.11|      419|  2.933e+03|        21|        1|   400|       yes|         -|       -|            -|            -|    -|
    | + lenet_full_top_Pipeline_RELU_LOOP                        |       -|   0.58|      126|    882.000|         -|      126|     -|        no|         -|       -|    188 (~0%)|    188 (~0%)|    -|
    |  o RELU_LOOP                                               |       -|   5.11|      124|    868.000|         6|        1|   120|       yes|         -|       -|            -|            -|    -|
    | + lenet_full_top_Pipeline_RELU_LOOP3                       |       -|   0.58|       90|    630.000|         -|       90|     -|        no|         -|       -|    188 (~0%)|    188 (~0%)|    -|
    |  o RELU_LOOP                                               |       -|   5.11|       88|    616.000|         6|        1|    84|       yes|         -|       -|            -|            -|    -|
    | o OUTPUT_CHANNEL                                           |       -|   5.11|   118920|  8.324e+05|     19820|        -|     6|        no|         -|       -|            -|            -|    -|
    |  + lenet_full_top_Pipeline_OUTPUT_ROW_OUTPUT_COL           |  Timing|  -0.27|    19817|  1.387e+05|         -|    19817|     -|        no|         -|       -|    3399 (3%)|    2040 (3%)|    -|
    |   o OUTPUT_ROW_OUTPUT_COL                                  |      II|   5.11|    19815|  1.387e+05|       241|       25|   784|       yes|         -|       -|            -|            -|    -|
    | o OUTPUT_CHANNEL                                           |       -|   5.11|  2193648|  1.536e+07|    137103|        -|    16|        no|         -|       -|            -|            -|    -|
    |  o OUTPUT_ROW_OUTPUT_COL                                   |       -|   5.11|   137100|  9.597e+05|      1371|        -|   100|        no|         -|       -|            -|            -|    -|
    |   + lenet_full_top_Pipeline_INPUT_CHANNEL                  |  Timing|  -0.27|     1361|  9.527e+03|         -|     1361|     -|        no|         -|       -|    1833 (1%)|    2231 (4%)|    -|
    |    o INPUT_CHANNEL                                         |      II|   5.11|     1359|  9.513e+03|       235|      225|     6|       yes|         -|       -|            -|            -|    -|
    | o OUTPUT_CHANNEL                                           |       -|   5.11|   433680|  3.036e+06|      3614|        -|   120|        no|         -|       -|            -|            -|    -|
    |  + lenet_full_top_Pipeline_INPUT_CHANNEL2                  |  Timing|  -0.27|     3610|  2.527e+04|         -|     3610|     -|        no|         -|       -|    1729 (1%)|    2231 (4%)|    -|
    |   o INPUT_CHANNEL                                          |      II|   5.11|     3608|  2.526e+04|       234|      225|    16|       yes|         -|       -|            -|            -|    -|
    | o DENSE_OUTPUT                                             |       -|   5.11|    91812|  6.427e+05|      1093|        -|    84|        no|         -|       -|            -|            -|    -|
    |  + lenet_full_top_Pipeline_DENSE_INPUT                     |  Timing|  -0.00|     1089|  7.623e+03|         -|     1089|     -|        no|         -|       -|    203 (~0%)|    174 (~0%)|    -|
    |   o DENSE_INPUT                                            |      II|   5.11|     1087|  7.609e+03|        17|        9|   120|       yes|         -|       -|            -|            -|    -|
    | o DENSE_OUTPUT                                             |       -|   5.11|     7690|  5.383e+04|       769|        -|    10|        no|         -|       -|            -|            -|    -|
    |  + lenet_full_top_Pipeline_DENSE_INPUT4                    |  Timing|  -0.00|      765|  5.355e+03|         -|      765|     -|        no|         -|       -|    189 (~0%)|    187 (~0%)|    -|
    |   o DENSE_INPUT                                            |      II|   5.11|      763|  5.341e+03|        17|        9|    84|       yes|         -|       -|            -|            -|    -|
    +------------------------------------------------------------+--------+-------+---------+-----------+----------+---------+------+----------+----------+--------+-------------+-------------+-----+


================================================================
== HW Interfaces
================================================================
* M_AXI
+-------------+------------+---------------+---------+--------+----------+-----------+--------------+--------------+-------------+-------------+
| Interface   | Data Width | Address Width | Latency | Offset | Register | Max Widen | Max Read     | Max Write    | Num Read    | Num Write   |
|             | (SW->HW)   |               |         |        |          | Bitwidth  | Burst Length | Burst Length | Outstanding | Outstanding |
+-------------+------------+---------------+---------+--------+----------+-----------+--------------+--------------+-------------+-------------+
| m_axi_gmem0 | 32 -> 32   | 64            | 0       | slave  | 0        | 0         | 16           | 16           | 16          | 16          |
| m_axi_gmem1 | 32 -> 32   | 64            | 0       | slave  | 0        | 0         | 16           | 16           | 16          | 16          |
| m_axi_gmem2 | 32 -> 32   | 64            | 0       | slave  | 0        | 0         | 16           | 16           | 16          | 16          |
| m_axi_gmem3 | 32 -> 32   | 64            | 0       | slave  | 0        | 0         | 16           | 16           | 16          | 16          |
+-------------+------------+---------------+---------+--------+----------+-----------+--------------+--------------+-------------+-------------+

* S_AXILITE Interfaces
+---------------+------------+---------------+--------+----------+
| Interface     | Data Width | Address Width | Offset | Register |
+---------------+------------+---------------+--------+----------+
| s_axi_control | 32         | 6             | 16     | 0        |
+---------------+------------+---------------+--------+----------+

* S_AXILITE Registers
+---------------+---------------+--------+-------+--------+----------------------------------+----------------------------------------------------------------------+
| Interface     | Register      | Offset | Width | Access | Description                      | Bit Fields                                                           |
+---------------+---------------+--------+-------+--------+----------------------------------+----------------------------------------------------------------------+
| s_axi_control | CTRL          | 0x00   | 32    | RW     | Control signals                  | 0=AP_START 1=AP_DONE 2=AP_IDLE 3=AP_READY 7=AUTO_RESTART 9=INTERRUPT |
| s_axi_control | GIER          | 0x04   | 32    | RW     | Global Interrupt Enable Register | 0=Enable                                                             |
| s_axi_control | IP_IER        | 0x08   | 32    | RW     | IP Interrupt Enable Register     | 0=CHAN0_INT_EN 1=CHAN1_INT_EN                                        |
| s_axi_control | IP_ISR        | 0x0c   | 32    | RW     | IP Interrupt Status Register     | 0=CHAN0_INT_ST 1=CHAN1_INT_ST                                        |
| s_axi_control | feature_in_1  | 0x10   | 32    | W      | Data signal of feature_in        |                                                                      |
| s_axi_control | feature_in_2  | 0x14   | 32    | W      | Data signal of feature_in        |                                                                      |
| s_axi_control | weight_1      | 0x1c   | 32    | W      | Data signal of weight            |                                                                      |
| s_axi_control | weight_2      | 0x20   | 32    | W      | Data signal of weight            |                                                                      |
| s_axi_control | bias_1        | 0x28   | 32    | W      | Data signal of bias              |                                                                      |
| s_axi_control | bias_2        | 0x2c   | 32    | W      | Data signal of bias              |                                                                      |
| s_axi_control | feature_out_1 | 0x34   | 32    | W      | Data signal of feature_out       |                                                                      |
| s_axi_control | feature_out_2 | 0x38   | 32    | W      | Data signal of feature_out       |                                                                      |
+---------------+---------------+--------+-------+--------+----------------------------------+----------------------------------------------------------------------+

* TOP LEVEL CONTROL
+-----------+------------+-----------+
| Interface | Type       | Ports     |
+-----------+------------+-----------+
| ap_clk    | clock      | ap_clk    |
| ap_rst_n  | reset      | ap_rst_n  |
| interrupt | interrupt  | interrupt |
| ap_ctrl   | ap_ctrl_hs |           |
+-----------+------------+-----------+


================================================================
== SW I/O Information
================================================================
* Top Function Arguments
+-------------+-----------+---------------+
| Argument    | Direction | Datatype      |
+-------------+-----------+---------------+
| feature_in  | in        | float const * |
| weight      | in        | float const * |
| bias        | in        | float const * |
| feature_out | out       | float*        |
+-------------+-----------+---------------+

* SW-to-HW Mapping
+-------------+---------------+-----------+----------+-----------------------------------------+
| Argument    | HW Interface  | HW Type   | HW Usage | HW Info                                 |
+-------------+---------------+-----------+----------+-----------------------------------------+
| feature_in  | m_axi_gmem0   | interface |          |                                         |
| feature_in  | s_axi_control | register  | offset   | name=feature_in_1 offset=0x10 range=32  |
| feature_in  | s_axi_control | register  | offset   | name=feature_in_2 offset=0x14 range=32  |
| weight      | m_axi_gmem1   | interface |          |                                         |
| weight      | s_axi_control | register  | offset   | name=weight_1 offset=0x1c range=32      |
| weight      | s_axi_control | register  | offset   | name=weight_2 offset=0x20 range=32      |
| bias        | m_axi_gmem2   | interface |          |                                         |
| bias        | s_axi_control | register  | offset   | name=bias_1 offset=0x28 range=32        |
| bias        | s_axi_control | register  | offset   | name=bias_2 offset=0x2c range=32        |
| feature_out | m_axi_gmem3   | interface |          |                                         |
| feature_out | s_axi_control | register  | offset   | name=feature_out_1 offset=0x34 range=32 |
| feature_out | s_axi_control | register  | offset   | name=feature_out_2 offset=0x38 range=32 |
+-------------+---------------+-----------+----------+-----------------------------------------+


================================================================
== M_AXI Burst Information
================================================================
 Note: All burst requests might be further partitioned into multiple requests during RTL generation based on max_read_burst_length or max_write_burst_length settings.

* Inferred Burst Summary
+--------------+----------------+-----------+--------+-------+---------------------------------------------------------------------------------------------------------+
| HW Interface | Loop           | Direction | Length | Width | Location                                                                                                |
+--------------+----------------+-----------+--------+-------+---------------------------------------------------------------------------------------------------------+
| m_axi_gmem2  | OUTPUT_CHANNEL | read      | 6      | 32    | D:/lenet_project/handoff/LeNet_DSE_Framework_2022_2/LeNet_DSE_Framework_2022_2/src/lenet_conv.cpp:51:5  |
| m_axi_gmem0  | WINDOW_COL     | read      | 5      | 32    | D:/lenet_project/handoff/LeNet_DSE_Framework_2022_2/LeNet_DSE_Framework_2022_2/src/lenet_conv.cpp:18:9  |
| m_axi_gmem1  | MAC_LOOP       | read      | 25     | 32    | D:/lenet_project/handoff/LeNet_DSE_Framework_2022_2/LeNet_DSE_Framework_2022_2/src/lenet_conv.cpp:35:5  |
| m_axi_gmem2  | OUTPUT_CHANNEL | read      | 16     | 32    | D:/lenet_project/handoff/LeNet_DSE_Framework_2022_2/LeNet_DSE_Framework_2022_2/src/lenet_conv.cpp:51:5  |
| m_axi_gmem1  | INPUT_CHANNEL  | read      | 150    | 32    | D:/lenet_project/handoff/LeNet_DSE_Framework_2022_2/LeNet_DSE_Framework_2022_2/src/lenet_conv.cpp:59:17 |
| m_axi_gmem1  | OUTPUT_CHANNEL | read      | 48000  | 32    | D:/lenet_project/handoff/LeNet_DSE_Framework_2022_2/LeNet_DSE_Framework_2022_2/src/lenet_conv.cpp:51:5  |
| m_axi_gmem2  | OUTPUT_CHANNEL | read      | 120    | 32    | D:/lenet_project/handoff/LeNet_DSE_Framework_2022_2/LeNet_DSE_Framework_2022_2/src/lenet_conv.cpp:51:5  |
| m_axi_gmem1  | DENSE_OUTPUT   | read      | 10080  | 32    | D:/lenet_project/handoff/LeNet_DSE_Framework_2022_2/LeNet_DSE_Framework_2022_2/src/lenet_conv.cpp:139:5 |
| m_axi_gmem2  | DENSE_OUTPUT   | read      | 84     | 32    | D:/lenet_project/handoff/LeNet_DSE_Framework_2022_2/LeNet_DSE_Framework_2022_2/src/lenet_conv.cpp:139:5 |
| m_axi_gmem1  | DENSE_OUTPUT   | read      | 840    | 32    | D:/lenet_project/handoff/LeNet_DSE_Framework_2022_2/LeNet_DSE_Framework_2022_2/src/lenet_conv.cpp:139:5 |
| m_axi_gmem2  | DENSE_OUTPUT   | read      | 10     | 32    | D:/lenet_project/handoff/LeNet_DSE_Framework_2022_2/LeNet_DSE_Framework_2022_2/src/lenet_conv.cpp:139:5 |
| m_axi_gmem3  | DENSE_OUTPUT   | write     | 10     | 32    | D:/lenet_project/handoff/LeNet_DSE_Framework_2022_2/LeNet_DSE_Framework_2022_2/src/lenet_conv.cpp:139:5 |
+--------------+----------------+-----------+--------+-------+---------------------------------------------------------------------------------------------------------+

* Inferred Bursts and Widening Missed
+--------------+-------------+----------------+---------------------------------------------------------------------------------------------------------+------------+---------------------------------------------------------------------------------------------------------+
| HW Interface | Variable    | Loop           | Problem                                                                                                 | Resolution | Location                                                                                                |
+--------------+-------------+----------------+---------------------------------------------------------------------------------------------------------+------------+---------------------------------------------------------------------------------------------------------+
| m_axi_gmem0  | feature_in  | WINDOW_ROW     | Stride is incompatible                                                                                  | 214-230    | D:/lenet_project/handoff/LeNet_DSE_Framework_2022_2/LeNet_DSE_Framework_2022_2/src/lenet_conv.cpp:16:5  |
| m_axi_gmem1  | weight      | OUTPUT_COL     | Stride is incompatible                                                                                  | 214-230    | D:/lenet_project/handoff/LeNet_DSE_Framework_2022_2/LeNet_DSE_Framework_2022_2/src/lenet_conv.cpp:55:13 |
| m_axi_gmem1  | weight      | OUTPUT_COL     | Stride is incompatible                                                                                  | 214-230    | D:/lenet_project/handoff/LeNet_DSE_Framework_2022_2/LeNet_DSE_Framework_2022_2/src/lenet_conv.cpp:55:13 |
| m_axi_gmem3  | feature_out | DENSE_OUTPUT   | Could not widen since type float size is greater than or equal to the max_widen_bitwidth threshold of 0 | 214-353    | D:/lenet_project/handoff/LeNet_DSE_Framework_2022_2/LeNet_DSE_Framework_2022_2/src/lenet_conv.cpp:139:5 |
| m_axi_gmem1  | weight      | DENSE_INPUT    | Could not widen since type float size is greater than or equal to the max_widen_bitwidth threshold of 0 | 214-353    | D:/lenet_project/handoff/LeNet_DSE_Framework_2022_2/LeNet_DSE_Framework_2022_2/src/lenet_conv.cpp:143:9 |
| m_axi_gmem2  | bias        | DENSE_OUTPUT   | Could not widen since type float size is greater than or equal to the max_widen_bitwidth threshold of 0 | 214-353    | D:/lenet_project/handoff/LeNet_DSE_Framework_2022_2/LeNet_DSE_Framework_2022_2/src/lenet_conv.cpp:139:5 |
| m_axi_gmem1  | weight      | DENSE_INPUT    | Could not widen since type float size is greater than or equal to the max_widen_bitwidth threshold of 0 | 214-353    | D:/lenet_project/handoff/LeNet_DSE_Framework_2022_2/LeNet_DSE_Framework_2022_2/src/lenet_conv.cpp:143:9 |
| m_axi_gmem2  | bias        | DENSE_OUTPUT   | Could not widen since type float size is greater than or equal to the max_widen_bitwidth threshold of 0 | 214-353    | D:/lenet_project/handoff/LeNet_DSE_Framework_2022_2/LeNet_DSE_Framework_2022_2/src/lenet_conv.cpp:139:5 |
| m_axi_gmem1  | weight      | MAC_LOOP       | Could not widen since type float size is greater than or equal to the max_widen_bitwidth threshold of 0 | 214-353    | D:/lenet_project/handoff/LeNet_DSE_Framework_2022_2/LeNet_DSE_Framework_2022_2/src/lenet_conv.cpp:35:5  |
| m_axi_gmem2  | bias        | OUTPUT_CHANNEL | Could not widen since type float size is greater than or equal to the max_widen_bitwidth threshold of 0 | 214-353    | D:/lenet_project/handoff/LeNet_DSE_Framework_2022_2/LeNet_DSE_Framework_2022_2/src/lenet_conv.cpp:51:5  |
| m_axi_gmem1  | weight      | MAC_LOOP       | Could not widen since type float size is greater than or equal to the max_widen_bitwidth threshold of 0 | 214-353    | D:/lenet_project/handoff/LeNet_DSE_Framework_2022_2/LeNet_DSE_Framework_2022_2/src/lenet_conv.cpp:35:5  |
| m_axi_gmem2  | bias        | OUTPUT_CHANNEL | Could not widen since type float size is greater than or equal to the max_widen_bitwidth threshold of 0 | 214-353    | D:/lenet_project/handoff/LeNet_DSE_Framework_2022_2/LeNet_DSE_Framework_2022_2/src/lenet_conv.cpp:51:5  |
| m_axi_gmem1  | weight      | MAC_LOOP       | Could not widen since type float size is greater than or equal to the max_widen_bitwidth threshold of 0 | 214-353    | D:/lenet_project/handoff/LeNet_DSE_Framework_2022_2/LeNet_DSE_Framework_2022_2/src/lenet_conv.cpp:35:5  |
| m_axi_gmem0  | feature_in  | WINDOW_COL     | Could not widen since type float size is greater than or equal to the max_widen_bitwidth threshold of 0 | 214-353    | D:/lenet_project/handoff/LeNet_DSE_Framework_2022_2/LeNet_DSE_Framework_2022_2/src/lenet_conv.cpp:18:9  |
| m_axi_gmem2  | bias        | OUTPUT_CHANNEL | Could not widen since type float size is greater than or equal to the max_widen_bitwidth threshold of 0 | 214-353    | D:/lenet_project/handoff/LeNet_DSE_Framework_2022_2/LeNet_DSE_Framework_2022_2/src/lenet_conv.cpp:51:5  |
+--------------+-------------+----------------+---------------------------------------------------------------------------------------------------------+------------+---------------------------------------------------------------------------------------------------------+

    * Resolution URL: www.xilinx.com/cgi-bin/docs/rdoc?v=2022.2;t=hls+guidance;d=XXX-YYY.html (replace XXX-YYY with column value)

================================================================
== Bind Op Report
================================================================
+------------------------------------------------------------+-----+--------+---------------+-----+--------+---------+
| Name                                                       | DSP | Pragma | Variable      | Op  | Impl   | Latency |
+------------------------------------------------------------+-----+--------+---------------+-----+--------+---------+
| + lenet_full_top                                           | 5   |        |               |     |        |         |
|   add_ln51_6_fu_542_p2                                     | -   |        | add_ln51_6    | add | fabric | 0       |
|   add_ln51_1_fu_554_p2                                     | -   |        | add_ln51_1    | add | fabric | 0       |
|   empty_94_fu_608_p2                                       | -   |        | empty_94      | add | fabric | 0       |
|   empty_95_fu_635_p2                                       | -   |        | empty_95      | sub | fabric | 0       |
|   add_ln51_fu_570_p2                                       | -   |        | add_ln51      | add | fabric | 0       |
|   add_ln51_4_fu_667_p2                                     | -   |        | add_ln51_4    | add | fabric | 0       |
|   empty_99_fu_722_p2                                       | -   |        | empty_99      | add | fabric | 0       |
|   add_ln53_fu_781_p2                                       | -   |        | add_ln53      | add | fabric | 0       |
|   add_ln53_4_fu_801_p2                                     | -   |        | add_ln53_4    | add | fabric | 0       |
|   add_ln53_5_fu_839_p2                                     | -   |        | add_ln53_5    | add | fabric | 0       |
|   add_ln53_6_fu_848_p2                                     | -   |        | add_ln53_6    | add | fabric | 0       |
|   add_ln76_fu_870_p2                                       | -   |        | add_ln76      | add | fabric | 0       |
|   add_ln76_1_fu_880_p2                                     | -   |        | add_ln76_1    | add | fabric | 0       |
|   add_ln55_fu_815_p2                                       | -   |        | add_ln55      | add | fabric | 0       |
|   add_ln51_7_fu_821_p2                                     | -   |        | add_ln51_7    | add | fabric | 0       |
|   add_ln51_2_fu_673_p2                                     | -   |        | add_ln51_2    | add | fabric | 0       |
|   add_ln51_3_fu_688_p2                                     | -   |        | add_ln51_3    | add | fabric | 0       |
|   fmul_32ns_32ns_32_5_max_dsp_1_U63                        | -   |        | add_ln51_5    | add | fabric | 0       |
|   fcmp_32ns_32ns_1_3_no_dsp_1_U67                          | -   |        | add_ln139     | add | fabric | 0       |
|   fadd_32ns_32ns_32_9_full_dsp_1_U62                       | -   |        | add_ln139_1   | add | fabric | 0       |
|   fmul_32ns_32ns_32_5_max_dsp_1_U63                        | -   |        | add_ln139_4   | add | fabric | 0       |
|   fmul_32ns_32ns_32_5_max_dsp_1_U63                        | -   |        | add_ln139_2   | add | fabric | 0       |
|   fadd_32ns_32ns_32_9_full_dsp_1_U62                       | -   |        | add_ln139_3   | add | fabric | 0       |
|   fmul_32ns_32ns_32_5_max_dsp_1_U63                        | -   |        | add_ln139_5   | add | fabric | 0       |
|  + lenet_full_top_Pipeline_POOL_CHANNEL_POOL_ROW_POOL_COL  | 0   |        |               |     |        |         |
|    empty_fu_249_p2                                         | -   |        | empty         | sub | fabric | 0       |
|    empty_35_fu_971_p2                                      | -   |        | empty_35      | sub | fabric | 0       |
|    empty_36_fu_980_p2                                      | -   |        | empty_36      | add | fabric | 0       |
|    empty_38_fu_1086_p2                                     | -   |        | empty_38      | sub | fabric | 0       |
|    empty_39_fu_413_p2                                      | -   |        | empty_39      | add | fabric | 0       |
|    empty_41_fu_442_p2                                      | -   |        | empty_41      | sub | fabric | 0       |
|    empty_44_fu_478_p2                                      | -   |        | empty_44      | sub | fabric | 0       |
|    add_ln91_1_fu_261_p2                                    | -   |        | add_ln91_1    | add | fabric | 0       |
|    add_ln91_fu_287_p2                                      | -   |        | add_ln91      | add | fabric | 0       |
|    p_mid142_fu_317_p2                                      | -   |        | p_mid142      | sub | fabric | 0       |
|    p_mid144_fu_1012_p2                                     | -   |        | p_mid144      | sub | fabric | 0       |
|    p_mid166_fu_1049_p2                                     | -   |        | p_mid166      | sub | fabric | 0       |
|    p_mid180_fu_507_p2                                      | -   |        | p_mid180      | sub | fabric | 0       |
|    p_mid194_fu_542_p2                                      | -   |        | p_mid194      | sub | fabric | 0       |
|    add_ln93_fu_353_p2                                      | -   |        | add_ln93      | add | fabric | 0       |
|    p_mid118_fu_1058_p2                                     | -   |        | p_mid118      | add | fabric | 0       |
|    p_mid120_fu_1116_p2                                     | -   |        | p_mid120      | sub | fabric | 0       |
|    p_mid122_fu_559_p2                                      | -   |        | p_mid122      | add | fabric | 0       |
|    p_mid124_fu_589_p2                                      | -   |        | p_mid124      | sub | fabric | 0       |
|    p_mid128_fu_625_p2                                      | -   |        | p_mid128      | sub | fabric | 0       |
|    add_ln105_fu_684_p2                                     | -   |        | add_ln105     | add | fabric | 0       |
|    add_ln105_1_fu_706_p2                                   | -   |        | add_ln105_1   | add | fabric | 0       |
|    add_ln114_fu_1190_p2                                    | -   |        | add_ln114     | add | fabric | 0       |
|    add_ln95_fu_636_p2                                      | -   |        | add_ln95      | add | fabric | 0       |
|    add_ln93_2_fu_373_p2                                    | -   |        | add_ln93_2    | add | fabric | 0       |
|  + lenet_full_top_Pipeline_OUTPUT_ROW_OUTPUT_COL           | 0   |        |               |     |        |         |
|    empty_52_fu_879_p2                                      | -   |        | empty_52      | add | fabric | 0       |
|    empty_54_fu_908_p2                                      | -   |        | empty_54      | sub | fabric | 0       |
|    add_ln53_3_fu_766_p2                                    | -   |        | add_ln53_3    | add | fabric | 0       |
|    tmp5_178199_fu_364_p2                                   | -   |        | tmp5_178199   | add | fabric | 0       |
|    p_mid1_fu_917_p2                                        | -   |        | p_mid1        | add | fabric | 0       |
|    p_mid13_fu_946_p2                                       | -   |        | p_mid13       | sub | fabric | 0       |
|    tmp5_178_mid1_fu_431_p2                                 | -   |        | tmp5_178_mid1 | add | fabric | 0       |
|    add_ln53_fu_486_p2                                      | -   |        | add_ln53      | add | fabric | 0       |
|    add_ln53_1_fu_585_p2                                    | -   |        | add_ln53_1    | add | fabric | 0       |
|    add_ln53_2_fu_684_p2                                    | -   |        | add_ln53_2    | add | fabric | 0       |
|    empty_57_fu_401_p2                                      | -   |        | empty_57      | add | fabric | 0       |
|    empty_59_fu_454_p2                                      | -   |        | empty_59      | add | fabric | 0       |
|    empty_61_fu_518_p2                                      | -   |        | empty_61      | add | fabric | 0       |
|    empty_63_fu_617_p2                                      | -   |        | empty_63      | add | fabric | 0       |
|    empty_65_fu_716_p2                                      | -   |        | empty_65      | add | fabric | 0       |
|    add_ln76_fu_979_p2                                      | -   |        | add_ln76      | add | fabric | 0       |
|    add_ln55_fu_781_p2                                      | -   |        | add_ln55      | add | fabric | 0       |
|  + lenet_full_top_Pipeline_POOL_CHANNEL_POOL_ROW_POOL_COL1 | 0   |        |               |     |        |         |
|    tmp3_fu_292_p2                                          | -   |        | tmp3          | add | fabric | 0       |
|    empty_30_fu_428_p2                                      | -   |        | empty_30      | add | fabric | 0       |
|    tmp4_fu_298_p2                                          | -   |        | tmp4          | add | fabric | 0       |
|    empty_31_fu_437_p2                                      | -   |        | empty_31      | add | fabric | 0       |
|    add_ln91_fu_304_p2                                      | -   |        | add_ln91      | add | fabric | 0       |
|    add_ln91_1_fu_217_p2                                    | -   |        | add_ln91_1    | add | fabric | 0       |
|    p_mid1149_fu_495_p2                                     | -   |        | p_mid1149     | add | fabric | 0       |
|    p_mid1159_fu_511_p2                                     | -   |        | p_mid1159     | add | fabric | 0       |
|    add_ln93_fu_361_p2                                      | -   |        | add_ln93      | add | fabric | 0       |
|    tmp3_mid1_fu_527_p2                                     | -   |        | tmp3_mid1     | add | fabric | 0       |
|    p_mid1121_fu_536_p2                                     | -   |        | p_mid1121     | add | fabric | 0       |
|    tmp4_mid1_fu_392_p2                                     | -   |        | tmp4_mid1     | add | fabric | 0       |
|    p_mid1123_fu_552_p2                                     | -   |        | p_mid1123     | add | fabric | 0       |
|    add_ln105_fu_611_p2                                     | -   |        | add_ln105     | add | fabric | 0       |
|    add_ln105_1_fu_665_p2                                   | -   |        | add_ln105_1   | add | fabric | 0       |
|    add_ln105_2_fu_617_p2                                   | -   |        | add_ln105_2   | add | fabric | 0       |
|    add_ln105_3_fu_690_p2                                   | -   |        | add_ln105_3   | add | fabric | 0       |
|    add_ln114_fu_712_p2                                     | -   |        | add_ln114     | add | fabric | 0       |
|    add_ln114_1_fu_721_p2                                   | -   |        | add_ln114_1   | add | fabric | 0       |
|    add_ln95_fu_623_p2                                      | -   |        | add_ln95      | add | fabric | 0       |
|    add_ln93_1_fu_232_p2                                    | -   |        | add_ln93_1    | add | fabric | 0       |
|  + lenet_full_top_Pipeline_INPUT_CHANNEL                   | 0   |        |               |     |        |         |
|    add_ln60_fu_481_p2                                      | -   |        | add_ln60      | add | fabric | 0       |
|    add_ln21_fu_566_p2                                      | -   |        | add_ln21      | add | fabric | 0       |
|    add_ln21_20_fu_585_p2                                   | -   |        | add_ln21_20   | add | fabric | 0       |
|    add_ln21_21_fu_595_p2                                   | -   |        | add_ln21_21   | add | fabric | 0       |
|    add_ln21_22_fu_634_p2                                   | -   |        | add_ln21_22   | add | fabric | 0       |
|    empty_80_fu_576_p2                                      | -   |        | empty_80      | add | fabric | 0       |
|    add_ln21_24_fu_653_p2                                   | -   |        | add_ln21_24   | add | fabric | 0       |
|    add_ln21_25_fu_663_p2                                   | -   |        | add_ln21_25   | add | fabric | 0       |
|    add_ln21_26_fu_687_p2                                   | -   |        | add_ln21_26   | add | fabric | 0       |
|    add_ln21_27_fu_697_p2                                   | -   |        | add_ln21_27   | add | fabric | 0       |
|    empty_83_fu_673_p2                                      | -   |        | empty_83      | add | fabric | 0       |
|    add_ln21_29_fu_745_p2                                   | -   |        | add_ln21_29   | add | fabric | 0       |
|    add_ln21_30_fu_778_p2                                   | -   |        | add_ln21_30   | add | fabric | 0       |
|    add_ln21_31_fu_788_p2                                   | -   |        | add_ln21_31   | add | fabric | 0       |
|    add_ln21_32_fu_865_p2                                   | -   |        | add_ln21_32   | add | fabric | 0       |
|    empty_86_fu_755_p2                                      | -   |        | empty_86      | add | fabric | 0       |
|    add_ln21_34_fu_884_p2                                   | -   |        | add_ln21_34   | add | fabric | 0       |
|    add_ln21_35_fu_894_p2                                   | -   |        | add_ln21_35   | add | fabric | 0       |
|    add_ln21_36_fu_909_p2                                   | -   |        | add_ln21_36   | add | fabric | 0       |
|    add_ln21_37_fu_919_p2                                   | -   |        | add_ln21_37   | add | fabric | 0       |
|    empty_89_fu_764_p2                                      | -   |        | empty_89      | add | fabric | 0       |
|    add_ln21_39_fu_938_p2                                   | -   |        | add_ln21_39   | add | fabric | 0       |
|    add_ln21_40_fu_953_p2                                   | -   |        | add_ln21_40   | add | fabric | 0       |
|    add_ln21_41_fu_963_p2                                   | -   |        | add_ln21_41   | add | fabric | 0       |
|    add_ln21_42_fu_978_p2                                   | -   |        | add_ln21_42   | add | fabric | 0       |
|  + lenet_full_top_Pipeline_RELU_LOOP                       | 0   |        |               |     |        |         |
|    add_ln126_fu_91_p2                                      | -   |        | add_ln126     | add | fabric | 0       |
|  + lenet_full_top_Pipeline_INPUT_CHANNEL2                  | 0   |        |               |     |        |         |
|    add_ln60_fu_445_p2                                      | -   |        | add_ln60      | add | fabric | 0       |
|    empty_69_fu_471_p2                                      | -   |        | empty_69      | add | fabric | 0       |
|    empty_70_fu_489_p2                                      | -   |        | empty_70      | add | fabric | 0       |
|    add_ln21_fu_505_p2                                      | -   |        | add_ln21      | add | fabric | 0       |
|    add_ln21_1_fu_515_p2                                    | -   |        | add_ln21_1    | add | fabric | 0       |
|    add_ln21_2_fu_525_p2                                    | -   |        | add_ln21_2    | add | fabric | 0       |
|    add_ln21_3_fu_540_p2                                    | -   |        | add_ln21_3    | add | fabric | 0       |
|    empty_71_fu_535_p2                                      | -   |        | empty_71      | add | fabric | 0       |
|    empty_72_fu_560_p2                                      | -   |        | empty_72      | add | fabric | 0       |
|    add_ln21_4_fu_576_p2                                    | -   |        | add_ln21_4    | add | fabric | 0       |
|    add_ln21_5_fu_586_p2                                    | -   |        | add_ln21_5    | add | fabric | 0       |
|    add_ln21_6_fu_601_p2                                    | -   |        | add_ln21_6    | add | fabric | 0       |
|    add_ln21_7_fu_611_p2                                    | -   |        | add_ln21_7    | add | fabric | 0       |
|    empty_73_fu_621_p2                                      | -   |        | empty_73      | add | fabric | 0       |
|    empty_74_fu_638_p2                                      | -   |        | empty_74      | add | fabric | 0       |
|    add_ln21_8_fu_653_p2                                    | -   |        | add_ln21_8    | add | fabric | 0       |
|    add_ln21_9_fu_668_p2                                    | -   |        | add_ln21_9    | add | fabric | 0       |
|    add_ln21_10_fu_678_p2                                   | -   |        | add_ln21_10   | add | fabric | 0       |
|    add_ln21_11_fu_702_p2                                   | -   |        | add_ln21_11   | add | fabric | 0       |
|    empty_75_fu_688_p2                                      | -   |        | empty_75      | add | fabric | 0       |
|    empty_76_fu_722_p2                                      | -   |        | empty_76      | add | fabric | 0       |
|    add_ln21_12_fu_738_p2                                   | -   |        | add_ln21_12   | add | fabric | 0       |
|    add_ln21_13_fu_748_p2                                   | -   |        | add_ln21_13   | add | fabric | 0       |
|    add_ln21_14_fu_763_p2                                   | -   |        | add_ln21_14   | add | fabric | 0       |
|    add_ln21_15_fu_773_p2                                   | -   |        | add_ln21_15   | add | fabric | 0       |
|    empty_77_fu_783_p2                                      | -   |        | empty_77      | add | fabric | 0       |
|    empty_78_fu_800_p2                                      | -   |        | empty_78      | add | fabric | 0       |
|    add_ln21_16_fu_815_p2                                   | -   |        | add_ln21_16   | add | fabric | 0       |
|    add_ln21_17_fu_830_p2                                   | -   |        | add_ln21_17   | add | fabric | 0       |
|    add_ln21_18_fu_840_p2                                   | -   |        | add_ln21_18   | add | fabric | 0       |
|    add_ln21_19_fu_855_p2                                   | -   |        | add_ln21_19   | add | fabric | 0       |
|  + lenet_full_top_Pipeline_RELU_LOOP3                      | 0   |        |               |     |        |         |
|    add_ln126_fu_91_p2                                      | -   |        | add_ln126     | add | fabric | 0       |
|  + lenet_full_top_Pipeline_DENSE_INPUT                     | 0   |        |               |     |        |         |
|    add_ln143_fu_160_p2                                     | -   |        | add_ln143     | add | fabric | 0       |
|  + lenet_full_top_Pipeline_DENSE_INPUT4                    | 0   |        |               |     |        |         |
|    add_ln143_fu_167_p2                                     | -   |        | add_ln143     | add | fabric | 0       |
+------------------------------------------------------------+-----+--------+---------------+-----+--------+---------+


================================================================
== Bind Storage Report
================================================================
+--------------------------------------+------+------+--------+--------------+---------+------+---------+
| Name                                 | BRAM | URAM | Pragma | Variable     | Storage | Impl | Latency |
+--------------------------------------+------+------+--------+--------------+---------+------+---------+
| + lenet_full_top                     | 70   | 0    |        |              |         |      |         |
|   conv1_output_U                     | 48   | -    |        | conv1_output | rom_np  | auto | 1       |
|   pool1_output_U                     | 4    | -    |        | pool1_output | rom_np  | auto | 1       |
|   conv2_output_U                     | 12   | -    |        | conv2_output | rom_np  | auto | 1       |
|   fmul_32ns_32ns_32_5_max_dsp_1_U63  | 2    | -    |        | pool2_output | rom_np  | auto | 1       |
|   fadd_32ns_32ns_32_9_full_dsp_1_U62 | 1    | -    |        | conv3_output | ram_1p  | auto | 1       |
|   fmul_32ns_32ns_32_5_max_dsp_1_U63  | 2    | -    |        | conv3_relu   | ram_1p  | auto | 1       |
|   fadd_32ns_32ns_32_9_full_dsp_1_U62 | 1    | -    |        | fc1_output   | ram_1p  | auto | 1       |
|   fc1_relu_U                         | 2    | -    |        | fc1_relu     | ram_1p  | auto | 1       |
+--------------------------------------+------+------+--------+--------------+---------+------+---------+


================================================================
== Pragma Report
================================================================
* Valid Pragma Syntax
+-----------+--------------------------------------------------------------+--------------------------------------------------------+
| Type      | Options                                                      | Location                                               |
+-----------+--------------------------------------------------------------+--------------------------------------------------------+
| inline    |                                                              | src/lenet_conv.cpp:13 in generate_window_5x5           |
| inline    |                                                              | src/lenet_conv.cpp:32 in mac_5x5                       |
| interface | m_axi port=feature_in offset=direct bundle=gmem0 depth=1024  | src/lenet_conv.cpp:187 in lenet_conv1_top, feature_in  |
| interface | m_axi port=weight offset=direct bundle=gmem1 depth=150       | src/lenet_conv.cpp:188 in lenet_conv1_top, weight      |
| interface | m_axi port=bias offset=direct bundle=gmem2 depth=6           | src/lenet_conv.cpp:189 in lenet_conv1_top, bias        |
| interface | m_axi port=feature_out offset=direct bundle=gmem3 depth=4704 | src/lenet_conv.cpp:190 in lenet_conv1_top, feature_out |
| interface | ap_ctrl_hs port=return                                       | src/lenet_conv.cpp:191 in lenet_conv1_top, return      |
| interface | m_axi port=feature_in offset=direct bundle=gmem0 depth=1176  | src/lenet_conv.cpp:203 in lenet_conv2_top, feature_in  |
| interface | m_axi port=weight offset=direct bundle=gmem1 depth=2400      | src/lenet_conv.cpp:204 in lenet_conv2_top, weight      |
| interface | m_axi port=bias offset=direct bundle=gmem2 depth=16          | src/lenet_conv.cpp:205 in lenet_conv2_top, bias        |
| interface | m_axi port=feature_out offset=direct bundle=gmem3 depth=1600 | src/lenet_conv.cpp:206 in lenet_conv2_top, feature_out |
| interface | ap_ctrl_hs port=return                                       | src/lenet_conv.cpp:207 in lenet_conv2_top, return      |
| interface | m_axi port=feature_in offset=direct bundle=gmem0 depth=400   | src/lenet_conv.cpp:221 in lenet_conv3_top, feature_in  |
| interface | m_axi port=weight offset=direct bundle=gmem1 depth=48000     | src/lenet_conv.cpp:222 in lenet_conv3_top, weight      |
| interface | m_axi port=bias offset=direct bundle=gmem2 depth=120         | src/lenet_conv.cpp:223 in lenet_conv3_top, bias        |
| interface | m_axi port=feature_out offset=direct bundle=gmem3 depth=120  | src/lenet_conv.cpp:224 in lenet_conv3_top, feature_out |
| interface | ap_ctrl_hs port=return                                       | src/lenet_conv.cpp:225 in lenet_conv3_top, return      |
| interface | m_axi port=feature_in offset=direct bundle=gmem0 depth=120   | src/lenet_conv.cpp:239 in lenet_fc1_top, feature_in    |
| interface | m_axi port=weight offset=direct bundle=gmem1 depth=10080     | src/lenet_conv.cpp:240 in lenet_fc1_top, weight        |
| interface | m_axi port=bias offset=direct bundle=gmem2 depth=84          | src/lenet_conv.cpp:241 in lenet_fc1_top, bias          |
| interface | m_axi port=feature_out offset=direct bundle=gmem3 depth=84   | src/lenet_conv.cpp:242 in lenet_fc1_top, feature_out   |
| interface | ap_ctrl_hs port=return                                       | src/lenet_conv.cpp:243 in lenet_fc1_top, return        |
| interface | m_axi port=feature_in offset=direct bundle=gmem0 depth=84    | src/lenet_conv.cpp:254 in lenet_fc2_top, feature_in    |
| interface | m_axi port=weight offset=direct bundle=gmem1 depth=840       | src/lenet_conv.cpp:255 in lenet_fc2_top, weight        |
| interface | m_axi port=bias offset=direct bundle=gmem2 depth=10          | src/lenet_conv.cpp:256 in lenet_fc2_top, bias          |
| interface | m_axi port=feature_out offset=direct bundle=gmem3 depth=10   | src/lenet_conv.cpp:257 in lenet_fc2_top, feature_out   |
| interface | ap_ctrl_hs port=return                                       | src/lenet_conv.cpp:258 in lenet_fc2_top, return        |
| interface | m_axi port=feature_in offset=slave bundle=gmem0 depth=1024   | src/lenet_conv.cpp:269 in lenet_full_top, feature_in   |
| interface | m_axi port=weight offset=slave bundle=gmem1 depth=61470      | src/lenet_conv.cpp:270 in lenet_full_top, weight       |
| interface | m_axi port=bias offset=slave bundle=gmem2 depth=236          | src/lenet_conv.cpp:271 in lenet_full_top, bias         |
| interface | m_axi port=feature_out offset=slave bundle=gmem3 depth=10    | src/lenet_conv.cpp:272 in lenet_full_top, feature_out  |
| interface | s_axilite port=feature_in bundle=control                     | src/lenet_conv.cpp:273 in lenet_full_top, feature_in   |
| interface | s_axilite port=weight bundle=control                         | src/lenet_conv.cpp:274 in lenet_full_top, weight       |
| interface | s_axilite port=bias bundle=control                           | src/lenet_conv.cpp:275 in lenet_full_top, bias         |
| interface | s_axilite port=feature_out bundle=control                    | src/lenet_conv.cpp:276 in lenet_full_top, feature_out  |
| interface | s_axilite port=return bundle=control                         | src/lenet_conv.cpp:277 in lenet_full_top, return       |
+-----------+--------------------------------------------------------------+--------------------------------------------------------+


