

================================================================
== Vitis HLS Report for 'lenet_full_top'
================================================================
* Date:           Sun Sep  6 21:25:47 2026

* Version:        2022.2 (Build 3670227 on Oct 13 2022)
* Project:        clk_7ns
* Solution:       solution1 (Vivado IP Flow Target)
* Product family: zynq
* Target device:  xc7z020-clg400-1


================================================================
== Performance Estimates
================================================================
+ Timing: 
    * Summary: 
    +--------+---------+----------+------------+
    |  Clock |  Target | Estimated| Uncertainty|
    +--------+---------+----------+------------+
    |ap_clk  |  7.00 ns|  5.377 ns|     1.89 ns|
    +--------+---------+----------+------------+

+ Latency: 
    * Summary: 
    +---------+---------+-----------+-----------+---------+---------+---------+
    |  Latency (cycles) |   Latency (absolute)  |      Interval     | Pipeline|
    |   min   |   max   |    min    |    max    |   min   |   max   |   Type  |
    +---------+---------+-----------+-----------+---------+---------+---------+
    |  2847628|  2847628|  19.933 ms|  19.933 ms|  2847629|  2847629|       no|
    +---------+---------+-----------+-----------+---------+---------+---------+

    + Detail: 
        * Instance: 
        +--------------------------------------------------------------------+---------------------------------------------------------+---------+---------+-----------+-----------+-------+-------+---------+
        |                                                                    |                                                         |  Latency (cycles) |   Latency (absolute)  |    Interval   | Pipeline|
        |                              Instance                              |                          Module                         |   min   |   max   |    min    |    max    |  min  |  max  |   Type  |
        +--------------------------------------------------------------------+---------------------------------------------------------+---------+---------+-----------+-----------+-------+-------+---------+
        |grp_lenet_full_top_Pipeline_POOL_CHANNEL_POOL_ROW_POOL_COL_fu_419   |lenet_full_top_Pipeline_POOL_CHANNEL_POOL_ROW_POOL_COL   |     1196|     1196|   8.372 us|   8.372 us|   1196|   1196|       no|
        |grp_lenet_full_top_Pipeline_OUTPUT_ROW_OUTPUT_COL_fu_425            |lenet_full_top_Pipeline_OUTPUT_ROW_OUTPUT_COL            |    19817|    19817|   0.139 ms|   0.139 ms|  19817|  19817|       no|
        |grp_lenet_full_top_Pipeline_POOL_CHANNEL_POOL_ROW_POOL_COL1_fu_438  |lenet_full_top_Pipeline_POOL_CHANNEL_POOL_ROW_POOL_COL1  |      421|      421|   2.947 us|   2.947 us|    421|    421|       no|
        |grp_lenet_full_top_Pipeline_INPUT_CHANNEL_fu_444                    |lenet_full_top_Pipeline_INPUT_CHANNEL                    |     1361|     1361|   9.527 us|   9.527 us|   1361|   1361|       no|
        |grp_lenet_full_top_Pipeline_RELU_LOOP_fu_457                        |lenet_full_top_Pipeline_RELU_LOOP                        |      126|      126|   0.882 us|   0.882 us|    126|    126|       no|
        |grp_lenet_full_top_Pipeline_INPUT_CHANNEL2_fu_463                   |lenet_full_top_Pipeline_INPUT_CHANNEL2                   |     3610|     3610|  25.270 us|  25.270 us|   3610|   3610|       no|
        |grp_lenet_full_top_Pipeline_RELU_LOOP3_fu_474                       |lenet_full_top_Pipeline_RELU_LOOP3                       |       90|       90|   0.630 us|   0.630 us|     90|     90|       no|
        |grp_lenet_full_top_Pipeline_DENSE_INPUT_fu_480                      |lenet_full_top_Pipeline_DENSE_INPUT                      |     1089|     1089|   7.623 us|   7.623 us|   1089|   1089|       no|
        |grp_lenet_full_top_Pipeline_DENSE_INPUT4_fu_491                     |lenet_full_top_Pipeline_DENSE_INPUT4                     |      765|      765|   5.355 us|   5.355 us|    765|    765|       no|
        +--------------------------------------------------------------------+---------------------------------------------------------+---------+---------+-----------+-----------+-------+-------+---------+

        * Loop: 
        +--------------------------+---------+---------+----------+-----------+-----------+------+----------+
        |                          |  Latency (cycles) | Iteration|  Initiation Interval  | Trip |          |
        |         Loop Name        |   min   |   max   |  Latency |  achieved |   target  | Count| Pipelined|
        +--------------------------+---------+---------+----------+-----------+-----------+------+----------+
        |- OUTPUT_CHANNEL          |   118920|   118920|     19820|          -|          -|     6|        no|
        |- OUTPUT_CHANNEL          |  2193648|  2193648|    137103|          -|          -|    16|        no|
        | + OUTPUT_ROW_OUTPUT_COL  |   137100|   137100|      1371|          -|          -|   100|        no|
        |- OUTPUT_CHANNEL          |   433680|   433680|      3614|          -|          -|   120|        no|
        |- DENSE_OUTPUT            |    91812|    91812|      1093|          -|          -|    84|        no|
        |- DENSE_OUTPUT            |     7690|     7690|       769|          -|          -|    10|        no|
        +--------------------------+---------+---------+----------+-----------+-----------+------+----------+



================================================================
== Utilization Estimates
================================================================
* Summary: 
+-----------------+---------+-----+--------+-------+-----+
|       Name      | BRAM_18K| DSP |   FF   |  LUT  | URAM|
+-----------------+---------+-----+--------+-------+-----+
|DSP              |        -|    -|       -|      -|    -|
|Expression       |        -|    -|       0|    919|    -|
|FIFO             |        -|    -|       -|      -|    -|
|Instance         |        0|    5|   13777|  16437|    -|
|Memory           |       70|    -|       0|      0|    0|
|Multiplexer      |        -|    -|       -|   1589|    -|
|Register         |        -|    -|    1495|      -|    -|
+-----------------+---------+-----+--------+-------+-----+
|Total            |       70|    5|   15272|  18945|    0|
+-----------------+---------+-----+--------+-------+-----+
|Available        |      280|  220|  106400|  53200|    0|
+-----------------+---------+-----+--------+-------+-----+
|Utilization (%)  |       25|    2|      14|     35|    0|
+-----------------+---------+-----+--------+-------+-----+

+ Detail: 
    * Instance: 
    +--------------------------------------------------------------------+---------------------------------------------------------+---------+----+------+------+-----+
    |                              Instance                              |                          Module                         | BRAM_18K| DSP|  FF  |  LUT | URAM|
    +--------------------------------------------------------------------+---------------------------------------------------------+---------+----+------+------+-----+
    |control_s_axi_U                                                     |control_s_axi                                            |        0|   0|   316|   552|    0|
    |fadd_32ns_32ns_32_9_full_dsp_1_U62                                  |fadd_32ns_32ns_32_9_full_dsp_1                           |        0|   2|   324|   424|    0|
    |fcmp_32ns_32ns_1_3_no_dsp_1_U64                                     |fcmp_32ns_32ns_1_3_no_dsp_1                              |        0|   0|     0|     0|    0|
    |fcmp_32ns_32ns_1_3_no_dsp_1_U65                                     |fcmp_32ns_32ns_1_3_no_dsp_1                              |        0|   0|     0|     0|    0|
    |fcmp_32ns_32ns_1_3_no_dsp_1_U66                                     |fcmp_32ns_32ns_1_3_no_dsp_1                              |        0|   0|     0|     0|    0|
    |fcmp_32ns_32ns_1_3_no_dsp_1_U67                                     |fcmp_32ns_32ns_1_3_no_dsp_1                              |        0|   0|     0|     0|    0|
    |fmul_32ns_32ns_32_5_max_dsp_1_U63                                   |fmul_32ns_32ns_32_5_max_dsp_1                            |        0|   3|   151|   325|    0|
    |gmem0_m_axi_U                                                       |gmem0_m_axi                                              |        0|   0|   718|  1318|    0|
    |gmem1_m_axi_U                                                       |gmem1_m_axi                                              |        0|   0|   718|  1318|    0|
    |gmem2_m_axi_U                                                       |gmem2_m_axi                                              |        0|   0|   718|  1318|    0|
    |gmem3_m_axi_U                                                       |gmem3_m_axi                                              |        0|   0|   718|  1318|    0|
    |grp_lenet_full_top_Pipeline_DENSE_INPUT_fu_480                      |lenet_full_top_Pipeline_DENSE_INPUT                      |        0|   0|   203|   174|    0|
    |grp_lenet_full_top_Pipeline_DENSE_INPUT4_fu_491                     |lenet_full_top_Pipeline_DENSE_INPUT4                     |        0|   0|   189|   187|    0|
    |grp_lenet_full_top_Pipeline_INPUT_CHANNEL_fu_444                    |lenet_full_top_Pipeline_INPUT_CHANNEL                    |        0|   0|  1833|  2231|    0|
    |grp_lenet_full_top_Pipeline_INPUT_CHANNEL2_fu_463                   |lenet_full_top_Pipeline_INPUT_CHANNEL2                   |        0|   0|  1729|  2231|    0|
    |grp_lenet_full_top_Pipeline_OUTPUT_ROW_OUTPUT_COL_fu_425            |lenet_full_top_Pipeline_OUTPUT_ROW_OUTPUT_COL            |        0|   0|  3399|  2040|    0|
    |grp_lenet_full_top_Pipeline_POOL_CHANNEL_POOL_ROW_POOL_COL_fu_419   |lenet_full_top_Pipeline_POOL_CHANNEL_POOL_ROW_POOL_COL   |        0|   0|  1414|  1482|    0|
    |grp_lenet_full_top_Pipeline_POOL_CHANNEL_POOL_ROW_POOL_COL1_fu_438  |lenet_full_top_Pipeline_POOL_CHANNEL_POOL_ROW_POOL_COL1  |        0|   0|   971|  1143|    0|
    |grp_lenet_full_top_Pipeline_RELU_LOOP_fu_457                        |lenet_full_top_Pipeline_RELU_LOOP                        |        0|   0|   188|   188|    0|
    |grp_lenet_full_top_Pipeline_RELU_LOOP3_fu_474                       |lenet_full_top_Pipeline_RELU_LOOP3                       |        0|   0|   188|   188|    0|
    +--------------------------------------------------------------------+---------------------------------------------------------+---------+----+------+------+-----+
    |Total                                                               |                                                         |        0|   5| 13777| 16437|    0|
    +--------------------------------------------------------------------+---------------------------------------------------------+---------+----+------+------+-----+

    * DSP: 
    N/A

    * Memory: 
    +----------------+---------------------------------+---------+---+----+-----+------+-----+------+-------------+
    |     Memory     |              Module             | BRAM_18K| FF| LUT| URAM| Words| Bits| Banks| W*Bits*Banks|
    +----------------+---------------------------------+---------+---+----+-----+------+-----+------+-------------+
    |conv1_output_U  |conv1_output_RAM_1WNR_AUTO_1R1W  |       48|  0|   0|    0|  4704|   32|     1|       150528|
    |conv2_output_U  |conv2_output_RAM_1WNR_AUTO_1R1W  |       12|  0|   0|    0|  1600|   32|     1|        51200|
    |conv3_output_U  |conv3_output_RAM_AUTO_1R1W       |        1|  0|   0|    0|   120|   32|     1|         3840|
    |conv3_relu_U    |conv3_output_RAM_AUTO_1R1W       |        1|  0|   0|    0|   120|   32|     1|         3840|
    |fc1_output_U    |fc1_output_RAM_AUTO_1R1W         |        1|  0|   0|    0|    84|   32|     1|         2688|
    |fc1_relu_U      |fc1_output_RAM_AUTO_1R1W         |        1|  0|   0|    0|    84|   32|     1|         2688|
    |pool1_output_U  |pool1_output_RAM_1WNR_AUTO_1R1W  |        4|  0|   0|    0|  1176|   32|     1|        37632|
    |pool2_output_U  |pool2_output_RAM_1WNR_AUTO_1R1W  |        2|  0|   0|    0|   400|   32|     1|        12800|
    +----------------+---------------------------------+---------+---+----+-----+------+-----+------+-------------+
    |Total           |                                 |       70|  0|   0|    0|  8288|  256|     8|       265216|
    +----------------+---------------------------------+---------+---+----+-----+------+-----+------+-------------+

    * FIFO: 
    N/A

    * Expression: 
    +-------------------------+----------+----+---+----+------------+------------+
    |      Variable Name      | Operation| DSP| FF| LUT| Bitwidth P0| Bitwidth P1|
    +-------------------------+----------+----+---+----+------------+------------+
    |add_ln139_1_fu_931_p2    |         +|   0|  0|  71|          64|          10|
    |add_ln139_2_fu_995_p2    |         +|   0|  0|  71|          64|          18|
    |add_ln139_3_fu_1010_p2   |         +|   0|  0|  71|          64|          10|
    |add_ln139_4_fu_984_p2    |         +|   0|  0|  14|           7|           1|
    |add_ln139_5_fu_1082_p2   |         +|   0|  0|  13|           4|           1|
    |add_ln139_fu_916_p2      |         +|   0|  0|  71|          64|          18|
    |add_ln51_1_fu_554_p2     |         +|   0|  0|  11|           3|           1|
    |add_ln51_2_fu_673_p2     |         +|   0|  0|  71|          64|          14|
    |add_ln51_3_fu_688_p2     |         +|   0|  0|  71|          64|           7|
    |add_ln51_4_fu_667_p2     |         +|   0|  0|  13|           5|           1|
    |add_ln51_5_fu_905_p2     |         +|   0|  0|  14|           7|           1|
    |add_ln51_6_fu_542_p2     |         +|   0|  0|  13|          10|           7|
    |add_ln51_7_fu_821_p2     |         +|   0|  0|  17|          14|          10|
    |add_ln51_fu_570_p2       |         +|   0|  0|  71|          64|           5|
    |add_ln53_4_fu_801_p2     |         +|   0|  0|  13|           4|           1|
    |add_ln53_5_fu_839_p2     |         +|   0|  0|  14|           6|           6|
    |add_ln53_6_fu_848_p2     |         +|   0|  0|  15|           8|           8|
    |add_ln53_fu_781_p2       |         +|   0|  0|  14|           7|           1|
    |add_ln55_fu_815_p2       |         +|   0|  0|  13|           4|           1|
    |add_ln76_1_fu_880_p2     |         +|   0|  0|  12|          11|          11|
    |add_ln76_fu_870_p2       |         +|   0|  0|  14|           9|           9|
    |empty_94_fu_608_p2       |         +|   0|  0|  71|          64|          64|
    |empty_99_fu_722_p2       |         +|   0|  0|  71|          64|          64|
    |empty_95_fu_635_p2       |         -|   0|  0|  14|           9|           9|
    |icmp_ln139_1_fu_1076_p2  |      icmp|   0|  0|   9|           4|           4|
    |icmp_ln139_fu_978_p2     |      icmp|   0|  0|  10|           7|           7|
    |icmp_ln51_1_fu_661_p2    |      icmp|   0|  0|  10|           5|           6|
    |icmp_ln51_2_fu_899_p2    |      icmp|   0|  0|  10|           7|           5|
    |icmp_ln51_fu_548_p2      |      icmp|   0|  0|   8|           3|           3|
    |icmp_ln53_fu_775_p2      |      icmp|   0|  0|  10|           7|           6|
    |icmp_ln55_fu_787_p2      |      icmp|   0|  0|   9|           4|           4|
    |ap_block_state31_io      |        or|   0|  0|   2|           1|           1|
    |select_ln53_7_fu_807_p3  |    select|   0|  0|   4|           1|           4|
    |select_ln53_fu_793_p3    |    select|   0|  0|   4|           1|           1|
    +-------------------------+----------+----+---+----+------------+------------+
    |Total                    |          |   0|  0| 919|         724|         319|
    +-------------------------+----------+----+---+----+------------+------------+

    * Multiplexer: 
    +---------------------------+-----+-----------+-----+-----------+
    |            Name           | LUT | Input Size| Bits| Total Bits|
    +---------------------------+-----+-----------+-----+-----------+
    |ap_NS_fsm                  |  313|         69|    1|         69|
    |conv1_output_address0      |   14|          3|   13|         39|
    |conv1_output_ce0           |   14|          3|    1|          3|
    |conv1_output_ce1           |    9|          2|    1|          2|
    |conv1_output_ce2           |    9|          2|    1|          2|
    |conv1_output_ce3           |    9|          2|    1|          2|
    |conv1_output_we0           |    9|          2|    1|          2|
    |conv2_output_address0      |   14|          3|   11|         33|
    |conv2_output_ce0           |   14|          3|    1|          3|
    |conv2_output_ce1           |    9|          2|    1|          2|
    |conv2_output_ce2           |    9|          2|    1|          2|
    |conv2_output_ce3           |    9|          2|    1|          2|
    |conv2_output_we0           |    9|          2|    1|          2|
    |conv3_output_address0      |   14|          3|    7|         21|
    |conv3_output_ce0           |   14|          3|    1|          3|
    |conv3_output_we0           |    9|          2|    1|          2|
    |conv3_relu_address0        |   14|          3|    7|         21|
    |conv3_relu_ce0             |   14|          3|    1|          3|
    |conv3_relu_we0             |    9|          2|    1|          2|
    |fc1_output_address0        |   14|          3|    7|         21|
    |fc1_output_ce0             |   14|          3|    1|          3|
    |fc1_output_we0             |    9|          2|    1|          2|
    |fc1_relu_address0          |   14|          3|    7|         21|
    |fc1_relu_ce0               |   14|          3|    1|          3|
    |fc1_relu_we0               |    9|          2|    1|          2|
    |gmem0_ARVALID              |    9|          2|    1|          2|
    |gmem0_RREADY               |    9|          2|    1|          2|
    |gmem1_ARADDR               |   53|         10|   64|        640|
    |gmem1_ARLEN                |   53|         10|   32|        320|
    |gmem1_ARVALID              |   37|          7|    1|          7|
    |gmem1_RREADY               |   31|          6|    1|          6|
    |gmem1_blk_n_AR             |    9|          2|    1|          2|
    |gmem2_ARADDR               |   31|          6|   64|        384|
    |gmem2_ARLEN                |   31|          6|   32|        192|
    |gmem2_blk_n_AR             |    9|          2|    1|          2|
    |gmem2_blk_n_R              |    9|          2|    1|          2|
    |gmem3_AWADDR               |   14|          3|   64|        192|
    |gmem3_AWLEN                |   14|          3|   32|         96|
    |gmem3_AWVALID              |   14|          3|    1|          3|
    |gmem3_BREADY               |   14|          3|    1|          3|
    |gmem3_WVALID               |    9|          2|    1|          2|
    |gmem3_blk_n_AW             |    9|          2|    1|          2|
    |gmem3_blk_n_B              |    9|          2|    1|          2|
    |grp_fu_1398_ce             |   31|          6|    1|          6|
    |grp_fu_1398_p0             |   31|          6|   32|        192|
    |grp_fu_1398_p1             |   31|          6|   32|        192|
    |grp_fu_1402_ce             |   31|          6|    1|          6|
    |grp_fu_1402_p0             |   31|          6|   32|        192|
    |grp_fu_1402_p1             |   31|          6|   32|        192|
    |grp_fu_1406_ce             |   25|          5|    1|          5|
    |grp_fu_1406_opcode         |   25|          5|    5|         25|
    |grp_fu_1406_p0             |   25|          5|   32|        160|
    |grp_fu_1406_p1             |   25|          5|   32|        160|
    |grp_fu_1410_ce             |   14|          3|    1|          3|
    |grp_fu_1410_opcode         |   14|          3|    5|         15|
    |grp_fu_1410_p0             |   14|          3|   32|         96|
    |grp_fu_1410_p1             |   14|          3|   32|         96|
    |grp_fu_1414_ce             |   14|          3|    1|          3|
    |grp_fu_1414_opcode         |   14|          3|    5|         15|
    |grp_fu_1414_p0             |   14|          3|   32|         96|
    |grp_fu_1414_p1             |   14|          3|   32|         96|
    |grp_fu_1418_ce             |   14|          3|    1|          3|
    |grp_fu_1418_opcode         |   14|          3|    5|         15|
    |grp_fu_1418_p0             |   14|          3|   32|         96|
    |grp_fu_1418_p1             |   14|          3|   32|         96|
    |indvar_flatten108_reg_386  |    9|          2|    7|         14|
    |output_channel_1_fu_250    |    9|          2|    5|         10|
    |output_channel_3_fu_254    |    9|          2|    7|         14|
    |output_channel_fu_210      |    9|          2|    3|          6|
    |output_col_reg_408         |    9|          2|    4|          8|
    |output_index_1_fu_262      |    9|          2|    4|          8|
    |output_index_fu_258        |    9|          2|    7|         14|
    |output_row_reg_397         |    9|          2|    4|          8|
    |phi_mul227_fu_246          |    9|          2|   14|         28|
    |phi_mul_fu_206             |    9|          2|   10|         20|
    |pool1_output_address0      |   14|          3|   11|         33|
    |pool1_output_ce0           |   14|          3|    1|          3|
    |pool1_output_ce1           |    9|          2|    1|          2|
    |pool1_output_we0           |    9|          2|    1|          2|
    |pool2_output_address0      |   14|          3|    9|         27|
    |pool2_output_ce0           |   14|          3|    1|          3|
    |pool2_output_ce1           |    9|          2|    1|          2|
    |pool2_output_we0           |    9|          2|    1|          2|
    +---------------------------+-----+-----------+-----+-----------+
    |Total                      | 1589|        334|  872|       4090|
    +---------------------------+-----+-----------+-----+-----------+

    * Register: 
    +---------------------------------------------------------------------------------+----+----+-----+-----------+
    |                                       Name                                      | FF | LUT| Bits| Const Bits|
    +---------------------------------------------------------------------------------+----+----+-----+-----------+
    |accumulator_1_reg_1233                                                           |  32|   0|   32|          0|
    |accumulator_2_reg_1183                                                           |  32|   0|   32|          0|
    |accumulator_4_reg_1370                                                           |  32|   0|   32|          0|
    |accumulator_5_reg_1393                                                           |  32|   0|   32|          0|
    |accumulator_reg_1322                                                             |  32|   0|   32|          0|
    |add_ln51_4_reg_1199                                                              |   5|   0|    5|          0|
    |add_ln53_6_reg_1274                                                              |   8|   0|    8|          0|
    |add_ln53_reg_1251                                                                |   7|   0|    7|          0|
    |add_ln55_reg_1269                                                                |   4|   0|    4|          0|
    |add_ln76_1_reg_1280                                                              |  11|   0|   11|          0|
    |ap_CS_fsm                                                                        |  68|   0|   68|          0|
    |bias_read_reg_1116                                                               |  64|   0|   64|          0|
    |empty_95_reg_1178                                                                |   7|   0|    9|          2|
    |feature_in_read_reg_1133                                                         |  64|   0|   64|          0|
    |feature_out_read_reg_1111                                                        |  64|   0|   64|          0|
    |gmem1_addr_1_reg_1243                                                            |  64|   0|   64|          0|
    |gmem2_addr_1_reg_1172                                                            |  64|   0|   64|          0|
    |gmem2_addr_2_read_reg_1317                                                       |  32|   0|   32|          0|
    |gmem2_addr_2_reg_1217                                                            |  64|   0|   64|          0|
    |gmem2_addr_3_read_reg_1365                                                       |  32|   0|   32|          0|
    |gmem2_addr_3_reg_1311                                                            |  64|   0|   64|          0|
    |gmem2_addr_4_read_reg_1388                                                       |  32|   0|   32|          0|
    |gmem2_addr_4_reg_1353                                                            |  64|   0|   64|          0|
    |gmem2_addr_reg_1138                                                              |  64|   0|   64|          0|
    |grp_lenet_full_top_Pipeline_DENSE_INPUT4_fu_491_ap_start_reg                     |   1|   0|    1|          0|
    |grp_lenet_full_top_Pipeline_DENSE_INPUT_fu_480_ap_start_reg                      |   1|   0|    1|          0|
    |grp_lenet_full_top_Pipeline_INPUT_CHANNEL2_fu_463_ap_start_reg                   |   1|   0|    1|          0|
    |grp_lenet_full_top_Pipeline_INPUT_CHANNEL_fu_444_ap_start_reg                    |   1|   0|    1|          0|
    |grp_lenet_full_top_Pipeline_OUTPUT_ROW_OUTPUT_COL_fu_425_ap_start_reg            |   1|   0|    1|          0|
    |grp_lenet_full_top_Pipeline_POOL_CHANNEL_POOL_ROW_POOL_COL1_fu_438_ap_start_reg  |   1|   0|    1|          0|
    |grp_lenet_full_top_Pipeline_POOL_CHANNEL_POOL_ROW_POOL_COL_fu_419_ap_start_reg   |   1|   0|    1|          0|
    |grp_lenet_full_top_Pipeline_RELU_LOOP3_fu_474_ap_start_reg                       |   1|   0|    1|          0|
    |grp_lenet_full_top_Pipeline_RELU_LOOP_fu_457_ap_start_reg                        |   1|   0|    1|          0|
    |indvar_flatten108_reg_386                                                        |   7|   0|    7|          0|
    |output_channel_1_fu_250                                                          |   5|   0|    5|          0|
    |output_channel_2_reg_1149                                                        |   3|   0|    3|          0|
    |output_channel_3_fu_254                                                          |   7|   0|    7|          0|
    |output_channel_5_reg_1290                                                        |   7|   0|    7|          0|
    |output_channel_fu_210                                                            |   3|   0|    3|          0|
    |output_col_reg_408                                                               |   4|   0|    4|          0|
    |output_index_1_fu_262                                                            |   4|   0|    4|          0|
    |output_index_2_reg_1332                                                          |   7|   0|    7|          0|
    |output_index_fu_258                                                              |   7|   0|    7|          0|
    |output_row_reg_397                                                               |   4|   0|    4|          0|
    |p_shl15_cast_reg_1223                                                            |   4|   0|    8|          4|
    |p_shl16_cast_reg_1228                                                            |   4|   0|    6|          2|
    |phi_mul227_fu_246                                                                |  14|   0|   14|          0|
    |phi_mul_fu_206                                                                   |  10|   0|   10|          0|
    |phi_mul_load_reg_1144                                                            |  10|   0|   10|          0|
    |select_ln53_7_reg_1262                                                           |   4|   0|    4|          0|
    |select_ln53_reg_1256                                                             |   4|   0|    4|          0|
    |trunc_ln139_2_reg_1347                                                           |  62|   0|   62|          0|
    |trunc_ln139_4_reg_1359                                                           |  62|   0|   62|          0|
    |trunc_ln1_reg_1188                                                               |  62|   0|   62|          0|
    |trunc_ln4_reg_1238                                                               |  62|   0|   62|          0|
    |trunc_ln51_2_reg_1211                                                            |  62|   0|   62|          0|
    |trunc_ln5_reg_1305                                                               |  62|   0|   62|          0|
    |weight_read_reg_1124                                                             |  64|   0|   64|          0|
    +---------------------------------------------------------------------------------+----+----+-----+-----------+
    |Total                                                                            |1495|   0| 1503|          8|
    +---------------------------------------------------------------------------------+----+----+-----+-----------+



================================================================
== Interface
================================================================
* Summary: 
+-----------------------+-----+-----+------------+----------------+--------------+
|       RTL Ports       | Dir | Bits|  Protocol  |  Source Object |    C Type    |
+-----------------------+-----+-----+------------+----------------+--------------+
|s_axi_control_AWVALID  |   in|    1|       s_axi|         control|        scalar|
|s_axi_control_AWREADY  |  out|    1|       s_axi|         control|        scalar|
|s_axi_control_AWADDR   |   in|    6|       s_axi|         control|        scalar|
|s_axi_control_WVALID   |   in|    1|       s_axi|         control|        scalar|
|s_axi_control_WREADY   |  out|    1|       s_axi|         control|        scalar|
|s_axi_control_WDATA    |   in|   32|       s_axi|         control|        scalar|
|s_axi_control_WSTRB    |   in|    4|       s_axi|         control|        scalar|
|s_axi_control_ARVALID  |   in|    1|       s_axi|         control|        scalar|
|s_axi_control_ARREADY  |  out|    1|       s_axi|         control|        scalar|
|s_axi_control_ARADDR   |   in|    6|       s_axi|         control|        scalar|
|s_axi_control_RVALID   |  out|    1|       s_axi|         control|        scalar|
|s_axi_control_RREADY   |   in|    1|       s_axi|         control|        scalar|
|s_axi_control_RDATA    |  out|   32|       s_axi|         control|        scalar|
|s_axi_control_RRESP    |  out|    2|       s_axi|         control|        scalar|
|s_axi_control_BVALID   |  out|    1|       s_axi|         control|        scalar|
|s_axi_control_BREADY   |   in|    1|       s_axi|         control|        scalar|
|s_axi_control_BRESP    |  out|    2|       s_axi|         control|        scalar|
|ap_clk                 |   in|    1|  ap_ctrl_hs|  lenet_full_top|  return value|
|ap_rst_n               |   in|    1|  ap_ctrl_hs|  lenet_full_top|  return value|
|interrupt              |  out|    1|  ap_ctrl_hs|  lenet_full_top|  return value|
|m_axi_gmem0_AWVALID    |  out|    1|       m_axi|           gmem0|       pointer|
|m_axi_gmem0_AWREADY    |   in|    1|       m_axi|           gmem0|       pointer|
|m_axi_gmem0_AWADDR     |  out|   64|       m_axi|           gmem0|       pointer|
|m_axi_gmem0_AWID       |  out|    1|       m_axi|           gmem0|       pointer|
|m_axi_gmem0_AWLEN      |  out|    8|       m_axi|           gmem0|       pointer|
|m_axi_gmem0_AWSIZE     |  out|    3|       m_axi|           gmem0|       pointer|
|m_axi_gmem0_AWBURST    |  out|    2|       m_axi|           gmem0|       pointer|
|m_axi_gmem0_AWLOCK     |  out|    2|       m_axi|           gmem0|       pointer|
|m_axi_gmem0_AWCACHE    |  out|    4|       m_axi|           gmem0|       pointer|
|m_axi_gmem0_AWPROT     |  out|    3|       m_axi|           gmem0|       pointer|
|m_axi_gmem0_AWQOS      |  out|    4|       m_axi|           gmem0|       pointer|
|m_axi_gmem0_AWREGION   |  out|    4|       m_axi|           gmem0|       pointer|
|m_axi_gmem0_AWUSER     |  out|    1|       m_axi|           gmem0|       pointer|
|m_axi_gmem0_WVALID     |  out|    1|       m_axi|           gmem0|       pointer|
|m_axi_gmem0_WREADY     |   in|    1|       m_axi|           gmem0|       pointer|
|m_axi_gmem0_WDATA      |  out|   32|       m_axi|           gmem0|       pointer|
|m_axi_gmem0_WSTRB      |  out|    4|       m_axi|           gmem0|       pointer|
|m_axi_gmem0_WLAST      |  out|    1|       m_axi|           gmem0|       pointer|
|m_axi_gmem0_WID        |  out|    1|       m_axi|           gmem0|       pointer|
|m_axi_gmem0_WUSER      |  out|    1|       m_axi|           gmem0|       pointer|
|m_axi_gmem0_ARVALID    |  out|    1|       m_axi|           gmem0|       pointer|
|m_axi_gmem0_ARREADY    |   in|    1|       m_axi|           gmem0|       pointer|
|m_axi_gmem0_ARADDR     |  out|   64|       m_axi|           gmem0|       pointer|
|m_axi_gmem0_ARID       |  out|    1|       m_axi|           gmem0|       pointer|
|m_axi_gmem0_ARLEN      |  out|    8|       m_axi|           gmem0|       pointer|
|m_axi_gmem0_ARSIZE     |  out|    3|       m_axi|           gmem0|       pointer|
|m_axi_gmem0_ARBURST    |  out|    2|       m_axi|           gmem0|       pointer|
|m_axi_gmem0_ARLOCK     |  out|    2|       m_axi|           gmem0|       pointer|
|m_axi_gmem0_ARCACHE    |  out|    4|       m_axi|           gmem0|       pointer|
|m_axi_gmem0_ARPROT     |  out|    3|       m_axi|           gmem0|       pointer|
|m_axi_gmem0_ARQOS      |  out|    4|       m_axi|           gmem0|       pointer|
|m_axi_gmem0_ARREGION   |  out|    4|       m_axi|           gmem0|       pointer|
|m_axi_gmem0_ARUSER     |  out|    1|       m_axi|           gmem0|       pointer|
|m_axi_gmem0_RVALID     |   in|    1|       m_axi|           gmem0|       pointer|
|m_axi_gmem0_RREADY     |  out|    1|       m_axi|           gmem0|       pointer|
|m_axi_gmem0_RDATA      |   in|   32|       m_axi|           gmem0|       pointer|
|m_axi_gmem0_RLAST      |   in|    1|       m_axi|           gmem0|       pointer|
|m_axi_gmem0_RID        |   in|    1|       m_axi|           gmem0|       pointer|
|m_axi_gmem0_RUSER      |   in|    1|       m_axi|           gmem0|       pointer|
|m_axi_gmem0_RRESP      |   in|    2|       m_axi|           gmem0|       pointer|
|m_axi_gmem0_BVALID     |   in|    1|       m_axi|           gmem0|       pointer|
|m_axi_gmem0_BREADY     |  out|    1|       m_axi|           gmem0|       pointer|
|m_axi_gmem0_BRESP      |   in|    2|       m_axi|           gmem0|       pointer|
|m_axi_gmem0_BID        |   in|    1|       m_axi|           gmem0|       pointer|
|m_axi_gmem0_BUSER      |   in|    1|       m_axi|           gmem0|       pointer|
|m_axi_gmem1_AWVALID    |  out|    1|       m_axi|           gmem1|       pointer|
|m_axi_gmem1_AWREADY    |   in|    1|       m_axi|           gmem1|       pointer|
|m_axi_gmem1_AWADDR     |  out|   64|       m_axi|           gmem1|       pointer|
|m_axi_gmem1_AWID       |  out|    1|       m_axi|           gmem1|       pointer|
|m_axi_gmem1_AWLEN      |  out|    8|       m_axi|           gmem1|       pointer|
|m_axi_gmem1_AWSIZE     |  out|    3|       m_axi|           gmem1|       pointer|
|m_axi_gmem1_AWBURST    |  out|    2|       m_axi|           gmem1|       pointer|
|m_axi_gmem1_AWLOCK     |  out|    2|       m_axi|           gmem1|       pointer|
|m_axi_gmem1_AWCACHE    |  out|    4|       m_axi|           gmem1|       pointer|
|m_axi_gmem1_AWPROT     |  out|    3|       m_axi|           gmem1|       pointer|
|m_axi_gmem1_AWQOS      |  out|    4|       m_axi|           gmem1|       pointer|
|m_axi_gmem1_AWREGION   |  out|    4|       m_axi|           gmem1|       pointer|
|m_axi_gmem1_AWUSER     |  out|    1|       m_axi|           gmem1|       pointer|
|m_axi_gmem1_WVALID     |  out|    1|       m_axi|           gmem1|       pointer|
|m_axi_gmem1_WREADY     |   in|    1|       m_axi|           gmem1|       pointer|
|m_axi_gmem1_WDATA      |  out|   32|       m_axi|           gmem1|       pointer|
|m_axi_gmem1_WSTRB      |  out|    4|       m_axi|           gmem1|       pointer|
|m_axi_gmem1_WLAST      |  out|    1|       m_axi|           gmem1|       pointer|
|m_axi_gmem1_WID        |  out|    1|       m_axi|           gmem1|       pointer|
|m_axi_gmem1_WUSER      |  out|    1|       m_axi|           gmem1|       pointer|
|m_axi_gmem1_ARVALID    |  out|    1|       m_axi|           gmem1|       pointer|
|m_axi_gmem1_ARREADY    |   in|    1|       m_axi|           gmem1|       pointer|
|m_axi_gmem1_ARADDR     |  out|   64|       m_axi|           gmem1|       pointer|
|m_axi_gmem1_ARID       |  out|    1|       m_axi|           gmem1|       pointer|
|m_axi_gmem1_ARLEN      |  out|    8|       m_axi|           gmem1|       pointer|
|m_axi_gmem1_ARSIZE     |  out|    3|       m_axi|           gmem1|       pointer|
|m_axi_gmem1_ARBURST    |  out|    2|       m_axi|           gmem1|       pointer|
|m_axi_gmem1_ARLOCK     |  out|    2|       m_axi|           gmem1|       pointer|
|m_axi_gmem1_ARCACHE    |  out|    4|       m_axi|           gmem1|       pointer|
|m_axi_gmem1_ARPROT     |  out|    3|       m_axi|           gmem1|       pointer|
|m_axi_gmem1_ARQOS      |  out|    4|       m_axi|           gmem1|       pointer|
|m_axi_gmem1_ARREGION   |  out|    4|       m_axi|           gmem1|       pointer|
|m_axi_gmem1_ARUSER     |  out|    1|       m_axi|           gmem1|       pointer|
|m_axi_gmem1_RVALID     |   in|    1|       m_axi|           gmem1|       pointer|
|m_axi_gmem1_RREADY     |  out|    1|       m_axi|           gmem1|       pointer|
|m_axi_gmem1_RDATA      |   in|   32|       m_axi|           gmem1|       pointer|
|m_axi_gmem1_RLAST      |   in|    1|       m_axi|           gmem1|       pointer|
|m_axi_gmem1_RID        |   in|    1|       m_axi|           gmem1|       pointer|
|m_axi_gmem1_RUSER      |   in|    1|       m_axi|           gmem1|       pointer|
|m_axi_gmem1_RRESP      |   in|    2|       m_axi|           gmem1|       pointer|
|m_axi_gmem1_BVALID     |   in|    1|       m_axi|           gmem1|       pointer|
|m_axi_gmem1_BREADY     |  out|    1|       m_axi|           gmem1|       pointer|
|m_axi_gmem1_BRESP      |   in|    2|       m_axi|           gmem1|       pointer|
|m_axi_gmem1_BID        |   in|    1|       m_axi|           gmem1|       pointer|
|m_axi_gmem1_BUSER      |   in|    1|       m_axi|           gmem1|       pointer|
|m_axi_gmem2_AWVALID    |  out|    1|       m_axi|           gmem2|       pointer|
|m_axi_gmem2_AWREADY    |   in|    1|       m_axi|           gmem2|       pointer|
|m_axi_gmem2_AWADDR     |  out|   64|       m_axi|           gmem2|       pointer|
|m_axi_gmem2_AWID       |  out|    1|       m_axi|           gmem2|       pointer|
|m_axi_gmem2_AWLEN      |  out|    8|       m_axi|           gmem2|       pointer|
|m_axi_gmem2_AWSIZE     |  out|    3|       m_axi|           gmem2|       pointer|
|m_axi_gmem2_AWBURST    |  out|    2|       m_axi|           gmem2|       pointer|
|m_axi_gmem2_AWLOCK     |  out|    2|       m_axi|           gmem2|       pointer|
|m_axi_gmem2_AWCACHE    |  out|    4|       m_axi|           gmem2|       pointer|
|m_axi_gmem2_AWPROT     |  out|    3|       m_axi|           gmem2|       pointer|
|m_axi_gmem2_AWQOS      |  out|    4|       m_axi|           gmem2|       pointer|
|m_axi_gmem2_AWREGION   |  out|    4|       m_axi|           gmem2|       pointer|
|m_axi_gmem2_AWUSER     |  out|    1|       m_axi|           gmem2|       pointer|
|m_axi_gmem2_WVALID     |  out|    1|       m_axi|           gmem2|       pointer|
|m_axi_gmem2_WREADY     |   in|    1|       m_axi|           gmem2|       pointer|
|m_axi_gmem2_WDATA      |  out|   32|       m_axi|           gmem2|       pointer|
|m_axi_gmem2_WSTRB      |  out|    4|       m_axi|           gmem2|       pointer|
|m_axi_gmem2_WLAST      |  out|    1|       m_axi|           gmem2|       pointer|
|m_axi_gmem2_WID        |  out|    1|       m_axi|           gmem2|       pointer|
|m_axi_gmem2_WUSER      |  out|    1|       m_axi|           gmem2|       pointer|
|m_axi_gmem2_ARVALID    |  out|    1|       m_axi|           gmem2|       pointer|
|m_axi_gmem2_ARREADY    |   in|    1|       m_axi|           gmem2|       pointer|
|m_axi_gmem2_ARADDR     |  out|   64|       m_axi|           gmem2|       pointer|
|m_axi_gmem2_ARID       |  out|    1|       m_axi|           gmem2|       pointer|
|m_axi_gmem2_ARLEN      |  out|    8|       m_axi|           gmem2|       pointer|
|m_axi_gmem2_ARSIZE     |  out|    3|       m_axi|           gmem2|       pointer|
|m_axi_gmem2_ARBURST    |  out|    2|       m_axi|           gmem2|       pointer|
|m_axi_gmem2_ARLOCK     |  out|    2|       m_axi|           gmem2|       pointer|
|m_axi_gmem2_ARCACHE    |  out|    4|       m_axi|           gmem2|       pointer|
|m_axi_gmem2_ARPROT     |  out|    3|       m_axi|           gmem2|       pointer|
|m_axi_gmem2_ARQOS      |  out|    4|       m_axi|           gmem2|       pointer|
|m_axi_gmem2_ARREGION   |  out|    4|       m_axi|           gmem2|       pointer|
|m_axi_gmem2_ARUSER     |  out|    1|       m_axi|           gmem2|       pointer|
|m_axi_gmem2_RVALID     |   in|    1|       m_axi|           gmem2|       pointer|
|m_axi_gmem2_RREADY     |  out|    1|       m_axi|           gmem2|       pointer|
|m_axi_gmem2_RDATA      |   in|   32|       m_axi|           gmem2|       pointer|
|m_axi_gmem2_RLAST      |   in|    1|       m_axi|           gmem2|       pointer|
|m_axi_gmem2_RID        |   in|    1|       m_axi|           gmem2|       pointer|
|m_axi_gmem2_RUSER      |   in|    1|       m_axi|           gmem2|       pointer|
|m_axi_gmem2_RRESP      |   in|    2|       m_axi|           gmem2|       pointer|
|m_axi_gmem2_BVALID     |   in|    1|       m_axi|           gmem2|       pointer|
|m_axi_gmem2_BREADY     |  out|    1|       m_axi|           gmem2|       pointer|
|m_axi_gmem2_BRESP      |   in|    2|       m_axi|           gmem2|       pointer|
|m_axi_gmem2_BID        |   in|    1|       m_axi|           gmem2|       pointer|
|m_axi_gmem2_BUSER      |   in|    1|       m_axi|           gmem2|       pointer|
|m_axi_gmem3_AWVALID    |  out|    1|       m_axi|           gmem3|       pointer|
|m_axi_gmem3_AWREADY    |   in|    1|       m_axi|           gmem3|       pointer|
|m_axi_gmem3_AWADDR     |  out|   64|       m_axi|           gmem3|       pointer|
|m_axi_gmem3_AWID       |  out|    1|       m_axi|           gmem3|       pointer|
|m_axi_gmem3_AWLEN      |  out|    8|       m_axi|           gmem3|       pointer|
|m_axi_gmem3_AWSIZE     |  out|    3|       m_axi|           gmem3|       pointer|
|m_axi_gmem3_AWBURST    |  out|    2|       m_axi|           gmem3|       pointer|
|m_axi_gmem3_AWLOCK     |  out|    2|       m_axi|           gmem3|       pointer|
|m_axi_gmem3_AWCACHE    |  out|    4|       m_axi|           gmem3|       pointer|
|m_axi_gmem3_AWPROT     |  out|    3|       m_axi|           gmem3|       pointer|
|m_axi_gmem3_AWQOS      |  out|    4|       m_axi|           gmem3|       pointer|
|m_axi_gmem3_AWREGION   |  out|    4|       m_axi|           gmem3|       pointer|
|m_axi_gmem3_AWUSER     |  out|    1|       m_axi|           gmem3|       pointer|
|m_axi_gmem3_WVALID     |  out|    1|       m_axi|           gmem3|       pointer|
|m_axi_gmem3_WREADY     |   in|    1|       m_axi|           gmem3|       pointer|
|m_axi_gmem3_WDATA      |  out|   32|       m_axi|           gmem3|       pointer|
|m_axi_gmem3_WSTRB      |  out|    4|       m_axi|           gmem3|       pointer|
|m_axi_gmem3_WLAST      |  out|    1|       m_axi|           gmem3|       pointer|
|m_axi_gmem3_WID        |  out|    1|       m_axi|           gmem3|       pointer|
|m_axi_gmem3_WUSER      |  out|    1|       m_axi|           gmem3|       pointer|
|m_axi_gmem3_ARVALID    |  out|    1|       m_axi|           gmem3|       pointer|
|m_axi_gmem3_ARREADY    |   in|    1|       m_axi|           gmem3|       pointer|
|m_axi_gmem3_ARADDR     |  out|   64|       m_axi|           gmem3|       pointer|
|m_axi_gmem3_ARID       |  out|    1|       m_axi|           gmem3|       pointer|
|m_axi_gmem3_ARLEN      |  out|    8|       m_axi|           gmem3|       pointer|
|m_axi_gmem3_ARSIZE     |  out|    3|       m_axi|           gmem3|       pointer|
|m_axi_gmem3_ARBURST    |  out|    2|       m_axi|           gmem3|       pointer|
|m_axi_gmem3_ARLOCK     |  out|    2|       m_axi|           gmem3|       pointer|
|m_axi_gmem3_ARCACHE    |  out|    4|       m_axi|           gmem3|       pointer|
|m_axi_gmem3_ARPROT     |  out|    3|       m_axi|           gmem3|       pointer|
|m_axi_gmem3_ARQOS      |  out|    4|       m_axi|           gmem3|       pointer|
|m_axi_gmem3_ARREGION   |  out|    4|       m_axi|           gmem3|       pointer|
|m_axi_gmem3_ARUSER     |  out|    1|       m_axi|           gmem3|       pointer|
|m_axi_gmem3_RVALID     |   in|    1|       m_axi|           gmem3|       pointer|
|m_axi_gmem3_RREADY     |  out|    1|       m_axi|           gmem3|       pointer|
|m_axi_gmem3_RDATA      |   in|   32|       m_axi|           gmem3|       pointer|
|m_axi_gmem3_RLAST      |   in|    1|       m_axi|           gmem3|       pointer|
|m_axi_gmem3_RID        |   in|    1|       m_axi|           gmem3|       pointer|
|m_axi_gmem3_RUSER      |   in|    1|       m_axi|           gmem3|       pointer|
|m_axi_gmem3_RRESP      |   in|    2|       m_axi|           gmem3|       pointer|
|m_axi_gmem3_BVALID     |   in|    1|       m_axi|           gmem3|       pointer|
|m_axi_gmem3_BREADY     |  out|    1|       m_axi|           gmem3|       pointer|
|m_axi_gmem3_BRESP      |   in|    2|       m_axi|           gmem3|       pointer|
|m_axi_gmem3_BID        |   in|    1|       m_axi|           gmem3|       pointer|
|m_axi_gmem3_BUSER      |   in|    1|       m_axi|           gmem3|       pointer|
+-----------------------+-----+-----+------------+----------------+--------------+

