

================================================================
== Vitis HLS Report for 'lenet_full_top_Pipeline_POOL_CHANNEL_POOL_ROW_POOL_COL'
================================================================
* Date:           Sun Sep  6 21:25:42 2026

* Version:        2022.2 (Build 3670227 on Oct 13 2022)
* Project:        clk_7ns
* Solution:       solution1 (Vivado IP Flow Target)
* Product family: zynq
* Target device:  xc7z020-clg400-1


================================================================
== Performance Estimates
================================================================
+ Timing: 
    * Summary: 
    +--------+---------+----------+------------+
    |  Clock |  Target | Estimated| Uncertainty|
    +--------+---------+----------+------------+
    |ap_clk  |  7.00 ns|  4.934 ns|     1.89 ns|
    +--------+---------+----------+------------+

+ Latency: 
    * Summary: 
    +---------+---------+----------+----------+------+------+---------+
    |  Latency (cycles) |  Latency (absolute) |   Interval  | Pipeline|
    |   min   |   max   |    min   |    max   |  min |  max |   Type  |
    +---------+---------+----------+----------+------+------+---------+
    |     1196|     1196|  8.372 us|  8.372 us|  1196|  1196|       no|
    +---------+---------+----------+----------+------+------+---------+

    + Detail: 
        * Instance: 
        N/A

        * Loop: 
        +----------------------------------+---------+---------+----------+-----------+-----------+------+----------+
        |                                  |  Latency (cycles) | Iteration|  Initiation Interval  | Trip |          |
        |             Loop Name            |   min   |   max   |  Latency |  achieved |   target  | Count| Pipelined|
        +----------------------------------+---------+---------+----------+-----------+-----------+------+----------+
        |- POOL_CHANNEL_POOL_ROW_POOL_COL  |     1194|     1194|        20|          1|          1|  1176|       yes|
        +----------------------------------+---------+---------+----------+-----------+-----------+------+----------+



================================================================
== Utilization Estimates
================================================================
* Summary: 
+-----------------+---------+-----+--------+-------+-----+
|       Name      | BRAM_18K| DSP |   FF   |  LUT  | URAM|
+-----------------+---------+-----+--------+-------+-----+
|DSP              |        -|    -|       -|      -|    -|
|Expression       |        -|    -|       0|    884|    -|
|FIFO             |        -|    -|       -|      -|    -|
|Instance         |        -|    -|       -|      -|    -|
|Memory           |        -|    -|       -|      -|    -|
|Multiplexer      |        -|    -|       -|    118|    -|
|Register         |        -|    -|    1414|    480|    -|
+-----------------+---------+-----+--------+-------+-----+
|Total            |        0|    0|    1414|   1482|    0|
+-----------------+---------+-----+--------+-------+-----+
|Available        |      280|  220|  106400|  53200|    0|
+-----------------+---------+-----+--------+-------+-----+
|Utilization (%)  |        0|    0|       1|      2|    0|
+-----------------+---------+-----+--------+-------+-----+

+ Detail: 
    * Instance: 
    N/A

    * DSP: 
    N/A

    * Memory: 
    N/A

    * FIFO: 
    N/A

    * Expression: 
    +--------------------------+----------+----+---+----+------------+------------+
    |       Variable Name      | Operation| DSP| FF| LUT| Bitwidth P0| Bitwidth P1|
    +--------------------------+----------+----+---+----+------------+------------+
    |add_ln105_1_fu_706_p2     |         +|   0|  0|  14|          13|          13|
    |add_ln105_fu_684_p2       |         +|   0|  0|  14|          13|          13|
    |add_ln114_fu_1190_p2      |         +|   0|  0|  12|          11|          11|
    |add_ln91_1_fu_261_p2      |         +|   0|  0|  12|          11|           1|
    |add_ln91_fu_287_p2        |         +|   0|  0|  11|           3|           1|
    |add_ln93_2_fu_373_p2      |         +|   0|  0|  15|           8|           1|
    |add_ln93_fu_353_p2        |         +|   0|  0|  13|           4|           1|
    |add_ln95_fu_636_p2        |         +|   0|  0|  13|           4|           1|
    |empty_36_fu_980_p2        |         +|   0|  0|  15|           8|           8|
    |empty_39_fu_413_p2        |         +|   0|  0|  14|           9|           9|
    |p_mid118_fu_1058_p2       |         +|   0|  0|  15|           8|           8|
    |p_mid122_fu_559_p2        |         +|   0|  0|  14|           9|           9|
    |empty_35_fu_971_p2        |         -|   0|  0|  15|           8|           8|
    |empty_38_fu_1086_p2       |         -|   0|  0|  12|          11|          11|
    |empty_41_fu_442_p2        |         -|   0|  0|  14|          13|          13|
    |empty_44_fu_478_p2        |         -|   0|  0|  14|          13|          13|
    |empty_fu_249_p2           |         -|   0|  0|  14|           9|           9|
    |p_mid120_fu_1116_p2       |         -|   0|  0|  12|          11|          11|
    |p_mid124_fu_589_p2        |         -|   0|  0|  14|          13|          13|
    |p_mid128_fu_625_p2        |         -|   0|  0|  14|          13|          13|
    |p_mid142_fu_317_p2        |         -|   0|  0|  14|           9|           9|
    |p_mid144_fu_1012_p2       |         -|   0|  0|  15|           8|           8|
    |p_mid166_fu_1049_p2       |         -|   0|  0|  12|          11|          11|
    |p_mid180_fu_507_p2        |         -|   0|  0|  14|          13|          13|
    |p_mid194_fu_542_p2        |         -|   0|  0|  14|          13|          13|
    |and_ln107_1_fu_845_p2     |       and|   0|  0|   2|           1|           1|
    |and_ln107_2_fu_851_p2     |       and|   0|  0|   2|           1|           1|
    |and_ln107_3_fu_932_p2     |       and|   0|  0|   2|           1|           1|
    |and_ln107_4_fu_938_p2     |       and|   0|  0|   2|           1|           1|
    |and_ln107_5_fu_1204_p2    |       and|   0|  0|   2|           1|           1|
    |and_ln107_6_fu_1210_p2    |       and|   0|  0|   2|           1|           1|
    |and_ln107_fu_763_p2       |       and|   0|  0|   2|           1|           1|
    |and_ln91_fu_339_p2        |       and|   0|  0|   2|           1|           1|
    |icmp_ln107_10_fu_1166_p2  |      icmp|   0|  0|  11|           8|           2|
    |icmp_ln107_11_fu_1172_p2  |      icmp|   0|  0|  15|          23|           1|
    |icmp_ln107_12_fu_1178_p2  |      icmp|   0|  0|  11|           8|           2|
    |icmp_ln107_13_fu_1184_p2  |      icmp|   0|  0|  15|          23|           1|
    |icmp_ln107_1_fu_751_p2    |      icmp|   0|  0|  15|          23|           1|
    |icmp_ln107_2_fu_809_p2    |      icmp|   0|  0|  11|           8|           2|
    |icmp_ln107_3_fu_815_p2    |      icmp|   0|  0|  15|          23|           1|
    |icmp_ln107_4_fu_827_p2    |      icmp|   0|  0|  11|           8|           2|
    |icmp_ln107_5_fu_833_p2    |      icmp|   0|  0|  15|          23|           1|
    |icmp_ln107_6_fu_896_p2    |      icmp|   0|  0|  11|           8|           2|
    |icmp_ln107_7_fu_902_p2    |      icmp|   0|  0|  15|          23|           1|
    |icmp_ln107_8_fu_914_p2    |      icmp|   0|  0|  11|           8|           2|
    |icmp_ln107_9_fu_920_p2    |      icmp|   0|  0|  15|          23|           1|
    |icmp_ln107_fu_745_p2      |      icmp|   0|  0|  11|           8|           2|
    |icmp_ln91_fu_255_p2       |      icmp|   0|  0|  11|          11|          11|
    |icmp_ln93_fu_273_p2       |      icmp|   0|  0|  11|           8|           7|
    |icmp_ln95_fu_333_p2       |      icmp|   0|  0|   9|           4|           3|
    |empty_42_fu_448_p2        |        or|   0|  0|   9|           9|           1|
    |or_ln105_1_fu_717_p2      |        or|   0|  0|  13|           1|          13|
    |or_ln105_fu_695_p2        |        or|   0|  0|  13|           1|          13|
    |or_ln107_1_fu_821_p2      |        or|   0|  0|   2|           1|           1|
    |or_ln107_2_fu_839_p2      |        or|   0|  0|   2|           1|           1|
    |or_ln107_3_fu_908_p2      |        or|   0|  0|   2|           1|           1|
    |or_ln107_4_fu_926_p2      |        or|   0|  0|   2|           1|           1|
    |or_ln107_5_fu_1196_p2     |        or|   0|  0|   2|           1|           1|
    |or_ln107_6_fu_1200_p2     |        or|   0|  0|   2|           1|           1|
    |or_ln107_fu_757_p2        |        or|   0|  0|   2|           1|           1|
    |or_ln93_fu_359_p2         |        or|   0|  0|   2|           1|           1|
    |p_mid126_fu_595_p2        |        or|   0|  0|   9|           9|           1|
    |p_mid182_fu_513_p2        |        or|   0|  0|   9|           9|           1|
    |pool1_output_d0           |    select|   0|  0|  32|           1|          32|
    |select_ln107_1_fu_856_p3  |    select|   0|  0|  32|           1|          32|
    |select_ln107_2_fu_943_p3  |    select|   0|  0|  32|           1|          32|
    |select_ln107_fu_768_p3    |    select|   0|  0|  32|           1|          32|
    |select_ln91_1_fu_484_p3   |    select|   0|  0|   9|           1|           9|
    |select_ln91_2_fu_1018_p3  |    select|   0|  0|   8|           1|           8|
    |select_ln91_3_fu_1092_p3  |    select|   0|  0|  11|           1|          11|
    |select_ln91_4_fu_651_p3   |    select|   0|  0|  13|           1|          13|
    |select_ln91_5_fu_656_p3   |    select|   0|  0|  13|           1|          13|
    |select_ln91_6_fu_345_p3   |    select|   0|  0|   3|           1|           3|
    |select_ln91_fu_279_p3     |    select|   0|  0|   4|           1|           1|
    |select_ln93_1_fu_1122_p3  |    select|   0|  0|  11|           1|          11|
    |select_ln93_2_fu_661_p3   |    select|   0|  0|  13|           1|          13|
    |select_ln93_3_fu_667_p3   |    select|   0|  0|  13|           1|          13|
    |select_ln93_4_fu_631_p3   |    select|   0|  0|   4|           1|           4|
    |select_ln93_5_fu_379_p3   |    select|   0|  0|   8|           1|           1|
    |select_ln93_fu_365_p3     |    select|   0|  0|   4|           1|           1|
    |ap_enable_pp0             |       xor|   0|  0|   2|           1|           2|
    |xor_ln91_fu_327_p2        |       xor|   0|  0|   2|           1|           2|
    +--------------------------+----------+----+---+----+------------+------------+
    |Total                     |          |   0|  0| 884|         550|         541|
    +--------------------------+----------+----+---+----+------------+------------+

    * Multiplexer: 
    +----------------------------------------+----+-----------+-----+-----------+
    |                  Name                  | LUT| Input Size| Bits| Total Bits|
    +----------------------------------------+----+-----------+-----+-----------+
    |ap_done_int                             |   9|          2|    1|          2|
    |ap_enable_reg_pp0_iter19                |   9|          2|    1|          2|
    |ap_sig_allocacmp_channel_2              |   9|          2|    3|          6|
    |ap_sig_allocacmp_indvar_flatten30_load  |   9|          2|    8|         16|
    |ap_sig_allocacmp_indvar_flatten98_load  |   9|          2|   11|         22|
    |ap_sig_allocacmp_output_col_load        |  14|          3|    4|         12|
    |ap_sig_allocacmp_output_row             |  14|          3|    4|         12|
    |channel_fu_104                          |   9|          2|    3|          6|
    |indvar_flatten30_fu_100                 |   9|          2|    8|         16|
    |indvar_flatten98_fu_108                 |   9|          2|   11|         22|
    |output_col_fu_92                        |   9|          2|    4|          8|
    |output_row_1_fu_96                      |   9|          2|    4|          8|
    +----------------------------------------+----+-----------+-----+-----------+
    |Total                                   | 118|         26|   62|        132|
    +----------------------------------------+----+-----------+-----+-----------+

    * Register: 
    +-----------------------------------+----+----+-----+-----------+
    |                Name               | FF | LUT| Bits| Const Bits|
    +-----------------------------------+----+----+-----+-----------+
    |add_ln114_reg_1501                 |  11|   0|   11|          0|
    |add_ln91_reg_1297                  |   3|   0|    3|          0|
    |add_ln93_reg_1323                  |   4|   0|    4|          0|
    |and_ln91_reg_1315                  |   1|   0|    1|          0|
    |ap_CS_fsm                          |   1|   0|    1|          0|
    |ap_done_reg                        |   1|   0|    1|          0|
    |ap_enable_reg_pp0_iter1            |   1|   0|    1|          0|
    |ap_enable_reg_pp0_iter10           |   1|   0|    1|          0|
    |ap_enable_reg_pp0_iter11           |   1|   0|    1|          0|
    |ap_enable_reg_pp0_iter12           |   1|   0|    1|          0|
    |ap_enable_reg_pp0_iter13           |   1|   0|    1|          0|
    |ap_enable_reg_pp0_iter14           |   1|   0|    1|          0|
    |ap_enable_reg_pp0_iter15           |   1|   0|    1|          0|
    |ap_enable_reg_pp0_iter16           |   1|   0|    1|          0|
    |ap_enable_reg_pp0_iter17           |   1|   0|    1|          0|
    |ap_enable_reg_pp0_iter18           |   1|   0|    1|          0|
    |ap_enable_reg_pp0_iter19           |   1|   0|    1|          0|
    |ap_enable_reg_pp0_iter2            |   1|   0|    1|          0|
    |ap_enable_reg_pp0_iter3            |   1|   0|    1|          0|
    |ap_enable_reg_pp0_iter4            |   1|   0|    1|          0|
    |ap_enable_reg_pp0_iter5            |   1|   0|    1|          0|
    |ap_enable_reg_pp0_iter6            |   1|   0|    1|          0|
    |ap_enable_reg_pp0_iter7            |   1|   0|    1|          0|
    |ap_enable_reg_pp0_iter8            |   1|   0|    1|          0|
    |ap_enable_reg_pp0_iter9            |   1|   0|    1|          0|
    |ap_loop_exit_ready_pp0_iter10_reg  |   1|   0|    1|          0|
    |ap_loop_exit_ready_pp0_iter11_reg  |   1|   0|    1|          0|
    |ap_loop_exit_ready_pp0_iter12_reg  |   1|   0|    1|          0|
    |ap_loop_exit_ready_pp0_iter13_reg  |   1|   0|    1|          0|
    |ap_loop_exit_ready_pp0_iter14_reg  |   1|   0|    1|          0|
    |ap_loop_exit_ready_pp0_iter15_reg  |   1|   0|    1|          0|
    |ap_loop_exit_ready_pp0_iter16_reg  |   1|   0|    1|          0|
    |ap_loop_exit_ready_pp0_iter17_reg  |   1|   0|    1|          0|
    |ap_loop_exit_ready_pp0_iter18_reg  |   1|   0|    1|          0|
    |ap_loop_exit_ready_pp0_iter1_reg   |   1|   0|    1|          0|
    |ap_loop_exit_ready_pp0_iter2_reg   |   1|   0|    1|          0|
    |ap_loop_exit_ready_pp0_iter3_reg   |   1|   0|    1|          0|
    |ap_loop_exit_ready_pp0_iter4_reg   |   1|   0|    1|          0|
    |ap_loop_exit_ready_pp0_iter5_reg   |   1|   0|    1|          0|
    |ap_loop_exit_ready_pp0_iter6_reg   |   1|   0|    1|          0|
    |ap_loop_exit_ready_pp0_iter7_reg   |   1|   0|    1|          0|
    |ap_loop_exit_ready_pp0_iter8_reg   |   1|   0|    1|          0|
    |ap_loop_exit_ready_pp0_iter9_reg   |   1|   0|    1|          0|
    |channel_2_reg_1267                 |   3|   0|    3|          0|
    |channel_fu_104                     |   3|   0|    3|          0|
    |conv1_output_load_1_reg_1394       |  32|   0|   32|          0|
    |conv1_output_load_2_reg_1401       |  32|   0|   32|          0|
    |conv1_output_load_3_reg_1408       |  32|   0|   32|          0|
    |conv1_output_load_reg_1387         |  32|   0|   32|          0|
    |empty_36_reg_1451                  |   8|   0|    8|          0|
    |empty_37_reg_1456                  |   7|   0|    7|          0|
    |empty_41_reg_1337                  |  10|   0|   13|          3|
    |empty_44_reg_1342                  |  10|   0|   13|          3|
    |empty_47_reg_1310                  |   6|   0|    8|          2|
    |empty_49_reg_1471                  |   7|   0|    7|          0|
    |empty_reg_1273                     |   7|   0|    9|          2|
    |icmp_ln107_10_reg_1476             |   1|   0|    1|          0|
    |icmp_ln107_11_reg_1481             |   1|   0|    1|          0|
    |icmp_ln107_12_reg_1486             |   1|   0|    1|          0|
    |icmp_ln107_13_reg_1491             |   1|   0|    1|          0|
    |icmp_ln91_reg_1279                 |   1|   0|    1|          0|
    |icmp_ln93_reg_1283                 |   1|   0|    1|          0|
    |indvar_flatten30_fu_100            |   8|   0|    8|          0|
    |indvar_flatten98_fu_108            |  11|   0|   11|          0|
    |output_col_fu_92                   |   4|   0|    4|          0|
    |output_row_1_fu_96                 |   4|   0|    4|          0|
    |output_row_reg_1261                |   4|   0|    4|          0|
    |p_mid118_reg_1466                  |   8|   0|    8|          0|
    |p_mid124_reg_1357                  |  10|   0|   13|          3|
    |p_mid128_reg_1362                  |  10|   0|   13|          3|
    |p_mid142_reg_1303                  |   7|   0|    9|          2|
    |p_mid166_reg_1461                  |   9|   0|   11|          2|
    |p_mid180_reg_1347                  |   9|   0|   13|          4|
    |p_mid194_reg_1352                  |   9|   0|   13|          4|
    |select_ln107_1_reg_1432            |  32|   0|   32|          0|
    |select_ln107_2_reg_1444            |  32|   0|   32|          0|
    |select_ln107_reg_1420              |  32|   0|   32|          0|
    |select_ln91_reg_1292               |   4|   0|    4|          0|
    |select_ln93_reg_1330               |   4|   0|    4|          0|
    |tmp_12_reg_1439                    |   1|   0|    1|          0|
    |tmp_15_reg_1496                    |   1|   0|    1|          0|
    |tmp_7_reg_1415                     |   1|   0|    1|          0|
    |tmp_s_reg_1427                     |   1|   0|    1|          0|
    |add_ln91_reg_1297                  |  64|  32|    3|          0|
    |add_ln93_reg_1323                  |  64|  32|    4|          0|
    |and_ln91_reg_1315                  |  64|  32|    1|          0|
    |channel_2_reg_1267                 |  64|  32|    3|          0|
    |conv1_output_load_1_reg_1394       |  64|  32|   32|          0|
    |conv1_output_load_2_reg_1401       |  64|  32|   32|          0|
    |conv1_output_load_3_reg_1408       |  64|  32|   32|          0|
    |conv1_output_load_reg_1387         |  64|  32|   32|          0|
    |icmp_ln91_reg_1279                 |  64|  32|    1|          0|
    |icmp_ln93_reg_1283                 |  64|  32|    1|          0|
    |output_row_reg_1261                |  64|  32|    4|          0|
    |select_ln107_1_reg_1432            |  64|  32|   32|          0|
    |select_ln107_2_reg_1444            |  64|  32|   32|          0|
    |select_ln107_reg_1420              |  64|  32|   32|          0|
    |select_ln93_reg_1330               |  64|  32|    4|          0|
    +-----------------------------------+----+----+-----+-----------+
    |Total                              |1414| 480|  727|         28|
    +-----------------------------------+----+----+-----+-----------+



================================================================
== Interface
================================================================
* Summary: 
+-----------------------+-----+-----+------------+--------------------------------------------------------+--------------+
|       RTL Ports       | Dir | Bits|  Protocol  |                      Source Object                     |    C Type    |
+-----------------------+-----+-----+------------+--------------------------------------------------------+--------------+
|ap_clk                 |   in|    1|  ap_ctrl_hs|  lenet_full_top_Pipeline_POOL_CHANNEL_POOL_ROW_POOL_COL|  return value|
|ap_rst                 |   in|    1|  ap_ctrl_hs|  lenet_full_top_Pipeline_POOL_CHANNEL_POOL_ROW_POOL_COL|  return value|
|ap_start               |   in|    1|  ap_ctrl_hs|  lenet_full_top_Pipeline_POOL_CHANNEL_POOL_ROW_POOL_COL|  return value|
|ap_done                |  out|    1|  ap_ctrl_hs|  lenet_full_top_Pipeline_POOL_CHANNEL_POOL_ROW_POOL_COL|  return value|
|ap_idle                |  out|    1|  ap_ctrl_hs|  lenet_full_top_Pipeline_POOL_CHANNEL_POOL_ROW_POOL_COL|  return value|
|ap_ready               |  out|    1|  ap_ctrl_hs|  lenet_full_top_Pipeline_POOL_CHANNEL_POOL_ROW_POOL_COL|  return value|
|grp_fu_1406_p_din0     |  out|   32|  ap_ctrl_hs|  lenet_full_top_Pipeline_POOL_CHANNEL_POOL_ROW_POOL_COL|  return value|
|grp_fu_1406_p_din1     |  out|   32|  ap_ctrl_hs|  lenet_full_top_Pipeline_POOL_CHANNEL_POOL_ROW_POOL_COL|  return value|
|grp_fu_1406_p_opcode   |  out|    5|  ap_ctrl_hs|  lenet_full_top_Pipeline_POOL_CHANNEL_POOL_ROW_POOL_COL|  return value|
|grp_fu_1406_p_dout0    |   in|    1|  ap_ctrl_hs|  lenet_full_top_Pipeline_POOL_CHANNEL_POOL_ROW_POOL_COL|  return value|
|grp_fu_1406_p_ce       |  out|    1|  ap_ctrl_hs|  lenet_full_top_Pipeline_POOL_CHANNEL_POOL_ROW_POOL_COL|  return value|
|grp_fu_1410_p_din0     |  out|   32|  ap_ctrl_hs|  lenet_full_top_Pipeline_POOL_CHANNEL_POOL_ROW_POOL_COL|  return value|
|grp_fu_1410_p_din1     |  out|   32|  ap_ctrl_hs|  lenet_full_top_Pipeline_POOL_CHANNEL_POOL_ROW_POOL_COL|  return value|
|grp_fu_1410_p_opcode   |  out|    5|  ap_ctrl_hs|  lenet_full_top_Pipeline_POOL_CHANNEL_POOL_ROW_POOL_COL|  return value|
|grp_fu_1410_p_dout0    |   in|    1|  ap_ctrl_hs|  lenet_full_top_Pipeline_POOL_CHANNEL_POOL_ROW_POOL_COL|  return value|
|grp_fu_1410_p_ce       |  out|    1|  ap_ctrl_hs|  lenet_full_top_Pipeline_POOL_CHANNEL_POOL_ROW_POOL_COL|  return value|
|grp_fu_1414_p_din0     |  out|   32|  ap_ctrl_hs|  lenet_full_top_Pipeline_POOL_CHANNEL_POOL_ROW_POOL_COL|  return value|
|grp_fu_1414_p_din1     |  out|   32|  ap_ctrl_hs|  lenet_full_top_Pipeline_POOL_CHANNEL_POOL_ROW_POOL_COL|  return value|
|grp_fu_1414_p_opcode   |  out|    5|  ap_ctrl_hs|  lenet_full_top_Pipeline_POOL_CHANNEL_POOL_ROW_POOL_COL|  return value|
|grp_fu_1414_p_dout0    |   in|    1|  ap_ctrl_hs|  lenet_full_top_Pipeline_POOL_CHANNEL_POOL_ROW_POOL_COL|  return value|
|grp_fu_1414_p_ce       |  out|    1|  ap_ctrl_hs|  lenet_full_top_Pipeline_POOL_CHANNEL_POOL_ROW_POOL_COL|  return value|
|grp_fu_1418_p_din0     |  out|   32|  ap_ctrl_hs|  lenet_full_top_Pipeline_POOL_CHANNEL_POOL_ROW_POOL_COL|  return value|
|grp_fu_1418_p_din1     |  out|   32|  ap_ctrl_hs|  lenet_full_top_Pipeline_POOL_CHANNEL_POOL_ROW_POOL_COL|  return value|
|grp_fu_1418_p_opcode   |  out|    5|  ap_ctrl_hs|  lenet_full_top_Pipeline_POOL_CHANNEL_POOL_ROW_POOL_COL|  return value|
|grp_fu_1418_p_dout0    |   in|    1|  ap_ctrl_hs|  lenet_full_top_Pipeline_POOL_CHANNEL_POOL_ROW_POOL_COL|  return value|
|grp_fu_1418_p_ce       |  out|    1|  ap_ctrl_hs|  lenet_full_top_Pipeline_POOL_CHANNEL_POOL_ROW_POOL_COL|  return value|
|conv1_output_address0  |  out|   13|   ap_memory|                                            conv1_output|         array|
|conv1_output_ce0       |  out|    1|   ap_memory|                                            conv1_output|         array|
|conv1_output_q0        |   in|   32|   ap_memory|                                            conv1_output|         array|
|conv1_output_address1  |  out|   13|   ap_memory|                                            conv1_output|         array|
|conv1_output_ce1       |  out|    1|   ap_memory|                                            conv1_output|         array|
|conv1_output_q1        |   in|   32|   ap_memory|                                            conv1_output|         array|
|conv1_output_address2  |  out|   13|   ap_memory|                                            conv1_output|         array|
|conv1_output_ce2       |  out|    1|   ap_memory|                                            conv1_output|         array|
|conv1_output_q2        |   in|   32|   ap_memory|                                            conv1_output|         array|
|conv1_output_address3  |  out|   13|   ap_memory|                                            conv1_output|         array|
|conv1_output_ce3       |  out|    1|   ap_memory|                                            conv1_output|         array|
|conv1_output_q3        |   in|   32|   ap_memory|                                            conv1_output|         array|
|pool1_output_address0  |  out|   11|   ap_memory|                                            pool1_output|         array|
|pool1_output_ce0       |  out|    1|   ap_memory|                                            pool1_output|         array|
|pool1_output_we0       |  out|    1|   ap_memory|                                            pool1_output|         array|
|pool1_output_d0        |  out|   32|   ap_memory|                                            pool1_output|         array|
+-----------------------+-----+-----+------------+--------------------------------------------------------+--------------+

