

================================================================
== Vitis HLS Report for 'lenet_full_top_Pipeline_DENSE_INPUT'
================================================================
* Date:           Sun Sep  6 21:25:46 2026

* Version:        2022.2 (Build 3670227 on Oct 13 2022)
* Project:        clk_7ns
* Solution:       solution1 (Vivado IP Flow Target)
* Product family: zynq
* Target device:  xc7z020-clg400-1


================================================================
== Performance Estimates
================================================================
+ Timing: 
    * Summary: 
    +--------+---------+----------+------------+
    |  Clock |  Target | Estimated| Uncertainty|
    +--------+---------+----------+------------+
    |ap_clk  |  7.00 ns|  5.110 ns|     1.89 ns|
    +--------+---------+----------+------------+

+ Latency: 
    * Summary: 
    +---------+---------+----------+----------+------+------+---------+
    |  Latency (cycles) |  Latency (absolute) |   Interval  | Pipeline|
    |   min   |   max   |    min   |    max   |  min |  max |   Type  |
    +---------+---------+----------+----------+------+------+---------+
    |     1089|     1089|  7.623 us|  7.623 us|  1089|  1089|       no|
    +---------+---------+----------+----------+------+------+---------+

    + Detail: 
        * Instance: 
        N/A

        * Loop: 
        +---------------+---------+---------+----------+-----------+-----------+------+----------+
        |               |  Latency (cycles) | Iteration|  Initiation Interval  | Trip |          |
        |   Loop Name   |   min   |   max   |  Latency |  achieved |   target  | Count| Pipelined|
        +---------------+---------+---------+----------+-----------+-----------+------+----------+
        |- DENSE_INPUT  |     1087|     1087|        17|          9|          1|   120|       yes|
        +---------------+---------+---------+----------+-----------+-----------+------+----------+



================================================================
== Utilization Estimates
================================================================
* Summary: 
+-----------------+---------+-----+--------+-------+-----+
|       Name      | BRAM_18K| DSP |   FF   |  LUT  | URAM|
+-----------------+---------+-----+--------+-------+-----+
|DSP              |        -|    -|       -|      -|    -|
|Expression       |        -|    -|       0|     40|    -|
|FIFO             |        -|    -|       -|      -|    -|
|Instance         |        -|    -|       -|      -|    -|
|Memory           |        -|    -|       -|      -|    -|
|Multiplexer      |        -|    -|       -|    134|    -|
|Register         |        -|    -|     203|      -|    -|
+-----------------+---------+-----+--------+-------+-----+
|Total            |        0|    0|     203|    174|    0|
+-----------------+---------+-----+--------+-------+-----+
|Available        |      280|  220|  106400|  53200|    0|
+-----------------+---------+-----+--------+-------+-----+
|Utilization (%)  |        0|    0|      ~0|     ~0|    0|
+-----------------+---------+-----+--------+-------+-----+

+ Detail: 
    * Instance: 
    N/A

    * DSP: 
    N/A

    * Memory: 
    N/A

    * FIFO: 
    N/A

    * Expression: 
    +----------------------------------+----------+----+---+----+------------+------------+
    |           Variable Name          | Operation| DSP| FF| LUT| Bitwidth P0| Bitwidth P1|
    +----------------------------------+----------+----+---+----+------------+------------+
    |add_ln143_fu_160_p2               |         +|   0|  0|  14|           7|           1|
    |ap_block_pp0_stage1_11001         |       and|   0|  0|   2|           1|           1|
    |ap_block_state2_pp0_stage1_iter0  |       and|   0|  0|   2|           1|           1|
    |icmp_ln143_fu_154_p2              |      icmp|   0|  0|  10|           7|           5|
    |ifzero193_fu_171_p2               |      icmp|   0|  0|  10|           7|           5|
    |ap_enable_pp0                     |       xor|   0|  0|   2|           1|           2|
    +----------------------------------+----------+----+---+----+------------+------------+
    |Total                             |          |   0|  0|  40|          24|          15|
    +----------------------------------+----------+----+---+----+------------+------------+

    * Multiplexer: 
    +-----------------------------------+----+-----------+-----+-----------+
    |                Name               | LUT| Input Size| Bits| Total Bits|
    +-----------------------------------+----+-----------+-----+-----------+
    |accumulator_fu_62                  |   9|          2|   32|         64|
    |ap_NS_fsm                          |  53|         10|    1|         10|
    |ap_done_int                        |   9|          2|    1|          2|
    |ap_enable_reg_pp0_iter0            |   9|          2|    1|          2|
    |ap_enable_reg_pp0_iter0_reg        |   9|          2|    1|          2|
    |ap_enable_reg_pp0_iter1            |   9|          2|    1|          2|
    |ap_sig_allocacmp_accumulator_load  |   9|          2|   32|         64|
    |ap_sig_allocacmp_input_index_2     |   9|          2|    7|         14|
    |gmem1_blk_n_R                      |   9|          2|    1|          2|
    |input_index_fu_66                  |   9|          2|    7|         14|
    +-----------------------------------+----+-----------+-----+-----------+
    |Total                              | 134|         28|   84|        176|
    +-----------------------------------+----+-----------+-----+-----------+

    * Register: 
    +---------------------------------------+----+----+-----+-----------+
    |                  Name                 | FF | LUT| Bits| Const Bits|
    +---------------------------------------+----+----+-----+-----------+
    |accumulator_3_reg_260                  |  32|   0|   32|          0|
    |accumulator_fu_62                      |  32|   0|   32|          0|
    |add_ln143_reg_221                      |   7|   0|    7|          0|
    |ap_CS_fsm                              |   9|   0|    9|          0|
    |ap_done_reg                            |   1|   0|    1|          0|
    |ap_enable_reg_pp0_iter0_reg            |   1|   0|    1|          0|
    |ap_enable_reg_pp0_iter1                |   1|   0|    1|          0|
    |conv3_relu_load_reg_235                |  32|   0|   32|          0|
    |fc1_output_addr_reg_207                |   7|   0|    7|          0|
    |fc1_output_addr_reg_207_pp0_iter1_reg  |   7|   0|    7|          0|
    |gmem1_addr_read_reg_240                |  32|   0|   32|          0|
    |icmp_ln143_reg_217                     |   1|   0|    1|          0|
    |ifzero193_reg_231                      |   1|   0|    1|          0|
    |ifzero193_reg_231_pp0_iter1_reg        |   1|   0|    1|          0|
    |input_index_fu_66                      |   7|   0|    7|          0|
    |mul9_i_reg_250                         |  32|   0|   32|          0|
    +---------------------------------------+----+----+-----+-----------+
    |Total                                  | 203|   0|  203|          0|
    +---------------------------------------+----+----+-----+-----------+



================================================================
== Interface
================================================================
* Summary: 
+----------------------+-----+-----+------------+-------------------------------------+--------------+
|       RTL Ports      | Dir | Bits|  Protocol  |            Source Object            |    C Type    |
+----------------------+-----+-----+------------+-------------------------------------+--------------+
|ap_clk                |   in|    1|  ap_ctrl_hs|  lenet_full_top_Pipeline_DENSE_INPUT|  return value|
|ap_rst                |   in|    1|  ap_ctrl_hs|  lenet_full_top_Pipeline_DENSE_INPUT|  return value|
|ap_start              |   in|    1|  ap_ctrl_hs|  lenet_full_top_Pipeline_DENSE_INPUT|  return value|
|ap_done               |  out|    1|  ap_ctrl_hs|  lenet_full_top_Pipeline_DENSE_INPUT|  return value|
|ap_idle               |  out|    1|  ap_ctrl_hs|  lenet_full_top_Pipeline_DENSE_INPUT|  return value|
|ap_ready              |  out|    1|  ap_ctrl_hs|  lenet_full_top_Pipeline_DENSE_INPUT|  return value|
|grp_fu_1398_p_din0    |  out|   32|  ap_ctrl_hs|  lenet_full_top_Pipeline_DENSE_INPUT|  return value|
|grp_fu_1398_p_din1    |  out|   32|  ap_ctrl_hs|  lenet_full_top_Pipeline_DENSE_INPUT|  return value|
|grp_fu_1398_p_opcode  |  out|    2|  ap_ctrl_hs|  lenet_full_top_Pipeline_DENSE_INPUT|  return value|
|grp_fu_1398_p_dout0   |   in|   32|  ap_ctrl_hs|  lenet_full_top_Pipeline_DENSE_INPUT|  return value|
|grp_fu_1398_p_ce      |  out|    1|  ap_ctrl_hs|  lenet_full_top_Pipeline_DENSE_INPUT|  return value|
|grp_fu_1402_p_din0    |  out|   32|  ap_ctrl_hs|  lenet_full_top_Pipeline_DENSE_INPUT|  return value|
|grp_fu_1402_p_din1    |  out|   32|  ap_ctrl_hs|  lenet_full_top_Pipeline_DENSE_INPUT|  return value|
|grp_fu_1402_p_dout0   |   in|   32|  ap_ctrl_hs|  lenet_full_top_Pipeline_DENSE_INPUT|  return value|
|grp_fu_1402_p_ce      |  out|    1|  ap_ctrl_hs|  lenet_full_top_Pipeline_DENSE_INPUT|  return value|
|accumulator_5         |   in|   32|     ap_none|                        accumulator_5|        scalar|
|m_axi_gmem1_AWVALID   |  out|    1|       m_axi|                                gmem1|       pointer|
|m_axi_gmem1_AWREADY   |   in|    1|       m_axi|                                gmem1|       pointer|
|m_axi_gmem1_AWADDR    |  out|   64|       m_axi|                                gmem1|       pointer|
|m_axi_gmem1_AWID      |  out|    1|       m_axi|                                gmem1|       pointer|
|m_axi_gmem1_AWLEN     |  out|   32|       m_axi|                                gmem1|       pointer|
|m_axi_gmem1_AWSIZE    |  out|    3|       m_axi|                                gmem1|       pointer|
|m_axi_gmem1_AWBURST   |  out|    2|       m_axi|                                gmem1|       pointer|
|m_axi_gmem1_AWLOCK    |  out|    2|       m_axi|                                gmem1|       pointer|
|m_axi_gmem1_AWCACHE   |  out|    4|       m_axi|                                gmem1|       pointer|
|m_axi_gmem1_AWPROT    |  out|    3|       m_axi|                                gmem1|       pointer|
|m_axi_gmem1_AWQOS     |  out|    4|       m_axi|                                gmem1|       pointer|
|m_axi_gmem1_AWREGION  |  out|    4|       m_axi|                                gmem1|       pointer|
|m_axi_gmem1_AWUSER    |  out|    1|       m_axi|                                gmem1|       pointer|
|m_axi_gmem1_WVALID    |  out|    1|       m_axi|                                gmem1|       pointer|
|m_axi_gmem1_WREADY    |   in|    1|       m_axi|                                gmem1|       pointer|
|m_axi_gmem1_WDATA     |  out|   32|       m_axi|                                gmem1|       pointer|
|m_axi_gmem1_WSTRB     |  out|    4|       m_axi|                                gmem1|       pointer|
|m_axi_gmem1_WLAST     |  out|    1|       m_axi|                                gmem1|       pointer|
|m_axi_gmem1_WID       |  out|    1|       m_axi|                                gmem1|       pointer|
|m_axi_gmem1_WUSER     |  out|    1|       m_axi|                                gmem1|       pointer|
|m_axi_gmem1_ARVALID   |  out|    1|       m_axi|                                gmem1|       pointer|
|m_axi_gmem1_ARREADY   |   in|    1|       m_axi|                                gmem1|       pointer|
|m_axi_gmem1_ARADDR    |  out|   64|       m_axi|                                gmem1|       pointer|
|m_axi_gmem1_ARID      |  out|    1|       m_axi|                                gmem1|       pointer|
|m_axi_gmem1_ARLEN     |  out|   32|       m_axi|                                gmem1|       pointer|
|m_axi_gmem1_ARSIZE    |  out|    3|       m_axi|                                gmem1|       pointer|
|m_axi_gmem1_ARBURST   |  out|    2|       m_axi|                                gmem1|       pointer|
|m_axi_gmem1_ARLOCK    |  out|    2|       m_axi|                                gmem1|       pointer|
|m_axi_gmem1_ARCACHE   |  out|    4|       m_axi|                                gmem1|       pointer|
|m_axi_gmem1_ARPROT    |  out|    3|       m_axi|                                gmem1|       pointer|
|m_axi_gmem1_ARQOS     |  out|    4|       m_axi|                                gmem1|       pointer|
|m_axi_gmem1_ARREGION  |  out|    4|       m_axi|                                gmem1|       pointer|
|m_axi_gmem1_ARUSER    |  out|    1|       m_axi|                                gmem1|       pointer|
|m_axi_gmem1_RVALID    |   in|    1|       m_axi|                                gmem1|       pointer|
|m_axi_gmem1_RREADY    |  out|    1|       m_axi|                                gmem1|       pointer|
|m_axi_gmem1_RDATA     |   in|   32|       m_axi|                                gmem1|       pointer|
|m_axi_gmem1_RLAST     |   in|    1|       m_axi|                                gmem1|       pointer|
|m_axi_gmem1_RID       |   in|    1|       m_axi|                                gmem1|       pointer|
|m_axi_gmem1_RFIFONUM  |   in|    9|       m_axi|                                gmem1|       pointer|
|m_axi_gmem1_RUSER     |   in|    1|       m_axi|                                gmem1|       pointer|
|m_axi_gmem1_RRESP     |   in|    2|       m_axi|                                gmem1|       pointer|
|m_axi_gmem1_BVALID    |   in|    1|       m_axi|                                gmem1|       pointer|
|m_axi_gmem1_BREADY    |  out|    1|       m_axi|                                gmem1|       pointer|
|m_axi_gmem1_BRESP     |   in|    2|       m_axi|                                gmem1|       pointer|
|m_axi_gmem1_BID       |   in|    1|       m_axi|                                gmem1|       pointer|
|m_axi_gmem1_BUSER     |   in|    1|       m_axi|                                gmem1|       pointer|
|fc1_output_address0   |  out|    7|   ap_memory|                           fc1_output|         array|
|fc1_output_ce0        |  out|    1|   ap_memory|                           fc1_output|         array|
|fc1_output_we0        |  out|    1|   ap_memory|                           fc1_output|         array|
|fc1_output_d0         |  out|   32|   ap_memory|                           fc1_output|         array|
|zext_ln139            |   in|    7|     ap_none|                           zext_ln139|        scalar|
|sext_ln139            |   in|   62|     ap_none|                           sext_ln139|        scalar|
|conv3_relu_address0   |  out|    7|   ap_memory|                           conv3_relu|         array|
|conv3_relu_ce0        |  out|    1|   ap_memory|                           conv3_relu|         array|
|conv3_relu_q0         |   in|   32|   ap_memory|                           conv3_relu|         array|
+----------------------+-----+-----+------------+-------------------------------------+--------------+

