

================================================================
== Vitis HLS Report for 'lenet_full_top_Pipeline_INPUT_CHANNEL2'
================================================================
* Date:           Sun Sep  6 21:25:44 2026

* Version:        2022.2 (Build 3670227 on Oct 13 2022)
* Project:        clk_7ns
* Solution:       solution1 (Vivado IP Flow Target)
* Product family: zynq
* Target device:  xc7z020-clg400-1


================================================================
== Performance Estimates
================================================================
+ Timing: 
    * Summary: 
    +--------+---------+----------+------------+
    |  Clock |  Target | Estimated| Uncertainty|
    +--------+---------+----------+------------+
    |ap_clk  |  7.00 ns|  5.377 ns|     1.89 ns|
    +--------+---------+----------+------------+

+ Latency: 
    * Summary: 
    +---------+---------+-----------+-----------+------+------+---------+
    |  Latency (cycles) |   Latency (absolute)  |   Interval  | Pipeline|
    |   min   |   max   |    min    |    max    |  min |  max |   Type  |
    +---------+---------+-----------+-----------+------+------+---------+
    |     3610|     3610|  25.270 us|  25.270 us|  3610|  3610|       no|
    +---------+---------+-----------+-----------+------+------+---------+

    + Detail: 
        * Instance: 
        N/A

        * Loop: 
        +-----------------+---------+---------+----------+-----------+-----------+------+----------+
        |                 |  Latency (cycles) | Iteration|  Initiation Interval  | Trip |          |
        |    Loop Name    |   min   |   max   |  Latency |  achieved |   target  | Count| Pipelined|
        +-----------------+---------+---------+----------+-----------+-----------+------+----------+
        |- INPUT_CHANNEL  |     3608|     3608|       234|        225|          1|    16|       yes|
        +-----------------+---------+---------+----------+-----------+-----------+------+----------+



================================================================
== Utilization Estimates
================================================================
* Summary: 
+-----------------+---------+-----+--------+-------+-----+
|       Name      | BRAM_18K| DSP |   FF   |  LUT  | URAM|
+-----------------+---------+-----+--------+-------+-----+
|DSP              |        -|    -|       -|      -|    -|
|Expression       |        -|    -|       0|    459|    -|
|FIFO             |        -|    -|       -|      -|    -|
|Instance         |        -|    -|       -|      -|    -|
|Memory           |        -|    -|       -|      -|    -|
|Multiplexer      |        -|    -|       -|   1772|    -|
|Register         |        -|    -|    1729|      -|    -|
+-----------------+---------+-----+--------+-------+-----+
|Total            |        0|    0|    1729|   2231|    0|
+-----------------+---------+-----+--------+-------+-----+
|Available        |      280|  220|  106400|  53200|    0|
+-----------------+---------+-----+--------+-------+-----+
|Utilization (%)  |        0|    0|       1|      4|    0|
+-----------------+---------+-----+--------+-------+-----+

+ Detail: 
    * Instance: 
    N/A

    * DSP: 
    N/A

    * Memory: 
    N/A

    * FIFO: 
    N/A

    * Expression: 
    +-----------------------------------+----------+----+---+----+------------+------------+
    |           Variable Name           | Operation| DSP| FF| LUT| Bitwidth P0| Bitwidth P1|
    +-----------------------------------+----------+----+---+----+------------+------------+
    |add_ln21_10_fu_678_p2              |         +|   0|  0|  14|           9|           2|
    |add_ln21_11_fu_702_p2              |         +|   0|  0|  14|           9|           3|
    |add_ln21_12_fu_738_p2              |         +|   0|  0|  14|           9|           1|
    |add_ln21_13_fu_748_p2              |         +|   0|  0|  14|           9|           2|
    |add_ln21_14_fu_763_p2              |         +|   0|  0|  14|           9|           2|
    |add_ln21_15_fu_773_p2              |         +|   0|  0|  14|           9|           3|
    |add_ln21_16_fu_815_p2              |         +|   0|  0|  14|           9|           1|
    |add_ln21_17_fu_830_p2              |         +|   0|  0|  14|           9|           2|
    |add_ln21_18_fu_840_p2              |         +|   0|  0|  14|           9|           2|
    |add_ln21_19_fu_855_p2              |         +|   0|  0|  14|           9|           3|
    |add_ln21_1_fu_515_p2               |         +|   0|  0|  14|           9|           2|
    |add_ln21_2_fu_525_p2               |         +|   0|  0|  14|           9|           2|
    |add_ln21_3_fu_540_p2               |         +|   0|  0|  14|           9|           3|
    |add_ln21_4_fu_576_p2               |         +|   0|  0|  14|           9|           1|
    |add_ln21_5_fu_586_p2               |         +|   0|  0|  14|           9|           2|
    |add_ln21_6_fu_601_p2               |         +|   0|  0|  14|           9|           2|
    |add_ln21_7_fu_611_p2               |         +|   0|  0|  14|           9|           3|
    |add_ln21_8_fu_653_p2               |         +|   0|  0|  14|           9|           1|
    |add_ln21_9_fu_668_p2               |         +|   0|  0|  14|           9|           2|
    |add_ln21_fu_505_p2                 |         +|   0|  0|  14|           9|           1|
    |add_ln60_fu_445_p2                 |         +|   0|  0|  13|           5|           1|
    |empty_69_fu_471_p2                 |         +|   0|  0|  14|           7|           7|
    |empty_70_fu_489_p2                 |         +|   0|  0|  14|           9|           9|
    |empty_71_fu_535_p2                 |         +|   0|  0|  14|           7|           1|
    |empty_72_fu_560_p2                 |         +|   0|  0|  14|           9|           9|
    |empty_73_fu_621_p2                 |         +|   0|  0|  14|           7|           2|
    |empty_74_fu_638_p2                 |         +|   0|  0|  14|           9|           9|
    |empty_75_fu_688_p2                 |         +|   0|  0|  14|           7|           2|
    |empty_76_fu_722_p2                 |         +|   0|  0|  14|           9|           9|
    |empty_77_fu_783_p2                 |         +|   0|  0|  14|           7|           3|
    |empty_78_fu_800_p2                 |         +|   0|  0|  14|           9|           9|
    |ap_block_pp0_stage10_11001         |       and|   0|  0|   2|           1|           1|
    |ap_block_state10_pp0_stage9_iter0  |       and|   0|  0|   2|           1|           1|
    |icmp_ln59_fu_439_p2                |      icmp|   0|  0|  10|           5|           6|
    |ifzero189_fu_495_p2                |      icmp|   0|  0|  10|           5|           6|
    |ap_enable_pp0                      |       xor|   0|  0|   2|           1|           2|
    +-----------------------------------+----------+----+---+----+------------+------------+
    |Total                              |          |   0|  0| 459|         278|         117|
    +-----------------------------------+----------+----+---+----+------------+------------+

    * Multiplexer: 
    +-------------------------------------+------+-----------+-----+-----------+
    |                 Name                |  LUT | Input Size| Bits| Total Bits|
    +-------------------------------------+------+-----------+-----+-----------+
    |accumulator_1_fu_84                  |     9|          2|   32|         64|
    |ap_NS_fsm                            |  1203|        226|    1|        226|
    |ap_done_int                          |     9|          2|    1|          2|
    |ap_enable_reg_pp0_iter0              |     9|          2|    1|          2|
    |ap_enable_reg_pp0_iter0_reg          |     9|          2|    1|          2|
    |ap_enable_reg_pp0_iter1              |     9|          2|    1|          2|
    |ap_sig_allocacmp_accumulator_1_load  |     9|          2|   32|         64|
    |ap_sig_allocacmp_input_channel_1     |     9|          2|    5|         10|
    |gmem1_blk_n_R                        |     9|          2|    1|          2|
    |grp_fu_336_p0                        |    14|          3|   32|         96|
    |grp_fu_336_p1                        |   113|         24|   32|        768|
    |grp_fu_340_p0                        |    87|         18|   32|        576|
    |grp_fu_340_p1                        |   117|         26|   32|        832|
    |input_channel_fu_88                  |     9|          2|    5|         10|
    |pool2_output_address0                |    65|         14|    9|        126|
    |pool2_output_address1                |    65|         13|    9|        117|
    |reg_353                              |     9|          2|   32|         64|
    |reg_368                              |     9|          2|   32|         64|
    |reg_379                              |     9|          2|   32|         64|
    +-------------------------------------+------+-----------+-----+-----------+
    |Total                                |  1772|        348|  322|       3091|
    +-------------------------------------+------+-----------+-----+-----------+

    * Register: 
    +-----------------------------------------+-----+----+-----+-----------+
    |                   Name                  |  FF | LUT| Bits| Const Bits|
    +-----------------------------------------+-----+----+-----+-----------+
    |accumulator_1_fu_84                      |   32|   0|   32|          0|
    |add_ln60_reg_977                         |    5|   0|    5|          0|
    |ap_CS_fsm                                |  225|   0|  225|          0|
    |ap_done_reg                              |    1|   0|    1|          0|
    |ap_enable_reg_pp0_iter0_reg              |    1|   0|    1|          0|
    |ap_enable_reg_pp0_iter1                  |    1|   0|    1|          0|
    |conv3_output_addr_reg_963                |    7|   0|    7|          0|
    |conv3_output_addr_reg_963_pp0_iter1_reg  |    7|   0|    7|          0|
    |empty_69_reg_982                         |    7|   0|    7|          0|
    |empty_70_reg_990                         |    9|   0|    9|          0|
    |empty_71_reg_1023                        |    7|   0|    7|          0|
    |empty_72_reg_1034                        |    9|   0|    9|          0|
    |empty_74_reg_1077                        |    9|   0|    9|          0|
    |empty_75_reg_1131                        |    7|   0|    7|          0|
    |empty_76_reg_1157                        |    9|   0|    9|          0|
    |empty_78_reg_1215                        |    9|   0|    9|          0|
    |icmp_ln59_reg_973                        |    1|   0|    1|          0|
    |ifzero189_reg_999                        |    1|   0|    1|          0|
    |ifzero189_reg_999_pp0_iter1_reg          |    1|   0|    1|          0|
    |input_channel_fu_88                      |    5|   0|    5|          0|
    |mul_i5_i1_10_reg_1339                    |   32|   0|   32|          0|
    |mul_i5_i1_11_reg_1349                    |   32|   0|   32|          0|
    |mul_i5_i1_12_reg_1359                    |   32|   0|   32|          0|
    |mul_i5_i1_13_reg_1369                    |   32|   0|   32|          0|
    |mul_i5_i1_14_reg_1379                    |   32|   0|   32|          0|
    |mul_i5_i1_15_reg_1389                    |   32|   0|   32|          0|
    |mul_i5_i1_16_reg_1399                    |   32|   0|   32|          0|
    |mul_i5_i1_18_reg_1414                    |   32|   0|   32|          0|
    |mul_i5_i1_19_reg_1424                    |   32|   0|   32|          0|
    |mul_i5_i1_20_reg_1434                    |   32|   0|   32|          0|
    |mul_i5_i1_21_reg_1439                    |   32|   0|   32|          0|
    |mul_i5_i1_22_reg_1444                    |   32|   0|   32|          0|
    |mul_i5_i1_23_reg_1449                    |   32|   0|   32|          0|
    |mul_i5_i1_2_reg_1190                     |   32|   0|   32|          0|
    |mul_i5_i1_3_reg_1224                     |   32|   0|   32|          0|
    |mul_i5_i1_4_reg_1249                     |   32|   0|   32|          0|
    |mul_i5_i1_5_reg_1274                     |   32|   0|   32|          0|
    |mul_i5_i1_6_reg_1294                     |   32|   0|   32|          0|
    |mul_i5_i1_7_reg_1304                     |   32|   0|   32|          0|
    |mul_i5_i1_8_reg_1314                     |   32|   0|   32|          0|
    |mul_i5_i1_s_reg_1329                     |   32|   0|   32|          0|
    |reg_344                                  |   32|   0|   32|          0|
    |reg_348                                  |   32|   0|   32|          0|
    |reg_353                                  |   32|   0|   32|          0|
    |reg_359                                  |   32|   0|   32|          0|
    |reg_363                                  |   32|   0|   32|          0|
    |reg_368                                  |   32|   0|   32|          0|
    |reg_374                                  |   32|   0|   32|          0|
    |reg_379                                  |   32|   0|   32|          0|
    |reg_385                                  |   32|   0|   32|          0|
    |reg_390                                  |   32|   0|   32|          0|
    |reg_395                                  |   32|   0|   32|          0|
    |reg_400                                  |   32|   0|   32|          0|
    |reg_405                                  |   32|   0|   32|          0|
    |window_11_reg_1116                       |   32|   0|   32|          0|
    |window_13_reg_1147                       |   32|   0|   32|          0|
    |window_15_reg_1175                       |   32|   0|   32|          0|
    |window_17_reg_1200                       |   32|   0|   32|          0|
    |window_19_reg_1234                       |   32|   0|   32|          0|
    |window_21_reg_1259                       |   32|   0|   32|          0|
    |window_23_reg_1284                       |   32|   0|   32|          0|
    |window_8_reg_1091                        |   32|   0|   32|          0|
    |window_9_reg_1096                        |   32|   0|   32|          0|
    +-----------------------------------------+-----+----+-----+-----------+
    |Total                                    | 1729|   0| 1729|          0|
    +-----------------------------------------+-----+----+-----+-----------+



================================================================
== Interface
================================================================
* Summary: 
+-----------------------+-----+-----+------------+----------------------------------------+--------------+
|       RTL Ports       | Dir | Bits|  Protocol  |              Source Object             |    C Type    |
+-----------------------+-----+-----+------------+----------------------------------------+--------------+
|ap_clk                 |   in|    1|  ap_ctrl_hs|  lenet_full_top_Pipeline_INPUT_CHANNEL2|  return value|
|ap_rst                 |   in|    1|  ap_ctrl_hs|  lenet_full_top_Pipeline_INPUT_CHANNEL2|  return value|
|ap_start               |   in|    1|  ap_ctrl_hs|  lenet_full_top_Pipeline_INPUT_CHANNEL2|  return value|
|ap_done                |  out|    1|  ap_ctrl_hs|  lenet_full_top_Pipeline_INPUT_CHANNEL2|  return value|
|ap_idle                |  out|    1|  ap_ctrl_hs|  lenet_full_top_Pipeline_INPUT_CHANNEL2|  return value|
|ap_ready               |  out|    1|  ap_ctrl_hs|  lenet_full_top_Pipeline_INPUT_CHANNEL2|  return value|
|grp_fu_1398_p_din0     |  out|   32|  ap_ctrl_hs|  lenet_full_top_Pipeline_INPUT_CHANNEL2|  return value|
|grp_fu_1398_p_din1     |  out|   32|  ap_ctrl_hs|  lenet_full_top_Pipeline_INPUT_CHANNEL2|  return value|
|grp_fu_1398_p_opcode   |  out|    2|  ap_ctrl_hs|  lenet_full_top_Pipeline_INPUT_CHANNEL2|  return value|
|grp_fu_1398_p_dout0    |   in|   32|  ap_ctrl_hs|  lenet_full_top_Pipeline_INPUT_CHANNEL2|  return value|
|grp_fu_1398_p_ce       |  out|    1|  ap_ctrl_hs|  lenet_full_top_Pipeline_INPUT_CHANNEL2|  return value|
|grp_fu_1402_p_din0     |  out|   32|  ap_ctrl_hs|  lenet_full_top_Pipeline_INPUT_CHANNEL2|  return value|
|grp_fu_1402_p_din1     |  out|   32|  ap_ctrl_hs|  lenet_full_top_Pipeline_INPUT_CHANNEL2|  return value|
|grp_fu_1402_p_dout0    |   in|   32|  ap_ctrl_hs|  lenet_full_top_Pipeline_INPUT_CHANNEL2|  return value|
|grp_fu_1402_p_ce       |  out|    1|  ap_ctrl_hs|  lenet_full_top_Pipeline_INPUT_CHANNEL2|  return value|
|m_axi_gmem1_AWVALID    |  out|    1|       m_axi|                                   gmem1|       pointer|
|m_axi_gmem1_AWREADY    |   in|    1|       m_axi|                                   gmem1|       pointer|
|m_axi_gmem1_AWADDR     |  out|   64|       m_axi|                                   gmem1|       pointer|
|m_axi_gmem1_AWID       |  out|    1|       m_axi|                                   gmem1|       pointer|
|m_axi_gmem1_AWLEN      |  out|   32|       m_axi|                                   gmem1|       pointer|
|m_axi_gmem1_AWSIZE     |  out|    3|       m_axi|                                   gmem1|       pointer|
|m_axi_gmem1_AWBURST    |  out|    2|       m_axi|                                   gmem1|       pointer|
|m_axi_gmem1_AWLOCK     |  out|    2|       m_axi|                                   gmem1|       pointer|
|m_axi_gmem1_AWCACHE    |  out|    4|       m_axi|                                   gmem1|       pointer|
|m_axi_gmem1_AWPROT     |  out|    3|       m_axi|                                   gmem1|       pointer|
|m_axi_gmem1_AWQOS      |  out|    4|       m_axi|                                   gmem1|       pointer|
|m_axi_gmem1_AWREGION   |  out|    4|       m_axi|                                   gmem1|       pointer|
|m_axi_gmem1_AWUSER     |  out|    1|       m_axi|                                   gmem1|       pointer|
|m_axi_gmem1_WVALID     |  out|    1|       m_axi|                                   gmem1|       pointer|
|m_axi_gmem1_WREADY     |   in|    1|       m_axi|                                   gmem1|       pointer|
|m_axi_gmem1_WDATA      |  out|   32|       m_axi|                                   gmem1|       pointer|
|m_axi_gmem1_WSTRB      |  out|    4|       m_axi|                                   gmem1|       pointer|
|m_axi_gmem1_WLAST      |  out|    1|       m_axi|                                   gmem1|       pointer|
|m_axi_gmem1_WID        |  out|    1|       m_axi|                                   gmem1|       pointer|
|m_axi_gmem1_WUSER      |  out|    1|       m_axi|                                   gmem1|       pointer|
|m_axi_gmem1_ARVALID    |  out|    1|       m_axi|                                   gmem1|       pointer|
|m_axi_gmem1_ARREADY    |   in|    1|       m_axi|                                   gmem1|       pointer|
|m_axi_gmem1_ARADDR     |  out|   64|       m_axi|                                   gmem1|       pointer|
|m_axi_gmem1_ARID       |  out|    1|       m_axi|                                   gmem1|       pointer|
|m_axi_gmem1_ARLEN      |  out|   32|       m_axi|                                   gmem1|       pointer|
|m_axi_gmem1_ARSIZE     |  out|    3|       m_axi|                                   gmem1|       pointer|
|m_axi_gmem1_ARBURST    |  out|    2|       m_axi|                                   gmem1|       pointer|
|m_axi_gmem1_ARLOCK     |  out|    2|       m_axi|                                   gmem1|       pointer|
|m_axi_gmem1_ARCACHE    |  out|    4|       m_axi|                                   gmem1|       pointer|
|m_axi_gmem1_ARPROT     |  out|    3|       m_axi|                                   gmem1|       pointer|
|m_axi_gmem1_ARQOS      |  out|    4|       m_axi|                                   gmem1|       pointer|
|m_axi_gmem1_ARREGION   |  out|    4|       m_axi|                                   gmem1|       pointer|
|m_axi_gmem1_ARUSER     |  out|    1|       m_axi|                                   gmem1|       pointer|
|m_axi_gmem1_RVALID     |   in|    1|       m_axi|                                   gmem1|       pointer|
|m_axi_gmem1_RREADY     |  out|    1|       m_axi|                                   gmem1|       pointer|
|m_axi_gmem1_RDATA      |   in|   32|       m_axi|                                   gmem1|       pointer|
|m_axi_gmem1_RLAST      |   in|    1|       m_axi|                                   gmem1|       pointer|
|m_axi_gmem1_RID        |   in|    1|       m_axi|                                   gmem1|       pointer|
|m_axi_gmem1_RFIFONUM   |   in|    9|       m_axi|                                   gmem1|       pointer|
|m_axi_gmem1_RUSER      |   in|    1|       m_axi|                                   gmem1|       pointer|
|m_axi_gmem1_RRESP      |   in|    2|       m_axi|                                   gmem1|       pointer|
|m_axi_gmem1_BVALID     |   in|    1|       m_axi|                                   gmem1|       pointer|
|m_axi_gmem1_BREADY     |  out|    1|       m_axi|                                   gmem1|       pointer|
|m_axi_gmem1_BRESP      |   in|    2|       m_axi|                                   gmem1|       pointer|
|m_axi_gmem1_BID        |   in|    1|       m_axi|                                   gmem1|       pointer|
|m_axi_gmem1_BUSER      |   in|    1|       m_axi|                                   gmem1|       pointer|
|accumulator            |   in|   32|     ap_none|                             accumulator|        scalar|
|conv3_output_address0  |  out|    7|   ap_memory|                            conv3_output|         array|
|conv3_output_ce0       |  out|    1|   ap_memory|                            conv3_output|         array|
|conv3_output_we0       |  out|    1|   ap_memory|                            conv3_output|         array|
|conv3_output_d0        |  out|   32|   ap_memory|                            conv3_output|         array|
|zext_ln51_1            |   in|    7|     ap_none|                             zext_ln51_1|        scalar|
|sext_ln51_2            |   in|   62|     ap_none|                             sext_ln51_2|        scalar|
|pool2_output_address0  |  out|    9|   ap_memory|                            pool2_output|         array|
|pool2_output_ce0       |  out|    1|   ap_memory|                            pool2_output|         array|
|pool2_output_q0        |   in|   32|   ap_memory|                            pool2_output|         array|
|pool2_output_address1  |  out|    9|   ap_memory|                            pool2_output|         array|
|pool2_output_ce1       |  out|    1|   ap_memory|                            pool2_output|         array|
|pool2_output_q1        |   in|   32|   ap_memory|                            pool2_output|         array|
+-----------------------+-----+-----+------------+----------------------------------------+--------------+

