

================================================================
== Vitis HLS Report for 'lenet_w4a4_top_Pipeline_DENSE_OUTPUT_DENSE_INPUT6'
================================================================
* Date:           Tue Sep 15 00:31:21 2026

* Version:        2022.2 (Build 3670227 on Oct 13 2022)
* Project:        g_w4a4_lc2_validation
* Solution:       solution1 (Vivado IP Flow Target)
* Product family: zynq
* Target device:  xc7z020-clg400-1


================================================================
== Performance Estimates
================================================================
+ Timing: 
    * Summary: 
    +--------+----------+----------+------------+
    |  Clock |  Target  | Estimated| Uncertainty|
    +--------+----------+----------+------------+
    |ap_clk  |  10.00 ns|  7.300 ns|     2.70 ns|
    +--------+----------+----------+------------+

+ Latency: 
    * Summary: 
    +---------+---------+----------+----------+-----+-----+---------+
    |  Latency (cycles) |  Latency (absolute) |  Interval | Pipeline|
    |   min   |   max   |    min   |    max   | min | max |   Type  |
    +---------+---------+----------+----------+-----+-----+---------+
    |      857|      857|  8.570 us|  8.570 us|  857|  857|       no|
    +---------+---------+----------+----------+-----+-----+---------+

    + Detail: 
        * Instance: 
        N/A

        * Loop: 
        +----------------------------+---------+---------+----------+-----------+-----------+------+----------+
        |                            |  Latency (cycles) | Iteration|  Initiation Interval  | Trip |          |
        |          Loop Name         |   min   |   max   |  Latency |  achieved |   target  | Count| Pipelined|
        +----------------------------+---------+---------+----------+-----------+-----------+------+----------+
        |- DENSE_OUTPUT_DENSE_INPUT  |      855|      855|        17|          1|          1|   840|       yes|
        +----------------------------+---------+---------+----------+-----------+-----------+------+----------+



================================================================
== Utilization Estimates
================================================================
* Summary: 
+-----------------+---------+-----+--------+-------+-----+
|       Name      | BRAM_18K| DSP |   FF   |  LUT  | URAM|
+-----------------+---------+-----+--------+-------+-----+
|DSP              |        -|    2|       -|      -|    -|
|Expression       |        -|    -|       0|    192|    -|
|FIFO             |        -|    -|       -|      -|    -|
|Instance         |        -|    -|       -|      -|    -|
|Memory           |        -|    -|       -|      -|    -|
|Multiplexer      |        -|    -|       -|    108|    -|
|Register         |        -|    -|     484|    160|    -|
+-----------------+---------+-----+--------+-------+-----+
|Total            |        0|    2|     484|    460|    0|
+-----------------+---------+-----+--------+-------+-----+
|Available        |      280|  220|  106400|  53200|    0|
+-----------------+---------+-----+--------+-------+-----+
|Utilization (%)  |        0|   ~0|      ~0|     ~0|    0|
+-----------------+---------+-----+--------+-------+-----+

+ Detail: 
    * Instance: 
    N/A

    * DSP: 
    +------------------------------------+-------------------------------+--------------+
    |              Instance              |             Module            |  Expression  |
    +------------------------------------+-------------------------------+--------------+
    |mac_muladd_3ns_4s_14s_14_4_1_U121   |mac_muladd_3ns_4s_14s_14_4_1   |  i0 * i1 + i2|
    |mac_muladd_4ns_7ns_7ns_10_4_1_U120  |mac_muladd_4ns_7ns_7ns_10_4_1  |  i0 + i1 * i2|
    +------------------------------------+-------------------------------+--------------+

    * Memory: 
    N/A

    * FIFO: 
    N/A

    * Expression: 
    +---------------------------+----------+----+---+----+------------+------------+
    |       Variable Name       | Operation| DSP| FF| LUT| Bitwidth P0| Bitwidth P1|
    +---------------------------+----------+----+---+----+------------+------------+
    |add_ln331_fu_173_p2        |         +|   0|  0|  13|          10|           1|
    |add_ln332_fu_199_p2        |         +|   0|  0|  13|           4|           1|
    |add_ln340_fu_217_p2        |         +|   0|  0|  14|           7|           1|
    |add_ln8_4_fu_277_p2        |         +|   0|  0|  71|          64|          64|
    |add_ln8_fu_253_p2          |         +|   0|  0|  17|          14|          14|
    |icmp_ln331_fu_167_p2       |      icmp|   0|  0|  11|          10|           9|
    |icmp_ln339_fu_185_p2       |      icmp|   0|  0|  10|           7|           7|
    |ifzero315_fu_223_p2        |      icmp|   0|  0|  10|           7|           7|
    |ap_block_pp0_stage0_11001  |        or|   0|  0|   2|           1|           1|
    |grp_fu_346_p2              |    select|   0|  0|  14|           1|           1|
    |nibble_V_11_fu_306_p3      |    select|   0|  0|   4|           1|           4|
    |select_ln331_2_fu_205_p3   |    select|   0|  0|   4|           1|           4|
    |select_ln331_fu_191_p3     |    select|   0|  0|   7|           1|           1|
    |ap_enable_pp0              |       xor|   0|  0|   2|           1|           2|
    +---------------------------+----------+----+---+----+------------+------------+
    |Total                      |          |   0|  0| 192|         129|         117|
    +---------------------------+----------+----+---+----+------------+------------+

    * Multiplexer: 
    +-----------------------------------------+----+-----------+-----+-----------+
    |                   Name                  | LUT| Input Size| Bits| Total Bits|
    +-----------------------------------------+----+-----------+-----+-----------+
    |accumulator_V_fu_84                      |   9|          2|   14|         28|
    |ap_done_int                              |   9|          2|    1|          2|
    |ap_enable_reg_pp0_iter1                  |   9|          2|    1|          2|
    |ap_sig_allocacmp_accumulator_V_load      |   9|          2|   14|         28|
    |ap_sig_allocacmp_indvar_flatten320_load  |   9|          2|   10|         20|
    |ap_sig_allocacmp_input_index_load        |   9|          2|    7|         14|
    |ap_sig_allocacmp_output_index_load       |   9|          2|    4|          8|
    |gmem1_blk_n_AR                           |   9|          2|    1|          2|
    |gmem1_blk_n_R                            |   9|          2|    1|          2|
    |indvar_flatten320_fu_96                  |   9|          2|   10|         20|
    |input_index_fu_88                        |   9|          2|    7|         14|
    |output_index_fu_92                       |   9|          2|    4|          8|
    +-----------------------------------------+----+-----------+-----+-----------+
    |Total                                    | 108|         24|   74|        148|
    +-----------------------------------------+----+-----------+-----+-----------+

    * Register: 
    +-----------------------------------+----+----+-----+-----------+
    |                Name               | FF | LUT| Bits| Const Bits|
    +-----------------------------------+----+----+-----+-----------+
    |accumulator_V_fu_84                |  14|   0|   14|          0|
    |add_ln350_reg_423                  |  10|   0|   10|          0|
    |ap_CS_fsm                          |   1|   0|    1|          0|
    |ap_done_reg                        |   1|   0|    1|          0|
    |ap_enable_reg_pp0_iter1            |   1|   0|    1|          0|
    |ap_enable_reg_pp0_iter10           |   1|   0|    1|          0|
    |ap_enable_reg_pp0_iter11           |   1|   0|    1|          0|
    |ap_enable_reg_pp0_iter12           |   1|   0|    1|          0|
    |ap_enable_reg_pp0_iter13           |   1|   0|    1|          0|
    |ap_enable_reg_pp0_iter14           |   1|   0|    1|          0|
    |ap_enable_reg_pp0_iter15           |   1|   0|    1|          0|
    |ap_enable_reg_pp0_iter16           |   1|   0|    1|          0|
    |ap_enable_reg_pp0_iter2            |   1|   0|    1|          0|
    |ap_enable_reg_pp0_iter3            |   1|   0|    1|          0|
    |ap_enable_reg_pp0_iter4            |   1|   0|    1|          0|
    |ap_enable_reg_pp0_iter5            |   1|   0|    1|          0|
    |ap_enable_reg_pp0_iter6            |   1|   0|    1|          0|
    |ap_enable_reg_pp0_iter7            |   1|   0|    1|          0|
    |ap_enable_reg_pp0_iter8            |   1|   0|    1|          0|
    |ap_enable_reg_pp0_iter9            |   1|   0|    1|          0|
    |ap_loop_exit_ready_pp0_iter10_reg  |   1|   0|    1|          0|
    |ap_loop_exit_ready_pp0_iter11_reg  |   1|   0|    1|          0|
    |ap_loop_exit_ready_pp0_iter12_reg  |   1|   0|    1|          0|
    |ap_loop_exit_ready_pp0_iter13_reg  |   1|   0|    1|          0|
    |ap_loop_exit_ready_pp0_iter14_reg  |   1|   0|    1|          0|
    |ap_loop_exit_ready_pp0_iter15_reg  |   1|   0|    1|          0|
    |ap_loop_exit_ready_pp0_iter1_reg   |   1|   0|    1|          0|
    |ap_loop_exit_ready_pp0_iter2_reg   |   1|   0|    1|          0|
    |ap_loop_exit_ready_pp0_iter3_reg   |   1|   0|    1|          0|
    |ap_loop_exit_ready_pp0_iter4_reg   |   1|   0|    1|          0|
    |ap_loop_exit_ready_pp0_iter5_reg   |   1|   0|    1|          0|
    |ap_loop_exit_ready_pp0_iter6_reg   |   1|   0|    1|          0|
    |ap_loop_exit_ready_pp0_iter7_reg   |   1|   0|    1|          0|
    |ap_loop_exit_ready_pp0_iter8_reg   |   1|   0|    1|          0|
    |ap_loop_exit_ready_pp0_iter9_reg   |   1|   0|    1|          0|
    |gmem1_addr_reg_433                 |  64|   0|   64|          0|
    |icmp_ln339_reg_393                 |   1|   0|    1|          0|
    |ifzero315_reg_414                  |   1|   0|    1|          0|
    |indvar_flatten320_fu_96            |  10|   0|   10|          0|
    |input_index_fu_88                  |   7|   0|    7|          0|
    |nibble_V_9_reg_444                 |   4|   0|    4|          0|
    |nibble_V_reg_439                   |   4|   0|    4|          0|
    |output_index_fu_92                 |   4|   0|    4|          0|
    |select_ln331_2_reg_404             |   4|   0|    4|          0|
    |select_ln331_reg_398               |   7|   0|    7|          0|
    |trunc_ln8_reg_428                  |   1|   0|    1|          0|
    |icmp_ln339_reg_393                 |  64|  32|    1|          0|
    |ifzero315_reg_414                  |  64|  32|    1|          0|
    |select_ln331_2_reg_404             |  64|  32|    4|          0|
    |select_ln331_reg_398               |  64|  32|    7|          0|
    |trunc_ln8_reg_428                  |  64|  32|    1|          0|
    +-----------------------------------+----+----+-----+-----------+
    |Total                              | 484| 160|  178|          0|
    +-----------------------------------+----+----+-----+-----------+



================================================================
== Interface
================================================================
* Summary: 
+----------------------+-----+-----+------------+---------------------------------------------------+--------------+
|       RTL Ports      | Dir | Bits|  Protocol  |                   Source Object                   |    C Type    |
+----------------------+-----+-----+------------+---------------------------------------------------+--------------+
|ap_clk                |   in|    1|  ap_ctrl_hs|  lenet_w4a4_top_Pipeline_DENSE_OUTPUT_DENSE_INPUT6|  return value|
|ap_rst                |   in|    1|  ap_ctrl_hs|  lenet_w4a4_top_Pipeline_DENSE_OUTPUT_DENSE_INPUT6|  return value|
|ap_start              |   in|    1|  ap_ctrl_hs|  lenet_w4a4_top_Pipeline_DENSE_OUTPUT_DENSE_INPUT6|  return value|
|ap_done               |  out|    1|  ap_ctrl_hs|  lenet_w4a4_top_Pipeline_DENSE_OUTPUT_DENSE_INPUT6|  return value|
|ap_idle               |  out|    1|  ap_ctrl_hs|  lenet_w4a4_top_Pipeline_DENSE_OUTPUT_DENSE_INPUT6|  return value|
|ap_ready              |  out|    1|  ap_ctrl_hs|  lenet_w4a4_top_Pipeline_DENSE_OUTPUT_DENSE_INPUT6|  return value|
|m_axi_gmem1_AWVALID   |  out|    1|       m_axi|                                              gmem1|       pointer|
|m_axi_gmem1_AWREADY   |   in|    1|       m_axi|                                              gmem1|       pointer|
|m_axi_gmem1_AWADDR    |  out|   64|       m_axi|                                              gmem1|       pointer|
|m_axi_gmem1_AWID      |  out|    1|       m_axi|                                              gmem1|       pointer|
|m_axi_gmem1_AWLEN     |  out|   32|       m_axi|                                              gmem1|       pointer|
|m_axi_gmem1_AWSIZE    |  out|    3|       m_axi|                                              gmem1|       pointer|
|m_axi_gmem1_AWBURST   |  out|    2|       m_axi|                                              gmem1|       pointer|
|m_axi_gmem1_AWLOCK    |  out|    2|       m_axi|                                              gmem1|       pointer|
|m_axi_gmem1_AWCACHE   |  out|    4|       m_axi|                                              gmem1|       pointer|
|m_axi_gmem1_AWPROT    |  out|    3|       m_axi|                                              gmem1|       pointer|
|m_axi_gmem1_AWQOS     |  out|    4|       m_axi|                                              gmem1|       pointer|
|m_axi_gmem1_AWREGION  |  out|    4|       m_axi|                                              gmem1|       pointer|
|m_axi_gmem1_AWUSER    |  out|    1|       m_axi|                                              gmem1|       pointer|
|m_axi_gmem1_WVALID    |  out|    1|       m_axi|                                              gmem1|       pointer|
|m_axi_gmem1_WREADY    |   in|    1|       m_axi|                                              gmem1|       pointer|
|m_axi_gmem1_WDATA     |  out|    8|       m_axi|                                              gmem1|       pointer|
|m_axi_gmem1_WSTRB     |  out|    1|       m_axi|                                              gmem1|       pointer|
|m_axi_gmem1_WLAST     |  out|    1|       m_axi|                                              gmem1|       pointer|
|m_axi_gmem1_WID       |  out|    1|       m_axi|                                              gmem1|       pointer|
|m_axi_gmem1_WUSER     |  out|    1|       m_axi|                                              gmem1|       pointer|
|m_axi_gmem1_ARVALID   |  out|    1|       m_axi|                                              gmem1|       pointer|
|m_axi_gmem1_ARREADY   |   in|    1|       m_axi|                                              gmem1|       pointer|
|m_axi_gmem1_ARADDR    |  out|   64|       m_axi|                                              gmem1|       pointer|
|m_axi_gmem1_ARID      |  out|    1|       m_axi|                                              gmem1|       pointer|
|m_axi_gmem1_ARLEN     |  out|   32|       m_axi|                                              gmem1|       pointer|
|m_axi_gmem1_ARSIZE    |  out|    3|       m_axi|                                              gmem1|       pointer|
|m_axi_gmem1_ARBURST   |  out|    2|       m_axi|                                              gmem1|       pointer|
|m_axi_gmem1_ARLOCK    |  out|    2|       m_axi|                                              gmem1|       pointer|
|m_axi_gmem1_ARCACHE   |  out|    4|       m_axi|                                              gmem1|       pointer|
|m_axi_gmem1_ARPROT    |  out|    3|       m_axi|                                              gmem1|       pointer|
|m_axi_gmem1_ARQOS     |  out|    4|       m_axi|                                              gmem1|       pointer|
|m_axi_gmem1_ARREGION  |  out|    4|       m_axi|                                              gmem1|       pointer|
|m_axi_gmem1_ARUSER    |  out|    1|       m_axi|                                              gmem1|       pointer|
|m_axi_gmem1_RVALID    |   in|    1|       m_axi|                                              gmem1|       pointer|
|m_axi_gmem1_RREADY    |  out|    1|       m_axi|                                              gmem1|       pointer|
|m_axi_gmem1_RDATA     |   in|    8|       m_axi|                                              gmem1|       pointer|
|m_axi_gmem1_RLAST     |   in|    1|       m_axi|                                              gmem1|       pointer|
|m_axi_gmem1_RID       |   in|    1|       m_axi|                                              gmem1|       pointer|
|m_axi_gmem1_RFIFONUM  |   in|   11|       m_axi|                                              gmem1|       pointer|
|m_axi_gmem1_RUSER     |   in|    1|       m_axi|                                              gmem1|       pointer|
|m_axi_gmem1_RRESP     |   in|    2|       m_axi|                                              gmem1|       pointer|
|m_axi_gmem1_BVALID    |   in|    1|       m_axi|                                              gmem1|       pointer|
|m_axi_gmem1_BREADY    |  out|    1|       m_axi|                                              gmem1|       pointer|
|m_axi_gmem1_BRESP     |   in|    2|       m_axi|                                              gmem1|       pointer|
|m_axi_gmem1_BID       |   in|    1|       m_axi|                                              gmem1|       pointer|
|m_axi_gmem1_BUSER     |   in|    1|       m_axi|                                              gmem1|       pointer|
|weight                |   in|   64|     ap_none|                                             weight|        scalar|
|fc1_relu_V_address0   |  out|    7|   ap_memory|                                         fc1_relu_V|         array|
|fc1_relu_V_ce0        |  out|    1|   ap_memory|                                         fc1_relu_V|         array|
|fc1_relu_V_q0         |   in|    3|   ap_memory|                                         fc1_relu_V|         array|
|fc2_acc_V_address0    |  out|    4|   ap_memory|                                          fc2_acc_V|         array|
|fc2_acc_V_ce0         |  out|    1|   ap_memory|                                          fc2_acc_V|         array|
|fc2_acc_V_we0         |  out|    1|   ap_memory|                                          fc2_acc_V|         array|
|fc2_acc_V_d0          |  out|   14|   ap_memory|                                          fc2_acc_V|         array|
+----------------------+-----+-----+------------+---------------------------------------------------+--------------+

