

================================================================
== Vitis HLS Report for 'lenet_w4a4_top_Pipeline_REQUANT_VECTOR5'
================================================================
* Date:           Tue Sep 15 00:31:20 2026

* Version:        2022.2 (Build 3670227 on Oct 13 2022)
* Project:        g_w4a4_lc2_validation
* Solution:       solution1 (Vivado IP Flow Target)
* Product family: zynq
* Target device:  xc7z020-clg400-1


================================================================
== Performance Estimates
================================================================
+ Timing: 
    * Summary: 
    +--------+----------+----------+------------+
    |  Clock |  Target  | Estimated| Uncertainty|
    +--------+----------+----------+------------+
    |ap_clk  |  10.00 ns|  6.960 ns|     2.70 ns|
    +--------+----------+----------+------------+

+ Latency: 
    * Summary: 
    +---------+---------+----------+----------+-----+-----+---------+
    |  Latency (cycles) |  Latency (absolute) |  Interval | Pipeline|
    |   min   |   max   |    min   |    max   | min | max |   Type  |
    +---------+---------+----------+----------+-----+-----+---------+
    |       90|       90|  0.900 us|  0.900 us|   90|   90|       no|
    +---------+---------+----------+----------+-----+-----+---------+

    + Detail: 
        * Instance: 
        N/A

        * Loop: 
        +------------------+---------+---------+----------+-----------+-----------+------+----------+
        |                  |  Latency (cycles) | Iteration|  Initiation Interval  | Trip |          |
        |     Loop Name    |   min   |   max   |  Latency |  achieved |   target  | Count| Pipelined|
        +------------------+---------+---------+----------+-----------+-----------+------+----------+
        |- REQUANT_VECTOR  |       88|       88|         6|          1|          1|    84|       yes|
        +------------------+---------+---------+----------+-----------+-----------+------+----------+



================================================================
== Utilization Estimates
================================================================
* Summary: 
+-----------------+---------+-----+--------+-------+-----+
|       Name      | BRAM_18K| DSP |   FF   |  LUT  | URAM|
+-----------------+---------+-----+--------+-------+-----+
|DSP              |        -|    -|       -|      -|    -|
|Expression       |        -|    -|       0|    174|    -|
|FIFO             |        -|    -|       -|      -|    -|
|Instance         |        -|    4|     214|    156|    -|
|Memory           |        -|    -|       -|      -|    -|
|Multiplexer      |        -|    -|       -|     36|    -|
|Register         |        -|    -|     246|     32|    -|
+-----------------+---------+-----+--------+-------+-----+
|Total            |        0|    4|     460|    398|    0|
+-----------------+---------+-----+--------+-------+-----+
|Available        |      280|  220|  106400|  53200|    0|
+-----------------+---------+-----+--------+-------+-----+
|Utilization (%)  |        0|    1|      ~0|     ~0|    0|
+-----------------+---------+-----+--------+-------+-----+

+ Detail: 
    * Instance: 
    +---------------------------+----------------------+---------+----+-----+-----+-----+
    |          Instance         |        Module        | BRAM_18K| DSP|  FF | LUT | URAM|
    +---------------------------+----------------------+---------+----+-----+-----+-----+
    |mul_32ns_38ns_69_2_1_U116  |mul_32ns_38ns_69_2_1  |        0|   4|  214|  156|    0|
    +---------------------------+----------------------+---------+----+-----+-----+-----+
    |Total                      |                      |        0|   4|  214|  156|    0|
    +---------------------------+----------------------+---------+----+-----+-----+-----+

    * DSP: 
    N/A

    * Memory: 
    N/A

    * FIFO: 
    N/A

    * Expression: 
    +---------------------------+----------+----+---+----+------------+------------+
    |       Variable Name       | Operation| DSP| FF| LUT| Bitwidth P0| Bitwidth P1|
    +---------------------------+----------+----+---+----+------------+------------+
    |add_ln300_fu_104_p2        |         +|   0|  0|  14|           7|           1|
    |quotient_V_fu_164_p2       |         +|   0|  0|  36|          29|           1|
    |and_ln64_fu_174_p2         |       and|   0|  0|   2|           1|           1|
    |icmp_ln1019_fu_169_p2      |      icmp|   0|  0|  21|          40|          41|
    |icmp_ln1035_2_fu_203_p2    |      icmp|   0|  0|  16|          26|           1|
    |icmp_ln1035_fu_159_p2      |      icmp|   0|  0|  21|          40|          41|
    |icmp_ln1039_fu_120_p2      |      icmp|   0|  0|  12|          14|           1|
    |icmp_ln299_fu_98_p2        |      icmp|   0|  0|  10|           7|           7|
    |or_ln1039_fu_226_p2        |        or|   0|  0|   2|           1|           1|
    |or_ln64_fu_180_p2          |        or|   0|  0|   2|           1|           1|
    |quotient_V_4_fu_186_p3     |    select|   0|  0|  29|           1|          29|
    |select_ln1039_1_fu_231_p3  |    select|   0|  0|   3|           1|           3|
    |select_ln1039_fu_218_p3    |    select|   0|  0|   2|           1|           2|
    |ap_enable_pp0              |       xor|   0|  0|   2|           1|           2|
    |xor_ln1039_fu_213_p2       |       xor|   0|  0|   2|           1|           2|
    +---------------------------+----------+----+---+----+------------+------------+
    |Total                      |          |   0|  0| 174|         171|         134|
    +---------------------------+----------+----+---+----+------------+------------+

    * Multiplexer: 
    +-------------------------+----+-----------+-----+-----------+
    |           Name          | LUT| Input Size| Bits| Total Bits|
    +-------------------------+----+-----------+-----+-----------+
    |ap_done_int              |   9|          2|    1|          2|
    |ap_enable_reg_pp0_iter1  |   9|          2|    1|          2|
    |ap_sig_allocacmp_index   |   9|          2|    7|         14|
    |index_2_fu_60            |   9|          2|    7|         14|
    +-------------------------+----+-----------+-----+-----------+
    |Total                    |  36|          8|   16|         32|
    +-------------------------+----+-----------+-----+-----------+

    * Register: 
    +-----------------------------------+----+----+-----+-----------+
    |                Name               | FF | LUT| Bits| Const Bits|
    +-----------------------------------+----+----+-----+-----------+
    |ap_CS_fsm                          |   1|   0|    1|          0|
    |ap_done_reg                        |   1|   0|    1|          0|
    |ap_enable_reg_pp0_iter1            |   1|   0|    1|          0|
    |ap_enable_reg_pp0_iter2            |   1|   0|    1|          0|
    |ap_enable_reg_pp0_iter3            |   1|   0|    1|          0|
    |ap_enable_reg_pp0_iter4            |   1|   0|    1|          0|
    |ap_enable_reg_pp0_iter5            |   1|   0|    1|          0|
    |ap_loop_exit_ready_pp0_iter1_reg   |   1|   0|    1|          0|
    |ap_loop_exit_ready_pp0_iter2_reg   |   1|   0|    1|          0|
    |ap_loop_exit_ready_pp0_iter3_reg   |   1|   0|    1|          0|
    |ap_loop_exit_ready_pp0_iter4_reg   |   1|   0|    1|          0|
    |icmp_ln1039_reg_266                |   1|   0|    1|          0|
    |icmp_ln1039_reg_266_pp0_iter3_reg  |   1|   0|    1|          0|
    |index_2_cast_reg_250               |   7|   0|   64|         57|
    |index_2_fu_60                      |   7|   0|    7|          0|
    |product_V_reg_277                  |  69|   0|   69|          0|
    |quotient_V_5_reg_288               |  29|   0|   29|          0|
    |ret_V_reg_282                      |  40|   0|   40|          0|
    |select_ln1039_1_reg_294            |   3|   0|    3|          0|
    |value_V_reg_260                    |  14|   0|   14|          0|
    |index_2_cast_reg_250               |  64|  32|   64|         57|
    +-----------------------------------+----+----+-----+-----------+
    |Total                              | 246|  32|  303|        114|
    +-----------------------------------+----+----+-----+-----------+



================================================================
== Interface
================================================================
* Summary: 
+---------------------+-----+-----+------------+-----------------------------------------+--------------+
|      RTL Ports      | Dir | Bits|  Protocol  |              Source Object              |    C Type    |
+---------------------+-----+-----+------------+-----------------------------------------+--------------+
|ap_clk               |   in|    1|  ap_ctrl_hs|  lenet_w4a4_top_Pipeline_REQUANT_VECTOR5|  return value|
|ap_rst               |   in|    1|  ap_ctrl_hs|  lenet_w4a4_top_Pipeline_REQUANT_VECTOR5|  return value|
|ap_start             |   in|    1|  ap_ctrl_hs|  lenet_w4a4_top_Pipeline_REQUANT_VECTOR5|  return value|
|ap_done              |  out|    1|  ap_ctrl_hs|  lenet_w4a4_top_Pipeline_REQUANT_VECTOR5|  return value|
|ap_idle              |  out|    1|  ap_ctrl_hs|  lenet_w4a4_top_Pipeline_REQUANT_VECTOR5|  return value|
|ap_ready             |  out|    1|  ap_ctrl_hs|  lenet_w4a4_top_Pipeline_REQUANT_VECTOR5|  return value|
|fc1_acc_V_address0   |  out|    7|   ap_memory|                                fc1_acc_V|         array|
|fc1_acc_V_ce0        |  out|    1|   ap_memory|                                fc1_acc_V|         array|
|fc1_acc_V_q0         |   in|   14|   ap_memory|                                fc1_acc_V|         array|
|fc1_relu_V_address0  |  out|    7|   ap_memory|                               fc1_relu_V|         array|
|fc1_relu_V_ce0       |  out|    1|   ap_memory|                               fc1_relu_V|         array|
|fc1_relu_V_we0       |  out|    1|   ap_memory|                               fc1_relu_V|         array|
|fc1_relu_V_d0        |  out|    3|   ap_memory|                               fc1_relu_V|         array|
+---------------------+-----+-----+------------+-----------------------------------------+--------------+

