

================================================================
== Vivado HLS Report for 'p_anonymous_namespace'
================================================================
* Date:           Wed Sep  2 22:59:38 2026

* Version:        2019.1 (Build 2552052 on Fri May 24 15:28:33 MDT 2019)
* Project:        conv3_hls
* Solution:       solution1
* Product family: zynq
* Target device:  xc7z020-clg400-1


================================================================
== Performance Estimates
================================================================
+ Timing (ns): 
    * Summary: 
    +--------+-------+----------+------------+
    |  Clock | Target| Estimated| Uncertainty|
    +--------+-------+----------+------------+
    |ap_clk  |  10.00|     8.750|        1.25|
    +--------+-------+----------+------------+

+ Latency (clock cycles): 
    * Summary: 
    +--------+--------+--------+--------+---------+
    |     Latency     |     Interval    | Pipeline|
    |   min  |   max  |   min  |   max  |   Type  |
    +--------+--------+--------+--------+---------+
    |  669251|  669251|  669251|  669251|   none  |
    +--------+--------+--------+--------+---------+

    + Detail: 
        * Instance: 
        N/A

        * Loop: 
        +-------------------+--------+--------+----------+-----------+-----------+------+----------+
        |                   |     Latency     | Iteration|  Initiation Interval  | Trip |          |
        |     Loop Name     |   min  |   max  |  Latency |  achieved |   target  | Count| Pipelined|
        +-------------------+--------+--------+----------+-----------+-----------+------+----------+
        |- OUTPUT_CHANNEL   |  669240|  669240|      5577|          -|          -|   120|    no    |
        | + INPUT_CHANNEL   |    5568|    5568|       348|          -|          -|    16|    no    |
        |  ++ WINDOW_ROW    |      95|      95|        19|          -|          -|     5|    no    |
        |   +++ WINDOW_COL  |      10|      10|         2|          -|          -|     5|    no    |
        |  ++ MAC_LOOP      |     250|     250|        10|          -|          -|    25|    no    |
        +-------------------+--------+--------+----------+-----------+-----------+------+----------+



================================================================
== Utilization Estimates
================================================================
* Summary: 
+-----------------+---------+-------+--------+-------+-----+
|       Name      | BRAM_18K| DSP48E|   FF   |  LUT  | URAM|
+-----------------+---------+-------+--------+-------+-----+
|DSP              |        -|      1|       -|      -|    -|
|Expression       |        -|      -|       0|    237|    -|
|FIFO             |        -|      -|       -|      -|    -|
|Instance         |        -|      5|     348|    711|    -|
|Memory           |        0|      -|      64|     13|    0|
|Multiplexer      |        -|      -|       -|    340|    -|
|Register         |        -|      -|     415|      -|    -|
+-----------------+---------+-------+--------+-------+-----+
|Total            |        0|      6|     827|   1301|    0|
+-----------------+---------+-------+--------+-------+-----+
|Available        |      280|    220|  106400|  53200|    0|
+-----------------+---------+-------+--------+-------+-----+
|Utilization (%)  |        0|      2|   ~0   |      2|    0|
+-----------------+---------+-------+--------+-------+-----+

+ Detail: 
    * Instance: 
    +-------------------------+----------------------+---------+-------+-----+-----+-----+
    |         Instance        |        Module        | BRAM_18K| DSP48E|  FF | LUT | URAM|
    +-------------------------+----------------------+---------+-------+-----+-----+-----+
    |lenet_conv3_top_fcud_U1  |lenet_conv3_top_fcud  |        0|      2|  205|  390|    0|
    |lenet_conv3_top_fdEe_U2  |lenet_conv3_top_fdEe  |        0|      3|  143|  321|    0|
    +-------------------------+----------------------+---------+-------+-----+-----+-----+
    |Total                    |                      |        0|      5|  348|  711|    0|
    +-------------------------+----------------------+---------+-------+-----+-----+-----+

    * DSP48E: 
    +-------------------------+----------------------+--------------+
    |         Instance        |        Module        |  Expression  |
    +-------------------------+----------------------+--------------+
    |lenet_conv3_top_meOg_U3  |lenet_conv3_top_meOg  | i0 * i1 + i2 |
    +-------------------------+----------------------+--------------+

    * Memory: 
    +----------+----------------------+---------+----+----+-----+------+-----+------+-------------+
    |  Memory  |        Module        | BRAM_18K| FF | LUT| URAM| Words| Bits| Banks| W*Bits*Banks|
    +----------+----------------------+---------+----+----+-----+------+-----+------+-------------+
    |window_U  |p_anonymous_namesbkb  |        0|  64|  13|    0|    25|   32|     1|          800|
    +----------+----------------------+---------+----+----+-----+------+-----+------+-------------+
    |Total     |                      |        0|  64|  13|    0|    25|   32|     1|          800|
    +----------+----------------------+---------+----+----+-----+------+-----+------+-------------+

    * FIFO: 
    N/A

    * Expression: 
    +--------------------------+----------+-------+---+----+------------+------------+
    |       Variable Name      | Operation| DSP48E| FF| LUT| Bitwidth P0| Bitwidth P1|
    +--------------------------+----------+-------+---+----+------------+------------+
    |add_ln16_fu_419_p2        |     +    |      0|  0|  12|           3|           1|
    |add_ln18_fu_495_p2        |     +    |      0|  0|  12|           3|           1|
    |add_ln21_1_fu_435_p2      |     +    |      0|  0|  15|           7|           7|
    |add_ln21_2_fu_452_p2      |     +    |      0|  0|  15|           9|           9|
    |add_ln21_fu_425_p2        |     +    |      0|  0|  15|           5|           5|
    |add_ln22_1_fu_510_p2      |     +    |      0|  0|  15|           5|           5|
    |add_ln22_2_fu_462_p2      |     +    |      0|  0|  38|          31|          31|
    |add_ln22_fu_501_p2        |     +    |      0|  0|  13|           4|           4|
    |add_ln35_fu_525_p2        |     +    |      0|  0|  15|           5|           1|
    |add_ln60_fu_383_p2        |     +    |      0|  0|  15|           5|           1|
    |output_channel_fu_349_p2  |     +    |      0|  0|  15|           7|           1|
    |ap_block_state16_io       |    and   |      0|  0|   2|           1|           1|
    |ap_block_state25          |    and   |      0|  0|   2|           1|           1|
    |ap_block_state27          |    and   |      0|  0|   2|           1|           1|
    |icmp_ln16_fu_413_p2       |   icmp   |      0|  0|   9|           3|           3|
    |icmp_ln18_fu_489_p2       |   icmp   |      0|  0|   9|           3|           3|
    |icmp_ln35_fu_519_p2       |   icmp   |      0|  0|  11|           5|           4|
    |icmp_ln51_fu_343_p2       |   icmp   |      0|  0|  11|           7|           5|
    |icmp_ln59_fu_377_p2       |   icmp   |      0|  0|  11|           5|           6|
    +--------------------------+----------+-------+---+----+------------+------------+
    |Total                     |          |      0|  0| 237|         110|          90|
    +--------------------------+----------+-------+---+----+------------+------------+

    * Multiplexer: 
    +------------------------------+-----+-----------+-----+-----------+
    |             Name             | LUT | Input Size| Bits| Total Bits|
    +------------------------------+-----+-----------+-----+-----------+
    |accumulator_1_0_0_reg_280     |    9|          2|   32|         64|
    |accumulator_assign_0_reg_234  |    9|          2|   32|         64|
    |ap_NS_fsm                     |  181|         41|    1|         41|
    |bias_blk_n_AR                 |    9|          2|    1|          2|
    |bias_blk_n_R                  |    9|          2|    1|          2|
    |feature_in_blk_n_AR           |    9|          2|    1|          2|
    |feature_in_blk_n_R            |    9|          2|    1|          2|
    |feature_out_blk_n_AW          |    9|          2|    1|          2|
    |feature_out_blk_n_B           |    9|          2|    1|          2|
    |feature_out_blk_n_W           |    9|          2|    1|          2|
    |index_0_i_0_0_reg_292         |    9|          2|    5|         10|
    |input_channel_assign_reg_245  |    9|          2|    5|         10|
    |kernel_col_0_i_0_0_reg_269    |    9|          2|    3|          6|
    |kernel_row_0_i_0_0_reg_257    |    9|          2|    3|          6|
    |output_channel_0_reg_223      |    9|          2|    7|         14|
    |weight_blk_n_AR               |    9|          2|    1|          2|
    |weight_blk_n_R                |    9|          2|    1|          2|
    |window_address0               |   15|          3|    5|         15|
    +------------------------------+-----+-----------+-----+-----------+
    |Total                         |  340|         76|  102|        248|
    +------------------------------+-----+-----------+-----+-----------+

    * Register: 
    +------------------------------+----+----+-----+-----------+
    |             Name             | FF | LUT| Bits| Const Bits|
    +------------------------------+----+----+-----+-----------+
    |accumulator_1_0_0_reg_280     |  32|   0|   32|          0|
    |accumulator_assign_0_reg_234  |  32|   0|   32|          0|
    |add_ln16_reg_610              |   3|   0|    3|          0|
    |add_ln18_reg_634              |   3|   0|    3|          0|
    |add_ln22_1_reg_644            |   5|   0|    5|          0|
    |add_ln22_2_reg_615            |  31|   0|   31|          0|
    |add_ln35_reg_652              |   5|   0|    5|          0|
    |add_ln36_reg_573              |  31|   0|   31|          0|
    |add_ln60_reg_592              |   5|   0|    5|          0|
    |ap_CS_fsm                     |  40|   0|   40|          0|
    |bias_addr_read_reg_584        |  32|   0|   32|          0|
    |feature_in_addr_read_reg_639  |  32|   0|   32|          0|
    |index_0_i_0_0_reg_292         |   5|   0|    5|          0|
    |input_channel_assign_reg_245  |   5|   0|    5|          0|
    |kernel_col_0_i_0_0_reg_269    |   3|   0|    3|          0|
    |kernel_row_0_i_0_0_reg_257    |   3|   0|    3|          0|
    |output_channel_0_reg_223      |   7|   0|    7|          0|
    |output_channel_reg_568        |   7|   0|    7|          0|
    |shl_ln2_reg_626               |   3|   0|    5|          2|
    |tmp1_reg_672                  |  32|   0|   32|          0|
    |weight_addr_read_reg_662      |  32|   0|   32|          0|
    |zext_ln16_reg_602             |   3|   0|    4|          1|
    |zext_ln21_reg_597             |   4|   0|    7|          3|
    |zext_ln22_reg_555             |  30|   0|   31|          1|
    |zext_ln51_reg_560             |  30|   0|   31|          1|
    +------------------------------+----+----+-----+-----------+
    |Total                         | 415|   0|  423|          8|
    +------------------------------+----+----+-----+-----------+



================================================================
== Interface
================================================================
* Summary: 
+----------------------------+-----+-----+------------+----------------------+--------------+
|          RTL Ports         | Dir | Bits|  Protocol  |     Source Object    |    C Type    |
+----------------------------+-----+-----+------------+----------------------+--------------+
|ap_clk                      |  in |    1| ap_ctrl_hs | (anonymous namespace | return value |
|ap_rst                      |  in |    1| ap_ctrl_hs | (anonymous namespace | return value |
|ap_start                    |  in |    1| ap_ctrl_hs | (anonymous namespace | return value |
|ap_done                     | out |    1| ap_ctrl_hs | (anonymous namespace | return value |
|ap_idle                     | out |    1| ap_ctrl_hs | (anonymous namespace | return value |
|ap_ready                    | out |    1| ap_ctrl_hs | (anonymous namespace | return value |
|m_axi_feature_in_AWVALID    | out |    1|    m_axi   |      feature_in      |    pointer   |
|m_axi_feature_in_AWREADY    |  in |    1|    m_axi   |      feature_in      |    pointer   |
|m_axi_feature_in_AWADDR     | out |   32|    m_axi   |      feature_in      |    pointer   |
|m_axi_feature_in_AWID       | out |    1|    m_axi   |      feature_in      |    pointer   |
|m_axi_feature_in_AWLEN      | out |   32|    m_axi   |      feature_in      |    pointer   |
|m_axi_feature_in_AWSIZE     | out |    3|    m_axi   |      feature_in      |    pointer   |
|m_axi_feature_in_AWBURST    | out |    2|    m_axi   |      feature_in      |    pointer   |
|m_axi_feature_in_AWLOCK     | out |    2|    m_axi   |      feature_in      |    pointer   |
|m_axi_feature_in_AWCACHE    | out |    4|    m_axi   |      feature_in      |    pointer   |
|m_axi_feature_in_AWPROT     | out |    3|    m_axi   |      feature_in      |    pointer   |
|m_axi_feature_in_AWQOS      | out |    4|    m_axi   |      feature_in      |    pointer   |
|m_axi_feature_in_AWREGION   | out |    4|    m_axi   |      feature_in      |    pointer   |
|m_axi_feature_in_AWUSER     | out |    1|    m_axi   |      feature_in      |    pointer   |
|m_axi_feature_in_WVALID     | out |    1|    m_axi   |      feature_in      |    pointer   |
|m_axi_feature_in_WREADY     |  in |    1|    m_axi   |      feature_in      |    pointer   |
|m_axi_feature_in_WDATA      | out |   32|    m_axi   |      feature_in      |    pointer   |
|m_axi_feature_in_WSTRB      | out |    4|    m_axi   |      feature_in      |    pointer   |
|m_axi_feature_in_WLAST      | out |    1|    m_axi   |      feature_in      |    pointer   |
|m_axi_feature_in_WID        | out |    1|    m_axi   |      feature_in      |    pointer   |
|m_axi_feature_in_WUSER      | out |    1|    m_axi   |      feature_in      |    pointer   |
|m_axi_feature_in_ARVALID    | out |    1|    m_axi   |      feature_in      |    pointer   |
|m_axi_feature_in_ARREADY    |  in |    1|    m_axi   |      feature_in      |    pointer   |
|m_axi_feature_in_ARADDR     | out |   32|    m_axi   |      feature_in      |    pointer   |
|m_axi_feature_in_ARID       | out |    1|    m_axi   |      feature_in      |    pointer   |
|m_axi_feature_in_ARLEN      | out |   32|    m_axi   |      feature_in      |    pointer   |
|m_axi_feature_in_ARSIZE     | out |    3|    m_axi   |      feature_in      |    pointer   |
|m_axi_feature_in_ARBURST    | out |    2|    m_axi   |      feature_in      |    pointer   |
|m_axi_feature_in_ARLOCK     | out |    2|    m_axi   |      feature_in      |    pointer   |
|m_axi_feature_in_ARCACHE    | out |    4|    m_axi   |      feature_in      |    pointer   |
|m_axi_feature_in_ARPROT     | out |    3|    m_axi   |      feature_in      |    pointer   |
|m_axi_feature_in_ARQOS      | out |    4|    m_axi   |      feature_in      |    pointer   |
|m_axi_feature_in_ARREGION   | out |    4|    m_axi   |      feature_in      |    pointer   |
|m_axi_feature_in_ARUSER     | out |    1|    m_axi   |      feature_in      |    pointer   |
|m_axi_feature_in_RVALID     |  in |    1|    m_axi   |      feature_in      |    pointer   |
|m_axi_feature_in_RREADY     | out |    1|    m_axi   |      feature_in      |    pointer   |
|m_axi_feature_in_RDATA      |  in |   32|    m_axi   |      feature_in      |    pointer   |
|m_axi_feature_in_RLAST      |  in |    1|    m_axi   |      feature_in      |    pointer   |
|m_axi_feature_in_RID        |  in |    1|    m_axi   |      feature_in      |    pointer   |
|m_axi_feature_in_RUSER      |  in |    1|    m_axi   |      feature_in      |    pointer   |
|m_axi_feature_in_RRESP      |  in |    2|    m_axi   |      feature_in      |    pointer   |
|m_axi_feature_in_BVALID     |  in |    1|    m_axi   |      feature_in      |    pointer   |
|m_axi_feature_in_BREADY     | out |    1|    m_axi   |      feature_in      |    pointer   |
|m_axi_feature_in_BRESP      |  in |    2|    m_axi   |      feature_in      |    pointer   |
|m_axi_feature_in_BID        |  in |    1|    m_axi   |      feature_in      |    pointer   |
|m_axi_feature_in_BUSER      |  in |    1|    m_axi   |      feature_in      |    pointer   |
|feature_in_offset           |  in |   30|   ap_none  |   feature_in_offset  |    scalar    |
|m_axi_weight_AWVALID        | out |    1|    m_axi   |        weight        |    pointer   |
|m_axi_weight_AWREADY        |  in |    1|    m_axi   |        weight        |    pointer   |
|m_axi_weight_AWADDR         | out |   32|    m_axi   |        weight        |    pointer   |
|m_axi_weight_AWID           | out |    1|    m_axi   |        weight        |    pointer   |
|m_axi_weight_AWLEN          | out |   32|    m_axi   |        weight        |    pointer   |
|m_axi_weight_AWSIZE         | out |    3|    m_axi   |        weight        |    pointer   |
|m_axi_weight_AWBURST        | out |    2|    m_axi   |        weight        |    pointer   |
|m_axi_weight_AWLOCK         | out |    2|    m_axi   |        weight        |    pointer   |
|m_axi_weight_AWCACHE        | out |    4|    m_axi   |        weight        |    pointer   |
|m_axi_weight_AWPROT         | out |    3|    m_axi   |        weight        |    pointer   |
|m_axi_weight_AWQOS          | out |    4|    m_axi   |        weight        |    pointer   |
|m_axi_weight_AWREGION       | out |    4|    m_axi   |        weight        |    pointer   |
|m_axi_weight_AWUSER         | out |    1|    m_axi   |        weight        |    pointer   |
|m_axi_weight_WVALID         | out |    1|    m_axi   |        weight        |    pointer   |
|m_axi_weight_WREADY         |  in |    1|    m_axi   |        weight        |    pointer   |
|m_axi_weight_WDATA          | out |   32|    m_axi   |        weight        |    pointer   |
|m_axi_weight_WSTRB          | out |    4|    m_axi   |        weight        |    pointer   |
|m_axi_weight_WLAST          | out |    1|    m_axi   |        weight        |    pointer   |
|m_axi_weight_WID            | out |    1|    m_axi   |        weight        |    pointer   |
|m_axi_weight_WUSER          | out |    1|    m_axi   |        weight        |    pointer   |
|m_axi_weight_ARVALID        | out |    1|    m_axi   |        weight        |    pointer   |
|m_axi_weight_ARREADY        |  in |    1|    m_axi   |        weight        |    pointer   |
|m_axi_weight_ARADDR         | out |   32|    m_axi   |        weight        |    pointer   |
|m_axi_weight_ARID           | out |    1|    m_axi   |        weight        |    pointer   |
|m_axi_weight_ARLEN          | out |   32|    m_axi   |        weight        |    pointer   |
|m_axi_weight_ARSIZE         | out |    3|    m_axi   |        weight        |    pointer   |
|m_axi_weight_ARBURST        | out |    2|    m_axi   |        weight        |    pointer   |
|m_axi_weight_ARLOCK         | out |    2|    m_axi   |        weight        |    pointer   |
|m_axi_weight_ARCACHE        | out |    4|    m_axi   |        weight        |    pointer   |
|m_axi_weight_ARPROT         | out |    3|    m_axi   |        weight        |    pointer   |
|m_axi_weight_ARQOS          | out |    4|    m_axi   |        weight        |    pointer   |
|m_axi_weight_ARREGION       | out |    4|    m_axi   |        weight        |    pointer   |
|m_axi_weight_ARUSER         | out |    1|    m_axi   |        weight        |    pointer   |
|m_axi_weight_RVALID         |  in |    1|    m_axi   |        weight        |    pointer   |
|m_axi_weight_RREADY         | out |    1|    m_axi   |        weight        |    pointer   |
|m_axi_weight_RDATA          |  in |   32|    m_axi   |        weight        |    pointer   |
|m_axi_weight_RLAST          |  in |    1|    m_axi   |        weight        |    pointer   |
|m_axi_weight_RID            |  in |    1|    m_axi   |        weight        |    pointer   |
|m_axi_weight_RUSER          |  in |    1|    m_axi   |        weight        |    pointer   |
|m_axi_weight_RRESP          |  in |    2|    m_axi   |        weight        |    pointer   |
|m_axi_weight_BVALID         |  in |    1|    m_axi   |        weight        |    pointer   |
|m_axi_weight_BREADY         | out |    1|    m_axi   |        weight        |    pointer   |
|m_axi_weight_BRESP          |  in |    2|    m_axi   |        weight        |    pointer   |
|m_axi_weight_BID            |  in |    1|    m_axi   |        weight        |    pointer   |
|m_axi_weight_BUSER          |  in |    1|    m_axi   |        weight        |    pointer   |
|weight_offset               |  in |   30|   ap_none  |     weight_offset    |    scalar    |
|m_axi_bias_AWVALID          | out |    1|    m_axi   |         bias         |    pointer   |
|m_axi_bias_AWREADY          |  in |    1|    m_axi   |         bias         |    pointer   |
|m_axi_bias_AWADDR           | out |   32|    m_axi   |         bias         |    pointer   |
|m_axi_bias_AWID             | out |    1|    m_axi   |         bias         |    pointer   |
|m_axi_bias_AWLEN            | out |   32|    m_axi   |         bias         |    pointer   |
|m_axi_bias_AWSIZE           | out |    3|    m_axi   |         bias         |    pointer   |
|m_axi_bias_AWBURST          | out |    2|    m_axi   |         bias         |    pointer   |
|m_axi_bias_AWLOCK           | out |    2|    m_axi   |         bias         |    pointer   |
|m_axi_bias_AWCACHE          | out |    4|    m_axi   |         bias         |    pointer   |
|m_axi_bias_AWPROT           | out |    3|    m_axi   |         bias         |    pointer   |
|m_axi_bias_AWQOS            | out |    4|    m_axi   |         bias         |    pointer   |
|m_axi_bias_AWREGION         | out |    4|    m_axi   |         bias         |    pointer   |
|m_axi_bias_AWUSER           | out |    1|    m_axi   |         bias         |    pointer   |
|m_axi_bias_WVALID           | out |    1|    m_axi   |         bias         |    pointer   |
|m_axi_bias_WREADY           |  in |    1|    m_axi   |         bias         |    pointer   |
|m_axi_bias_WDATA            | out |   32|    m_axi   |         bias         |    pointer   |
|m_axi_bias_WSTRB            | out |    4|    m_axi   |         bias         |    pointer   |
|m_axi_bias_WLAST            | out |    1|    m_axi   |         bias         |    pointer   |
|m_axi_bias_WID              | out |    1|    m_axi   |         bias         |    pointer   |
|m_axi_bias_WUSER            | out |    1|    m_axi   |         bias         |    pointer   |
|m_axi_bias_ARVALID          | out |    1|    m_axi   |         bias         |    pointer   |
|m_axi_bias_ARREADY          |  in |    1|    m_axi   |         bias         |    pointer   |
|m_axi_bias_ARADDR           | out |   32|    m_axi   |         bias         |    pointer   |
|m_axi_bias_ARID             | out |    1|    m_axi   |         bias         |    pointer   |
|m_axi_bias_ARLEN            | out |   32|    m_axi   |         bias         |    pointer   |
|m_axi_bias_ARSIZE           | out |    3|    m_axi   |         bias         |    pointer   |
|m_axi_bias_ARBURST          | out |    2|    m_axi   |         bias         |    pointer   |
|m_axi_bias_ARLOCK           | out |    2|    m_axi   |         bias         |    pointer   |
|m_axi_bias_ARCACHE          | out |    4|    m_axi   |         bias         |    pointer   |
|m_axi_bias_ARPROT           | out |    3|    m_axi   |         bias         |    pointer   |
|m_axi_bias_ARQOS            | out |    4|    m_axi   |         bias         |    pointer   |
|m_axi_bias_ARREGION         | out |    4|    m_axi   |         bias         |    pointer   |
|m_axi_bias_ARUSER           | out |    1|    m_axi   |         bias         |    pointer   |
|m_axi_bias_RVALID           |  in |    1|    m_axi   |         bias         |    pointer   |
|m_axi_bias_RREADY           | out |    1|    m_axi   |         bias         |    pointer   |
|m_axi_bias_RDATA            |  in |   32|    m_axi   |         bias         |    pointer   |
|m_axi_bias_RLAST            |  in |    1|    m_axi   |         bias         |    pointer   |
|m_axi_bias_RID              |  in |    1|    m_axi   |         bias         |    pointer   |
|m_axi_bias_RUSER            |  in |    1|    m_axi   |         bias         |    pointer   |
|m_axi_bias_RRESP            |  in |    2|    m_axi   |         bias         |    pointer   |
|m_axi_bias_BVALID           |  in |    1|    m_axi   |         bias         |    pointer   |
|m_axi_bias_BREADY           | out |    1|    m_axi   |         bias         |    pointer   |
|m_axi_bias_BRESP            |  in |    2|    m_axi   |         bias         |    pointer   |
|m_axi_bias_BID              |  in |    1|    m_axi   |         bias         |    pointer   |
|m_axi_bias_BUSER            |  in |    1|    m_axi   |         bias         |    pointer   |
|bias_offset                 |  in |   30|   ap_none  |      bias_offset     |    scalar    |
|m_axi_feature_out_AWVALID   | out |    1|    m_axi   |      feature_out     |    pointer   |
|m_axi_feature_out_AWREADY   |  in |    1|    m_axi   |      feature_out     |    pointer   |
|m_axi_feature_out_AWADDR    | out |   32|    m_axi   |      feature_out     |    pointer   |
|m_axi_feature_out_AWID      | out |    1|    m_axi   |      feature_out     |    pointer   |
|m_axi_feature_out_AWLEN     | out |   32|    m_axi   |      feature_out     |    pointer   |
|m_axi_feature_out_AWSIZE    | out |    3|    m_axi   |      feature_out     |    pointer   |
|m_axi_feature_out_AWBURST   | out |    2|    m_axi   |      feature_out     |    pointer   |
|m_axi_feature_out_AWLOCK    | out |    2|    m_axi   |      feature_out     |    pointer   |
|m_axi_feature_out_AWCACHE   | out |    4|    m_axi   |      feature_out     |    pointer   |
|m_axi_feature_out_AWPROT    | out |    3|    m_axi   |      feature_out     |    pointer   |
|m_axi_feature_out_AWQOS     | out |    4|    m_axi   |      feature_out     |    pointer   |
|m_axi_feature_out_AWREGION  | out |    4|    m_axi   |      feature_out     |    pointer   |
|m_axi_feature_out_AWUSER    | out |    1|    m_axi   |      feature_out     |    pointer   |
|m_axi_feature_out_WVALID    | out |    1|    m_axi   |      feature_out     |    pointer   |
|m_axi_feature_out_WREADY    |  in |    1|    m_axi   |      feature_out     |    pointer   |
|m_axi_feature_out_WDATA     | out |   32|    m_axi   |      feature_out     |    pointer   |
|m_axi_feature_out_WSTRB     | out |    4|    m_axi   |      feature_out     |    pointer   |
|m_axi_feature_out_WLAST     | out |    1|    m_axi   |      feature_out     |    pointer   |
|m_axi_feature_out_WID       | out |    1|    m_axi   |      feature_out     |    pointer   |
|m_axi_feature_out_WUSER     | out |    1|    m_axi   |      feature_out     |    pointer   |
|m_axi_feature_out_ARVALID   | out |    1|    m_axi   |      feature_out     |    pointer   |
|m_axi_feature_out_ARREADY   |  in |    1|    m_axi   |      feature_out     |    pointer   |
|m_axi_feature_out_ARADDR    | out |   32|    m_axi   |      feature_out     |    pointer   |
|m_axi_feature_out_ARID      | out |    1|    m_axi   |      feature_out     |    pointer   |
|m_axi_feature_out_ARLEN     | out |   32|    m_axi   |      feature_out     |    pointer   |
|m_axi_feature_out_ARSIZE    | out |    3|    m_axi   |      feature_out     |    pointer   |
|m_axi_feature_out_ARBURST   | out |    2|    m_axi   |      feature_out     |    pointer   |
|m_axi_feature_out_ARLOCK    | out |    2|    m_axi   |      feature_out     |    pointer   |
|m_axi_feature_out_ARCACHE   | out |    4|    m_axi   |      feature_out     |    pointer   |
|m_axi_feature_out_ARPROT    | out |    3|    m_axi   |      feature_out     |    pointer   |
|m_axi_feature_out_ARQOS     | out |    4|    m_axi   |      feature_out     |    pointer   |
|m_axi_feature_out_ARREGION  | out |    4|    m_axi   |      feature_out     |    pointer   |
|m_axi_feature_out_ARUSER    | out |    1|    m_axi   |      feature_out     |    pointer   |
|m_axi_feature_out_RVALID    |  in |    1|    m_axi   |      feature_out     |    pointer   |
|m_axi_feature_out_RREADY    | out |    1|    m_axi   |      feature_out     |    pointer   |
|m_axi_feature_out_RDATA     |  in |   32|    m_axi   |      feature_out     |    pointer   |
|m_axi_feature_out_RLAST     |  in |    1|    m_axi   |      feature_out     |    pointer   |
|m_axi_feature_out_RID       |  in |    1|    m_axi   |      feature_out     |    pointer   |
|m_axi_feature_out_RUSER     |  in |    1|    m_axi   |      feature_out     |    pointer   |
|m_axi_feature_out_RRESP     |  in |    2|    m_axi   |      feature_out     |    pointer   |
|m_axi_feature_out_BVALID    |  in |    1|    m_axi   |      feature_out     |    pointer   |
|m_axi_feature_out_BREADY    | out |    1|    m_axi   |      feature_out     |    pointer   |
|m_axi_feature_out_BRESP     |  in |    2|    m_axi   |      feature_out     |    pointer   |
|m_axi_feature_out_BID       |  in |    1|    m_axi   |      feature_out     |    pointer   |
|m_axi_feature_out_BUSER     |  in |    1|    m_axi   |      feature_out     |    pointer   |
|feature_out_offset          |  in |   30|   ap_none  |  feature_out_offset  |    scalar    |
+----------------------------+-----+-----+------------+----------------------+--------------+

