Copyright 1986-2022 Xilinx, Inc. All Rights Reserved.
---------------------------------------------------------------------------------------------------------------------------------------------------
| Tool Version : Vivado v.2022.2 (win64) Build 3671981 Fri Oct 14 05:00:03 MDT 2022
| Date         : Sat Sep 12 23:12:09 2026
| Host         : Benedicta running 64-bit major release  (build 9200)
| Command      : report_drc -file lenet_system_wrapper_drc_opted.rpt -pb lenet_system_wrapper_drc_opted.pb -rpx lenet_system_wrapper_drc_opted.rpx
| Design       : lenet_system_wrapper
| Device       : xc7z020clg400-1
| Speed File   : -1
| Design State : Synthesized
---------------------------------------------------------------------------------------------------------------------------------------------------

Report DRC

Table of Contents
-----------------
1. REPORT SUMMARY
2. REPORT DETAILS

1. REPORT SUMMARY
-----------------
            Netlist: netlist
          Floorplan: design_1
      Design limits: <entire design considered>
           Ruledeck: default
             Max violations: <unlimited>
             Violations found: 62
+--------+----------+------------------------+------------+
| Rule   | Severity | Description            | Violations |
+--------+----------+------------------------+------------+
| DPIP-1 | Warning  | Input pipelining       | 8          |
| DPOP-1 | Warning  | PREG Output pipelining | 18         |
| DPOP-2 | Warning  | MREG Output pipelining | 36         |
+--------+----------+------------------------+------------+

2. REPORT DETAILS
-----------------
DPIP-1#1 Warning
Input pipelining  
DSP lenet_system_i/lenet_w8a8_top_0/inst/grp_lenet_w8a8_top_Pipeline_DENSE_OUTPUT_DENSE_INPUT_fu_387/mac_muladd_8s_8s_22s_22_4_1_U68/lenet_w8a8_top_mac_muladd_8s_8s_22s_22_4_1_DSP48_4_U/p_reg_reg input lenet_system_i/lenet_w8a8_top_0/inst/grp_lenet_w8a8_top_Pipeline_DENSE_OUTPUT_DENSE_INPUT_fu_387/mac_muladd_8s_8s_22s_22_4_1_U68/lenet_w8a8_top_mac_muladd_8s_8s_22s_22_4_1_DSP48_4_U/p_reg_reg/C[47:0] is not pipelined. Pipelining DSP48 input will improve performance.
Related violations: <none>

DPIP-1#2 Warning
Input pipelining  
DSP lenet_system_i/lenet_w8a8_top_0/inst/mul_32ns_33ns_64_2_1_U84/dout_reg input lenet_system_i/lenet_w8a8_top_0/inst/mul_32ns_33ns_64_2_1_U84/dout_reg/A[29:0] is not pipelined. Pipelining DSP48 input will improve performance.
Related violations: <none>

DPIP-1#3 Warning
Input pipelining  
DSP lenet_system_i/lenet_w8a8_top_0/inst/mul_32ns_33ns_64_2_1_U84/dout_reg input lenet_system_i/lenet_w8a8_top_0/inst/mul_32ns_33ns_64_2_1_U84/dout_reg/B[17:0] is not pipelined. Pipelining DSP48 input will improve performance.
Related violations: <none>

DPIP-1#4 Warning
Input pipelining  
DSP lenet_system_i/lenet_w8a8_top_0/inst/mul_32ns_33ns_64_2_1_U84/dout_reg__0 input lenet_system_i/lenet_w8a8_top_0/inst/mul_32ns_33ns_64_2_1_U84/dout_reg__0/B[17:0] is not pipelined. Pipelining DSP48 input will improve performance.
Related violations: <none>

DPIP-1#5 Warning
Input pipelining  
DSP lenet_system_i/lenet_w8a8_top_0/inst/mul_32ns_33ns_64_2_1_U84/tmp_product input lenet_system_i/lenet_w8a8_top_0/inst/mul_32ns_33ns_64_2_1_U84/tmp_product/A[29:0] is not pipelined. Pipelining DSP48 input will improve performance.
Related violations: <none>

DPIP-1#6 Warning
Input pipelining  
DSP lenet_system_i/lenet_w8a8_top_0/inst/mul_32ns_33ns_64_2_1_U84/tmp_product input lenet_system_i/lenet_w8a8_top_0/inst/mul_32ns_33ns_64_2_1_U84/tmp_product/B[17:0] is not pipelined. Pipelining DSP48 input will improve performance.
Related violations: <none>

DPIP-1#7 Warning
Input pipelining  
DSP lenet_system_i/lenet_w8a8_top_0/inst/mul_32ns_33ns_64_2_1_U84/tmp_product__0 input lenet_system_i/lenet_w8a8_top_0/inst/mul_32ns_33ns_64_2_1_U84/tmp_product__0/A[29:0] is not pipelined. Pipelining DSP48 input will improve performance.
Related violations: <none>

DPIP-1#8 Warning
Input pipelining  
DSP lenet_system_i/lenet_w8a8_top_0/inst/mul_32ns_33ns_64_2_1_U84/tmp_product__0 input lenet_system_i/lenet_w8a8_top_0/inst/mul_32ns_33ns_64_2_1_U84/tmp_product__0/B[17:0] is not pipelined. Pipelining DSP48 input will improve performance.
Related violations: <none>

DPOP-1#1 Warning
PREG Output pipelining  
DSP lenet_system_i/lenet_w8a8_top_0/inst/grp_lenet_w8a8_top_Pipeline_POOL_CHANNEL_POOL_ROW_POOL_COL1_fu_354/mul_32ns_33ns_64_2_1_U53/tmp_product output lenet_system_i/lenet_w8a8_top_0/inst/grp_lenet_w8a8_top_Pipeline_POOL_CHANNEL_POOL_ROW_POOL_COL1_fu_354/mul_32ns_33ns_64_2_1_U53/tmp_product/P[47:0] is not pipelined (PREG=0). Pipelining the DSP48 output will improve performance and often saves power so it is suggested whenever possible to fully pipeline this function.  If this DSP48 function was inferred, it is suggested to describe an additional register stage after this function.  If the DSP48 was instantiated in the design, it is suggested to set the PREG attribute to 1.
Related violations: <none>

DPOP-1#2 Warning
PREG Output pipelining  
DSP lenet_system_i/lenet_w8a8_top_0/inst/grp_lenet_w8a8_top_Pipeline_POOL_CHANNEL_POOL_ROW_POOL_COL1_fu_354/mul_32ns_33ns_64_2_1_U53/tmp_product__0 output lenet_system_i/lenet_w8a8_top_0/inst/grp_lenet_w8a8_top_Pipeline_POOL_CHANNEL_POOL_ROW_POOL_COL1_fu_354/mul_32ns_33ns_64_2_1_U53/tmp_product__0/P[47:0] is not pipelined (PREG=0). Pipelining the DSP48 output will improve performance and often saves power so it is suggested whenever possible to fully pipeline this function.  If this DSP48 function was inferred, it is suggested to describe an additional register stage after this function.  If the DSP48 was instantiated in the design, it is suggested to set the PREG attribute to 1.
Related violations: <none>

DPOP-1#3 Warning
PREG Output pipelining  
DSP lenet_system_i/lenet_w8a8_top_0/inst/grp_lenet_w8a8_top_Pipeline_POOL_CHANNEL_POOL_ROW_POOL_COL1_fu_354/mul_32ns_33ns_64_2_1_U54/tmp_product output lenet_system_i/lenet_w8a8_top_0/inst/grp_lenet_w8a8_top_Pipeline_POOL_CHANNEL_POOL_ROW_POOL_COL1_fu_354/mul_32ns_33ns_64_2_1_U54/tmp_product/P[47:0] is not pipelined (PREG=0). Pipelining the DSP48 output will improve performance and often saves power so it is suggested whenever possible to fully pipeline this function.  If this DSP48 function was inferred, it is suggested to describe an additional register stage after this function.  If the DSP48 was instantiated in the design, it is suggested to set the PREG attribute to 1.
Related violations: <none>

DPOP-1#4 Warning
PREG Output pipelining  
DSP lenet_system_i/lenet_w8a8_top_0/inst/grp_lenet_w8a8_top_Pipeline_POOL_CHANNEL_POOL_ROW_POOL_COL1_fu_354/mul_32ns_33ns_64_2_1_U54/tmp_product__0 output lenet_system_i/lenet_w8a8_top_0/inst/grp_lenet_w8a8_top_Pipeline_POOL_CHANNEL_POOL_ROW_POOL_COL1_fu_354/mul_32ns_33ns_64_2_1_U54/tmp_product__0/P[47:0] is not pipelined (PREG=0). Pipelining the DSP48 output will improve performance and often saves power so it is suggested whenever possible to fully pipeline this function.  If this DSP48 function was inferred, it is suggested to describe an additional register stage after this function.  If the DSP48 was instantiated in the design, it is suggested to set the PREG attribute to 1.
Related violations: <none>

DPOP-1#5 Warning
PREG Output pipelining  
DSP lenet_system_i/lenet_w8a8_top_0/inst/grp_lenet_w8a8_top_Pipeline_POOL_CHANNEL_POOL_ROW_POOL_COL1_fu_354/mul_32ns_33ns_64_2_1_U55/tmp_product output lenet_system_i/lenet_w8a8_top_0/inst/grp_lenet_w8a8_top_Pipeline_POOL_CHANNEL_POOL_ROW_POOL_COL1_fu_354/mul_32ns_33ns_64_2_1_U55/tmp_product/P[47:0] is not pipelined (PREG=0). Pipelining the DSP48 output will improve performance and often saves power so it is suggested whenever possible to fully pipeline this function.  If this DSP48 function was inferred, it is suggested to describe an additional register stage after this function.  If the DSP48 was instantiated in the design, it is suggested to set the PREG attribute to 1.
Related violations: <none>

DPOP-1#6 Warning
PREG Output pipelining  
DSP lenet_system_i/lenet_w8a8_top_0/inst/grp_lenet_w8a8_top_Pipeline_POOL_CHANNEL_POOL_ROW_POOL_COL1_fu_354/mul_32ns_33ns_64_2_1_U55/tmp_product__0 output lenet_system_i/lenet_w8a8_top_0/inst/grp_lenet_w8a8_top_Pipeline_POOL_CHANNEL_POOL_ROW_POOL_COL1_fu_354/mul_32ns_33ns_64_2_1_U55/tmp_product__0/P[47:0] is not pipelined (PREG=0). Pipelining the DSP48 output will improve performance and often saves power so it is suggested whenever possible to fully pipeline this function.  If this DSP48 function was inferred, it is suggested to describe an additional register stage after this function.  If the DSP48 was instantiated in the design, it is suggested to set the PREG attribute to 1.
Related violations: <none>

DPOP-1#7 Warning
PREG Output pipelining  
DSP lenet_system_i/lenet_w8a8_top_0/inst/grp_lenet_w8a8_top_Pipeline_POOL_CHANNEL_POOL_ROW_POOL_COL_fu_348/mul_32ns_32ns_63_2_1_U36/tmp_product output lenet_system_i/lenet_w8a8_top_0/inst/grp_lenet_w8a8_top_Pipeline_POOL_CHANNEL_POOL_ROW_POOL_COL_fu_348/mul_32ns_32ns_63_2_1_U36/tmp_product/P[47:0] is not pipelined (PREG=0). Pipelining the DSP48 output will improve performance and often saves power so it is suggested whenever possible to fully pipeline this function.  If this DSP48 function was inferred, it is suggested to describe an additional register stage after this function.  If the DSP48 was instantiated in the design, it is suggested to set the PREG attribute to 1.
Related violations: <none>

DPOP-1#8 Warning
PREG Output pipelining  
DSP lenet_system_i/lenet_w8a8_top_0/inst/grp_lenet_w8a8_top_Pipeline_POOL_CHANNEL_POOL_ROW_POOL_COL_fu_348/mul_32ns_32ns_63_2_1_U36/tmp_product__0 output lenet_system_i/lenet_w8a8_top_0/inst/grp_lenet_w8a8_top_Pipeline_POOL_CHANNEL_POOL_ROW_POOL_COL_fu_348/mul_32ns_32ns_63_2_1_U36/tmp_product__0/P[47:0] is not pipelined (PREG=0). Pipelining the DSP48 output will improve performance and often saves power so it is suggested whenever possible to fully pipeline this function.  If this DSP48 function was inferred, it is suggested to describe an additional register stage after this function.  If the DSP48 was instantiated in the design, it is suggested to set the PREG attribute to 1.
Related violations: <none>

DPOP-1#9 Warning
PREG Output pipelining  
DSP lenet_system_i/lenet_w8a8_top_0/inst/grp_lenet_w8a8_top_Pipeline_POOL_CHANNEL_POOL_ROW_POOL_COL_fu_348/mul_32ns_32ns_63_2_1_U37/tmp_product output lenet_system_i/lenet_w8a8_top_0/inst/grp_lenet_w8a8_top_Pipeline_POOL_CHANNEL_POOL_ROW_POOL_COL_fu_348/mul_32ns_32ns_63_2_1_U37/tmp_product/P[47:0] is not pipelined (PREG=0). Pipelining the DSP48 output will improve performance and often saves power so it is suggested whenever possible to fully pipeline this function.  If this DSP48 function was inferred, it is suggested to describe an additional register stage after this function.  If the DSP48 was instantiated in the design, it is suggested to set the PREG attribute to 1.
Related violations: <none>

DPOP-1#10 Warning
PREG Output pipelining  
DSP lenet_system_i/lenet_w8a8_top_0/inst/grp_lenet_w8a8_top_Pipeline_POOL_CHANNEL_POOL_ROW_POOL_COL_fu_348/mul_32ns_32ns_63_2_1_U37/tmp_product__0 output lenet_system_i/lenet_w8a8_top_0/inst/grp_lenet_w8a8_top_Pipeline_POOL_CHANNEL_POOL_ROW_POOL_COL_fu_348/mul_32ns_32ns_63_2_1_U37/tmp_product__0/P[47:0] is not pipelined (PREG=0). Pipelining the DSP48 output will improve performance and often saves power so it is suggested whenever possible to fully pipeline this function.  If this DSP48 function was inferred, it is suggested to describe an additional register stage after this function.  If the DSP48 was instantiated in the design, it is suggested to set the PREG attribute to 1.
Related violations: <none>

DPOP-1#11 Warning
PREG Output pipelining  
DSP lenet_system_i/lenet_w8a8_top_0/inst/grp_lenet_w8a8_top_Pipeline_POOL_CHANNEL_POOL_ROW_POOL_COL_fu_348/mul_32ns_32ns_63_2_1_U38/tmp_product output lenet_system_i/lenet_w8a8_top_0/inst/grp_lenet_w8a8_top_Pipeline_POOL_CHANNEL_POOL_ROW_POOL_COL_fu_348/mul_32ns_32ns_63_2_1_U38/tmp_product/P[47:0] is not pipelined (PREG=0). Pipelining the DSP48 output will improve performance and often saves power so it is suggested whenever possible to fully pipeline this function.  If this DSP48 function was inferred, it is suggested to describe an additional register stage after this function.  If the DSP48 was instantiated in the design, it is suggested to set the PREG attribute to 1.
Related violations: <none>

DPOP-1#12 Warning
PREG Output pipelining  
DSP lenet_system_i/lenet_w8a8_top_0/inst/grp_lenet_w8a8_top_Pipeline_POOL_CHANNEL_POOL_ROW_POOL_COL_fu_348/mul_32ns_32ns_63_2_1_U38/tmp_product__0 output lenet_system_i/lenet_w8a8_top_0/inst/grp_lenet_w8a8_top_Pipeline_POOL_CHANNEL_POOL_ROW_POOL_COL_fu_348/mul_32ns_32ns_63_2_1_U38/tmp_product__0/P[47:0] is not pipelined (PREG=0). Pipelining the DSP48 output will improve performance and often saves power so it is suggested whenever possible to fully pipeline this function.  If this DSP48 function was inferred, it is suggested to describe an additional register stage after this function.  If the DSP48 was instantiated in the design, it is suggested to set the PREG attribute to 1.
Related violations: <none>

DPOP-1#13 Warning
PREG Output pipelining  
DSP lenet_system_i/lenet_w8a8_top_0/inst/grp_lenet_w8a8_top_Pipeline_POOL_CHANNEL_POOL_ROW_POOL_COL_fu_348/mul_32ns_32ns_63_2_1_U39/tmp_product output lenet_system_i/lenet_w8a8_top_0/inst/grp_lenet_w8a8_top_Pipeline_POOL_CHANNEL_POOL_ROW_POOL_COL_fu_348/mul_32ns_32ns_63_2_1_U39/tmp_product/P[47:0] is not pipelined (PREG=0). Pipelining the DSP48 output will improve performance and often saves power so it is suggested whenever possible to fully pipeline this function.  If this DSP48 function was inferred, it is suggested to describe an additional register stage after this function.  If the DSP48 was instantiated in the design, it is suggested to set the PREG attribute to 1.
Related violations: <none>

DPOP-1#14 Warning
PREG Output pipelining  
DSP lenet_system_i/lenet_w8a8_top_0/inst/grp_lenet_w8a8_top_Pipeline_POOL_CHANNEL_POOL_ROW_POOL_COL_fu_348/mul_32ns_32ns_63_2_1_U39/tmp_product__0 output lenet_system_i/lenet_w8a8_top_0/inst/grp_lenet_w8a8_top_Pipeline_POOL_CHANNEL_POOL_ROW_POOL_COL_fu_348/mul_32ns_32ns_63_2_1_U39/tmp_product__0/P[47:0] is not pipelined (PREG=0). Pipelining the DSP48 output will improve performance and often saves power so it is suggested whenever possible to fully pipeline this function.  If this DSP48 function was inferred, it is suggested to describe an additional register stage after this function.  If the DSP48 was instantiated in the design, it is suggested to set the PREG attribute to 1.
Related violations: <none>

DPOP-1#15 Warning
PREG Output pipelining  
DSP lenet_system_i/lenet_w8a8_top_0/inst/grp_lenet_w8a8_top_Pipeline_REQUANT_VECTOR3_fu_396/mul_32ns_34ns_64_2_1_U74/tmp_product output lenet_system_i/lenet_w8a8_top_0/inst/grp_lenet_w8a8_top_Pipeline_REQUANT_VECTOR3_fu_396/mul_32ns_34ns_64_2_1_U74/tmp_product/P[47:0] is not pipelined (PREG=0). Pipelining the DSP48 output will improve performance and often saves power so it is suggested whenever possible to fully pipeline this function.  If this DSP48 function was inferred, it is suggested to describe an additional register stage after this function.  If the DSP48 was instantiated in the design, it is suggested to set the PREG attribute to 1.
Related violations: <none>

DPOP-1#16 Warning
PREG Output pipelining  
DSP lenet_system_i/lenet_w8a8_top_0/inst/grp_lenet_w8a8_top_Pipeline_REQUANT_VECTOR3_fu_396/mul_32ns_34ns_64_2_1_U74/tmp_product__0 output lenet_system_i/lenet_w8a8_top_0/inst/grp_lenet_w8a8_top_Pipeline_REQUANT_VECTOR3_fu_396/mul_32ns_34ns_64_2_1_U74/tmp_product__0/P[47:0] is not pipelined (PREG=0). Pipelining the DSP48 output will improve performance and often saves power so it is suggested whenever possible to fully pipeline this function.  If this DSP48 function was inferred, it is suggested to describe an additional register stage after this function.  If the DSP48 was instantiated in the design, it is suggested to set the PREG attribute to 1.
Related violations: <none>

DPOP-1#17 Warning
PREG Output pipelining  
DSP lenet_system_i/lenet_w8a8_top_0/inst/mul_32ns_33ns_64_2_1_U84/tmp_product output lenet_system_i/lenet_w8a8_top_0/inst/mul_32ns_33ns_64_2_1_U84/tmp_product/P[47:0] is not pipelined (PREG=0). Pipelining the DSP48 output will improve performance and often saves power so it is suggested whenever possible to fully pipeline this function.  If this DSP48 function was inferred, it is suggested to describe an additional register stage after this function.  If the DSP48 was instantiated in the design, it is suggested to set the PREG attribute to 1.
Related violations: <none>

DPOP-1#18 Warning
PREG Output pipelining  
DSP lenet_system_i/lenet_w8a8_top_0/inst/mul_32ns_33ns_64_2_1_U84/tmp_product__0 output lenet_system_i/lenet_w8a8_top_0/inst/mul_32ns_33ns_64_2_1_U84/tmp_product__0/P[47:0] is not pipelined (PREG=0). Pipelining the DSP48 output will improve performance and often saves power so it is suggested whenever possible to fully pipeline this function.  If this DSP48 function was inferred, it is suggested to describe an additional register stage after this function.  If the DSP48 was instantiated in the design, it is suggested to set the PREG attribute to 1.
Related violations: <none>

DPOP-2#1 Warning
MREG Output pipelining  
DSP lenet_system_i/lenet_w8a8_top_0/inst/grp_lenet_w8a8_top_Pipeline_POOL_CHANNEL_POOL_ROW_POOL_COL1_fu_354/mul_32ns_33ns_64_2_1_U53/dout_reg multiplier stage lenet_system_i/lenet_w8a8_top_0/inst/grp_lenet_w8a8_top_Pipeline_POOL_CHANNEL_POOL_ROW_POOL_COL1_fu_354/mul_32ns_33ns_64_2_1_U53/dout_reg/P[47:0] is not pipelined (MREG=0). Pipelining the multiplier function will improve performance and will save significant power so it is suggested whenever possible to fully pipeline this function.  If this multiplier was inferred, it is suggested to describe an additional register stage after this function.  If there is no registered adder/accumulator following the multiply function, two pipeline stages are suggested to allow both the MREG and PREG registers to be used.  If the DSP48 was instantiated in the design, it is suggested to set both the MREG and PREG attributes to 1 when performing multiply functions.
Related violations: <none>

DPOP-2#2 Warning
MREG Output pipelining  
DSP lenet_system_i/lenet_w8a8_top_0/inst/grp_lenet_w8a8_top_Pipeline_POOL_CHANNEL_POOL_ROW_POOL_COL1_fu_354/mul_32ns_33ns_64_2_1_U53/dout_reg__0 multiplier stage lenet_system_i/lenet_w8a8_top_0/inst/grp_lenet_w8a8_top_Pipeline_POOL_CHANNEL_POOL_ROW_POOL_COL1_fu_354/mul_32ns_33ns_64_2_1_U53/dout_reg__0/P[47:0] is not pipelined (MREG=0). Pipelining the multiplier function will improve performance and will save significant power so it is suggested whenever possible to fully pipeline this function.  If this multiplier was inferred, it is suggested to describe an additional register stage after this function.  If there is no registered adder/accumulator following the multiply function, two pipeline stages are suggested to allow both the MREG and PREG registers to be used.  If the DSP48 was instantiated in the design, it is suggested to set both the MREG and PREG attributes to 1 when performing multiply functions.
Related violations: <none>

DPOP-2#3 Warning
MREG Output pipelining  
DSP lenet_system_i/lenet_w8a8_top_0/inst/grp_lenet_w8a8_top_Pipeline_POOL_CHANNEL_POOL_ROW_POOL_COL1_fu_354/mul_32ns_33ns_64_2_1_U53/tmp_product multiplier stage lenet_system_i/lenet_w8a8_top_0/inst/grp_lenet_w8a8_top_Pipeline_POOL_CHANNEL_POOL_ROW_POOL_COL1_fu_354/mul_32ns_33ns_64_2_1_U53/tmp_product/P[47:0] is not pipelined (MREG=0). Pipelining the multiplier function will improve performance and will save significant power so it is suggested whenever possible to fully pipeline this function.  If this multiplier was inferred, it is suggested to describe an additional register stage after this function.  If there is no registered adder/accumulator following the multiply function, two pipeline stages are suggested to allow both the MREG and PREG registers to be used.  If the DSP48 was instantiated in the design, it is suggested to set both the MREG and PREG attributes to 1 when performing multiply functions.
Related violations: <none>

DPOP-2#4 Warning
MREG Output pipelining  
DSP lenet_system_i/lenet_w8a8_top_0/inst/grp_lenet_w8a8_top_Pipeline_POOL_CHANNEL_POOL_ROW_POOL_COL1_fu_354/mul_32ns_33ns_64_2_1_U53/tmp_product__0 multiplier stage lenet_system_i/lenet_w8a8_top_0/inst/grp_lenet_w8a8_top_Pipeline_POOL_CHANNEL_POOL_ROW_POOL_COL1_fu_354/mul_32ns_33ns_64_2_1_U53/tmp_product__0/P[47:0] is not pipelined (MREG=0). Pipelining the multiplier function will improve performance and will save significant power so it is suggested whenever possible to fully pipeline this function.  If this multiplier was inferred, it is suggested to describe an additional register stage after this function.  If there is no registered adder/accumulator following the multiply function, two pipeline stages are suggested to allow both the MREG and PREG registers to be used.  If the DSP48 was instantiated in the design, it is suggested to set both the MREG and PREG attributes to 1 when performing multiply functions.
Related violations: <none>

DPOP-2#5 Warning
MREG Output pipelining  
DSP lenet_system_i/lenet_w8a8_top_0/inst/grp_lenet_w8a8_top_Pipeline_POOL_CHANNEL_POOL_ROW_POOL_COL1_fu_354/mul_32ns_33ns_64_2_1_U54/dout_reg multiplier stage lenet_system_i/lenet_w8a8_top_0/inst/grp_lenet_w8a8_top_Pipeline_POOL_CHANNEL_POOL_ROW_POOL_COL1_fu_354/mul_32ns_33ns_64_2_1_U54/dout_reg/P[47:0] is not pipelined (MREG=0). Pipelining the multiplier function will improve performance and will save significant power so it is suggested whenever possible to fully pipeline this function.  If this multiplier was inferred, it is suggested to describe an additional register stage after this function.  If there is no registered adder/accumulator following the multiply function, two pipeline stages are suggested to allow both the MREG and PREG registers to be used.  If the DSP48 was instantiated in the design, it is suggested to set both the MREG and PREG attributes to 1 when performing multiply functions.
Related violations: <none>

DPOP-2#6 Warning
MREG Output pipelining  
DSP lenet_system_i/lenet_w8a8_top_0/inst/grp_lenet_w8a8_top_Pipeline_POOL_CHANNEL_POOL_ROW_POOL_COL1_fu_354/mul_32ns_33ns_64_2_1_U54/dout_reg__0 multiplier stage lenet_system_i/lenet_w8a8_top_0/inst/grp_lenet_w8a8_top_Pipeline_POOL_CHANNEL_POOL_ROW_POOL_COL1_fu_354/mul_32ns_33ns_64_2_1_U54/dout_reg__0/P[47:0] is not pipelined (MREG=0). Pipelining the multiplier function will improve performance and will save significant power so it is suggested whenever possible to fully pipeline this function.  If this multiplier was inferred, it is suggested to describe an additional register stage after this function.  If there is no registered adder/accumulator following the multiply function, two pipeline stages are suggested to allow both the MREG and PREG registers to be used.  If the DSP48 was instantiated in the design, it is suggested to set both the MREG and PREG attributes to 1 when performing multiply functions.
Related violations: <none>

DPOP-2#7 Warning
MREG Output pipelining  
DSP lenet_system_i/lenet_w8a8_top_0/inst/grp_lenet_w8a8_top_Pipeline_POOL_CHANNEL_POOL_ROW_POOL_COL1_fu_354/mul_32ns_33ns_64_2_1_U54/tmp_product multiplier stage lenet_system_i/lenet_w8a8_top_0/inst/grp_lenet_w8a8_top_Pipeline_POOL_CHANNEL_POOL_ROW_POOL_COL1_fu_354/mul_32ns_33ns_64_2_1_U54/tmp_product/P[47:0] is not pipelined (MREG=0). Pipelining the multiplier function will improve performance and will save significant power so it is suggested whenever possible to fully pipeline this function.  If this multiplier was inferred, it is suggested to describe an additional register stage after this function.  If there is no registered adder/accumulator following the multiply function, two pipeline stages are suggested to allow both the MREG and PREG registers to be used.  If the DSP48 was instantiated in the design, it is suggested to set both the MREG and PREG attributes to 1 when performing multiply functions.
Related violations: <none>

DPOP-2#8 Warning
MREG Output pipelining  
DSP lenet_system_i/lenet_w8a8_top_0/inst/grp_lenet_w8a8_top_Pipeline_POOL_CHANNEL_POOL_ROW_POOL_COL1_fu_354/mul_32ns_33ns_64_2_1_U54/tmp_product__0 multiplier stage lenet_system_i/lenet_w8a8_top_0/inst/grp_lenet_w8a8_top_Pipeline_POOL_CHANNEL_POOL_ROW_POOL_COL1_fu_354/mul_32ns_33ns_64_2_1_U54/tmp_product__0/P[47:0] is not pipelined (MREG=0). Pipelining the multiplier function will improve performance and will save significant power so it is suggested whenever possible to fully pipeline this function.  If this multiplier was inferred, it is suggested to describe an additional register stage after this function.  If there is no registered adder/accumulator following the multiply function, two pipeline stages are suggested to allow both the MREG and PREG registers to be used.  If the DSP48 was instantiated in the design, it is suggested to set both the MREG and PREG attributes to 1 when performing multiply functions.
Related violations: <none>

DPOP-2#9 Warning
MREG Output pipelining  
DSP lenet_system_i/lenet_w8a8_top_0/inst/grp_lenet_w8a8_top_Pipeline_POOL_CHANNEL_POOL_ROW_POOL_COL1_fu_354/mul_32ns_33ns_64_2_1_U55/dout_reg multiplier stage lenet_system_i/lenet_w8a8_top_0/inst/grp_lenet_w8a8_top_Pipeline_POOL_CHANNEL_POOL_ROW_POOL_COL1_fu_354/mul_32ns_33ns_64_2_1_U55/dout_reg/P[47:0] is not pipelined (MREG=0). Pipelining the multiplier function will improve performance and will save significant power so it is suggested whenever possible to fully pipeline this function.  If this multiplier was inferred, it is suggested to describe an additional register stage after this function.  If there is no registered adder/accumulator following the multiply function, two pipeline stages are suggested to allow both the MREG and PREG registers to be used.  If the DSP48 was instantiated in the design, it is suggested to set both the MREG and PREG attributes to 1 when performing multiply functions.
Related violations: <none>

DPOP-2#10 Warning
MREG Output pipelining  
DSP lenet_system_i/lenet_w8a8_top_0/inst/grp_lenet_w8a8_top_Pipeline_POOL_CHANNEL_POOL_ROW_POOL_COL1_fu_354/mul_32ns_33ns_64_2_1_U55/dout_reg__0 multiplier stage lenet_system_i/lenet_w8a8_top_0/inst/grp_lenet_w8a8_top_Pipeline_POOL_CHANNEL_POOL_ROW_POOL_COL1_fu_354/mul_32ns_33ns_64_2_1_U55/dout_reg__0/P[47:0] is not pipelined (MREG=0). Pipelining the multiplier function will improve performance and will save significant power so it is suggested whenever possible to fully pipeline this function.  If this multiplier was inferred, it is suggested to describe an additional register stage after this function.  If there is no registered adder/accumulator following the multiply function, two pipeline stages are suggested to allow both the MREG and PREG registers to be used.  If the DSP48 was instantiated in the design, it is suggested to set both the MREG and PREG attributes to 1 when performing multiply functions.
Related violations: <none>

DPOP-2#11 Warning
MREG Output pipelining  
DSP lenet_system_i/lenet_w8a8_top_0/inst/grp_lenet_w8a8_top_Pipeline_POOL_CHANNEL_POOL_ROW_POOL_COL1_fu_354/mul_32ns_33ns_64_2_1_U55/tmp_product multiplier stage lenet_system_i/lenet_w8a8_top_0/inst/grp_lenet_w8a8_top_Pipeline_POOL_CHANNEL_POOL_ROW_POOL_COL1_fu_354/mul_32ns_33ns_64_2_1_U55/tmp_product/P[47:0] is not pipelined (MREG=0). Pipelining the multiplier function will improve performance and will save significant power so it is suggested whenever possible to fully pipeline this function.  If this multiplier was inferred, it is suggested to describe an additional register stage after this function.  If there is no registered adder/accumulator following the multiply function, two pipeline stages are suggested to allow both the MREG and PREG registers to be used.  If the DSP48 was instantiated in the design, it is suggested to set both the MREG and PREG attributes to 1 when performing multiply functions.
Related violations: <none>

DPOP-2#12 Warning
MREG Output pipelining  
DSP lenet_system_i/lenet_w8a8_top_0/inst/grp_lenet_w8a8_top_Pipeline_POOL_CHANNEL_POOL_ROW_POOL_COL1_fu_354/mul_32ns_33ns_64_2_1_U55/tmp_product__0 multiplier stage lenet_system_i/lenet_w8a8_top_0/inst/grp_lenet_w8a8_top_Pipeline_POOL_CHANNEL_POOL_ROW_POOL_COL1_fu_354/mul_32ns_33ns_64_2_1_U55/tmp_product__0/P[47:0] is not pipelined (MREG=0). Pipelining the multiplier function will improve performance and will save significant power so it is suggested whenever possible to fully pipeline this function.  If this multiplier was inferred, it is suggested to describe an additional register stage after this function.  If there is no registered adder/accumulator following the multiply function, two pipeline stages are suggested to allow both the MREG and PREG registers to be used.  If the DSP48 was instantiated in the design, it is suggested to set both the MREG and PREG attributes to 1 when performing multiply functions.
Related violations: <none>

DPOP-2#13 Warning
MREG Output pipelining  
DSP lenet_system_i/lenet_w8a8_top_0/inst/grp_lenet_w8a8_top_Pipeline_POOL_CHANNEL_POOL_ROW_POOL_COL_fu_348/mul_32ns_32ns_63_2_1_U36/dout_reg multiplier stage lenet_system_i/lenet_w8a8_top_0/inst/grp_lenet_w8a8_top_Pipeline_POOL_CHANNEL_POOL_ROW_POOL_COL_fu_348/mul_32ns_32ns_63_2_1_U36/dout_reg/P[47:0] is not pipelined (MREG=0). Pipelining the multiplier function will improve performance and will save significant power so it is suggested whenever possible to fully pipeline this function.  If this multiplier was inferred, it is suggested to describe an additional register stage after this function.  If there is no registered adder/accumulator following the multiply function, two pipeline stages are suggested to allow both the MREG and PREG registers to be used.  If the DSP48 was instantiated in the design, it is suggested to set both the MREG and PREG attributes to 1 when performing multiply functions.
Related violations: <none>

DPOP-2#14 Warning
MREG Output pipelining  
DSP lenet_system_i/lenet_w8a8_top_0/inst/grp_lenet_w8a8_top_Pipeline_POOL_CHANNEL_POOL_ROW_POOL_COL_fu_348/mul_32ns_32ns_63_2_1_U36/dout_reg__0 multiplier stage lenet_system_i/lenet_w8a8_top_0/inst/grp_lenet_w8a8_top_Pipeline_POOL_CHANNEL_POOL_ROW_POOL_COL_fu_348/mul_32ns_32ns_63_2_1_U36/dout_reg__0/P[47:0] is not pipelined (MREG=0). Pipelining the multiplier function will improve performance and will save significant power so it is suggested whenever possible to fully pipeline this function.  If this multiplier was inferred, it is suggested to describe an additional register stage after this function.  If there is no registered adder/accumulator following the multiply function, two pipeline stages are suggested to allow both the MREG and PREG registers to be used.  If the DSP48 was instantiated in the design, it is suggested to set both the MREG and PREG attributes to 1 when performing multiply functions.
Related violations: <none>

DPOP-2#15 Warning
MREG Output pipelining  
DSP lenet_system_i/lenet_w8a8_top_0/inst/grp_lenet_w8a8_top_Pipeline_POOL_CHANNEL_POOL_ROW_POOL_COL_fu_348/mul_32ns_32ns_63_2_1_U36/tmp_product multiplier stage lenet_system_i/lenet_w8a8_top_0/inst/grp_lenet_w8a8_top_Pipeline_POOL_CHANNEL_POOL_ROW_POOL_COL_fu_348/mul_32ns_32ns_63_2_1_U36/tmp_product/P[47:0] is not pipelined (MREG=0). Pipelining the multiplier function will improve performance and will save significant power so it is suggested whenever possible to fully pipeline this function.  If this multiplier was inferred, it is suggested to describe an additional register stage after this function.  If there is no registered adder/accumulator following the multiply function, two pipeline stages are suggested to allow both the MREG and PREG registers to be used.  If the DSP48 was instantiated in the design, it is suggested to set both the MREG and PREG attributes to 1 when performing multiply functions.
Related violations: <none>

DPOP-2#16 Warning
MREG Output pipelining  
DSP lenet_system_i/lenet_w8a8_top_0/inst/grp_lenet_w8a8_top_Pipeline_POOL_CHANNEL_POOL_ROW_POOL_COL_fu_348/mul_32ns_32ns_63_2_1_U36/tmp_product__0 multiplier stage lenet_system_i/lenet_w8a8_top_0/inst/grp_lenet_w8a8_top_Pipeline_POOL_CHANNEL_POOL_ROW_POOL_COL_fu_348/mul_32ns_32ns_63_2_1_U36/tmp_product__0/P[47:0] is not pipelined (MREG=0). Pipelining the multiplier function will improve performance and will save significant power so it is suggested whenever possible to fully pipeline this function.  If this multiplier was inferred, it is suggested to describe an additional register stage after this function.  If there is no registered adder/accumulator following the multiply function, two pipeline stages are suggested to allow both the MREG and PREG registers to be used.  If the DSP48 was instantiated in the design, it is suggested to set both the MREG and PREG attributes to 1 when performing multiply functions.
Related violations: <none>

DPOP-2#17 Warning
MREG Output pipelining  
DSP lenet_system_i/lenet_w8a8_top_0/inst/grp_lenet_w8a8_top_Pipeline_POOL_CHANNEL_POOL_ROW_POOL_COL_fu_348/mul_32ns_32ns_63_2_1_U37/dout_reg multiplier stage lenet_system_i/lenet_w8a8_top_0/inst/grp_lenet_w8a8_top_Pipeline_POOL_CHANNEL_POOL_ROW_POOL_COL_fu_348/mul_32ns_32ns_63_2_1_U37/dout_reg/P[47:0] is not pipelined (MREG=0). Pipelining the multiplier function will improve performance and will save significant power so it is suggested whenever possible to fully pipeline this function.  If this multiplier was inferred, it is suggested to describe an additional register stage after this function.  If there is no registered adder/accumulator following the multiply function, two pipeline stages are suggested to allow both the MREG and PREG registers to be used.  If the DSP48 was instantiated in the design, it is suggested to set both the MREG and PREG attributes to 1 when performing multiply functions.
Related violations: <none>

DPOP-2#18 Warning
MREG Output pipelining  
DSP lenet_system_i/lenet_w8a8_top_0/inst/grp_lenet_w8a8_top_Pipeline_POOL_CHANNEL_POOL_ROW_POOL_COL_fu_348/mul_32ns_32ns_63_2_1_U37/dout_reg__0 multiplier stage lenet_system_i/lenet_w8a8_top_0/inst/grp_lenet_w8a8_top_Pipeline_POOL_CHANNEL_POOL_ROW_POOL_COL_fu_348/mul_32ns_32ns_63_2_1_U37/dout_reg__0/P[47:0] is not pipelined (MREG=0). Pipelining the multiplier function will improve performance and will save significant power so it is suggested whenever possible to fully pipeline this function.  If this multiplier was inferred, it is suggested to describe an additional register stage after this function.  If there is no registered adder/accumulator following the multiply function, two pipeline stages are suggested to allow both the MREG and PREG registers to be used.  If the DSP48 was instantiated in the design, it is suggested to set both the MREG and PREG attributes to 1 when performing multiply functions.
Related violations: <none>

DPOP-2#19 Warning
MREG Output pipelining  
DSP lenet_system_i/lenet_w8a8_top_0/inst/grp_lenet_w8a8_top_Pipeline_POOL_CHANNEL_POOL_ROW_POOL_COL_fu_348/mul_32ns_32ns_63_2_1_U37/tmp_product multiplier stage lenet_system_i/lenet_w8a8_top_0/inst/grp_lenet_w8a8_top_Pipeline_POOL_CHANNEL_POOL_ROW_POOL_COL_fu_348/mul_32ns_32ns_63_2_1_U37/tmp_product/P[47:0] is not pipelined (MREG=0). Pipelining the multiplier function will improve performance and will save significant power so it is suggested whenever possible to fully pipeline this function.  If this multiplier was inferred, it is suggested to describe an additional register stage after this function.  If there is no registered adder/accumulator following the multiply function, two pipeline stages are suggested to allow both the MREG and PREG registers to be used.  If the DSP48 was instantiated in the design, it is suggested to set both the MREG and PREG attributes to 1 when performing multiply functions.
Related violations: <none>

DPOP-2#20 Warning
MREG Output pipelining  
DSP lenet_system_i/lenet_w8a8_top_0/inst/grp_lenet_w8a8_top_Pipeline_POOL_CHANNEL_POOL_ROW_POOL_COL_fu_348/mul_32ns_32ns_63_2_1_U37/tmp_product__0 multiplier stage lenet_system_i/lenet_w8a8_top_0/inst/grp_lenet_w8a8_top_Pipeline_POOL_CHANNEL_POOL_ROW_POOL_COL_fu_348/mul_32ns_32ns_63_2_1_U37/tmp_product__0/P[47:0] is not pipelined (MREG=0). Pipelining the multiplier function will improve performance and will save significant power so it is suggested whenever possible to fully pipeline this function.  If this multiplier was inferred, it is suggested to describe an additional register stage after this function.  If there is no registered adder/accumulator following the multiply function, two pipeline stages are suggested to allow both the MREG and PREG registers to be used.  If the DSP48 was instantiated in the design, it is suggested to set both the MREG and PREG attributes to 1 when performing multiply functions.
Related violations: <none>

DPOP-2#21 Warning
MREG Output pipelining  
DSP lenet_system_i/lenet_w8a8_top_0/inst/grp_lenet_w8a8_top_Pipeline_POOL_CHANNEL_POOL_ROW_POOL_COL_fu_348/mul_32ns_32ns_63_2_1_U38/dout_reg multiplier stage lenet_system_i/lenet_w8a8_top_0/inst/grp_lenet_w8a8_top_Pipeline_POOL_CHANNEL_POOL_ROW_POOL_COL_fu_348/mul_32ns_32ns_63_2_1_U38/dout_reg/P[47:0] is not pipelined (MREG=0). Pipelining the multiplier function will improve performance and will save significant power so it is suggested whenever possible to fully pipeline this function.  If this multiplier was inferred, it is suggested to describe an additional register stage after this function.  If there is no registered adder/accumulator following the multiply function, two pipeline stages are suggested to allow both the MREG and PREG registers to be used.  If the DSP48 was instantiated in the design, it is suggested to set both the MREG and PREG attributes to 1 when performing multiply functions.
Related violations: <none>

DPOP-2#22 Warning
MREG Output pipelining  
DSP lenet_system_i/lenet_w8a8_top_0/inst/grp_lenet_w8a8_top_Pipeline_POOL_CHANNEL_POOL_ROW_POOL_COL_fu_348/mul_32ns_32ns_63_2_1_U38/dout_reg__0 multiplier stage lenet_system_i/lenet_w8a8_top_0/inst/grp_lenet_w8a8_top_Pipeline_POOL_CHANNEL_POOL_ROW_POOL_COL_fu_348/mul_32ns_32ns_63_2_1_U38/dout_reg__0/P[47:0] is not pipelined (MREG=0). Pipelining the multiplier function will improve performance and will save significant power so it is suggested whenever possible to fully pipeline this function.  If this multiplier was inferred, it is suggested to describe an additional register stage after this function.  If there is no registered adder/accumulator following the multiply function, two pipeline stages are suggested to allow both the MREG and PREG registers to be used.  If the DSP48 was instantiated in the design, it is suggested to set both the MREG and PREG attributes to 1 when performing multiply functions.
Related violations: <none>

DPOP-2#23 Warning
MREG Output pipelining  
DSP lenet_system_i/lenet_w8a8_top_0/inst/grp_lenet_w8a8_top_Pipeline_POOL_CHANNEL_POOL_ROW_POOL_COL_fu_348/mul_32ns_32ns_63_2_1_U38/tmp_product multiplier stage lenet_system_i/lenet_w8a8_top_0/inst/grp_lenet_w8a8_top_Pipeline_POOL_CHANNEL_POOL_ROW_POOL_COL_fu_348/mul_32ns_32ns_63_2_1_U38/tmp_product/P[47:0] is not pipelined (MREG=0). Pipelining the multiplier function will improve performance and will save significant power so it is suggested whenever possible to fully pipeline this function.  If this multiplier was inferred, it is suggested to describe an additional register stage after this function.  If there is no registered adder/accumulator following the multiply function, two pipeline stages are suggested to allow both the MREG and PREG registers to be used.  If the DSP48 was instantiated in the design, it is suggested to set both the MREG and PREG attributes to 1 when performing multiply functions.
Related violations: <none>

DPOP-2#24 Warning
MREG Output pipelining  
DSP lenet_system_i/lenet_w8a8_top_0/inst/grp_lenet_w8a8_top_Pipeline_POOL_CHANNEL_POOL_ROW_POOL_COL_fu_348/mul_32ns_32ns_63_2_1_U38/tmp_product__0 multiplier stage lenet_system_i/lenet_w8a8_top_0/inst/grp_lenet_w8a8_top_Pipeline_POOL_CHANNEL_POOL_ROW_POOL_COL_fu_348/mul_32ns_32ns_63_2_1_U38/tmp_product__0/P[47:0] is not pipelined (MREG=0). Pipelining the multiplier function will improve performance and will save significant power so it is suggested whenever possible to fully pipeline this function.  If this multiplier was inferred, it is suggested to describe an additional register stage after this function.  If there is no registered adder/accumulator following the multiply function, two pipeline stages are suggested to allow both the MREG and PREG registers to be used.  If the DSP48 was instantiated in the design, it is suggested to set both the MREG and PREG attributes to 1 when performing multiply functions.
Related violations: <none>

DPOP-2#25 Warning
MREG Output pipelining  
DSP lenet_system_i/lenet_w8a8_top_0/inst/grp_lenet_w8a8_top_Pipeline_POOL_CHANNEL_POOL_ROW_POOL_COL_fu_348/mul_32ns_32ns_63_2_1_U39/dout_reg multiplier stage lenet_system_i/lenet_w8a8_top_0/inst/grp_lenet_w8a8_top_Pipeline_POOL_CHANNEL_POOL_ROW_POOL_COL_fu_348/mul_32ns_32ns_63_2_1_U39/dout_reg/P[47:0] is not pipelined (MREG=0). Pipelining the multiplier function will improve performance and will save significant power so it is suggested whenever possible to fully pipeline this function.  If this multiplier was inferred, it is suggested to describe an additional register stage after this function.  If there is no registered adder/accumulator following the multiply function, two pipeline stages are suggested to allow both the MREG and PREG registers to be used.  If the DSP48 was instantiated in the design, it is suggested to set both the MREG and PREG attributes to 1 when performing multiply functions.
Related violations: <none>

DPOP-2#26 Warning
MREG Output pipelining  
DSP lenet_system_i/lenet_w8a8_top_0/inst/grp_lenet_w8a8_top_Pipeline_POOL_CHANNEL_POOL_ROW_POOL_COL_fu_348/mul_32ns_32ns_63_2_1_U39/dout_reg__0 multiplier stage lenet_system_i/lenet_w8a8_top_0/inst/grp_lenet_w8a8_top_Pipeline_POOL_CHANNEL_POOL_ROW_POOL_COL_fu_348/mul_32ns_32ns_63_2_1_U39/dout_reg__0/P[47:0] is not pipelined (MREG=0). Pipelining the multiplier function will improve performance and will save significant power so it is suggested whenever possible to fully pipeline this function.  If this multiplier was inferred, it is suggested to describe an additional register stage after this function.  If there is no registered adder/accumulator following the multiply function, two pipeline stages are suggested to allow both the MREG and PREG registers to be used.  If the DSP48 was instantiated in the design, it is suggested to set both the MREG and PREG attributes to 1 when performing multiply functions.
Related violations: <none>

DPOP-2#27 Warning
MREG Output pipelining  
DSP lenet_system_i/lenet_w8a8_top_0/inst/grp_lenet_w8a8_top_Pipeline_POOL_CHANNEL_POOL_ROW_POOL_COL_fu_348/mul_32ns_32ns_63_2_1_U39/tmp_product multiplier stage lenet_system_i/lenet_w8a8_top_0/inst/grp_lenet_w8a8_top_Pipeline_POOL_CHANNEL_POOL_ROW_POOL_COL_fu_348/mul_32ns_32ns_63_2_1_U39/tmp_product/P[47:0] is not pipelined (MREG=0). Pipelining the multiplier function will improve performance and will save significant power so it is suggested whenever possible to fully pipeline this function.  If this multiplier was inferred, it is suggested to describe an additional register stage after this function.  If there is no registered adder/accumulator following the multiply function, two pipeline stages are suggested to allow both the MREG and PREG registers to be used.  If the DSP48 was instantiated in the design, it is suggested to set both the MREG and PREG attributes to 1 when performing multiply functions.
Related violations: <none>

DPOP-2#28 Warning
MREG Output pipelining  
DSP lenet_system_i/lenet_w8a8_top_0/inst/grp_lenet_w8a8_top_Pipeline_POOL_CHANNEL_POOL_ROW_POOL_COL_fu_348/mul_32ns_32ns_63_2_1_U39/tmp_product__0 multiplier stage lenet_system_i/lenet_w8a8_top_0/inst/grp_lenet_w8a8_top_Pipeline_POOL_CHANNEL_POOL_ROW_POOL_COL_fu_348/mul_32ns_32ns_63_2_1_U39/tmp_product__0/P[47:0] is not pipelined (MREG=0). Pipelining the multiplier function will improve performance and will save significant power so it is suggested whenever possible to fully pipeline this function.  If this multiplier was inferred, it is suggested to describe an additional register stage after this function.  If there is no registered adder/accumulator following the multiply function, two pipeline stages are suggested to allow both the MREG and PREG registers to be used.  If the DSP48 was instantiated in the design, it is suggested to set both the MREG and PREG attributes to 1 when performing multiply functions.
Related violations: <none>

DPOP-2#29 Warning
MREG Output pipelining  
DSP lenet_system_i/lenet_w8a8_top_0/inst/grp_lenet_w8a8_top_Pipeline_REQUANT_VECTOR3_fu_396/mul_32ns_34ns_64_2_1_U74/dout_reg multiplier stage lenet_system_i/lenet_w8a8_top_0/inst/grp_lenet_w8a8_top_Pipeline_REQUANT_VECTOR3_fu_396/mul_32ns_34ns_64_2_1_U74/dout_reg/P[47:0] is not pipelined (MREG=0). Pipelining the multiplier function will improve performance and will save significant power so it is suggested whenever possible to fully pipeline this function.  If this multiplier was inferred, it is suggested to describe an additional register stage after this function.  If there is no registered adder/accumulator following the multiply function, two pipeline stages are suggested to allow both the MREG and PREG registers to be used.  If the DSP48 was instantiated in the design, it is suggested to set both the MREG and PREG attributes to 1 when performing multiply functions.
Related violations: <none>

DPOP-2#30 Warning
MREG Output pipelining  
DSP lenet_system_i/lenet_w8a8_top_0/inst/grp_lenet_w8a8_top_Pipeline_REQUANT_VECTOR3_fu_396/mul_32ns_34ns_64_2_1_U74/dout_reg__0 multiplier stage lenet_system_i/lenet_w8a8_top_0/inst/grp_lenet_w8a8_top_Pipeline_REQUANT_VECTOR3_fu_396/mul_32ns_34ns_64_2_1_U74/dout_reg__0/P[47:0] is not pipelined (MREG=0). Pipelining the multiplier function will improve performance and will save significant power so it is suggested whenever possible to fully pipeline this function.  If this multiplier was inferred, it is suggested to describe an additional register stage after this function.  If there is no registered adder/accumulator following the multiply function, two pipeline stages are suggested to allow both the MREG and PREG registers to be used.  If the DSP48 was instantiated in the design, it is suggested to set both the MREG and PREG attributes to 1 when performing multiply functions.
Related violations: <none>

DPOP-2#31 Warning
MREG Output pipelining  
DSP lenet_system_i/lenet_w8a8_top_0/inst/grp_lenet_w8a8_top_Pipeline_REQUANT_VECTOR3_fu_396/mul_32ns_34ns_64_2_1_U74/tmp_product multiplier stage lenet_system_i/lenet_w8a8_top_0/inst/grp_lenet_w8a8_top_Pipeline_REQUANT_VECTOR3_fu_396/mul_32ns_34ns_64_2_1_U74/tmp_product/P[47:0] is not pipelined (MREG=0). Pipelining the multiplier function will improve performance and will save significant power so it is suggested whenever possible to fully pipeline this function.  If this multiplier was inferred, it is suggested to describe an additional register stage after this function.  If there is no registered adder/accumulator following the multiply function, two pipeline stages are suggested to allow both the MREG and PREG registers to be used.  If the DSP48 was instantiated in the design, it is suggested to set both the MREG and PREG attributes to 1 when performing multiply functions.
Related violations: <none>

DPOP-2#32 Warning
MREG Output pipelining  
DSP lenet_system_i/lenet_w8a8_top_0/inst/grp_lenet_w8a8_top_Pipeline_REQUANT_VECTOR3_fu_396/mul_32ns_34ns_64_2_1_U74/tmp_product__0 multiplier stage lenet_system_i/lenet_w8a8_top_0/inst/grp_lenet_w8a8_top_Pipeline_REQUANT_VECTOR3_fu_396/mul_32ns_34ns_64_2_1_U74/tmp_product__0/P[47:0] is not pipelined (MREG=0). Pipelining the multiplier function will improve performance and will save significant power so it is suggested whenever possible to fully pipeline this function.  If this multiplier was inferred, it is suggested to describe an additional register stage after this function.  If there is no registered adder/accumulator following the multiply function, two pipeline stages are suggested to allow both the MREG and PREG registers to be used.  If the DSP48 was instantiated in the design, it is suggested to set both the MREG and PREG attributes to 1 when performing multiply functions.
Related violations: <none>

DPOP-2#33 Warning
MREG Output pipelining  
DSP lenet_system_i/lenet_w8a8_top_0/inst/mul_32ns_33ns_64_2_1_U84/dout_reg multiplier stage lenet_system_i/lenet_w8a8_top_0/inst/mul_32ns_33ns_64_2_1_U84/dout_reg/P[47:0] is not pipelined (MREG=0). Pipelining the multiplier function will improve performance and will save significant power so it is suggested whenever possible to fully pipeline this function.  If this multiplier was inferred, it is suggested to describe an additional register stage after this function.  If there is no registered adder/accumulator following the multiply function, two pipeline stages are suggested to allow both the MREG and PREG registers to be used.  If the DSP48 was instantiated in the design, it is suggested to set both the MREG and PREG attributes to 1 when performing multiply functions.
Related violations: <none>

DPOP-2#34 Warning
MREG Output pipelining  
DSP lenet_system_i/lenet_w8a8_top_0/inst/mul_32ns_33ns_64_2_1_U84/dout_reg__0 multiplier stage lenet_system_i/lenet_w8a8_top_0/inst/mul_32ns_33ns_64_2_1_U84/dout_reg__0/P[47:0] is not pipelined (MREG=0). Pipelining the multiplier function will improve performance and will save significant power so it is suggested whenever possible to fully pipeline this function.  If this multiplier was inferred, it is suggested to describe an additional register stage after this function.  If there is no registered adder/accumulator following the multiply function, two pipeline stages are suggested to allow both the MREG and PREG registers to be used.  If the DSP48 was instantiated in the design, it is suggested to set both the MREG and PREG attributes to 1 when performing multiply functions.
Related violations: <none>

DPOP-2#35 Warning
MREG Output pipelining  
DSP lenet_system_i/lenet_w8a8_top_0/inst/mul_32ns_33ns_64_2_1_U84/tmp_product multiplier stage lenet_system_i/lenet_w8a8_top_0/inst/mul_32ns_33ns_64_2_1_U84/tmp_product/P[47:0] is not pipelined (MREG=0). Pipelining the multiplier function will improve performance and will save significant power so it is suggested whenever possible to fully pipeline this function.  If this multiplier was inferred, it is suggested to describe an additional register stage after this function.  If there is no registered adder/accumulator following the multiply function, two pipeline stages are suggested to allow both the MREG and PREG registers to be used.  If the DSP48 was instantiated in the design, it is suggested to set both the MREG and PREG attributes to 1 when performing multiply functions.
Related violations: <none>

DPOP-2#36 Warning
MREG Output pipelining  
DSP lenet_system_i/lenet_w8a8_top_0/inst/mul_32ns_33ns_64_2_1_U84/tmp_product__0 multiplier stage lenet_system_i/lenet_w8a8_top_0/inst/mul_32ns_33ns_64_2_1_U84/tmp_product__0/P[47:0] is not pipelined (MREG=0). Pipelining the multiplier function will improve performance and will save significant power so it is suggested whenever possible to fully pipeline this function.  If this multiplier was inferred, it is suggested to describe an additional register stage after this function.  If there is no registered adder/accumulator following the multiply function, two pipeline stages are suggested to allow both the MREG and PREG registers to be used.  If the DSP48 was instantiated in the design, it is suggested to set both the MREG and PREG attributes to 1 when performing multiply functions.
Related violations: <none>


