

================================================================
== Vivado HLS Report for 'lenet_full_top'
================================================================
* Date:           Wed Sep  2 23:04:20 2026

* Version:        2019.1 (Build 2552052 on Fri May 24 15:28:33 MDT 2019)
* Project:        full_hls
* Solution:       solution1
* Product family: zynq
* Target device:  xc7z020-clg400-1


================================================================
== Performance Estimates
================================================================
+ Timing (ns): 
    * Summary: 
    +--------+-------+----------+------------+
    |  Clock | Target| Estimated| Uncertainty|
    +--------+-------+----------+------------+
    |ap_clk  |  10.00|     8.873|        1.25|
    +--------+-------+----------+------------+

+ Latency (clock cycles): 
    * Summary: 
    +---------+---------+---------+---------+---------+
    |      Latency      |      Interval     | Pipeline|
    |   min   |   max   |   min   |   max   |   Type  |
    +---------+---------+---------+---------+---------+
    |  5472207|  5472207|  5472207|  5472207|   none  |
    +---------+---------+---------+---------+---------+

    + Detail: 
        * Instance: 
        +------------------------------------+-------------------------+---------+---------+---------+---------+---------+
        |                                    |                         |      Latency      |      Interval     | Pipeline|
        |              Instance              |          Module         |   min   |   max   |   min   |   max   |   Type  |
        +------------------------------------+-------------------------+---------+---------+---------+---------+---------+
        |grp_p_anonymous_namespace_4_fu_234  |p_anonymous_namespace_4  |  3021169|  3021169|  3021169|  3021169|   none  |
        |grp_p_anonymous_namespace_6_fu_246  |p_anonymous_namespace_6  |  1698493|  1698493|  1698493|  1698493|   none  |
        |grp_p_anonymous_namespace_5_fu_261  |p_anonymous_namespace_5  |   602048|   602048|   602048|   602048|   none  |
        |grp_p_anonymous_namespace_3_fu_273  |p_anonymous_namespace_3  |   111644|   111644|   111644|   111644|   none  |
        |grp_p_anonymous_namespace_2_fu_285  |p_anonymous_namespace_2  |     9282|     9282|     9282|     9282|   none  |
        |grp_p_anonymous_namespace_fu_299    |p_anonymous_namespace    |    21349|    21349|    21349|    21349|   none  |
        |grp_p_anonymous_namespace_1_fu_305  |p_anonymous_namespace_1  |     7393|     7393|     7393|     7393|   none  |
        +------------------------------------+-------------------------+---------+---------+---------+---------+---------+

        * Loop: 
        +-------------+-----+-----+----------+-----------+-----------+------+----------+
        |             |  Latency  | Iteration|  Initiation Interval  | Trip |          |
        |  Loop Name  | min | max |  Latency |  achieved |   target  | Count| Pipelined|
        +-------------+-----+-----+----------+-----------+-----------+------+----------+
        |- RELU_LOOP  |  480|  480|         4|          -|          -|   120|    no    |
        |- RELU_LOOP  |  336|  336|         4|          -|          -|    84|    no    |
        +-------------+-----+-----+----------+-----------+-----------+------+----------+



================================================================
== Utilization Estimates
================================================================
* Summary: 
+-----------------+---------+-------+--------+-------+-----+
|       Name      | BRAM_18K| DSP48E|   FF   |  LUT  | URAM|
+-----------------+---------+-------+--------+-------+-----+
|DSP              |        -|      -|       -|      -|    -|
|Expression       |        -|      -|       0|    182|    -|
|FIFO             |        -|      -|       -|      -|    -|
|Instance         |        8|     27|    6445|  10169|    0|
|Memory           |       29|      -|       0|      0|    0|
|Multiplexer      |        -|      -|       -|   1331|    -|
|Register         |        -|      -|     317|      -|    -|
+-----------------+---------+-------+--------+-------+-----+
|Total            |       37|     27|    6762|  11682|    0|
+-----------------+---------+-------+--------+-------+-----+
|Available        |      280|    220|  106400|  53200|    0|
+-----------------+---------+-------+--------+-------+-----+
|Utilization (%)  |       13|     12|       6|     21|    0|
+-----------------+---------+-------+--------+-------+-----+

+ Detail: 
    * Instance: 
    +------------------------------------+----------------------------+---------+-------+-----+------+-----+
    |              Instance              |           Module           | BRAM_18K| DSP48E|  FF |  LUT | URAM|
    +------------------------------------+----------------------------+---------+-------+-----+------+-----+
    |lenet_full_top_fceOg_U57            |lenet_full_top_fceOg        |        0|      0|   66|   239|    0|
    |lenet_full_top_gmem0_m_axi_U        |lenet_full_top_gmem0_m_axi  |        2|      0|  512|   580|    0|
    |lenet_full_top_gmem1_m_axi_U        |lenet_full_top_gmem1_m_axi  |        2|      0|  512|   580|    0|
    |lenet_full_top_gmem2_m_axi_U        |lenet_full_top_gmem2_m_axi  |        2|      0|  512|   580|    0|
    |lenet_full_top_gmem3_m_axi_U        |lenet_full_top_gmem3_m_axi  |        2|      0|  512|   580|    0|
    |grp_p_anonymous_namespace_fu_299    |p_anonymous_namespace       |        0|      0|  249|   684|    0|
    |grp_p_anonymous_namespace_1_fu_305  |p_anonymous_namespace_1     |        0|      0|  247|   679|    0|
    |grp_p_anonymous_namespace_2_fu_285  |p_anonymous_namespace_2     |        0|      5|  617|  1052|    0|
    |grp_p_anonymous_namespace_3_fu_273  |p_anonymous_namespace_3     |        0|      5|  663|  1077|    0|
    |grp_p_anonymous_namespace_4_fu_234  |p_anonymous_namespace_4     |        0|      6|  883|  1416|    0|
    |grp_p_anonymous_namespace_5_fu_261  |p_anonymous_namespace_5     |        0|      6|  776|  1265|    0|
    |grp_p_anonymous_namespace_6_fu_246  |p_anonymous_namespace_6     |        0|      5|  896|  1437|    0|
    +------------------------------------+----------------------------+---------+-------+-----+------+-----+
    |Total                               |                            |        8|     27| 6445| 10169|    0|
    +------------------------------------+----------------------------+---------+-------+-----+------+-----+

    * DSP48E: 
    N/A

    * Memory: 
    +----------------+----------------------+---------+---+----+-----+------+-----+------+-------------+
    |     Memory     |        Module        | BRAM_18K| FF| LUT| URAM| Words| Bits| Banks| W*Bits*Banks|
    +----------------+----------------------+---------+---+----+-----+------+-----+------+-------------+
    |conv1_output_U  |lenet_full_top_cojbC  |       16|  0|   0|    0|  4704|   32|     1|       150528|
    |conv2_output_U  |lenet_full_top_colbW  |        4|  0|   0|    0|  1600|   32|     1|        51200|
    |conv3_output_U  |lenet_full_top_concg  |        1|  0|   0|    0|   120|   32|     1|         3840|
    |conv3_relu_U    |lenet_full_top_concg  |        1|  0|   0|    0|   120|   32|     1|         3840|
    |fc1_output_U    |lenet_full_top_fcpcA  |        1|  0|   0|    0|    84|   32|     1|         2688|
    |fc1_relu_U      |lenet_full_top_fcpcA  |        1|  0|   0|    0|    84|   32|     1|         2688|
    |pool1_output_U  |lenet_full_top_pokbM  |        4|  0|   0|    0|  1176|   32|     1|        37632|
    |pool2_output_U  |lenet_full_top_pomb6  |        1|  0|   0|    0|   400|   32|     1|        12800|
    +----------------+----------------------+---------+---+----+-----+------+-----+------+-------------+
    |Total           |                      |       29|  0|   0|    0|  8288|  256|     8|       265216|
    +----------------+----------------------+---------+---+----+-----+------+-----+------+-------------+

    * FIFO: 
    N/A

    * Expression: 
    +------------------------+----------+-------+---+----+------------+------------+
    |      Variable Name     | Operation| DSP48E| FF| LUT| Bitwidth P0| Bitwidth P1|
    +------------------------+----------+-------+---+----+------------+------------+
    |index_1_fu_432_p2       |     +    |      0|  0|  15|           7|           1|
    |index_fu_367_p2         |     +    |      0|  0|  15|           7|           1|
    |and_ln128_1_fu_478_p2   |    and   |      0|  0|   2|           1|           1|
    |and_ln128_fu_413_p2     |    and   |      0|  0|   2|           1|           1|
    |icmp_ln126_1_fu_426_p2  |   icmp   |      0|  0|  11|           7|           7|
    |icmp_ln126_fu_361_p2    |   icmp   |      0|  0|  11|           7|           5|
    |icmp_ln128_1_fu_401_p2  |   icmp   |      0|  0|  18|          23|           1|
    |icmp_ln128_2_fu_460_p2  |   icmp   |      0|  0|  11|           8|           2|
    |icmp_ln128_3_fu_466_p2  |   icmp   |      0|  0|  18|          23|           1|
    |icmp_ln128_fu_395_p2    |   icmp   |      0|  0|  11|           8|           2|
    |or_ln128_1_fu_472_p2    |    or    |      0|  0|   2|           1|           1|
    |or_ln128_fu_407_p2      |    or    |      0|  0|   2|           1|           1|
    |value_1_fu_419_p3       |  select  |      0|  0|  32|           1|          32|
    |value_3_fu_484_p3       |  select  |      0|  0|  32|           1|          32|
    +------------------------+----------+-------+---+----+------------+------------+
    |Total                   |          |      0|  0| 182|          96|          88|
    +------------------------+----------+-------+---+----+------------+------------+

    * Multiplexer: 
    +-----------------------+-----+-----------+-----+-----------+
    |          Name         | LUT | Input Size| Bits| Total Bits|
    +-----------------------+-----+-----------+-----+-----------+
    |ap_NS_fsm              |  101|         21|    1|         21|
    |conv1_output_address0  |   15|          3|   13|         39|
    |conv1_output_ce0       |   15|          3|    1|          3|
    |conv1_output_we0       |    9|          2|    1|          2|
    |conv2_output_address0  |   15|          3|   11|         33|
    |conv2_output_ce0       |   15|          3|    1|          3|
    |conv2_output_we0       |    9|          2|    1|          2|
    |conv3_output_address0  |   15|          3|    7|         21|
    |conv3_output_ce0       |   15|          3|    1|          3|
    |conv3_output_we0       |    9|          2|    1|          2|
    |conv3_relu_address0    |   15|          3|    7|         21|
    |conv3_relu_ce0         |   15|          3|    1|          3|
    |fc1_output_address0    |   15|          3|    7|         21|
    |fc1_output_ce0         |   15|          3|    1|          3|
    |fc1_output_we0         |    9|          2|    1|          2|
    |fc1_relu_address0      |   15|          3|    7|         21|
    |fc1_relu_ce0           |   15|          3|    1|          3|
    |gmem0_ARVALID          |    9|          2|    1|          2|
    |gmem0_RREADY           |    9|          2|    1|          2|
    |gmem1_ARADDR           |   33|          6|   32|        192|
    |gmem1_ARBURST          |   33|          6|    2|         12|
    |gmem1_ARCACHE          |   33|          6|    4|         24|
    |gmem1_ARID             |   33|          6|    1|          6|
    |gmem1_ARLEN            |   33|          6|   32|        192|
    |gmem1_ARLOCK           |   33|          6|    2|         12|
    |gmem1_ARPROT           |   33|          6|    3|         18|
    |gmem1_ARQOS            |   33|          6|    4|         24|
    |gmem1_ARREGION         |   33|          6|    4|         24|
    |gmem1_ARSIZE           |   33|          6|    3|         18|
    |gmem1_ARUSER           |   33|          6|    1|          6|
    |gmem1_ARVALID          |   33|          6|    1|          6|
    |gmem1_RREADY           |   33|          6|    1|          6|
    |gmem2_ARADDR           |   33|          6|   32|        192|
    |gmem2_ARBURST          |   33|          6|    2|         12|
    |gmem2_ARCACHE          |   33|          6|    4|         24|
    |gmem2_ARID             |   33|          6|    1|          6|
    |gmem2_ARLEN            |   33|          6|   32|        192|
    |gmem2_ARLOCK           |   33|          6|    2|         12|
    |gmem2_ARPROT           |   33|          6|    3|         18|
    |gmem2_ARQOS            |   33|          6|    4|         24|
    |gmem2_ARREGION         |   33|          6|    4|         24|
    |gmem2_ARSIZE           |   33|          6|    3|         18|
    |gmem2_ARUSER           |   33|          6|    1|          6|
    |gmem2_ARVALID          |   33|          6|    1|          6|
    |gmem2_RREADY           |   33|          6|    1|          6|
    |gmem3_AWVALID          |    9|          2|    1|          2|
    |gmem3_BREADY           |    9|          2|    1|          2|
    |gmem3_WVALID           |    9|          2|    1|          2|
    |grp_fu_311_p0          |   15|          3|   32|         96|
    |index_0_i12_reg_223    |    9|          2|    7|         14|
    |index_0_i_reg_212      |    9|          2|    7|         14|
    |pool1_output_address0  |   15|          3|   11|         33|
    |pool1_output_ce0       |   15|          3|    1|          3|
    |pool1_output_we0       |    9|          2|    1|          2|
    |pool2_output_address0  |   15|          3|    9|         27|
    |pool2_output_ce0       |   15|          3|    1|          3|
    |pool2_output_we0       |    9|          2|    1|          2|
    +-----------------------+-----+-----------+-----+-----------+
    |Total                  | 1331|        254|  318|       1487|
    +-----------------------+-----+-----------+-----+-----------+

    * Register: 
    +-------------------------------------------------+----+----+-----+-----------+
    |                       Name                      | FF | LUT| Bits| Const Bits|
    +-------------------------------------------------+----+----+-----+-----------+
    |ap_CS_fsm                                        |  20|   0|   20|          0|
    |bias5_reg_491                                    |  30|   0|   30|          0|
    |feature_in1_reg_509                              |  30|   0|   30|          0|
    |feature_out7_reg_514                             |  30|   0|   30|          0|
    |grp_p_anonymous_namespace_1_fu_305_ap_start_reg  |   1|   0|    1|          0|
    |grp_p_anonymous_namespace_2_fu_285_ap_start_reg  |   1|   0|    1|          0|
    |grp_p_anonymous_namespace_3_fu_273_ap_start_reg  |   1|   0|    1|          0|
    |grp_p_anonymous_namespace_4_fu_234_ap_start_reg  |   1|   0|    1|          0|
    |grp_p_anonymous_namespace_5_fu_261_ap_start_reg  |   1|   0|    1|          0|
    |grp_p_anonymous_namespace_6_fu_246_ap_start_reg  |   1|   0|    1|          0|
    |grp_p_anonymous_namespace_fu_299_ap_start_reg    |   1|   0|    1|          0|
    |index_0_i12_reg_223                              |   7|   0|    7|          0|
    |index_0_i_reg_212                                |   7|   0|    7|          0|
    |index_1_reg_552                                  |   7|   0|    7|          0|
    |index_reg_522                                    |   7|   0|    7|          0|
    |value_1_reg_544                                  |  32|   0|   32|          0|
    |value_2_reg_567                                  |  32|   0|   32|          0|
    |value_3_reg_574                                  |  32|   0|   32|          0|
    |value_reg_537                                    |  32|   0|   32|          0|
    |weight3_reg_500                                  |  30|   0|   30|          0|
    |zext_ln127_1_reg_557                             |   7|   0|   64|         57|
    |zext_ln127_reg_527                               |   7|   0|   64|         57|
    +-------------------------------------------------+----+----+-----+-----------+
    |Total                                            | 317|   0|  431|        114|
    +-------------------------------------------------+----+----+-----+-----------+



================================================================
== Interface
================================================================
* Summary: 
+----------------------+-----+-----+------------+----------------+--------------+
|       RTL Ports      | Dir | Bits|  Protocol  |  Source Object |    C Type    |
+----------------------+-----+-----+------------+----------------+--------------+
|ap_clk                |  in |    1| ap_ctrl_hs | lenet_full_top | return value |
|ap_rst_n              |  in |    1| ap_ctrl_hs | lenet_full_top | return value |
|ap_start              |  in |    1| ap_ctrl_hs | lenet_full_top | return value |
|ap_done               | out |    1| ap_ctrl_hs | lenet_full_top | return value |
|ap_idle               | out |    1| ap_ctrl_hs | lenet_full_top | return value |
|ap_ready              | out |    1| ap_ctrl_hs | lenet_full_top | return value |
|m_axi_gmem0_AWVALID   | out |    1|    m_axi   |      gmem0     |    pointer   |
|m_axi_gmem0_AWREADY   |  in |    1|    m_axi   |      gmem0     |    pointer   |
|m_axi_gmem0_AWADDR    | out |   32|    m_axi   |      gmem0     |    pointer   |
|m_axi_gmem0_AWID      | out |    1|    m_axi   |      gmem0     |    pointer   |
|m_axi_gmem0_AWLEN     | out |    8|    m_axi   |      gmem0     |    pointer   |
|m_axi_gmem0_AWSIZE    | out |    3|    m_axi   |      gmem0     |    pointer   |
|m_axi_gmem0_AWBURST   | out |    2|    m_axi   |      gmem0     |    pointer   |
|m_axi_gmem0_AWLOCK    | out |    2|    m_axi   |      gmem0     |    pointer   |
|m_axi_gmem0_AWCACHE   | out |    4|    m_axi   |      gmem0     |    pointer   |
|m_axi_gmem0_AWPROT    | out |    3|    m_axi   |      gmem0     |    pointer   |
|m_axi_gmem0_AWQOS     | out |    4|    m_axi   |      gmem0     |    pointer   |
|m_axi_gmem0_AWREGION  | out |    4|    m_axi   |      gmem0     |    pointer   |
|m_axi_gmem0_AWUSER    | out |    1|    m_axi   |      gmem0     |    pointer   |
|m_axi_gmem0_WVALID    | out |    1|    m_axi   |      gmem0     |    pointer   |
|m_axi_gmem0_WREADY    |  in |    1|    m_axi   |      gmem0     |    pointer   |
|m_axi_gmem0_WDATA     | out |   32|    m_axi   |      gmem0     |    pointer   |
|m_axi_gmem0_WSTRB     | out |    4|    m_axi   |      gmem0     |    pointer   |
|m_axi_gmem0_WLAST     | out |    1|    m_axi   |      gmem0     |    pointer   |
|m_axi_gmem0_WID       | out |    1|    m_axi   |      gmem0     |    pointer   |
|m_axi_gmem0_WUSER     | out |    1|    m_axi   |      gmem0     |    pointer   |
|m_axi_gmem0_ARVALID   | out |    1|    m_axi   |      gmem0     |    pointer   |
|m_axi_gmem0_ARREADY   |  in |    1|    m_axi   |      gmem0     |    pointer   |
|m_axi_gmem0_ARADDR    | out |   32|    m_axi   |      gmem0     |    pointer   |
|m_axi_gmem0_ARID      | out |    1|    m_axi   |      gmem0     |    pointer   |
|m_axi_gmem0_ARLEN     | out |    8|    m_axi   |      gmem0     |    pointer   |
|m_axi_gmem0_ARSIZE    | out |    3|    m_axi   |      gmem0     |    pointer   |
|m_axi_gmem0_ARBURST   | out |    2|    m_axi   |      gmem0     |    pointer   |
|m_axi_gmem0_ARLOCK    | out |    2|    m_axi   |      gmem0     |    pointer   |
|m_axi_gmem0_ARCACHE   | out |    4|    m_axi   |      gmem0     |    pointer   |
|m_axi_gmem0_ARPROT    | out |    3|    m_axi   |      gmem0     |    pointer   |
|m_axi_gmem0_ARQOS     | out |    4|    m_axi   |      gmem0     |    pointer   |
|m_axi_gmem0_ARREGION  | out |    4|    m_axi   |      gmem0     |    pointer   |
|m_axi_gmem0_ARUSER    | out |    1|    m_axi   |      gmem0     |    pointer   |
|m_axi_gmem0_RVALID    |  in |    1|    m_axi   |      gmem0     |    pointer   |
|m_axi_gmem0_RREADY    | out |    1|    m_axi   |      gmem0     |    pointer   |
|m_axi_gmem0_RDATA     |  in |   32|    m_axi   |      gmem0     |    pointer   |
|m_axi_gmem0_RLAST     |  in |    1|    m_axi   |      gmem0     |    pointer   |
|m_axi_gmem0_RID       |  in |    1|    m_axi   |      gmem0     |    pointer   |
|m_axi_gmem0_RUSER     |  in |    1|    m_axi   |      gmem0     |    pointer   |
|m_axi_gmem0_RRESP     |  in |    2|    m_axi   |      gmem0     |    pointer   |
|m_axi_gmem0_BVALID    |  in |    1|    m_axi   |      gmem0     |    pointer   |
|m_axi_gmem0_BREADY    | out |    1|    m_axi   |      gmem0     |    pointer   |
|m_axi_gmem0_BRESP     |  in |    2|    m_axi   |      gmem0     |    pointer   |
|m_axi_gmem0_BID       |  in |    1|    m_axi   |      gmem0     |    pointer   |
|m_axi_gmem0_BUSER     |  in |    1|    m_axi   |      gmem0     |    pointer   |
|m_axi_gmem1_AWVALID   | out |    1|    m_axi   |      gmem1     |    pointer   |
|m_axi_gmem1_AWREADY   |  in |    1|    m_axi   |      gmem1     |    pointer   |
|m_axi_gmem1_AWADDR    | out |   32|    m_axi   |      gmem1     |    pointer   |
|m_axi_gmem1_AWID      | out |    1|    m_axi   |      gmem1     |    pointer   |
|m_axi_gmem1_AWLEN     | out |    8|    m_axi   |      gmem1     |    pointer   |
|m_axi_gmem1_AWSIZE    | out |    3|    m_axi   |      gmem1     |    pointer   |
|m_axi_gmem1_AWBURST   | out |    2|    m_axi   |      gmem1     |    pointer   |
|m_axi_gmem1_AWLOCK    | out |    2|    m_axi   |      gmem1     |    pointer   |
|m_axi_gmem1_AWCACHE   | out |    4|    m_axi   |      gmem1     |    pointer   |
|m_axi_gmem1_AWPROT    | out |    3|    m_axi   |      gmem1     |    pointer   |
|m_axi_gmem1_AWQOS     | out |    4|    m_axi   |      gmem1     |    pointer   |
|m_axi_gmem1_AWREGION  | out |    4|    m_axi   |      gmem1     |    pointer   |
|m_axi_gmem1_AWUSER    | out |    1|    m_axi   |      gmem1     |    pointer   |
|m_axi_gmem1_WVALID    | out |    1|    m_axi   |      gmem1     |    pointer   |
|m_axi_gmem1_WREADY    |  in |    1|    m_axi   |      gmem1     |    pointer   |
|m_axi_gmem1_WDATA     | out |   32|    m_axi   |      gmem1     |    pointer   |
|m_axi_gmem1_WSTRB     | out |    4|    m_axi   |      gmem1     |    pointer   |
|m_axi_gmem1_WLAST     | out |    1|    m_axi   |      gmem1     |    pointer   |
|m_axi_gmem1_WID       | out |    1|    m_axi   |      gmem1     |    pointer   |
|m_axi_gmem1_WUSER     | out |    1|    m_axi   |      gmem1     |    pointer   |
|m_axi_gmem1_ARVALID   | out |    1|    m_axi   |      gmem1     |    pointer   |
|m_axi_gmem1_ARREADY   |  in |    1|    m_axi   |      gmem1     |    pointer   |
|m_axi_gmem1_ARADDR    | out |   32|    m_axi   |      gmem1     |    pointer   |
|m_axi_gmem1_ARID      | out |    1|    m_axi   |      gmem1     |    pointer   |
|m_axi_gmem1_ARLEN     | out |    8|    m_axi   |      gmem1     |    pointer   |
|m_axi_gmem1_ARSIZE    | out |    3|    m_axi   |      gmem1     |    pointer   |
|m_axi_gmem1_ARBURST   | out |    2|    m_axi   |      gmem1     |    pointer   |
|m_axi_gmem1_ARLOCK    | out |    2|    m_axi   |      gmem1     |    pointer   |
|m_axi_gmem1_ARCACHE   | out |    4|    m_axi   |      gmem1     |    pointer   |
|m_axi_gmem1_ARPROT    | out |    3|    m_axi   |      gmem1     |    pointer   |
|m_axi_gmem1_ARQOS     | out |    4|    m_axi   |      gmem1     |    pointer   |
|m_axi_gmem1_ARREGION  | out |    4|    m_axi   |      gmem1     |    pointer   |
|m_axi_gmem1_ARUSER    | out |    1|    m_axi   |      gmem1     |    pointer   |
|m_axi_gmem1_RVALID    |  in |    1|    m_axi   |      gmem1     |    pointer   |
|m_axi_gmem1_RREADY    | out |    1|    m_axi   |      gmem1     |    pointer   |
|m_axi_gmem1_RDATA     |  in |   32|    m_axi   |      gmem1     |    pointer   |
|m_axi_gmem1_RLAST     |  in |    1|    m_axi   |      gmem1     |    pointer   |
|m_axi_gmem1_RID       |  in |    1|    m_axi   |      gmem1     |    pointer   |
|m_axi_gmem1_RUSER     |  in |    1|    m_axi   |      gmem1     |    pointer   |
|m_axi_gmem1_RRESP     |  in |    2|    m_axi   |      gmem1     |    pointer   |
|m_axi_gmem1_BVALID    |  in |    1|    m_axi   |      gmem1     |    pointer   |
|m_axi_gmem1_BREADY    | out |    1|    m_axi   |      gmem1     |    pointer   |
|m_axi_gmem1_BRESP     |  in |    2|    m_axi   |      gmem1     |    pointer   |
|m_axi_gmem1_BID       |  in |    1|    m_axi   |      gmem1     |    pointer   |
|m_axi_gmem1_BUSER     |  in |    1|    m_axi   |      gmem1     |    pointer   |
|m_axi_gmem2_AWVALID   | out |    1|    m_axi   |      gmem2     |    pointer   |
|m_axi_gmem2_AWREADY   |  in |    1|    m_axi   |      gmem2     |    pointer   |
|m_axi_gmem2_AWADDR    | out |   32|    m_axi   |      gmem2     |    pointer   |
|m_axi_gmem2_AWID      | out |    1|    m_axi   |      gmem2     |    pointer   |
|m_axi_gmem2_AWLEN     | out |    8|    m_axi   |      gmem2     |    pointer   |
|m_axi_gmem2_AWSIZE    | out |    3|    m_axi   |      gmem2     |    pointer   |
|m_axi_gmem2_AWBURST   | out |    2|    m_axi   |      gmem2     |    pointer   |
|m_axi_gmem2_AWLOCK    | out |    2|    m_axi   |      gmem2     |    pointer   |
|m_axi_gmem2_AWCACHE   | out |    4|    m_axi   |      gmem2     |    pointer   |
|m_axi_gmem2_AWPROT    | out |    3|    m_axi   |      gmem2     |    pointer   |
|m_axi_gmem2_AWQOS     | out |    4|    m_axi   |      gmem2     |    pointer   |
|m_axi_gmem2_AWREGION  | out |    4|    m_axi   |      gmem2     |    pointer   |
|m_axi_gmem2_AWUSER    | out |    1|    m_axi   |      gmem2     |    pointer   |
|m_axi_gmem2_WVALID    | out |    1|    m_axi   |      gmem2     |    pointer   |
|m_axi_gmem2_WREADY    |  in |    1|    m_axi   |      gmem2     |    pointer   |
|m_axi_gmem2_WDATA     | out |   32|    m_axi   |      gmem2     |    pointer   |
|m_axi_gmem2_WSTRB     | out |    4|    m_axi   |      gmem2     |    pointer   |
|m_axi_gmem2_WLAST     | out |    1|    m_axi   |      gmem2     |    pointer   |
|m_axi_gmem2_WID       | out |    1|    m_axi   |      gmem2     |    pointer   |
|m_axi_gmem2_WUSER     | out |    1|    m_axi   |      gmem2     |    pointer   |
|m_axi_gmem2_ARVALID   | out |    1|    m_axi   |      gmem2     |    pointer   |
|m_axi_gmem2_ARREADY   |  in |    1|    m_axi   |      gmem2     |    pointer   |
|m_axi_gmem2_ARADDR    | out |   32|    m_axi   |      gmem2     |    pointer   |
|m_axi_gmem2_ARID      | out |    1|    m_axi   |      gmem2     |    pointer   |
|m_axi_gmem2_ARLEN     | out |    8|    m_axi   |      gmem2     |    pointer   |
|m_axi_gmem2_ARSIZE    | out |    3|    m_axi   |      gmem2     |    pointer   |
|m_axi_gmem2_ARBURST   | out |    2|    m_axi   |      gmem2     |    pointer   |
|m_axi_gmem2_ARLOCK    | out |    2|    m_axi   |      gmem2     |    pointer   |
|m_axi_gmem2_ARCACHE   | out |    4|    m_axi   |      gmem2     |    pointer   |
|m_axi_gmem2_ARPROT    | out |    3|    m_axi   |      gmem2     |    pointer   |
|m_axi_gmem2_ARQOS     | out |    4|    m_axi   |      gmem2     |    pointer   |
|m_axi_gmem2_ARREGION  | out |    4|    m_axi   |      gmem2     |    pointer   |
|m_axi_gmem2_ARUSER    | out |    1|    m_axi   |      gmem2     |    pointer   |
|m_axi_gmem2_RVALID    |  in |    1|    m_axi   |      gmem2     |    pointer   |
|m_axi_gmem2_RREADY    | out |    1|    m_axi   |      gmem2     |    pointer   |
|m_axi_gmem2_RDATA     |  in |   32|    m_axi   |      gmem2     |    pointer   |
|m_axi_gmem2_RLAST     |  in |    1|    m_axi   |      gmem2     |    pointer   |
|m_axi_gmem2_RID       |  in |    1|    m_axi   |      gmem2     |    pointer   |
|m_axi_gmem2_RUSER     |  in |    1|    m_axi   |      gmem2     |    pointer   |
|m_axi_gmem2_RRESP     |  in |    2|    m_axi   |      gmem2     |    pointer   |
|m_axi_gmem2_BVALID    |  in |    1|    m_axi   |      gmem2     |    pointer   |
|m_axi_gmem2_BREADY    | out |    1|    m_axi   |      gmem2     |    pointer   |
|m_axi_gmem2_BRESP     |  in |    2|    m_axi   |      gmem2     |    pointer   |
|m_axi_gmem2_BID       |  in |    1|    m_axi   |      gmem2     |    pointer   |
|m_axi_gmem2_BUSER     |  in |    1|    m_axi   |      gmem2     |    pointer   |
|m_axi_gmem3_AWVALID   | out |    1|    m_axi   |      gmem3     |    pointer   |
|m_axi_gmem3_AWREADY   |  in |    1|    m_axi   |      gmem3     |    pointer   |
|m_axi_gmem3_AWADDR    | out |   32|    m_axi   |      gmem3     |    pointer   |
|m_axi_gmem3_AWID      | out |    1|    m_axi   |      gmem3     |    pointer   |
|m_axi_gmem3_AWLEN     | out |    8|    m_axi   |      gmem3     |    pointer   |
|m_axi_gmem3_AWSIZE    | out |    3|    m_axi   |      gmem3     |    pointer   |
|m_axi_gmem3_AWBURST   | out |    2|    m_axi   |      gmem3     |    pointer   |
|m_axi_gmem3_AWLOCK    | out |    2|    m_axi   |      gmem3     |    pointer   |
|m_axi_gmem3_AWCACHE   | out |    4|    m_axi   |      gmem3     |    pointer   |
|m_axi_gmem3_AWPROT    | out |    3|    m_axi   |      gmem3     |    pointer   |
|m_axi_gmem3_AWQOS     | out |    4|    m_axi   |      gmem3     |    pointer   |
|m_axi_gmem3_AWREGION  | out |    4|    m_axi   |      gmem3     |    pointer   |
|m_axi_gmem3_AWUSER    | out |    1|    m_axi   |      gmem3     |    pointer   |
|m_axi_gmem3_WVALID    | out |    1|    m_axi   |      gmem3     |    pointer   |
|m_axi_gmem3_WREADY    |  in |    1|    m_axi   |      gmem3     |    pointer   |
|m_axi_gmem3_WDATA     | out |   32|    m_axi   |      gmem3     |    pointer   |
|m_axi_gmem3_WSTRB     | out |    4|    m_axi   |      gmem3     |    pointer   |
|m_axi_gmem3_WLAST     | out |    1|    m_axi   |      gmem3     |    pointer   |
|m_axi_gmem3_WID       | out |    1|    m_axi   |      gmem3     |    pointer   |
|m_axi_gmem3_WUSER     | out |    1|    m_axi   |      gmem3     |    pointer   |
|m_axi_gmem3_ARVALID   | out |    1|    m_axi   |      gmem3     |    pointer   |
|m_axi_gmem3_ARREADY   |  in |    1|    m_axi   |      gmem3     |    pointer   |
|m_axi_gmem3_ARADDR    | out |   32|    m_axi   |      gmem3     |    pointer   |
|m_axi_gmem3_ARID      | out |    1|    m_axi   |      gmem3     |    pointer   |
|m_axi_gmem3_ARLEN     | out |    8|    m_axi   |      gmem3     |    pointer   |
|m_axi_gmem3_ARSIZE    | out |    3|    m_axi   |      gmem3     |    pointer   |
|m_axi_gmem3_ARBURST   | out |    2|    m_axi   |      gmem3     |    pointer   |
|m_axi_gmem3_ARLOCK    | out |    2|    m_axi   |      gmem3     |    pointer   |
|m_axi_gmem3_ARCACHE   | out |    4|    m_axi   |      gmem3     |    pointer   |
|m_axi_gmem3_ARPROT    | out |    3|    m_axi   |      gmem3     |    pointer   |
|m_axi_gmem3_ARQOS     | out |    4|    m_axi   |      gmem3     |    pointer   |
|m_axi_gmem3_ARREGION  | out |    4|    m_axi   |      gmem3     |    pointer   |
|m_axi_gmem3_ARUSER    | out |    1|    m_axi   |      gmem3     |    pointer   |
|m_axi_gmem3_RVALID    |  in |    1|    m_axi   |      gmem3     |    pointer   |
|m_axi_gmem3_RREADY    | out |    1|    m_axi   |      gmem3     |    pointer   |
|m_axi_gmem3_RDATA     |  in |   32|    m_axi   |      gmem3     |    pointer   |
|m_axi_gmem3_RLAST     |  in |    1|    m_axi   |      gmem3     |    pointer   |
|m_axi_gmem3_RID       |  in |    1|    m_axi   |      gmem3     |    pointer   |
|m_axi_gmem3_RUSER     |  in |    1|    m_axi   |      gmem3     |    pointer   |
|m_axi_gmem3_RRESP     |  in |    2|    m_axi   |      gmem3     |    pointer   |
|m_axi_gmem3_BVALID    |  in |    1|    m_axi   |      gmem3     |    pointer   |
|m_axi_gmem3_BREADY    | out |    1|    m_axi   |      gmem3     |    pointer   |
|m_axi_gmem3_BRESP     |  in |    2|    m_axi   |      gmem3     |    pointer   |
|m_axi_gmem3_BID       |  in |    1|    m_axi   |      gmem3     |    pointer   |
|m_axi_gmem3_BUSER     |  in |    1|    m_axi   |      gmem3     |    pointer   |
|feature_in            |  in |   32|   ap_none  |   feature_in   |    scalar    |
|weight                |  in |   32|   ap_none  |     weight     |    scalar    |
|bias                  |  in |   32|   ap_none  |      bias      |    scalar    |
|feature_out           |  in |   32|   ap_none  |   feature_out  |    scalar    |
+----------------------+-----+-----+------------+----------------+--------------+

