

================================================================
== Vivado HLS Report for 'p_anonymous_namespace_5'
================================================================
* Date:           Wed Sep  2 23:04:19 2026

* Version:        2019.1 (Build 2552052 on Fri May 24 15:28:33 MDT 2019)
* Project:        full_hls
* Solution:       solution1
* Product family: zynq
* Target device:  xc7z020-clg400-1


================================================================
== Performance Estimates
================================================================
+ Timing (ns): 
    * Summary: 
    +--------+-------+----------+------------+
    |  Clock | Target| Estimated| Uncertainty|
    +--------+-------+----------+------------+
    |ap_clk  |  10.00|     8.873|        1.25|
    +--------+-------+----------+------------+

+ Latency (clock cycles): 
    * Summary: 
    +--------+--------+--------+--------+---------+
    |     Latency     |     Interval    | Pipeline|
    |   min  |   max  |   min  |   max  |   Type  |
    +--------+--------+--------+--------+---------+
    |  602048|  602048|  602048|  602048|   none  |
    +--------+--------+--------+--------+---------+

    + Detail: 
        * Instance: 
        N/A

        * Loop: 
        +-------------------+--------+--------+----------+-----------+-----------+------+----------+
        |                   |     Latency     | Iteration|  Initiation Interval  | Trip |          |
        |     Loop Name     |   min  |   max  |  Latency |  achieved |   target  | Count| Pipelined|
        +-------------------+--------+--------+----------+-----------+-----------+------+----------+
        |- OUTPUT_CHANNEL   |  602040|  602040|      5017|          -|          -|   120|    no    |
        | + INPUT_CHANNEL   |    5008|    5008|       313|          -|          -|    16|    no    |
        |  ++ WINDOW_ROW    |      60|      60|        12|          -|          -|     5|    no    |
        |   +++ WINDOW_COL  |      10|      10|         2|          -|          -|     5|    no    |
        |  ++ MAC_LOOP      |     250|     250|        10|          -|          -|    25|    no    |
        +-------------------+--------+--------+----------+-----------+-----------+------+----------+



================================================================
== Utilization Estimates
================================================================
* Summary: 
+-----------------+---------+-------+--------+-------+-----+
|       Name      | BRAM_18K| DSP48E|   FF   |  LUT  | URAM|
+-----------------+---------+-------+--------+-------+-----+
|DSP              |        -|      1|       -|      -|    -|
|Expression       |        -|      -|       0|    286|    -|
|FIFO             |        -|      -|       -|      -|    -|
|Instance         |        -|      5|     348|    711|    -|
|Memory           |        0|      -|      64|     13|    0|
|Multiplexer      |        -|      -|       -|    255|    -|
|Register         |        -|      -|     364|      -|    -|
+-----------------+---------+-------+--------+-------+-----+
|Total            |        0|      6|     776|   1265|    0|
+-----------------+---------+-------+--------+-------+-----+
|Available        |      280|    220|  106400|  53200|    0|
+-----------------+---------+-------+--------+-------+-----+
|Utilization (%)  |        0|      2|   ~0   |      2|    0|
+-----------------+---------+-------+--------+-------+-----+

+ Detail: 
    * Instance: 
    +--------------------------+----------------------+---------+-------+-----+-----+-----+
    |         Instance         |        Module        | BRAM_18K| DSP48E|  FF | LUT | URAM|
    +--------------------------+----------------------+---------+-------+-----+-----+-----+
    |lenet_full_top_facud_U30  |lenet_full_top_facud  |        0|      2|  205|  390|    0|
    |lenet_full_top_fmdEe_U31  |lenet_full_top_fmdEe  |        0|      3|  143|  321|    0|
    +--------------------------+----------------------+---------+-------+-----+-----+-----+
    |Total                     |                      |        0|      5|  348|  711|    0|
    +--------------------------+----------------------+---------+-------+-----+-----+-----+

    * DSP48E: 
    +--------------------------+----------------------+--------------+
    |         Instance         |        Module        |  Expression  |
    +--------------------------+----------------------+--------------+
    |lenet_full_top_maibs_U32  |lenet_full_top_maibs  | i0 * i1 + i2 |
    +--------------------------+----------------------+--------------+

    * Memory: 
    +----------+----------------------+---------+----+----+-----+------+-----+------+-------------+
    |  Memory  |        Module        | BRAM_18K| FF | LUT| URAM| Words| Bits| Banks| W*Bits*Banks|
    +----------+----------------------+---------+----+----+-----+------+-----+------+-------------+
    |window_U  |p_anonymous_namesbkb  |        0|  64|  13|    0|    25|   32|     1|          800|
    +----------+----------------------+---------+----+----+-----+------+-----+------+-------------+
    |Total     |                      |        0|  64|  13|    0|    25|   32|     1|          800|
    +----------+----------------------+---------+----+----+-----+------+-----+------+-------------+

    * FIFO: 
    N/A

    * Expression: 
    +--------------------------+----------+-------+---+----+------------+------------+
    |       Variable Name      | Operation| DSP48E| FF| LUT| Bitwidth P0| Bitwidth P1|
    +--------------------------+----------+-------+---+----+------------+------------+
    |add_ln16_fu_400_p2        |     +    |      0|  0|  12|           3|           1|
    |add_ln18_fu_451_p2        |     +    |      0|  0|  12|           3|           1|
    |add_ln21_2_fu_416_p2      |     +    |      0|  0|  15|           7|           7|
    |add_ln21_3_fu_457_p2      |     +    |      0|  0|  15|           7|           7|
    |add_ln21_4_fu_466_p2      |     +    |      0|  0|  15|           9|           9|
    |add_ln21_fu_406_p2        |     +    |      0|  0|  15|           5|           5|
    |add_ln22_2_fu_485_p2      |     +    |      0|  0|  15|           5|           5|
    |add_ln22_fu_476_p2        |     +    |      0|  0|  13|           4|           4|
    |add_ln35_fu_500_p2        |     +    |      0|  0|  15|           5|           1|
    |add_ln36_1_fu_339_p2      |     +    |      0|  0|  38|          31|          31|
    |add_ln56_fu_292_p2        |     +    |      0|  0|  38|          31|           5|
    |add_ln60_fu_364_p2        |     +    |      0|  0|  15|           5|           1|
    |output_channel_fu_318_p2  |     +    |      0|  0|  15|           7|           1|
    |ap_block_state21          |    and   |      0|  0|   2|           1|           1|
    |icmp_ln16_fu_394_p2       |   icmp   |      0|  0|   9|           3|           3|
    |icmp_ln18_fu_445_p2       |   icmp   |      0|  0|   9|           3|           3|
    |icmp_ln35_fu_494_p2       |   icmp   |      0|  0|  11|           5|           4|
    |icmp_ln51_fu_312_p2       |   icmp   |      0|  0|  11|           7|           5|
    |icmp_ln59_fu_358_p2       |   icmp   |      0|  0|  11|           5|           6|
    +--------------------------+----------+-------+---+----+------------+------------+
    |Total                     |          |      0|  0| 286|         146|         100|
    +--------------------------+----------+-------+---+----+------------+------------+

    * Multiplexer: 
    +------------------------------+-----+-----------+-----+-----------+
    |             Name             | LUT | Input Size| Bits| Total Bits|
    +------------------------------+-----+-----------+-----+-----------+
    |accumulator_4_0_0_reg_255     |    9|          2|   32|         64|
    |accumulator_assign_0_reg_210  |    9|          2|   32|         64|
    |ap_NS_fsm                     |  141|         31|    1|         31|
    |bias_blk_n_AR                 |    9|          2|    1|          2|
    |bias_blk_n_R                  |    9|          2|    1|          2|
    |index_0_i_0_0_reg_267         |    9|          2|    5|         10|
    |input_channel_assign_reg_221  |    9|          2|    5|         10|
    |kernel_col_0_i_0_0_reg_244    |    9|          2|    3|          6|
    |kernel_row_0_i_0_0_reg_233    |    9|          2|    3|          6|
    |output_channel_0_reg_198      |    9|          2|    7|         14|
    |weight_blk_n_AR               |    9|          2|    1|          2|
    |weight_blk_n_R                |    9|          2|    1|          2|
    |window_address0               |   15|          3|    5|         15|
    +------------------------------+-----+-----------+-----+-----------+
    |Total                         |  255|         56|   97|        228|
    +------------------------------+-----+-----------+-----+-----------+

    * Register: 
    +------------------------------+----+----+-----+-----------+
    |             Name             | FF | LUT| Bits| Const Bits|
    +------------------------------+----+----+-----+-----------+
    |accumulator_4_0_0_reg_255     |  32|   0|   32|          0|
    |accumulator_assign_0_reg_210  |  32|   0|   32|          0|
    |add_ln16_reg_586              |   3|   0|    3|          0|
    |add_ln18_reg_609              |   3|   0|    3|          0|
    |add_ln21_2_reg_591            |   7|   0|    7|          0|
    |add_ln22_2_reg_619            |   5|   0|    5|          0|
    |add_ln35_reg_627              |   5|   0|    5|          0|
    |add_ln36_1_reg_544            |  31|   0|   31|          0|
    |add_ln56_reg_520              |  31|   0|   31|          0|
    |add_ln60_reg_568              |   5|   0|    5|          0|
    |ap_CS_fsm                     |  30|   0|   30|          0|
    |bias_addr_read_reg_555        |  32|   0|   32|          0|
    |index_0_i_0_0_reg_267         |   5|   0|    5|          0|
    |input_channel_assign_reg_221  |   5|   0|    5|          0|
    |kernel_col_0_i_0_0_reg_244    |   3|   0|    3|          0|
    |kernel_row_0_i_0_0_reg_233    |   3|   0|    3|          0|
    |output_channel_0_reg_198      |   7|   0|    7|          0|
    |output_channel_reg_539        |   7|   0|    7|          0|
    |shl_ln21_4_reg_596            |   7|   0|    9|          2|
    |shl_ln3_reg_601               |   3|   0|    5|          2|
    |tmp1_reg_647                  |  32|   0|   32|          0|
    |weight_addr_read_reg_637      |  32|   0|   32|          0|
    |zext_ln16_reg_578             |   3|   0|    4|          1|
    |zext_ln21_reg_573             |   4|   0|    7|          3|
    |zext_ln51_reg_531             |  30|   0|   31|          1|
    |zext_ln56_reg_560             |   7|   0|   64|         57|
    +------------------------------+----+----+-----+-----------+
    |Total                         | 364|   0|  430|         66|
    +------------------------------+----+----+-----+-----------+



================================================================
== Interface
================================================================
* Summary: 
+-----------------------+-----+-----+------------+------------------------+--------------+
|       RTL Ports       | Dir | Bits|  Protocol  |      Source Object     |    C Type    |
+-----------------------+-----+-----+------------+------------------------+--------------+
|ap_clk                 |  in |    1| ap_ctrl_hs | (anonymous namespace.5 | return value |
|ap_rst                 |  in |    1| ap_ctrl_hs | (anonymous namespace.5 | return value |
|ap_start               |  in |    1| ap_ctrl_hs | (anonymous namespace.5 | return value |
|ap_done                | out |    1| ap_ctrl_hs | (anonymous namespace.5 | return value |
|ap_idle                | out |    1| ap_ctrl_hs | (anonymous namespace.5 | return value |
|ap_ready               | out |    1| ap_ctrl_hs | (anonymous namespace.5 | return value |
|feature_in_address0    | out |    9|  ap_memory |       feature_in       |     array    |
|feature_in_ce0         | out |    1|  ap_memory |       feature_in       |     array    |
|feature_in_q0          |  in |   32|  ap_memory |       feature_in       |     array    |
|m_axi_weight_AWVALID   | out |    1|    m_axi   |         weight         |    pointer   |
|m_axi_weight_AWREADY   |  in |    1|    m_axi   |         weight         |    pointer   |
|m_axi_weight_AWADDR    | out |   32|    m_axi   |         weight         |    pointer   |
|m_axi_weight_AWID      | out |    1|    m_axi   |         weight         |    pointer   |
|m_axi_weight_AWLEN     | out |   32|    m_axi   |         weight         |    pointer   |
|m_axi_weight_AWSIZE    | out |    3|    m_axi   |         weight         |    pointer   |
|m_axi_weight_AWBURST   | out |    2|    m_axi   |         weight         |    pointer   |
|m_axi_weight_AWLOCK    | out |    2|    m_axi   |         weight         |    pointer   |
|m_axi_weight_AWCACHE   | out |    4|    m_axi   |         weight         |    pointer   |
|m_axi_weight_AWPROT    | out |    3|    m_axi   |         weight         |    pointer   |
|m_axi_weight_AWQOS     | out |    4|    m_axi   |         weight         |    pointer   |
|m_axi_weight_AWREGION  | out |    4|    m_axi   |         weight         |    pointer   |
|m_axi_weight_AWUSER    | out |    1|    m_axi   |         weight         |    pointer   |
|m_axi_weight_WVALID    | out |    1|    m_axi   |         weight         |    pointer   |
|m_axi_weight_WREADY    |  in |    1|    m_axi   |         weight         |    pointer   |
|m_axi_weight_WDATA     | out |   32|    m_axi   |         weight         |    pointer   |
|m_axi_weight_WSTRB     | out |    4|    m_axi   |         weight         |    pointer   |
|m_axi_weight_WLAST     | out |    1|    m_axi   |         weight         |    pointer   |
|m_axi_weight_WID       | out |    1|    m_axi   |         weight         |    pointer   |
|m_axi_weight_WUSER     | out |    1|    m_axi   |         weight         |    pointer   |
|m_axi_weight_ARVALID   | out |    1|    m_axi   |         weight         |    pointer   |
|m_axi_weight_ARREADY   |  in |    1|    m_axi   |         weight         |    pointer   |
|m_axi_weight_ARADDR    | out |   32|    m_axi   |         weight         |    pointer   |
|m_axi_weight_ARID      | out |    1|    m_axi   |         weight         |    pointer   |
|m_axi_weight_ARLEN     | out |   32|    m_axi   |         weight         |    pointer   |
|m_axi_weight_ARSIZE    | out |    3|    m_axi   |         weight         |    pointer   |
|m_axi_weight_ARBURST   | out |    2|    m_axi   |         weight         |    pointer   |
|m_axi_weight_ARLOCK    | out |    2|    m_axi   |         weight         |    pointer   |
|m_axi_weight_ARCACHE   | out |    4|    m_axi   |         weight         |    pointer   |
|m_axi_weight_ARPROT    | out |    3|    m_axi   |         weight         |    pointer   |
|m_axi_weight_ARQOS     | out |    4|    m_axi   |         weight         |    pointer   |
|m_axi_weight_ARREGION  | out |    4|    m_axi   |         weight         |    pointer   |
|m_axi_weight_ARUSER    | out |    1|    m_axi   |         weight         |    pointer   |
|m_axi_weight_RVALID    |  in |    1|    m_axi   |         weight         |    pointer   |
|m_axi_weight_RREADY    | out |    1|    m_axi   |         weight         |    pointer   |
|m_axi_weight_RDATA     |  in |   32|    m_axi   |         weight         |    pointer   |
|m_axi_weight_RLAST     |  in |    1|    m_axi   |         weight         |    pointer   |
|m_axi_weight_RID       |  in |    1|    m_axi   |         weight         |    pointer   |
|m_axi_weight_RUSER     |  in |    1|    m_axi   |         weight         |    pointer   |
|m_axi_weight_RRESP     |  in |    2|    m_axi   |         weight         |    pointer   |
|m_axi_weight_BVALID    |  in |    1|    m_axi   |         weight         |    pointer   |
|m_axi_weight_BREADY    | out |    1|    m_axi   |         weight         |    pointer   |
|m_axi_weight_BRESP     |  in |    2|    m_axi   |         weight         |    pointer   |
|m_axi_weight_BID       |  in |    1|    m_axi   |         weight         |    pointer   |
|m_axi_weight_BUSER     |  in |    1|    m_axi   |         weight         |    pointer   |
|weight_offset          |  in |   30|   ap_none  |      weight_offset     |    scalar    |
|m_axi_bias_AWVALID     | out |    1|    m_axi   |          bias          |    pointer   |
|m_axi_bias_AWREADY     |  in |    1|    m_axi   |          bias          |    pointer   |
|m_axi_bias_AWADDR      | out |   32|    m_axi   |          bias          |    pointer   |
|m_axi_bias_AWID        | out |    1|    m_axi   |          bias          |    pointer   |
|m_axi_bias_AWLEN       | out |   32|    m_axi   |          bias          |    pointer   |
|m_axi_bias_AWSIZE      | out |    3|    m_axi   |          bias          |    pointer   |
|m_axi_bias_AWBURST     | out |    2|    m_axi   |          bias          |    pointer   |
|m_axi_bias_AWLOCK      | out |    2|    m_axi   |          bias          |    pointer   |
|m_axi_bias_AWCACHE     | out |    4|    m_axi   |          bias          |    pointer   |
|m_axi_bias_AWPROT      | out |    3|    m_axi   |          bias          |    pointer   |
|m_axi_bias_AWQOS       | out |    4|    m_axi   |          bias          |    pointer   |
|m_axi_bias_AWREGION    | out |    4|    m_axi   |          bias          |    pointer   |
|m_axi_bias_AWUSER      | out |    1|    m_axi   |          bias          |    pointer   |
|m_axi_bias_WVALID      | out |    1|    m_axi   |          bias          |    pointer   |
|m_axi_bias_WREADY      |  in |    1|    m_axi   |          bias          |    pointer   |
|m_axi_bias_WDATA       | out |   32|    m_axi   |          bias          |    pointer   |
|m_axi_bias_WSTRB       | out |    4|    m_axi   |          bias          |    pointer   |
|m_axi_bias_WLAST       | out |    1|    m_axi   |          bias          |    pointer   |
|m_axi_bias_WID         | out |    1|    m_axi   |          bias          |    pointer   |
|m_axi_bias_WUSER       | out |    1|    m_axi   |          bias          |    pointer   |
|m_axi_bias_ARVALID     | out |    1|    m_axi   |          bias          |    pointer   |
|m_axi_bias_ARREADY     |  in |    1|    m_axi   |          bias          |    pointer   |
|m_axi_bias_ARADDR      | out |   32|    m_axi   |          bias          |    pointer   |
|m_axi_bias_ARID        | out |    1|    m_axi   |          bias          |    pointer   |
|m_axi_bias_ARLEN       | out |   32|    m_axi   |          bias          |    pointer   |
|m_axi_bias_ARSIZE      | out |    3|    m_axi   |          bias          |    pointer   |
|m_axi_bias_ARBURST     | out |    2|    m_axi   |          bias          |    pointer   |
|m_axi_bias_ARLOCK      | out |    2|    m_axi   |          bias          |    pointer   |
|m_axi_bias_ARCACHE     | out |    4|    m_axi   |          bias          |    pointer   |
|m_axi_bias_ARPROT      | out |    3|    m_axi   |          bias          |    pointer   |
|m_axi_bias_ARQOS       | out |    4|    m_axi   |          bias          |    pointer   |
|m_axi_bias_ARREGION    | out |    4|    m_axi   |          bias          |    pointer   |
|m_axi_bias_ARUSER      | out |    1|    m_axi   |          bias          |    pointer   |
|m_axi_bias_RVALID      |  in |    1|    m_axi   |          bias          |    pointer   |
|m_axi_bias_RREADY      | out |    1|    m_axi   |          bias          |    pointer   |
|m_axi_bias_RDATA       |  in |   32|    m_axi   |          bias          |    pointer   |
|m_axi_bias_RLAST       |  in |    1|    m_axi   |          bias          |    pointer   |
|m_axi_bias_RID         |  in |    1|    m_axi   |          bias          |    pointer   |
|m_axi_bias_RUSER       |  in |    1|    m_axi   |          bias          |    pointer   |
|m_axi_bias_RRESP       |  in |    2|    m_axi   |          bias          |    pointer   |
|m_axi_bias_BVALID      |  in |    1|    m_axi   |          bias          |    pointer   |
|m_axi_bias_BREADY      | out |    1|    m_axi   |          bias          |    pointer   |
|m_axi_bias_BRESP       |  in |    2|    m_axi   |          bias          |    pointer   |
|m_axi_bias_BID         |  in |    1|    m_axi   |          bias          |    pointer   |
|m_axi_bias_BUSER       |  in |    1|    m_axi   |          bias          |    pointer   |
|bias_offset            |  in |   30|   ap_none  |       bias_offset      |    scalar    |
|feature_out_address0   | out |    7|  ap_memory |       feature_out      |     array    |
|feature_out_ce0        | out |    1|  ap_memory |       feature_out      |     array    |
|feature_out_we0        | out |    1|  ap_memory |       feature_out      |     array    |
|feature_out_d0         | out |   32|  ap_memory |       feature_out      |     array    |
+-----------------------+-----+-----+------------+------------------------+--------------+

