

================================================================
== Vivado HLS Report for 'p_anonymous_namespace_1'
================================================================
* Date:           Wed Sep  2 23:04:19 2026

* Version:        2019.1 (Build 2552052 on Fri May 24 15:28:33 MDT 2019)
* Project:        full_hls
* Solution:       solution1
* Product family: zynq
* Target device:  xc7z020-clg400-1


================================================================
== Performance Estimates
================================================================
+ Timing (ns): 
    * Summary: 
    +--------+-------+----------+------------+
    |  Clock | Target| Estimated| Uncertainty|
    +--------+-------+----------+------------+
    |ap_clk  |  10.00|     8.685|        1.25|
    +--------+-------+----------+------------+

+ Latency (clock cycles): 
    * Summary: 
    +------+------+------+------+---------+
    |   Latency   |   Interval  | Pipeline|
    |  min |  max |  min |  max |   Type  |
    +------+------+------+------+---------+
    |  7393|  7393|  7393|  7393|   none  |
    +------+------+------+------+---------+

    + Detail: 
        * Instance: 
        N/A

        * Loop: 
        +--------------------------+------+------+----------+-----------+-----------+------+----------+
        |                          |   Latency   | Iteration|  Initiation Interval  | Trip |          |
        |         Loop Name        |  min |  max |  Latency |  achieved |   target  | Count| Pipelined|
        +--------------------------+------+------+----------+-----------+-----------+------+----------+
        |- POOL_CHANNEL            |  7392|  7392|       462|          -|          -|    16|    no    |
        | + POOL_ROW               |   460|   460|        92|          -|          -|     5|    no    |
        |  ++ POOL_COL             |    90|    90|        18|          -|          -|     5|    no    |
        |   +++ POOL_KERNEL_ROW    |    16|    16|         8|          -|          -|     2|    no    |
        |    ++++ POOL_KERNEL_COL  |     6|     6|         3|          -|          -|     2|    no    |
        +--------------------------+------+------+----------+-----------+-----------+------+----------+



================================================================
== Utilization Estimates
================================================================
* Summary: 
+-----------------+---------+-------+--------+-------+-----+
|       Name      | BRAM_18K| DSP48E|   FF   |  LUT  | URAM|
+-----------------+---------+-------+--------+-------+-----+
|DSP              |        -|      -|       -|      -|    -|
|Expression       |        -|      -|       0|    333|    -|
|FIFO             |        -|      -|       -|      -|    -|
|Instance         |        -|      0|      66|    239|    -|
|Memory           |        -|      -|       -|      -|    -|
|Multiplexer      |        -|      -|       -|    107|    -|
|Register         |        -|      -|     181|      -|    -|
+-----------------+---------+-------+--------+-------+-----+
|Total            |        0|      0|     247|    679|    0|
+-----------------+---------+-------+--------+-------+-----+
|Available        |      280|    220|  106400|  53200|    0|
+-----------------+---------+-------+--------+-------+-----+
|Utilization (%)  |        0|      0|   ~0   |      1|    0|
+-----------------+---------+-------+--------+-------+-----+

+ Detail: 
    * Instance: 
    +--------------------------+----------------------+---------+-------+----+-----+-----+
    |         Instance         |        Module        | BRAM_18K| DSP48E| FF | LUT | URAM|
    +--------------------------+----------------------+---------+-------+----+-----+-----+
    |lenet_full_top_fceOg_U27  |lenet_full_top_fceOg  |        0|      0|  66|  239|    0|
    +--------------------------+----------------------+---------+-------+----+-----+-----+
    |Total                     |                      |        0|      0|  66|  239|    0|
    +--------------------------+----------------------+---------+-------+----+-----+-----+

    * DSP48E: 
    N/A

    * Memory: 
    N/A

    * FIFO: 
    N/A

    * Expression: 
    +------------------------+----------+-------+---+----+------------+------------+
    |      Variable Name     | Operation| DSP48E| FF| LUT| Bitwidth P0| Bitwidth P1|
    +------------------------+----------+-------+---+----+------------+------------+
    |add_ln105_1_fu_276_p2   |     +    |      0|  0|  15|           6|           6|
    |add_ln105_2_fu_359_p2   |     +    |      0|  0|  13|          11|          11|
    |add_ln105_3_fu_399_p2   |     +    |      0|  0|  13|           4|           4|
    |add_ln105_fu_334_p2     |     +    |      0|  0|  15|           8|           8|
    |add_ln114_1_fu_253_p2   |     +    |      0|  0|  15|           5|           5|
    |add_ln114_2_fu_365_p2   |     +    |      0|  0|  15|           7|           7|
    |add_ln114_fu_263_p2     |     +    |      0|  0|  15|           7|           7|
    |channel_fu_193_p2       |     +    |      0|  0|  15|           5|           1|
    |input_index_fu_408_p2   |     +    |      0|  0|  13|          11|          11|
    |kernel_col_fu_393_p2    |     +    |      0|  0|  10|           2|           1|
    |kernel_row_fu_315_p2    |     +    |      0|  0|  10|           2|           1|
    |output_col_fu_295_p2    |     +    |      0|  0|  12|           3|           1|
    |output_index_fu_373_p2  |     +    |      0|  0|  15|           9|           9|
    |output_row_fu_235_p2    |     +    |      0|  0|  12|           3|           1|
    |and_ln107_1_fu_495_p2   |    and   |      0|  0|   2|           1|           1|
    |and_ln107_fu_489_p2     |    and   |      0|  0|   2|           1|           1|
    |icmp_ln101_fu_387_p2    |   icmp   |      0|  0|   9|           2|           3|
    |icmp_ln107_1_fu_459_p2  |   icmp   |      0|  0|  18|          23|           1|
    |icmp_ln107_2_fu_471_p2  |   icmp   |      0|  0|  11|           8|           2|
    |icmp_ln107_3_fu_477_p2  |   icmp   |      0|  0|  18|          23|           1|
    |icmp_ln107_fu_453_p2    |   icmp   |      0|  0|  11|           8|           2|
    |icmp_ln91_fu_187_p2     |   icmp   |      0|  0|  11|           5|           6|
    |icmp_ln93_fu_229_p2     |   icmp   |      0|  0|   9|           3|           3|
    |icmp_ln95_fu_289_p2     |   icmp   |      0|  0|   9|           3|           3|
    |icmp_ln99_fu_309_p2     |   icmp   |      0|  0|   9|           2|           3|
    |or_ln107_1_fu_483_p2    |    or    |      0|  0|   2|           1|           1|
    |or_ln107_fu_465_p2      |    or    |      0|  0|   2|           1|           1|
    |maximum_2_fu_501_p3     |  select  |      0|  0|  32|           1|          32|
    +------------------------+----------+-------+---+----+------------+------------+
    |Total                   |          |      0|  0| 333|         165|         133|
    +------------------------+----------+-------+---+----+------------+------------+

    * Multiplexer: 
    +----------------------+----+-----------+-----+-----------+
    |         Name         | LUT| Input Size| Bits| Total Bits|
    +----------------------+----+-----------+-----+-----------+
    |ap_NS_fsm             |  44|          9|    1|          9|
    |channel_0_reg_100     |   9|          2|    5|         10|
    |kernel_col_0_reg_170  |   9|          2|    2|          4|
    |kernel_row_0_reg_147  |   9|          2|    2|          4|
    |maximum_0_reg_134     |   9|          2|   32|         64|
    |maximum_1_reg_158     |   9|          2|   32|         64|
    |output_col_0_reg_123  |   9|          2|    3|          6|
    |output_row_0_reg_112  |   9|          2|    3|          6|
    +----------------------+----+-----------+-----+-----------+
    |Total                 | 107|         23|   80|        167|
    +----------------------+----+-----------+-----+-----------+

    * Register: 
    +----------------------+----+----+-----+-----------+
    |         Name         | FF | LUT| Bits| Const Bits|
    +----------------------+----+----+-----+-----------+
    |add_ln105_2_reg_580   |  10|   0|   11|          1|
    |add_ln114_reg_539     |   7|   0|    7|          0|
    |ap_CS_fsm             |   8|   0|    8|          0|
    |channel_0_reg_100     |   5|   0|    5|          0|
    |channel_reg_511       |   5|   0|    5|          0|
    |kernel_col_0_reg_170  |   2|   0|    2|          0|
    |kernel_col_reg_588    |   2|   0|    2|          0|
    |kernel_row_0_reg_147  |   2|   0|    2|          0|
    |kernel_row_reg_575    |   2|   0|    2|          0|
    |maximum_0_reg_134     |  32|   0|   32|          0|
    |maximum_1_reg_158     |  32|   0|   32|          0|
    |output_col_0_reg_123  |   3|   0|    3|          0|
    |output_col_reg_562    |   3|   0|    3|          0|
    |output_row_0_reg_112  |   3|   0|    3|          0|
    |output_row_reg_534    |   3|   0|    3|          0|
    |shl_ln114_4_reg_544   |   7|   0|    9|          2|
    |shl_ln9_reg_567       |   3|   0|    4|          1|
    |trunc_ln105_reg_516   |   4|   0|    4|          0|
    |value_reg_598         |  32|   0|   32|          0|
    |zext_ln105_1_reg_549  |   5|   0|    8|          3|
    |zext_ln105_reg_521    |   4|   0|    6|          2|
    |zext_ln114_reg_526    |   4|   0|    7|          3|
    |zext_ln95_reg_554     |   3|   0|    7|          4|
    +----------------------+----+----+-----+-----------+
    |Total                 | 181|   0|  197|         16|
    +----------------------+----+----+-----+-----------+



================================================================
== Interface
================================================================
* Summary: 
+----------------------+-----+-----+------------+------------------------+--------------+
|       RTL Ports      | Dir | Bits|  Protocol  |      Source Object     |    C Type    |
+----------------------+-----+-----+------------+------------------------+--------------+
|ap_clk                |  in |    1| ap_ctrl_hs | (anonymous namespace.1 | return value |
|ap_rst                |  in |    1| ap_ctrl_hs | (anonymous namespace.1 | return value |
|ap_start              |  in |    1| ap_ctrl_hs | (anonymous namespace.1 | return value |
|ap_done               | out |    1| ap_ctrl_hs | (anonymous namespace.1 | return value |
|ap_idle               | out |    1| ap_ctrl_hs | (anonymous namespace.1 | return value |
|ap_ready              | out |    1| ap_ctrl_hs | (anonymous namespace.1 | return value |
|feature_in_address0   | out |   11|  ap_memory |       feature_in       |     array    |
|feature_in_ce0        | out |    1|  ap_memory |       feature_in       |     array    |
|feature_in_q0         |  in |   32|  ap_memory |       feature_in       |     array    |
|feature_out_address0  | out |    9|  ap_memory |       feature_out      |     array    |
|feature_out_ce0       | out |    1|  ap_memory |       feature_out      |     array    |
|feature_out_we0       | out |    1|  ap_memory |       feature_out      |     array    |
|feature_out_d0        | out |   32|  ap_memory |       feature_out      |     array    |
+----------------------+-----+-----+------------+------------------------+--------------+

