

================================================================
== Vivado HLS Report for 'p_anonymous_namespace'
================================================================
* Date:           Wed Sep  2 23:04:18 2026

* Version:        2019.1 (Build 2552052 on Fri May 24 15:28:33 MDT 2019)
* Project:        full_hls
* Solution:       solution1
* Product family: zynq
* Target device:  xc7z020-clg400-1


================================================================
== Performance Estimates
================================================================
+ Timing (ns): 
    * Summary: 
    +--------+-------+----------+------------+
    |  Clock | Target| Estimated| Uncertainty|
    +--------+-------+----------+------------+
    |ap_clk  |  10.00|     8.685|        1.25|
    +--------+-------+----------+------------+

+ Latency (clock cycles): 
    * Summary: 
    +-------+-------+-------+-------+---------+
    |    Latency    |    Interval   | Pipeline|
    |  min  |  max  |  min  |  max  |   Type  |
    +-------+-------+-------+-------+---------+
    |  21349|  21349|  21349|  21349|   none  |
    +-------+-------+-------+-------+---------+

    + Detail: 
        * Instance: 
        N/A

        * Loop: 
        +--------------------------+-------+-------+----------+-----------+-----------+------+----------+
        |                          |    Latency    | Iteration|  Initiation Interval  | Trip |          |
        |         Loop Name        |  min  |  max  |  Latency |  achieved |   target  | Count| Pipelined|
        +--------------------------+-------+-------+----------+-----------+-----------+------+----------+
        |- POOL_CHANNEL            |  21348|  21348|      3558|          -|          -|     6|    no    |
        | + POOL_ROW               |   3556|   3556|       254|          -|          -|    14|    no    |
        |  ++ POOL_COL             |    252|    252|        18|          -|          -|    14|    no    |
        |   +++ POOL_KERNEL_ROW    |     16|     16|         8|          -|          -|     2|    no    |
        |    ++++ POOL_KERNEL_COL  |      6|      6|         3|          -|          -|     2|    no    |
        +--------------------------+-------+-------+----------+-----------+-----------+------+----------+



================================================================
== Utilization Estimates
================================================================
* Summary: 
+-----------------+---------+-------+--------+-------+-----+
|       Name      | BRAM_18K| DSP48E|   FF   |  LUT  | URAM|
+-----------------+---------+-------+--------+-------+-----+
|DSP              |        -|      -|       -|      -|    -|
|Expression       |        -|      -|       0|    338|    -|
|FIFO             |        -|      -|       -|      -|    -|
|Instance         |        -|      0|      66|    239|    -|
|Memory           |        -|      -|       -|      -|    -|
|Multiplexer      |        -|      -|       -|    107|    -|
|Register         |        -|      -|     183|      -|    -|
+-----------------+---------+-------+--------+-------+-----+
|Total            |        0|      0|     249|    684|    0|
+-----------------+---------+-------+--------+-------+-----+
|Available        |      280|    220|  106400|  53200|    0|
+-----------------+---------+-------+--------+-------+-----+
|Utilization (%)  |        0|      0|   ~0   |      1|    0|
+-----------------+---------+-------+--------+-------+-----+

+ Detail: 
    * Instance: 
    +--------------------------+----------------------+---------+-------+----+-----+-----+
    |         Instance         |        Module        | BRAM_18K| DSP48E| FF | LUT | URAM|
    +--------------------------+----------------------+---------+-------+----+-----+-----+
    |lenet_full_top_fceOg_U13  |lenet_full_top_fceOg  |        0|      0|  66|  239|    0|
    +--------------------------+----------------------+---------+-------+----+-----+-----+
    |Total                     |                      |        0|      0|  66|  239|    0|
    +--------------------------+----------------------+---------+-------+----+-----+-----+

    * DSP48E: 
    N/A

    * Memory: 
    N/A

    * FIFO: 
    N/A

    * Expression: 
    +------------------------+----------+-------+---+----+------------+------------+
    |      Variable Name     | Operation| DSP48E| FF| LUT| Bitwidth P0| Bitwidth P1|
    +------------------------+----------+-------+---+----+------------+------------+
    |add_ln105_1_fu_373_p2   |     +    |      0|  0|  15|           5|           5|
    |add_ln105_fu_382_p2     |     +    |      0|  0|  15|           9|           9|
    |add_ln114_fu_298_p2     |     +    |      0|  0|  15|           8|           8|
    |channel_fu_208_p2       |     +    |      0|  0|  12|           3|           1|
    |input_index_fu_455_p2   |     +    |      0|  0|  19|          14|          14|
    |kernel_col_fu_432_p2    |     +    |      0|  0|  10|           2|           1|
    |kernel_row_fu_367_p2    |     +    |      0|  0|  10|           2|           1|
    |output_col_fu_339_p2    |     +    |      0|  0|  13|           4|           1|
    |output_index_fu_413_p2  |     +    |      0|  0|  12|          12|          12|
    |output_row_fu_284_p2    |     +    |      0|  0|  13|           4|           1|
    |sub_ln105_1_fu_407_p2   |     -    |      0|  0|  19|          14|          14|
    |sub_ln105_fu_238_p2     |     -    |      0|  0|  15|           9|           9|
    |sub_ln114_1_fu_323_p2   |     -    |      0|  0|  12|          12|          12|
    |sub_ln114_fu_268_p2     |     -    |      0|  0|  15|           8|           8|
    |and_ln107_1_fu_546_p2   |    and   |      0|  0|   2|           1|           1|
    |and_ln107_fu_540_p2     |    and   |      0|  0|   2|           1|           1|
    |icmp_ln101_fu_426_p2    |   icmp   |      0|  0|   9|           2|           3|
    |icmp_ln107_1_fu_510_p2  |   icmp   |      0|  0|  18|          23|           1|
    |icmp_ln107_2_fu_522_p2  |   icmp   |      0|  0|  11|           8|           2|
    |icmp_ln107_3_fu_528_p2  |   icmp   |      0|  0|  18|          23|           1|
    |icmp_ln107_fu_504_p2    |   icmp   |      0|  0|  11|           8|           2|
    |icmp_ln91_fu_202_p2     |   icmp   |      0|  0|   9|           3|           3|
    |icmp_ln93_fu_278_p2     |   icmp   |      0|  0|   9|           4|           3|
    |icmp_ln95_fu_333_p2     |   icmp   |      0|  0|   9|           4|           3|
    |icmp_ln99_fu_361_p2     |   icmp   |      0|  0|   9|           2|           3|
    |or_ln107_1_fu_534_p2    |    or    |      0|  0|   2|           1|           1|
    |or_ln107_fu_516_p2      |    or    |      0|  0|   2|           1|           1|
    |maximum_3_fu_552_p3     |  select  |      0|  0|  32|           1|          32|
    +------------------------+----------+-------+---+----+------------+------------+
    |Total                   |          |      0|  0| 338|         188|         153|
    +------------------------+----------+-------+---+----+------------+------------+

    * Multiplexer: 
    +----------------------+----+-----------+-----+-----------+
    |         Name         | LUT| Input Size| Bits| Total Bits|
    +----------------------+----+-----------+-----+-----------+
    |ap_NS_fsm             |  44|          9|    1|          9|
    |channel_0_reg_116     |   9|          2|    3|          6|
    |kernel_col_0_reg_185  |   9|          2|    2|          4|
    |kernel_row_0_reg_162  |   9|          2|    2|          4|
    |maximum_0_reg_149     |   9|          2|   32|         64|
    |maximum_1_reg_173     |   9|          2|   32|         64|
    |output_col_0_reg_138  |   9|          2|    4|          8|
    |output_row_0_reg_127  |   9|          2|    4|          8|
    +----------------------+----+-----------+-----+-----------+
    |Total                 | 107|         23|   80|        167|
    +----------------------+----+-----------+-----+-----------+

    * Register: 
    +----------------------+----+----+-----+-----------+
    |         Name         | FF | LUT| Bits| Const Bits|
    +----------------------+----+----+-----+-----------+
    |ap_CS_fsm             |   8|   0|    8|          0|
    |channel_0_reg_116     |   3|   0|    3|          0|
    |channel_reg_562       |   3|   0|    3|          0|
    |kernel_col_0_reg_185  |   2|   0|    2|          0|
    |kernel_col_reg_629    |   2|   0|    2|          0|
    |kernel_row_0_reg_162  |   2|   0|    2|          0|
    |kernel_row_reg_616    |   2|   0|    2|          0|
    |maximum_0_reg_149     |  32|   0|   32|          0|
    |maximum_1_reg_173     |  32|   0|   32|          0|
    |output_col_0_reg_138  |   4|   0|    4|          0|
    |output_col_reg_603    |   4|   0|    4|          0|
    |output_row_0_reg_127  |   4|   0|    4|          0|
    |output_row_reg_580    |   4|   0|    4|          0|
    |shl_ln2_reg_585       |   4|   0|    5|          1|
    |sub_ln105_1_reg_621   |  12|   0|   14|          2|
    |sub_ln105_reg_567     |   7|   0|    9|          2|
    |sub_ln114_1_reg_590   |  11|   0|   12|          1|
    |sub_ln114_reg_572     |   7|   0|    8|          1|
    |value_reg_639         |  32|   0|   32|          0|
    |zext_ln103_reg_608    |   4|   0|   14|         10|
    |zext_ln95_reg_595     |   4|   0|   12|          8|
    +----------------------+----+----+-----+-----------+
    |Total                 | 183|   0|  208|         25|
    +----------------------+----+----+-----+-----------+



================================================================
== Interface
================================================================
* Summary: 
+----------------------+-----+-----+------------+----------------------+--------------+
|       RTL Ports      | Dir | Bits|  Protocol  |     Source Object    |    C Type    |
+----------------------+-----+-----+------------+----------------------+--------------+
|ap_clk                |  in |    1| ap_ctrl_hs | (anonymous namespace | return value |
|ap_rst                |  in |    1| ap_ctrl_hs | (anonymous namespace | return value |
|ap_start              |  in |    1| ap_ctrl_hs | (anonymous namespace | return value |
|ap_done               | out |    1| ap_ctrl_hs | (anonymous namespace | return value |
|ap_idle               | out |    1| ap_ctrl_hs | (anonymous namespace | return value |
|ap_ready              | out |    1| ap_ctrl_hs | (anonymous namespace | return value |
|feature_in_address0   | out |   13|  ap_memory |      feature_in      |     array    |
|feature_in_ce0        | out |    1|  ap_memory |      feature_in      |     array    |
|feature_in_q0         |  in |   32|  ap_memory |      feature_in      |     array    |
|feature_out_address0  | out |   11|  ap_memory |      feature_out     |     array    |
|feature_out_ce0       | out |    1|  ap_memory |      feature_out     |     array    |
|feature_out_we0       | out |    1|  ap_memory |      feature_out     |     array    |
|feature_out_d0        | out |   32|  ap_memory |      feature_out     |     array    |
+----------------------+-----+-----+------------+----------------------+--------------+

