
****** Vitis HLS - High-Level Synthesis from C, C++ and OpenCL v2022.2 (64-bit)
  **** SW Build 3670227 on Oct 13 2022
  **** IP Build 3669848 on Fri Oct 14 08:30:02 MDT 2022
    ** Copyright 1986-2022 Xilinx, Inc. All Rights Reserved.

source D:/Vitis_HLS/2022.2/scripts/vitis_hls/hls.tcl -notrace
INFO: [HLS 200-10] Running 'D:/Vitis_HLS/2022.2/bin/unwrapped/win64.o/vitis_hls.exe'
INFO: [HLS 200-10] For user '13601' on host 'laptop-725l4p7s' (Windows NT_amd64 version 6.2) on Tue Sep 08 19:24:50 +0800 2026
INFO: [HLS 200-10] In directory 'D:/lenet_project/member_d_pe/member_c_conv_hls'
Sourcing Tcl script 'run_conv2.tcl'
INFO: [HLS 200-1510] Running: open_project -reset conv2_hls 
INFO: [HLS 200-10] Opening and resetting project 'D:/lenet_project/member_d_pe/member_c_conv_hls/build_conv2/conv2_hls'.
INFO: [HLS 200-1510] Running: set_top lenet_conv2_top 
INFO: [HLS 200-1510] Running: add_files D:/lenet_project/member_d_pe/member_c_conv_hls/src/lenet_conv.cpp -cflags -std=c++11 -ID:/lenet_project/member_d_pe/member_c_conv_hls/include -ID:/lenet_project/member_d_pe/member_c_conv_hls/tb 
INFO: [HLS 200-10] Adding design file 'D:/lenet_project/member_d_pe/member_c_conv_hls/src/lenet_conv.cpp' to the project
INFO: [HLS 200-1510] Running: add_files -tb D:/lenet_project/member_d_pe/member_c_conv_hls/tb/tb_lenet_conv.cpp -cflags -std=c++11 -ID:/lenet_project/member_d_pe/member_c_conv_hls/include -ID:/lenet_project/member_d_pe/member_c_conv_hls/tb -DLENET_HLS_TOP_CONV2 
INFO: [HLS 200-10] Adding test bench file 'D:/lenet_project/member_d_pe/member_c_conv_hls/tb/tb_lenet_conv.cpp' to the project
INFO: [HLS 200-1510] Running: open_solution -reset solution1 
INFO: [HLS 200-10] Creating and opening solution 'D:/lenet_project/member_d_pe/member_c_conv_hls/build_conv2/conv2_hls/solution1'.
INFO: [HLS 200-10] Cleaning up the solution database.
INFO: [HLS 200-1505] Using default flow_target 'vivado'
Resolution: For help on HLS 200-1505 see www.xilinx.com/cgi-bin/docs/rdoc?v=2022.2;t=hls+guidance;d=200-1505.html
INFO: [HLS 200-435] Setting 'open_solution -flow_target vivado' configuration: config_interface -m_axi_latency=0
INFO: [HLS 200-1510] Running: set_part xc7z020clg400-1 
INFO: [HLS 200-1611] Setting target device to 'xc7z020-clg400-1'
INFO: [HLS 200-1510] Running: create_clock -period 10.0 -name default 
INFO: [SYN 201-201] Setting up clock 'default' with a period of 10ns.
INFO: [HLS 200-1510] Running: csim_design -clean -argv D:/lenet_project/member_d_pe/model 
Running Dispatch Server on port: 3845
INFO: [SIM 211-2] *************** CSIM start ***************
INFO: [SIM 211-4] CSIM will launch GCC as the compiler.
   Compiling ../../../../../tb/tb_lenet_conv.cpp in debug mode
   Compiling ../../../../../src/lenet_conv.cpp in debug mode
   Generating csim.exe
LeNet-5 model-V2 HLS verification
Data layout: CHW feature maps, OIHW weights
Input preprocessing: (pixel/255 - 0.1307) / 0.3081
Golden Conv/FC maps are before ReLU; all biases are zero.

Vivado HLS testbench mode: Conv2

Conv2 isolated           max_abs=2.77566910e-003 mean_abs=4.07125083e-004 rmse=5.51745293e-004 tolerance=5.00000000e-003 max_index=1103 [PASS]
ReLU+Pool2               max_abs=1.70207024e-003 mean_abs=1.49611239e-004 rmse=3.22430928e-004 tolerance=5.00000000e-003 max_index=153 [PASS]

Overall result: PASS
INFO: [SIM 211-1] CSim done with 0 errors.
INFO: [SIM 211-3] *************** CSIM finish ***************
INFO: [HLS 200-111] Finished Command csim_design CPU user time: 0 seconds. CPU system time: 0 seconds. Elapsed time: 2.569 seconds; current allocated memory: 0.535 MB.
INFO: [HLS 200-1510] Running: csynth_design 
INFO: [HLS 200-111] Finished File checks and directory preparation: CPU user time: 0 seconds. CPU system time: 0 seconds. Elapsed time: 0.005 seconds; current allocated memory: 84.922 MB.
INFO: [HLS 200-10] Analyzing design file 'D:/lenet_project/member_d_pe/member_c_conv_hls/src/lenet_conv.cpp' ... 
INFO: [HLS 200-111] Finished Source Code Analysis and Preprocessing: CPU user time: 0 seconds. CPU system time: 0 seconds. Elapsed time: 1.005 seconds; current allocated memory: 87.484 MB.
INFO: [HLS 200-777] Using interface defaults for 'Vivado' flow target.
INFO: [HLS 214-131] Inlining function 'void lenet::(anonymous namespace)::generate_window_5x5<14, 14>(float const*, int, int, int, float*)' into 'void lenet::(anonymous namespace)::conv5x5_valid<6, 14, 14, 16>(float const*, float const*, float const*, float*)' (D:/lenet_project/member_d_pe/member_c_conv_hls/src/lenet_conv.cpp:106:21)
INFO: [HLS 214-131] Inlining function 'lenet::(anonymous namespace)::mac_5x5_pe(float const*, float const*, float)' into 'void lenet::(anonymous namespace)::conv5x5_valid<6, 14, 14, 16>(float const*, float const*, float const*, float*)' (D:/lenet_project/member_d_pe/member_c_conv_hls/src/lenet_conv.cpp:118:47)
INFO: [HLS 214-291] Loop 'PE_INIT' is marked as complete unroll implied by the pipeline pragma (D:/lenet_project/member_d_pe/member_c_conv_hls/src/lenet_conv.cpp:98:17)
INFO: [HLS 214-291] Loop 'INPUT_CHANNEL' is marked as complete unroll implied by the pipeline pragma (D:/lenet_project/member_d_pe/member_c_conv_hls/src/lenet_conv.cpp:103:17)
INFO: [HLS 214-291] Loop 'WINDOW_ROW' is marked as complete unroll implied by the pipeline pragma (D:/lenet_project/member_d_pe/member_c_conv_hls/src/lenet_conv.cpp:16:5)
INFO: [HLS 214-291] Loop 'WINDOW_COL' is marked as complete unroll implied by the pipeline pragma (D:/lenet_project/member_d_pe/member_c_conv_hls/src/lenet_conv.cpp:18:9)
INFO: [HLS 214-291] Loop 'PE_MAC' is marked as complete unroll implied by the pipeline pragma (D:/lenet_project/member_d_pe/member_c_conv_hls/src/lenet_conv.cpp:115:21)
INFO: [HLS 214-291] Loop 'INIT_PARTIAL' is marked as complete unroll implied by the pipeline pragma (D:/lenet_project/member_d_pe/member_c_conv_hls/src/lenet_conv.cpp:55:5)
INFO: [HLS 214-291] Loop 'MAC_GROUP' is marked as complete unroll implied by the pipeline pragma (D:/lenet_project/member_d_pe/member_c_conv_hls/src/lenet_conv.cpp:61:5)
INFO: [HLS 214-291] Loop 'MAC_PE' is marked as complete unroll implied by the pipeline pragma (D:/lenet_project/member_d_pe/member_c_conv_hls/src/lenet_conv.cpp:64:9)
INFO: [HLS 214-291] Loop 'REDUCE' is marked as complete unroll implied by the pipeline pragma (D:/lenet_project/member_d_pe/member_c_conv_hls/src/lenet_conv.cpp:72:5)
INFO: [HLS 214-291] Loop 'PE_WRITE' is marked as complete unroll implied by the pipeline pragma (D:/lenet_project/member_d_pe/member_c_conv_hls/src/lenet_conv.cpp:127:17)
INFO: [HLS 214-186] Unrolling loop 'PE_INIT' (D:/lenet_project/member_d_pe/member_c_conv_hls/src/lenet_conv.cpp:98:17) in function 'lenet::(anonymous namespace)::conv5x5_valid<6, 14, 14, 16>' completely with a factor of 4 (D:/lenet_project/member_d_pe/member_c_conv_hls/src/lenet_conv.cpp:85:0)
INFO: [HLS 214-186] Unrolling loop 'INPUT_CHANNEL' (D:/lenet_project/member_d_pe/member_c_conv_hls/src/lenet_conv.cpp:103:17) in function 'lenet::(anonymous namespace)::conv5x5_valid<6, 14, 14, 16>' completely with a factor of 6 (D:/lenet_project/member_d_pe/member_c_conv_hls/src/lenet_conv.cpp:85:0)
INFO: [HLS 214-186] Unrolling loop 'PE_MAC' (D:/lenet_project/member_d_pe/member_c_conv_hls/src/lenet_conv.cpp:115:21) in function 'lenet::(anonymous namespace)::conv5x5_valid<6, 14, 14, 16>' completely with a factor of 4 (D:/lenet_project/member_d_pe/member_c_conv_hls/src/lenet_conv.cpp:85:0)
INFO: [HLS 214-186] Unrolling loop 'REDUCE' (D:/lenet_project/member_d_pe/member_c_conv_hls/src/lenet_conv.cpp:72:5) in function 'lenet::(anonymous namespace)::conv5x5_valid<6, 14, 14, 16>' completely with a factor of 5 (D:/lenet_project/member_d_pe/member_c_conv_hls/src/lenet_conv.cpp:85:0)
INFO: [HLS 214-186] Unrolling loop 'MAC_GROUP' (D:/lenet_project/member_d_pe/member_c_conv_hls/src/lenet_conv.cpp:61:5) in function 'lenet::(anonymous namespace)::conv5x5_valid<6, 14, 14, 16>' completely with a factor of 5 (D:/lenet_project/member_d_pe/member_c_conv_hls/src/lenet_conv.cpp:85:0)
WARNING: [HLS 214-189] Pipeline directive for loop 'MAC_GROUP' (D:/lenet_project/member_d_pe/member_c_conv_hls/src/lenet_conv.cpp:61:5) in function 'lenet::(anonymous namespace)::conv5x5_valid<6, 14, 14, 16>' has been removed because the loop is unrolled completely (D:/lenet_project/member_d_pe/member_c_conv_hls/src/lenet_conv.cpp:85:0)
INFO: [HLS 214-186] Unrolling loop 'MAC_PE' (D:/lenet_project/member_d_pe/member_c_conv_hls/src/lenet_conv.cpp:64:9) in function 'lenet::(anonymous namespace)::conv5x5_valid<6, 14, 14, 16>' completely with a factor of 5 (D:/lenet_project/member_d_pe/member_c_conv_hls/src/lenet_conv.cpp:85:0)
INFO: [HLS 214-186] Unrolling loop 'INIT_PARTIAL' (D:/lenet_project/member_d_pe/member_c_conv_hls/src/lenet_conv.cpp:55:5) in function 'lenet::(anonymous namespace)::conv5x5_valid<6, 14, 14, 16>' completely with a factor of 5 (D:/lenet_project/member_d_pe/member_c_conv_hls/src/lenet_conv.cpp:85:0)
INFO: [HLS 214-186] Unrolling loop 'WINDOW_ROW' (D:/lenet_project/member_d_pe/member_c_conv_hls/src/lenet_conv.cpp:16:5) in function 'lenet::(anonymous namespace)::conv5x5_valid<6, 14, 14, 16>' completely with a factor of 5 (D:/lenet_project/member_d_pe/member_c_conv_hls/src/lenet_conv.cpp:85:0)
INFO: [HLS 214-186] Unrolling loop 'WINDOW_COL' (D:/lenet_project/member_d_pe/member_c_conv_hls/src/lenet_conv.cpp:18:9) in function 'lenet::(anonymous namespace)::conv5x5_valid<6, 14, 14, 16>' completely with a factor of 5 (D:/lenet_project/member_d_pe/member_c_conv_hls/src/lenet_conv.cpp:85:0)
INFO: [HLS 214-186] Unrolling loop 'PE_WRITE' (D:/lenet_project/member_d_pe/member_c_conv_hls/src/lenet_conv.cpp:127:17) in function 'lenet::(anonymous namespace)::conv5x5_valid<6, 14, 14, 16>' completely with a factor of 4 (D:/lenet_project/member_d_pe/member_c_conv_hls/src/lenet_conv.cpp:85:0)
WARNING: [HLS 214-253] Ignored unsupported array_partition pragma on variable 'weight'. This can happen when applying a pragma on a function argument with mismatched array size w.r.t. its call site, or when providing a dim too deep on an array of insufficient dimension. (D:/lenet_project/member_d_pe/member_c_conv_hls/src/lenet_conv.cpp:268:2)
INFO: [HLS 214-115] Multiple burst reads of length 4 and bit width 32 has been inferred on bundle 'gmem2'. These burst requests might be further partitioned into multiple requests during RTL generation, based on max_read_burst_length or max_write_burst_length settings. (D:/lenet_project/member_d_pe/member_c_conv_hls/src/lenet_conv.cpp:100:45)
INFO: [HLS 214-115] Multiple burst reads of length 5 and bit width 32 has been inferred on bundle 'gmem0'. These burst requests might be further partitioned into multiple requests during RTL generation, based on max_read_burst_length or max_write_burst_length settings. (D:/lenet_project/member_d_pe/member_c_conv_hls/src/lenet_conv.cpp:23:17)
INFO: [HLS 214-115] Multiple burst reads of length 600 and bit width 32 has been inferred on bundle 'gmem1'. These burst requests might be further partitioned into multiple requests during RTL generation, based on max_read_burst_length or max_write_burst_length settings. (D:/lenet_project/member_d_pe/member_c_conv_hls/src/lenet_conv.cpp:67:50)
INFO: [HLS 200-111] Finished Compiling Optimization and Transform: CPU user time: 2 seconds. CPU system time: 0 seconds. Elapsed time: 10.524 seconds; current allocated memory: 95.500 MB.
INFO: [HLS 200-111] Finished Checking Pragmas: CPU user time: 0 seconds. CPU system time: 0 seconds. Elapsed time: 0.001 seconds; current allocated memory: 95.504 MB.
INFO: [HLS 200-10] Starting code transformations ...
INFO: [HLS 200-111] Finished Standard Transforms: CPU user time: 0 seconds. CPU system time: 0 seconds. Elapsed time: 0.101 seconds; current allocated memory: 106.801 MB.
INFO: [HLS 200-10] Checking synthesizability ...
INFO: [HLS 200-111] Finished Checking Synthesizability: CPU user time: 0 seconds. CPU system time: 0 seconds. Elapsed time: 0.062 seconds; current allocated memory: 108.066 MB.
INFO: [HLS 200-111] Finished Loop, function and other optimizations: CPU user time: 0 seconds. CPU system time: 0 seconds. Elapsed time: 0.284 seconds; current allocated memory: 133.551 MB.
INFO: [XFORM 203-541] Flattening a loop nest 'OUTPUT_ROW' (D:/lenet_project/member_d_pe/member_c_conv_hls/src/lenet_conv.cpp:91:18) in function 'lenet::(anonymous namespace)::conv5x5_valid<6, 14, 14, 16>'.
INFO: [XFORM 203-541] Flattening a loop nest 'OUTPUT_CHANNEL_BLOCK' (D:/lenet_project/member_d_pe/member_c_conv_hls/src/lenet_conv.cpp:89:14) in function 'lenet::(anonymous namespace)::conv5x5_valid<6, 14, 14, 16>'.
INFO: [HLS 200-111] Finished Architecture Synthesis: CPU user time: 0 seconds. CPU system time: 0 seconds. Elapsed time: 0.326 seconds; current allocated memory: 152.855 MB.
INFO: [HLS 200-10] Starting hardware synthesis ...
INFO: [HLS 200-10] Synthesizing 'lenet_conv2_top' ...
WARNING: [SYN 201-103] Legalizing function name '(anonymous namespace)conv5x5_valid<6, 14, 14, 16>' to 'p_anonymous_namespace_conv5x5_valid_6_14_14_16_s'.
INFO: [HLS 200-10] ----------------------------------------------------------------
INFO: [HLS 200-42] -- Implementing module 'p_anonymous_namespace_conv5x5_valid_6_14_14_16_s' 
INFO: [HLS 200-10] ----------------------------------------------------------------
INFO: [SCHED 204-11] Starting scheduling ...
INFO: [SCHED 204-61] Pipelining loop 'OUTPUT_CHANNEL_BLOCK_OUTPUT_ROW_OUTPUT_COL'.
WARNING: [HLS 200-880] The II Violation in module 'p_anonymous_namespace_conv5x5_valid_6_14_14_16_s' (loop 'OUTPUT_CHANNEL_BLOCK_OUTPUT_ROW_OUTPUT_COL'): Unable to enforce a carried dependence constraint (II = 1, distance = 1, offset = 1) between bus read operation ('gmem2_addr_read_3', D:/lenet_project/member_d_pe/member_c_conv_hls/src/lenet_conv.cpp:100) on port 'gmem2' (D:/lenet_project/member_d_pe/member_c_conv_hls/src/lenet_conv.cpp:100) and bus read operation ('gmem2_addr_read', D:/lenet_project/member_d_pe/member_c_conv_hls/src/lenet_conv.cpp:100) on port 'gmem2' (D:/lenet_project/member_d_pe/member_c_conv_hls/src/lenet_conv.cpp:100).
Resolution: For help on HLS 200-880 see www.xilinx.com/cgi-bin/docs/rdoc?v=2022.2;t=hls+guidance;d=200-880.html
WARNING: [HLS 200-880] The II Violation in module 'p_anonymous_namespace_conv5x5_valid_6_14_14_16_s' (loop 'OUTPUT_CHANNEL_BLOCK_OUTPUT_ROW_OUTPUT_COL'): Unable to enforce a carried dependence constraint (II = 2, distance = 1, offset = 1) between bus read operation ('gmem2_addr_read_3', D:/lenet_project/member_d_pe/member_c_conv_hls/src/lenet_conv.cpp:100) on port 'gmem2' (D:/lenet_project/member_d_pe/member_c_conv_hls/src/lenet_conv.cpp:100) and bus read operation ('gmem2_addr_read', D:/lenet_project/member_d_pe/member_c_conv_hls/src/lenet_conv.cpp:100) on port 'gmem2' (D:/lenet_project/member_d_pe/member_c_conv_hls/src/lenet_conv.cpp:100).
Resolution: For help on HLS 200-880 see www.xilinx.com/cgi-bin/docs/rdoc?v=2022.2;t=hls+guidance;d=200-880.html
WARNING: [HLS 200-880] The II Violation in module 'p_anonymous_namespace_conv5x5_valid_6_14_14_16_s' (loop 'OUTPUT_CHANNEL_BLOCK_OUTPUT_ROW_OUTPUT_COL'): Unable to enforce a carried dependence constraint (II = 3, distance = 1, offset = 1) between bus read operation ('gmem2_addr_read_3', D:/lenet_project/member_d_pe/member_c_conv_hls/src/lenet_conv.cpp:100) on port 'gmem2' (D:/lenet_project/member_d_pe/member_c_conv_hls/src/lenet_conv.cpp:100) and bus read operation ('gmem2_addr_read', D:/lenet_project/member_d_pe/member_c_conv_hls/src/lenet_conv.cpp:100) on port 'gmem2' (D:/lenet_project/member_d_pe/member_c_conv_hls/src/lenet_conv.cpp:100).
Resolution: For help on HLS 200-880 see www.xilinx.com/cgi-bin/docs/rdoc?v=2022.2;t=hls+guidance;d=200-880.html
WARNING: [HLS 200-880] The II Violation in module 'p_anonymous_namespace_conv5x5_valid_6_14_14_16_s' (loop 'OUTPUT_CHANNEL_BLOCK_OUTPUT_ROW_OUTPUT_COL'): Unable to enforce a carried dependence constraint (II = 4, distance = 1, offset = 1) between bus read operation ('gmem0_addr_read_4', D:/lenet_project/member_d_pe/member_c_conv_hls/src/lenet_conv.cpp:23) on port 'gmem0' (D:/lenet_project/member_d_pe/member_c_conv_hls/src/lenet_conv.cpp:23) and bus read operation ('gmem0_addr_read', D:/lenet_project/member_d_pe/member_c_conv_hls/src/lenet_conv.cpp:23) on port 'gmem0' (D:/lenet_project/member_d_pe/member_c_conv_hls/src/lenet_conv.cpp:23).
Resolution: For help on HLS 200-880 see www.xilinx.com/cgi-bin/docs/rdoc?v=2022.2;t=hls+guidance;d=200-880.html
WARNING: [HLS 200-880] The II Violation in module 'p_anonymous_namespace_conv5x5_valid_6_14_14_16_s' (loop 'OUTPUT_CHANNEL_BLOCK_OUTPUT_ROW_OUTPUT_COL'): Unable to enforce a carried dependence constraint (II = 130, distance = 1, offset = 1) between bus read operation ('gmem1_addr_read_599', D:/lenet_project/member_d_pe/member_c_conv_hls/src/lenet_conv.cpp:67) on port 'gmem1' (D:/lenet_project/member_d_pe/member_c_conv_hls/src/lenet_conv.cpp:67) and bus read operation ('gmem1_addr_read', D:/lenet_project/member_d_pe/member_c_conv_hls/src/lenet_conv.cpp:67) on port 'gmem1' (D:/lenet_project/member_d_pe/member_c_conv_hls/src/lenet_conv.cpp:67).
Resolution: For help on HLS 200-880 see www.xilinx.com/cgi-bin/docs/rdoc?v=2022.2;t=hls+guidance;d=200-880.html
WARNING: [HLS 200-880] The II Violation in module 'p_anonymous_namespace_conv5x5_valid_6_14_14_16_s' (loop 'OUTPUT_CHANNEL_BLOCK_OUTPUT_ROW_OUTPUT_COL'): Unable to enforce a carried dependence constraint (II = 193, distance = 1, offset = 1) between bus read operation ('gmem1_addr_read_599', D:/lenet_project/member_d_pe/member_c_conv_hls/src/lenet_conv.cpp:67) on port 'gmem1' (D:/lenet_project/member_d_pe/member_c_conv_hls/src/lenet_conv.cpp:67) and bus read operation ('gmem1_addr_read', D:/lenet_project/member_d_pe/member_c_conv_hls/src/lenet_conv.cpp:67) on port 'gmem1' (D:/lenet_project/member_d_pe/member_c_conv_hls/src/lenet_conv.cpp:67).
Resolution: For help on HLS 200-880 see www.xilinx.com/cgi-bin/docs/rdoc?v=2022.2;t=hls+guidance;d=200-880.html
WARNING: [HLS 200-880] The II Violation in module 'p_anonymous_namespace_conv5x5_valid_6_14_14_16_s' (loop 'OUTPUT_CHANNEL_BLOCK_OUTPUT_ROW_OUTPUT_COL'): Unable to enforce a carried dependence constraint (II = 225, distance = 1, offset = 1) between bus read operation ('gmem1_addr_read_599', D:/lenet_project/member_d_pe/member_c_conv_hls/src/lenet_conv.cpp:67) on port 'gmem1' (D:/lenet_project/member_d_pe/member_c_conv_hls/src/lenet_conv.cpp:67) and bus read operation ('gmem1_addr_read', D:/lenet_project/member_d_pe/member_c_conv_hls/src/lenet_conv.cpp:67) on port 'gmem1' (D:/lenet_project/member_d_pe/member_c_conv_hls/src/lenet_conv.cpp:67).
Resolution: For help on HLS 200-880 see www.xilinx.com/cgi-bin/docs/rdoc?v=2022.2;t=hls+guidance;d=200-880.html
WARNING: [HLS 200-880] The II Violation in module 'p_anonymous_namespace_conv5x5_valid_6_14_14_16_s' (loop 'OUTPUT_CHANNEL_BLOCK_OUTPUT_ROW_OUTPUT_COL'): Unable to enforce a carried dependence constraint (II = 241, distance = 1, offset = 1) between bus read operation ('gmem1_addr_read_599', D:/lenet_project/member_d_pe/member_c_conv_hls/src/lenet_conv.cpp:67) on port 'gmem1' (D:/lenet_project/member_d_pe/member_c_conv_hls/src/lenet_conv.cpp:67) and bus read operation ('gmem1_addr_read', D:/lenet_project/member_d_pe/member_c_conv_hls/src/lenet_conv.cpp:67) on port 'gmem1' (D:/lenet_project/member_d_pe/member_c_conv_hls/src/lenet_conv.cpp:67).
Resolution: For help on HLS 200-880 see www.xilinx.com/cgi-bin/docs/rdoc?v=2022.2;t=hls+guidance;d=200-880.html
WARNING: [HLS 200-880] The II Violation in module 'p_anonymous_namespace_conv5x5_valid_6_14_14_16_s' (loop 'OUTPUT_CHANNEL_BLOCK_OUTPUT_ROW_OUTPUT_COL'): Unable to enforce a carried dependence constraint (II = 249, distance = 1, offset = 1) between bus read operation ('gmem1_addr_read_599', D:/lenet_project/member_d_pe/member_c_conv_hls/src/lenet_conv.cpp:67) on port 'gmem1' (D:/lenet_project/member_d_pe/member_c_conv_hls/src/lenet_conv.cpp:67) and bus read operation ('gmem1_addr_read', D:/lenet_project/member_d_pe/member_c_conv_hls/src/lenet_conv.cpp:67) on port 'gmem1' (D:/lenet_project/member_d_pe/member_c_conv_hls/src/lenet_conv.cpp:67).
Resolution: For help on HLS 200-880 see www.xilinx.com/cgi-bin/docs/rdoc?v=2022.2;t=hls+guidance;d=200-880.html
WARNING: [HLS 200-880] The II Violation in module 'p_anonymous_namespace_conv5x5_valid_6_14_14_16_s' (loop 'OUTPUT_CHANNEL_BLOCK_OUTPUT_ROW_OUTPUT_COL'): Unable to enforce a carried dependence constraint (II = 253, distance = 1, offset = 1) between bus read operation ('gmem1_addr_read_599', D:/lenet_project/member_d_pe/member_c_conv_hls/src/lenet_conv.cpp:67) on port 'gmem1' (D:/lenet_project/member_d_pe/member_c_conv_hls/src/lenet_conv.cpp:67) and bus read operation ('gmem1_addr_read', D:/lenet_project/member_d_pe/member_c_conv_hls/src/lenet_conv.cpp:67) on port 'gmem1' (D:/lenet_project/member_d_pe/member_c_conv_hls/src/lenet_conv.cpp:67).
Resolution: For help on HLS 200-880 see www.xilinx.com/cgi-bin/docs/rdoc?v=2022.2;t=hls+guidance;d=200-880.html
WARNING: [HLS 200-880] The II Violation in module 'p_anonymous_namespace_conv5x5_valid_6_14_14_16_s' (loop 'OUTPUT_CHANNEL_BLOCK_OUTPUT_ROW_OUTPUT_COL'): Unable to enforce a carried dependence constraint (II = 255, distance = 1, offset = 1) between bus read operation ('gmem1_addr_read_599', D:/lenet_project/member_d_pe/member_c_conv_hls/src/lenet_conv.cpp:67) on port 'gmem1' (D:/lenet_project/member_d_pe/member_c_conv_hls/src/lenet_conv.cpp:67) and bus read operation ('gmem1_addr_read', D:/lenet_project/member_d_pe/member_c_conv_hls/src/lenet_conv.cpp:67) on port 'gmem1' (D:/lenet_project/member_d_pe/member_c_conv_hls/src/lenet_conv.cpp:67).
Resolution: For help on HLS 200-880 see www.xilinx.com/cgi-bin/docs/rdoc?v=2022.2;t=hls+guidance;d=200-880.html
WARNING: [HLS 200-880] The II Violation in module 'p_anonymous_namespace_conv5x5_valid_6_14_14_16_s' (loop 'OUTPUT_CHANNEL_BLOCK_OUTPUT_ROW_OUTPUT_COL'): Unable to enforce a carried dependence constraint (II = 256, distance = 1, offset = 1) between bus read operation ('gmem1_addr_read_599', D:/lenet_project/member_d_pe/member_c_conv_hls/src/lenet_conv.cpp:67) on port 'gmem1' (D:/lenet_project/member_d_pe/member_c_conv_hls/src/lenet_conv.cpp:67) and bus read operation ('gmem1_addr_read', D:/lenet_project/member_d_pe/member_c_conv_hls/src/lenet_conv.cpp:67) on port 'gmem1' (D:/lenet_project/member_d_pe/member_c_conv_hls/src/lenet_conv.cpp:67).
Resolution: For help on HLS 200-880 see www.xilinx.com/cgi-bin/docs/rdoc?v=2022.2;t=hls+guidance;d=200-880.html
INFO: [SCHED 204-61] Unable to satisfy pipeline directive for loop 'OUTPUT_CHANNEL_BLOCK_OUTPUT_ROW_OUTPUT_COL': unable to pipeline.
INFO: [SCHED 204-11] Finished scheduling.
INFO: [HLS 200-111] Finished Scheduling: CPU user time: 15 seconds. CPU system time: 0 seconds. Elapsed time: 14.986 seconds; current allocated memory: 194.855 MB.
INFO: [BIND 205-100] Starting micro-architecture generation ...
INFO: [BIND 205-101] Performing variable lifetime analysis.
INFO: [BIND 205-101] Exploring resource sharing.
INFO: [BIND 205-101] Binding ...
INFO: [BIND 205-100] Finished micro-architecture generation.
INFO: [HLS 200-111] Finished Binding: CPU user time: 6 seconds. CPU system time: 0 seconds. Elapsed time: 6.162 seconds; current allocated memory: 197.066 MB.
INFO: [HLS 200-10] ----------------------------------------------------------------
INFO: [HLS 200-42] -- Implementing module 'lenet_conv2_top' 
INFO: [HLS 200-10] ----------------------------------------------------------------
INFO: [SCHED 204-11] Starting scheduling ...
INFO: [SCHED 204-11] Finished scheduling.
INFO: [HLS 200-111] Finished Scheduling: CPU user time: 3 seconds. CPU system time: 0 seconds. Elapsed time: 4.118 seconds; current allocated memory: 198.703 MB.
INFO: [BIND 205-100] Starting micro-architecture generation ...
INFO: [BIND 205-101] Performing variable lifetime analysis.
INFO: [BIND 205-101] Exploring resource sharing.
INFO: [BIND 205-101] Binding ...
INFO: [BIND 205-100] Finished micro-architecture generation.
INFO: [HLS 200-111] Finished Binding: CPU user time: 1 seconds. CPU system time: 0 seconds. Elapsed time: 0.101 seconds; current allocated memory: 198.789 MB.
INFO: [HLS 200-10] ----------------------------------------------------------------
INFO: [HLS 200-10] -- Generating RTL for module 'p_anonymous_namespace_conv5x5_valid_6_14_14_16_s' 
INFO: [HLS 200-10] ----------------------------------------------------------------
INFO: [RTGEN 206-100] Generating core module 'fadd_32ns_32ns_32_5_full_dsp_1': 2 instance(s).
INFO: [RTGEN 206-100] Generating core module 'fmul_32ns_32ns_32_4_max_dsp_1': 1 instance(s).
INFO: [RTGEN 206-100] Generating core module 'mul_3ns_10ns_11_1_1': 2 instance(s).
INFO: [RTGEN 206-100] Generating core module 'mul_3ns_13ns_15_1_1': 1 instance(s).
INFO: [RTGEN 206-100] Finished creating RTL model for 'p_anonymous_namespace_conv5x5_valid_6_14_14_16_s'.
INFO: [HLS 200-111] Finished Creating RTL model: CPU user time: 8 seconds. CPU system time: 1 seconds. Elapsed time: 8.915 seconds; current allocated memory: 278.523 MB.
INFO: [HLS 200-10] ----------------------------------------------------------------
INFO: [HLS 200-10] -- Generating RTL for module 'lenet_conv2_top' 
INFO: [HLS 200-10] ----------------------------------------------------------------
WARNING: [RTGEN 206-101] Design contains AXI ports. Reset is fixed to synchronous and active low.
INFO: [RTGEN 206-500] Setting interface mode on port 'lenet_conv2_top/gmem0' to 'm_axi'.
INFO: [RTGEN 206-500] Setting interface mode on port 'lenet_conv2_top/gmem1' to 'm_axi'.
INFO: [RTGEN 206-500] Setting interface mode on port 'lenet_conv2_top/gmem2' to 'm_axi'.
INFO: [RTGEN 206-500] Setting interface mode on port 'lenet_conv2_top/gmem3' to 'm_axi'.
INFO: [RTGEN 206-500] Setting interface mode on port 'lenet_conv2_top/feature_in' to 'ap_none'.
INFO: [RTGEN 206-500] Setting interface mode on port 'lenet_conv2_top/weight' to 'ap_none'.
INFO: [RTGEN 206-500] Setting interface mode on port 'lenet_conv2_top/bias' to 'ap_none'.
INFO: [RTGEN 206-500] Setting interface mode on port 'lenet_conv2_top/feature_out' to 'ap_none'.
INFO: [RTGEN 206-500] Setting interface mode on function 'lenet_conv2_top' to 'ap_ctrl_hs'.
INFO: [RTGEN 206-100] Finished creating RTL model for 'lenet_conv2_top'.
INFO: [HLS 200-111] Finished Creating RTL model: CPU user time: 6 seconds. CPU system time: 1 seconds. Elapsed time: 7.844 seconds; current allocated memory: 334.910 MB.
INFO: [HLS 200-111] Finished Generating all RTL models: CPU user time: 1 seconds. CPU system time: 0 seconds. Elapsed time: 0.652 seconds; current allocated memory: 334.910 MB.
INFO: [HLS 200-1603] Design has inferred MAXI bursts and missed bursts, see Vitis HLS GUI synthesis summary report for detailed information.
INFO: [HLS 200-111] Finished Updating report files: CPU user time: 1 seconds. CPU system time: 0 seconds. Elapsed time: 1.714 seconds; current allocated memory: 351.602 MB.
INFO: [VHDL 208-304] Generating VHDL RTL for lenet_conv2_top.
INFO: [VLOG 209-307] Generating Verilog RTL for lenet_conv2_top.
INFO: [HLS 200-790] **** Loop Constraint Status: All loop constraints were satisfied.
INFO: [HLS 200-789] **** Estimated Fmax: 106.45 MHz
INFO: [HLS 200-111] Finished Command csynth_design CPU user time: 43 seconds. CPU system time: 2 seconds. Elapsed time: 56.84 seconds; current allocated memory: 266.887 MB.
INFO: Quick conv2 experiment done (co-sim skipped).
INFO: [HLS 200-1510] Running: close_project 
INFO: [HLS 200-112] Total CPU user time: 45 seconds. Total CPU system time: 3 seconds. Total elapsed time: 70.619 seconds; peak allocated memory: 351.602 MB.
INFO: [Common 17-206] Exiting vitis_hls at Tue Sep  8 19:26:00 2026...
