

================================================================
== Vitis HLS Report for 'lenet_full_top_Pipeline_POOL_CHANNEL_POOL_ROW_POOL_COL1'
================================================================
* Date:           Sun Sep  6 21:24:17 2026

* Version:        2022.2 (Build 3670227 on Oct 13 2022)
* Project:        clk_8ns
* Solution:       solution1 (Vivado IP Flow Target)
* Product family: zynq
* Target device:  xc7z020-clg400-1


================================================================
== Performance Estimates
================================================================
+ Timing: 
    * Summary: 
    +--------+---------+----------+------------+
    |  Clock |  Target | Estimated| Uncertainty|
    +--------+---------+----------+------------+
    |ap_clk  |  8.00 ns|  5.431 ns|     2.16 ns|
    +--------+---------+----------+------------+

+ Latency: 
    * Summary: 
    +---------+---------+----------+----------+-----+-----+---------+
    |  Latency (cycles) |  Latency (absolute) |  Interval | Pipeline|
    |   min   |   max   |    min   |    max   | min | max |   Type  |
    +---------+---------+----------+----------+-----+-----+---------+
    |      417|      417|  3.336 us|  3.336 us|  417|  417|       no|
    +---------+---------+----------+----------+-----+-----+---------+

    + Detail: 
        * Instance: 
        N/A

        * Loop: 
        +----------------------------------+---------+---------+----------+-----------+-----------+------+----------+
        |                                  |  Latency (cycles) | Iteration|  Initiation Interval  | Trip |          |
        |             Loop Name            |   min   |   max   |  Latency |  achieved |   target  | Count| Pipelined|
        +----------------------------------+---------+---------+----------+-----------+-----------+------+----------+
        |- POOL_CHANNEL_POOL_ROW_POOL_COL  |      415|      415|        17|          1|          1|   400|       yes|
        +----------------------------------+---------+---------+----------+-----------+-----------+------+----------+



================================================================
== Utilization Estimates
================================================================
* Summary: 
+-----------------+---------+-----+--------+-------+-----+
|       Name      | BRAM_18K| DSP |   FF   |  LUT  | URAM|
+-----------------+---------+-----+--------+-------+-----+
|DSP              |        -|    -|       -|      -|    -|
|Expression       |        -|    -|       0|    756|    -|
|FIFO             |        -|    -|       -|      -|    -|
|Instance         |        -|    -|       -|      -|    -|
|Memory           |        -|    -|       -|      -|    -|
|Multiplexer      |        -|    -|       -|     90|    -|
|Register         |        -|    -|     960|    288|    -|
+-----------------+---------+-----+--------+-------+-----+
|Total            |        0|    0|     960|   1134|    0|
+-----------------+---------+-----+--------+-------+-----+
|Available        |      280|  220|  106400|  53200|    0|
+-----------------+---------+-----+--------+-------+-----+
|Utilization (%)  |        0|    0|      ~0|      2|    0|
+-----------------+---------+-----+--------+-------+-----+

+ Detail: 
    * Instance: 
    N/A

    * DSP: 
    N/A

    * Memory: 
    N/A

    * FIFO: 
    N/A

    * Expression: 
    +--------------------------+----------+----+---+----+------------+------------+
    |       Variable Name      | Operation| DSP| FF| LUT| Bitwidth P0| Bitwidth P1|
    +--------------------------+----------+----+---+----+------------+------------+
    |add_ln105_1_fu_668_p2     |         +|   0|  0|  12|          11|          11|
    |add_ln105_2_fu_625_p2     |         +|   0|  0|  13|          10|          10|
    |add_ln105_3_fu_693_p2     |         +|   0|  0|  12|          11|          11|
    |add_ln105_fu_619_p2       |         +|   0|  0|  14|           9|           9|
    |add_ln114_1_fu_724_p2     |         +|   0|  0|  14|           9|           9|
    |add_ln114_fu_715_p2       |         +|   0|  0|  14|           7|           7|
    |add_ln91_1_fu_217_p2      |         +|   0|  0|  14|           9|           1|
    |add_ln91_fu_304_p2        |         +|   0|  0|  13|           5|           1|
    |add_ln93_1_fu_232_p2      |         +|   0|  0|  14|           6|           1|
    |add_ln93_fu_361_p2        |         +|   0|  0|  11|           3|           1|
    |add_ln95_fu_631_p2        |         +|   0|  0|  11|           3|           1|
    |empty_30_fu_441_p2        |         +|   0|  0|  14|           7|           7|
    |empty_31_fu_450_p2        |         +|   0|  0|  15|           8|           8|
    |p_mid1121_fu_549_p2       |         +|   0|  0|  14|           7|           7|
    |p_mid1123_fu_565_p2       |         +|   0|  0|  15|           8|           8|
    |p_mid1149_fu_508_p2       |         +|   0|  0|  14|           7|           7|
    |p_mid1159_fu_524_p2       |         +|   0|  0|  15|           8|           8|
    |tmp3_fu_292_p2            |         +|   0|  0|  13|           5|           5|
    |tmp3_mid1_fu_540_p2       |         +|   0|  0|  13|           5|           5|
    |tmp4_fu_298_p2            |         +|   0|  0|  14|           6|           6|
    |tmp4_mid1_fu_392_p2       |         +|   0|  0|  14|           6|           6|
    |and_ln107_1_fu_847_p2     |       and|   0|  0|   2|           1|           1|
    |and_ln107_2_fu_853_p2     |       and|   0|  0|   2|           1|           1|
    |and_ln107_3_fu_934_p2     |       and|   0|  0|   2|           1|           1|
    |and_ln107_4_fu_940_p2     |       and|   0|  0|   2|           1|           1|
    |and_ln107_5_fu_1017_p2    |       and|   0|  0|   2|           1|           1|
    |and_ln107_6_fu_1023_p2    |       and|   0|  0|   2|           1|           1|
    |and_ln107_fu_765_p2       |       and|   0|  0|   2|           1|           1|
    |and_ln91_fu_348_p2        |       and|   0|  0|   2|           1|           1|
    |icmp_ln107_10_fu_985_p2   |      icmp|   0|  0|  11|           8|           2|
    |icmp_ln107_11_fu_991_p2   |      icmp|   0|  0|  15|          23|           1|
    |icmp_ln107_12_fu_997_p2   |      icmp|   0|  0|  11|           8|           2|
    |icmp_ln107_13_fu_1003_p2  |      icmp|   0|  0|  15|          23|           1|
    |icmp_ln107_1_fu_753_p2    |      icmp|   0|  0|  15|          23|           1|
    |icmp_ln107_2_fu_811_p2    |      icmp|   0|  0|  11|           8|           2|
    |icmp_ln107_3_fu_817_p2    |      icmp|   0|  0|  15|          23|           1|
    |icmp_ln107_4_fu_829_p2    |      icmp|   0|  0|  11|           8|           2|
    |icmp_ln107_5_fu_835_p2    |      icmp|   0|  0|  15|          23|           1|
    |icmp_ln107_6_fu_898_p2    |      icmp|   0|  0|  11|           8|           2|
    |icmp_ln107_7_fu_904_p2    |      icmp|   0|  0|  15|          23|           1|
    |icmp_ln107_8_fu_916_p2    |      icmp|   0|  0|  11|           8|           2|
    |icmp_ln107_9_fu_922_p2    |      icmp|   0|  0|  15|          23|           1|
    |icmp_ln107_fu_747_p2      |      icmp|   0|  0|  11|           8|           2|
    |icmp_ln91_fu_211_p2       |      icmp|   0|  0|  11|           9|           8|
    |icmp_ln93_fu_226_p2       |      icmp|   0|  0|  10|           6|           5|
    |icmp_ln95_fu_342_p2       |      icmp|   0|  0|   8|           3|           3|
    |or_ln105_1_fu_704_p2      |        or|   0|  0|  11|           1|          11|
    |or_ln105_fu_679_p2        |        or|   0|  0|  11|           1|          11|
    |or_ln107_1_fu_823_p2      |        or|   0|  0|   2|           1|           1|
    |or_ln107_2_fu_841_p2      |        or|   0|  0|   2|           1|           1|
    |or_ln107_3_fu_910_p2      |        or|   0|  0|   2|           1|           1|
    |or_ln107_4_fu_928_p2      |        or|   0|  0|   2|           1|           1|
    |or_ln107_5_fu_1009_p2     |        or|   0|  0|   2|           1|           1|
    |or_ln107_6_fu_1013_p2     |        or|   0|  0|   2|           1|           1|
    |or_ln107_fu_759_p2        |        or|   0|  0|   2|           1|           1|
    |or_ln93_1_fu_586_p2       |        or|   0|  0|   8|           8|           1|
    |or_ln93_fu_367_p2         |        or|   0|  0|   2|           1|           1|
    |pool2_output_d0           |    select|   0|  0|  32|           1|          32|
    |select_ln107_1_fu_858_p3  |    select|   0|  0|  32|           1|          32|
    |select_ln107_2_fu_945_p3  |    select|   0|  0|  32|           1|          32|
    |select_ln107_fu_770_p3    |    select|   0|  0|  32|           1|          32|
    |select_ln91_1_fu_474_p3   |    select|   0|  0|   7|           1|           7|
    |select_ln91_2_fu_326_p3   |    select|   0|  0|   5|           1|           5|
    |select_ln91_3_fu_497_p3   |    select|   0|  0|   6|           1|           6|
    |select_ln91_4_fu_514_p3   |    select|   0|  0|   7|           1|           7|
    |select_ln91_5_fu_530_p3   |    select|   0|  0|   8|           1|           8|
    |select_ln91_6_fu_354_p3   |    select|   0|  0|   5|           1|           5|
    |select_ln91_fu_313_p3     |    select|   0|  0|   3|           1|           1|
    |select_ln93_1_fu_555_p3   |    select|   0|  0|   7|           1|           7|
    |select_ln93_2_fu_571_p3   |    select|   0|  0|   8|           1|           8|
    |select_ln93_3_fu_398_p3   |    select|   0|  0|   3|           1|           3|
    |select_ln93_4_fu_238_p3   |    select|   0|  0|   6|           1|           1|
    |select_ln93_fu_372_p3     |    select|   0|  0|   3|           1|           1|
    |ap_enable_pp0             |       xor|   0|  0|   2|           1|           2|
    |xor_ln91_fu_337_p2        |       xor|   0|  0|   2|           1|           2|
    +--------------------------+----------+----+---+----+------------+------------+
    |Total                     |          |   0|  0| 756|         429|         396|
    +--------------------------+----------+----+---+----+------------+------------+

    * Multiplexer: 
    +-----------------------------------------+----+-----------+-----+-----------+
    |                   Name                  | LUT| Input Size| Bits| Total Bits|
    +-----------------------------------------+----+-----------+-----+-----------+
    |ap_done_int                              |   9|          2|    1|          2|
    |ap_enable_reg_pp0_iter3                  |   9|          2|    1|          2|
    |ap_sig_allocacmp_indvar_flatten127_load  |   9|          2|    6|         12|
    |ap_sig_allocacmp_indvar_flatten183_load  |   9|          2|    9|         18|
    |ap_sig_allocacmp_output_col_load         |   9|          2|    3|          6|
    |channel_fu_96                            |   9|          2|    5|         10|
    |indvar_flatten127_fu_92                  |   9|          2|    6|         12|
    |indvar_flatten183_fu_100                 |   9|          2|    9|         18|
    |output_col_fu_84                         |   9|          2|    3|          6|
    |output_row_fu_88                         |   9|          2|    3|          6|
    +-----------------------------------------+----+-----------+-----+-----------+
    |Total                                    |  90|         20|   46|         92|
    +-----------------------------------------+----+-----------+-----+-----------+

    * Register: 
    +------------------------------------+----+----+-----+-----------+
    |                Name                | FF | LUT| Bits| Const Bits|
    +------------------------------------+----+----+-----+-----------+
    |add_ln105_2_reg_1167                |   9|   0|   10|          1|
    |add_ln105_reg_1162                  |   8|   0|    9|          1|
    |add_ln114_1_reg_1192                |   9|   0|    9|          0|
    |add_ln91_reg_1107                   |   5|   0|    5|          0|
    |add_ln93_reg_1129                   |   3|   0|    3|          0|
    |and_ln91_reg_1118                   |   1|   0|    1|          0|
    |ap_CS_fsm                           |   1|   0|    1|          0|
    |ap_done_reg                         |   1|   0|    1|          0|
    |ap_enable_reg_pp0_iter1             |   1|   0|    1|          0|
    |ap_enable_reg_pp0_iter10            |   1|   0|    1|          0|
    |ap_enable_reg_pp0_iter11            |   1|   0|    1|          0|
    |ap_enable_reg_pp0_iter12            |   1|   0|    1|          0|
    |ap_enable_reg_pp0_iter13            |   1|   0|    1|          0|
    |ap_enable_reg_pp0_iter14            |   1|   0|    1|          0|
    |ap_enable_reg_pp0_iter15            |   1|   0|    1|          0|
    |ap_enable_reg_pp0_iter16            |   1|   0|    1|          0|
    |ap_enable_reg_pp0_iter2             |   1|   0|    1|          0|
    |ap_enable_reg_pp0_iter3             |   1|   0|    1|          0|
    |ap_enable_reg_pp0_iter4             |   1|   0|    1|          0|
    |ap_enable_reg_pp0_iter5             |   1|   0|    1|          0|
    |ap_enable_reg_pp0_iter6             |   1|   0|    1|          0|
    |ap_enable_reg_pp0_iter7             |   1|   0|    1|          0|
    |ap_enable_reg_pp0_iter8             |   1|   0|    1|          0|
    |ap_enable_reg_pp0_iter9             |   1|   0|    1|          0|
    |ap_loop_exit_ready_pp0_iter10_reg   |   1|   0|    1|          0|
    |ap_loop_exit_ready_pp0_iter11_reg   |   1|   0|    1|          0|
    |ap_loop_exit_ready_pp0_iter12_reg   |   1|   0|    1|          0|
    |ap_loop_exit_ready_pp0_iter13_reg   |   1|   0|    1|          0|
    |ap_loop_exit_ready_pp0_iter14_reg   |   1|   0|    1|          0|
    |ap_loop_exit_ready_pp0_iter15_reg   |   1|   0|    1|          0|
    |ap_loop_exit_ready_pp0_iter1_reg    |   1|   0|    1|          0|
    |ap_loop_exit_ready_pp0_iter2_reg    |   1|   0|    1|          0|
    |ap_loop_exit_ready_pp0_iter3_reg    |   1|   0|    1|          0|
    |ap_loop_exit_ready_pp0_iter4_reg    |   1|   0|    1|          0|
    |ap_loop_exit_ready_pp0_iter5_reg    |   1|   0|    1|          0|
    |ap_loop_exit_ready_pp0_iter6_reg    |   1|   0|    1|          0|
    |ap_loop_exit_ready_pp0_iter7_reg    |   1|   0|    1|          0|
    |ap_loop_exit_ready_pp0_iter8_reg    |   1|   0|    1|          0|
    |ap_loop_exit_ready_pp0_iter9_reg    |   1|   0|    1|          0|
    |channel_fu_96                       |   5|   0|    5|          0|
    |conv2_output_load_1_reg_1204        |  32|   0|   32|          0|
    |conv2_output_load_2_reg_1211        |  32|   0|   32|          0|
    |conv2_output_load_3_reg_1218        |  32|   0|   32|          0|
    |conv2_output_load_reg_1197          |  32|   0|   32|          0|
    |empty_34_reg_1113                   |   4|   0|    5|          1|
    |empty_reg_1091                      |   4|   0|    4|          0|
    |icmp_ln107_10_reg_1261              |   1|   0|    1|          0|
    |icmp_ln107_11_reg_1266              |   1|   0|    1|          0|
    |icmp_ln107_12_reg_1271              |   1|   0|    1|          0|
    |icmp_ln107_13_reg_1276              |   1|   0|    1|          0|
    |icmp_ln91_reg_1074                  |   1|   0|    1|          0|
    |icmp_ln93_reg_1078                  |   1|   0|    1|          0|
    |icmp_ln93_reg_1078_pp0_iter1_reg    |   1|   0|    1|          0|
    |indvar_flatten127_fu_92             |   6|   0|    6|          0|
    |indvar_flatten183_fu_100            |   9|   0|    9|          0|
    |or_ln93_1_reg_1157                  |   7|   0|    8|          1|
    |output_col_fu_84                    |   3|   0|    3|          0|
    |output_row_fu_88                    |   3|   0|    3|          0|
    |select_ln107_1_reg_1242             |  32|   0|   32|          0|
    |select_ln107_2_reg_1254             |  32|   0|   32|          0|
    |select_ln107_reg_1230               |  32|   0|   32|          0|
    |select_ln91_6_reg_1124              |   5|   0|    5|          0|
    |select_ln93_1_reg_1146              |   7|   0|    7|          0|
    |select_ln93_2_reg_1152              |   7|   0|    8|          1|
    |select_ln93_reg_1134                |   3|   0|    3|          0|
    |select_ln93_reg_1134_pp0_iter2_reg  |   3|   0|    3|          0|
    |tmp3_reg_1097                       |   5|   0|    5|          0|
    |tmp4_mid1_reg_1141                  |   5|   0|    6|          1|
    |tmp4_reg_1102                       |   5|   0|    6|          1|
    |tmp_11_reg_1249                     |   1|   0|    1|          0|
    |tmp_14_reg_1281                     |   1|   0|    1|          0|
    |tmp_5_reg_1225                      |   1|   0|    1|          0|
    |tmp_8_reg_1237                      |   1|   0|    1|          0|
    |add_ln114_1_reg_1192                |  64|  32|    9|          0|
    |conv2_output_load_1_reg_1204        |  64|  32|   32|          0|
    |conv2_output_load_2_reg_1211        |  64|  32|   32|          0|
    |conv2_output_load_3_reg_1218        |  64|  32|   32|          0|
    |conv2_output_load_reg_1197          |  64|  32|   32|          0|
    |icmp_ln91_reg_1074                  |  64|  32|    1|          0|
    |select_ln107_1_reg_1242             |  64|  32|   32|          0|
    |select_ln107_2_reg_1254             |  64|  32|   32|          0|
    |select_ln107_reg_1230               |  64|  32|   32|          0|
    +------------------------------------+----+----+-----+-----------+
    |Total                               | 960| 288|  625|          7|
    +------------------------------------+----+----+-----+-----------+



================================================================
== Interface
================================================================
* Summary: 
+-----------------------+-----+-----+------------+---------------------------------------------------------+--------------+
|       RTL Ports       | Dir | Bits|  Protocol  |                      Source Object                      |    C Type    |
+-----------------------+-----+-----+------------+---------------------------------------------------------+--------------+
|ap_clk                 |   in|    1|  ap_ctrl_hs|  lenet_full_top_Pipeline_POOL_CHANNEL_POOL_ROW_POOL_COL1|  return value|
|ap_rst                 |   in|    1|  ap_ctrl_hs|  lenet_full_top_Pipeline_POOL_CHANNEL_POOL_ROW_POOL_COL1|  return value|
|ap_start               |   in|    1|  ap_ctrl_hs|  lenet_full_top_Pipeline_POOL_CHANNEL_POOL_ROW_POOL_COL1|  return value|
|ap_done                |  out|    1|  ap_ctrl_hs|  lenet_full_top_Pipeline_POOL_CHANNEL_POOL_ROW_POOL_COL1|  return value|
|ap_idle                |  out|    1|  ap_ctrl_hs|  lenet_full_top_Pipeline_POOL_CHANNEL_POOL_ROW_POOL_COL1|  return value|
|ap_ready               |  out|    1|  ap_ctrl_hs|  lenet_full_top_Pipeline_POOL_CHANNEL_POOL_ROW_POOL_COL1|  return value|
|grp_fu_1406_p_din0     |  out|   32|  ap_ctrl_hs|  lenet_full_top_Pipeline_POOL_CHANNEL_POOL_ROW_POOL_COL1|  return value|
|grp_fu_1406_p_din1     |  out|   32|  ap_ctrl_hs|  lenet_full_top_Pipeline_POOL_CHANNEL_POOL_ROW_POOL_COL1|  return value|
|grp_fu_1406_p_opcode   |  out|    5|  ap_ctrl_hs|  lenet_full_top_Pipeline_POOL_CHANNEL_POOL_ROW_POOL_COL1|  return value|
|grp_fu_1406_p_dout0    |   in|    1|  ap_ctrl_hs|  lenet_full_top_Pipeline_POOL_CHANNEL_POOL_ROW_POOL_COL1|  return value|
|grp_fu_1406_p_ce       |  out|    1|  ap_ctrl_hs|  lenet_full_top_Pipeline_POOL_CHANNEL_POOL_ROW_POOL_COL1|  return value|
|grp_fu_1410_p_din0     |  out|   32|  ap_ctrl_hs|  lenet_full_top_Pipeline_POOL_CHANNEL_POOL_ROW_POOL_COL1|  return value|
|grp_fu_1410_p_din1     |  out|   32|  ap_ctrl_hs|  lenet_full_top_Pipeline_POOL_CHANNEL_POOL_ROW_POOL_COL1|  return value|
|grp_fu_1410_p_opcode   |  out|    5|  ap_ctrl_hs|  lenet_full_top_Pipeline_POOL_CHANNEL_POOL_ROW_POOL_COL1|  return value|
|grp_fu_1410_p_dout0    |   in|    1|  ap_ctrl_hs|  lenet_full_top_Pipeline_POOL_CHANNEL_POOL_ROW_POOL_COL1|  return value|
|grp_fu_1410_p_ce       |  out|    1|  ap_ctrl_hs|  lenet_full_top_Pipeline_POOL_CHANNEL_POOL_ROW_POOL_COL1|  return value|
|grp_fu_1414_p_din0     |  out|   32|  ap_ctrl_hs|  lenet_full_top_Pipeline_POOL_CHANNEL_POOL_ROW_POOL_COL1|  return value|
|grp_fu_1414_p_din1     |  out|   32|  ap_ctrl_hs|  lenet_full_top_Pipeline_POOL_CHANNEL_POOL_ROW_POOL_COL1|  return value|
|grp_fu_1414_p_opcode   |  out|    5|  ap_ctrl_hs|  lenet_full_top_Pipeline_POOL_CHANNEL_POOL_ROW_POOL_COL1|  return value|
|grp_fu_1414_p_dout0    |   in|    1|  ap_ctrl_hs|  lenet_full_top_Pipeline_POOL_CHANNEL_POOL_ROW_POOL_COL1|  return value|
|grp_fu_1414_p_ce       |  out|    1|  ap_ctrl_hs|  lenet_full_top_Pipeline_POOL_CHANNEL_POOL_ROW_POOL_COL1|  return value|
|grp_fu_1418_p_din0     |  out|   32|  ap_ctrl_hs|  lenet_full_top_Pipeline_POOL_CHANNEL_POOL_ROW_POOL_COL1|  return value|
|grp_fu_1418_p_din1     |  out|   32|  ap_ctrl_hs|  lenet_full_top_Pipeline_POOL_CHANNEL_POOL_ROW_POOL_COL1|  return value|
|grp_fu_1418_p_opcode   |  out|    5|  ap_ctrl_hs|  lenet_full_top_Pipeline_POOL_CHANNEL_POOL_ROW_POOL_COL1|  return value|
|grp_fu_1418_p_dout0    |   in|    1|  ap_ctrl_hs|  lenet_full_top_Pipeline_POOL_CHANNEL_POOL_ROW_POOL_COL1|  return value|
|grp_fu_1418_p_ce       |  out|    1|  ap_ctrl_hs|  lenet_full_top_Pipeline_POOL_CHANNEL_POOL_ROW_POOL_COL1|  return value|
|conv2_output_address0  |  out|   11|   ap_memory|                                             conv2_output|         array|
|conv2_output_ce0       |  out|    1|   ap_memory|                                             conv2_output|         array|
|conv2_output_q0        |   in|   32|   ap_memory|                                             conv2_output|         array|
|conv2_output_address1  |  out|   11|   ap_memory|                                             conv2_output|         array|
|conv2_output_ce1       |  out|    1|   ap_memory|                                             conv2_output|         array|
|conv2_output_q1        |   in|   32|   ap_memory|                                             conv2_output|         array|
|conv2_output_address2  |  out|   11|   ap_memory|                                             conv2_output|         array|
|conv2_output_ce2       |  out|    1|   ap_memory|                                             conv2_output|         array|
|conv2_output_q2        |   in|   32|   ap_memory|                                             conv2_output|         array|
|conv2_output_address3  |  out|   11|   ap_memory|                                             conv2_output|         array|
|conv2_output_ce3       |  out|    1|   ap_memory|                                             conv2_output|         array|
|conv2_output_q3        |   in|   32|   ap_memory|                                             conv2_output|         array|
|pool2_output_address0  |  out|    9|   ap_memory|                                             pool2_output|         array|
|pool2_output_ce0       |  out|    1|   ap_memory|                                             pool2_output|         array|
|pool2_output_we0       |  out|    1|   ap_memory|                                             pool2_output|         array|
|pool2_output_d0        |  out|   32|   ap_memory|                                             pool2_output|         array|
+-----------------------+-----+-----+------------+---------------------------------------------------------+--------------+

