Copyright 1986-2022 Xilinx, Inc. All Rights Reserved.
------------------------------------------------------------------------------------------------------------------------------------------
| Tool Version : Vivado v.2022.2 (win64) Build 3671981 Fri Oct 14 05:00:03 MDT 2022
| Date         : Sun Sep 13 14:32:04 2026
| Host         : Benedicta running 64-bit major release  (build 9200)
| Command      : report_clocks -file D:/GitHub/vivado/vivado/F_Quantization_W8A8/hls_w4a4/vivado_review/reports/w4a4_clocks_postroute.rpt
| Design       : lenet_system_wrapper
| Device       : 7z020-clg400
| Speed File   : -1  PRODUCTION 1.12 2019-11-22
------------------------------------------------------------------------------------------------------------------------------------------

Clock Report


Attributes
  P: Propagated
  G: Generated
  A: Auto-derived
  R: Renamed
  V: Virtual
  I: Inverted
  S: Pin phase-shifted with Latency mode

Clock       Period(ns)  Waveform(ns)   Attributes  Sources
clk_fpga_0  10.000      {0.000 5.000}  P           {lenet_system_i/processing_system7_0/inst/PS7_i/FCLKCLK[0]}


====================================================
Generated Clocks
====================================================



====================================================
User Uncertainty
====================================================



====================================================
User Jitter
====================================================

Clock       Jitter(ns)
clk_fpga_0  0.300

