

================================================================
== Vivado HLS Report for 'p_anonymous_namespace'
================================================================
* Date:           Wed Sep  2 23:01:21 2026

* Version:        2019.1 (Build 2552052 on Fri May 24 15:28:33 MDT 2019)
* Project:        fc1_hls
* Solution:       solution1
* Product family: zynq
* Target device:  xc7z020-clg400-1


================================================================
== Performance Estimates
================================================================
+ Timing (ns): 
    * Summary: 
    +--------+-------+----------+------------+
    |  Clock | Target| Estimated| Uncertainty|
    +--------+-------+----------+------------+
    |ap_clk  |  10.00|     8.750|        1.25|
    +--------+-------+----------+------------+

+ Latency (clock cycles): 
    * Summary: 
    +--------+--------+--------+--------+---------+
    |     Latency     |     Interval    | Pipeline|
    |   min  |   max  |   min  |   max  |   Type  |
    +--------+--------+--------+--------+---------+
    |  101567|  101567|  101567|  101567|   none  |
    +--------+--------+--------+--------+---------+

    + Detail: 
        * Instance: 
        N/A

        * Loop: 
        +----------------+--------+--------+----------+-----------+-----------+------+----------+
        |                |     Latency     | Iteration|  Initiation Interval  | Trip |          |
        |    Loop Name   |   min  |   max  |  Latency |  achieved |   target  | Count| Pipelined|
        +----------------+--------+--------+----------+-----------+-----------+------+----------+
        |- DENSE_OUTPUT  |  101556|  101556|      1209|          -|          -|    84|    no    |
        | + DENSE_INPUT  |    1200|    1200|        10|          -|          -|   120|    no    |
        +----------------+--------+--------+----------+-----------+-----------+------+----------+



================================================================
== Utilization Estimates
================================================================
* Summary: 
+-----------------+---------+-------+--------+-------+-----+
|       Name      | BRAM_18K| DSP48E|   FF   |  LUT  | URAM|
+-----------------+---------+-------+--------+-------+-----+
|DSP              |        -|      -|       -|      -|    -|
|Expression       |        -|      -|       0|    119|    -|
|FIFO             |        -|      -|       -|      -|    -|
|Instance         |        -|      5|     348|    711|    -|
|Memory           |        -|      -|       -|      -|    -|
|Multiplexer      |        -|      -|       -|    245|    -|
|Register         |        -|      -|     309|      -|    -|
+-----------------+---------+-------+--------+-------+-----+
|Total            |        0|      5|     657|   1075|    0|
+-----------------+---------+-------+--------+-------+-----+
|Available        |      280|    220|  106400|  53200|    0|
+-----------------+---------+-------+--------+-------+-----+
|Utilization (%)  |        0|      2|   ~0   |      2|    0|
+-----------------+---------+-------+--------+-------+-----+

+ Detail: 
    * Instance: 
    +-------------------------+----------------------+---------+-------+-----+-----+-----+
    |         Instance        |        Module        | BRAM_18K| DSP48E|  FF | LUT | URAM|
    +-------------------------+----------------------+---------+-------+-----+-----+-----+
    |lenet_fc1_top_fadbkb_U1  |lenet_fc1_top_fadbkb  |        0|      2|  205|  390|    0|
    |lenet_fc1_top_fmucud_U2  |lenet_fc1_top_fmucud  |        0|      3|  143|  321|    0|
    +-------------------------+----------------------+---------+-------+-----+-----+-----+
    |Total                    |                      |        0|      5|  348|  711|    0|
    +-------------------------+----------------------+---------+-------+-----+-----+-----+

    * DSP48E: 
    N/A

    * Memory: 
    N/A

    * FIFO: 
    N/A

    * Expression: 
    +------------------------+----------+-------+---+----+------------+------------+
    |      Variable Name     | Operation| DSP48E| FF| LUT| Bitwidth P0| Bitwidth P1|
    +------------------------+----------+-------+---+----+------------+------------+
    |add_ln144_fu_290_p2     |     +    |      0|  0|  40|          33|          33|
    |input_index_fu_311_p2   |     +    |      0|  0|  15|           7|           1|
    |output_index_fu_246_p2  |     +    |      0|  0|  15|           7|           1|
    |sub_ln144_fu_276_p2     |     -    |      0|  0|  21|          15|          15|
    |ap_block_state16_io     |    and   |      0|  0|   2|           1|           1|
    |icmp_ln139_fu_240_p2    |   icmp   |      0|  0|  11|           7|           7|
    |icmp_ln143_fu_305_p2    |   icmp   |      0|  0|  11|           7|           5|
    |ap_block_state16        |    or    |      0|  0|   2|           1|           1|
    |ap_block_state9_io      |    or    |      0|  0|   2|           1|           1|
    +------------------------+----------+-------+---+----+------------+------------+
    |Total                   |          |      0|  0| 119|          79|          65|
    +------------------------+----------+-------+---+----+------------+------------+

    * Multiplexer: 
    +------------------------+-----+-----------+-----+-----------+
    |          Name          | LUT | Input Size| Bits| Total Bits|
    +------------------------+-----+-----------+-----+-----------+
    |accumulator_0_reg_173   |    9|          2|   32|         64|
    |ap_NS_fsm               |  137|         30|    1|         30|
    |bias_blk_n_AR           |    9|          2|    1|          2|
    |bias_blk_n_R            |    9|          2|    1|          2|
    |feature_in_blk_n_AR     |    9|          2|    1|          2|
    |feature_in_blk_n_R      |    9|          2|    1|          2|
    |feature_out_blk_n_AW    |    9|          2|    1|          2|
    |feature_out_blk_n_B     |    9|          2|    1|          2|
    |feature_out_blk_n_W     |    9|          2|    1|          2|
    |input_index_0_reg_184   |    9|          2|    7|         14|
    |output_index_0_reg_162  |    9|          2|    7|         14|
    |weight_blk_n_AR         |    9|          2|    1|          2|
    |weight_blk_n_R          |    9|          2|    1|          2|
    +------------------------+-----+-----------+-----+-----------+
    |Total                   |  245|         54|   56|        140|
    +------------------------+-----+-----------+-----+-----------+

    * Register: 
    +------------------------------+----+----+-----+-----------+
    |             Name             | FF | LUT| Bits| Const Bits|
    +------------------------------+----+----+-----+-----------+
    |accumulator_0_reg_173         |  32|   0|   32|          0|
    |accumulator_reg_354           |  32|   0|   32|          0|
    |ap_CS_fsm                     |  29|   0|   29|          0|
    |feature_in_addr_read_reg_367  |  32|   0|   32|          0|
    |feature_in_addr_reg_323       |  30|   0|   32|          2|
    |input_index_0_reg_184         |   7|   0|    7|          0|
    |input_index_reg_362           |   7|   0|    7|          0|
    |output_index_0_reg_162        |   7|   0|    7|          0|
    |output_index_reg_343          |   7|   0|    7|          0|
    |tmp_reg_377                   |  32|   0|   32|          0|
    |weight_addr_read_reg_372      |  32|   0|   32|          0|
    |weight_addr_reg_348           |  32|   0|   32|          0|
    |zext_ln139_reg_335            |  30|   0|   33|          3|
    +------------------------------+----+----+-----+-----------+
    |Total                         | 309|   0|  314|          5|
    +------------------------------+----+----+-----+-----------+



================================================================
== Interface
================================================================
* Summary: 
+----------------------------+-----+-----+------------+----------------------+--------------+
|          RTL Ports         | Dir | Bits|  Protocol  |     Source Object    |    C Type    |
+----------------------------+-----+-----+------------+----------------------+--------------+
|ap_clk                      |  in |    1| ap_ctrl_hs | (anonymous namespace | return value |
|ap_rst                      |  in |    1| ap_ctrl_hs | (anonymous namespace | return value |
|ap_start                    |  in |    1| ap_ctrl_hs | (anonymous namespace | return value |
|ap_done                     | out |    1| ap_ctrl_hs | (anonymous namespace | return value |
|ap_idle                     | out |    1| ap_ctrl_hs | (anonymous namespace | return value |
|ap_ready                    | out |    1| ap_ctrl_hs | (anonymous namespace | return value |
|m_axi_feature_in_AWVALID    | out |    1|    m_axi   |      feature_in      |    pointer   |
|m_axi_feature_in_AWREADY    |  in |    1|    m_axi   |      feature_in      |    pointer   |
|m_axi_feature_in_AWADDR     | out |   32|    m_axi   |      feature_in      |    pointer   |
|m_axi_feature_in_AWID       | out |    1|    m_axi   |      feature_in      |    pointer   |
|m_axi_feature_in_AWLEN      | out |   32|    m_axi   |      feature_in      |    pointer   |
|m_axi_feature_in_AWSIZE     | out |    3|    m_axi   |      feature_in      |    pointer   |
|m_axi_feature_in_AWBURST    | out |    2|    m_axi   |      feature_in      |    pointer   |
|m_axi_feature_in_AWLOCK     | out |    2|    m_axi   |      feature_in      |    pointer   |
|m_axi_feature_in_AWCACHE    | out |    4|    m_axi   |      feature_in      |    pointer   |
|m_axi_feature_in_AWPROT     | out |    3|    m_axi   |      feature_in      |    pointer   |
|m_axi_feature_in_AWQOS      | out |    4|    m_axi   |      feature_in      |    pointer   |
|m_axi_feature_in_AWREGION   | out |    4|    m_axi   |      feature_in      |    pointer   |
|m_axi_feature_in_AWUSER     | out |    1|    m_axi   |      feature_in      |    pointer   |
|m_axi_feature_in_WVALID     | out |    1|    m_axi   |      feature_in      |    pointer   |
|m_axi_feature_in_WREADY     |  in |    1|    m_axi   |      feature_in      |    pointer   |
|m_axi_feature_in_WDATA      | out |   32|    m_axi   |      feature_in      |    pointer   |
|m_axi_feature_in_WSTRB      | out |    4|    m_axi   |      feature_in      |    pointer   |
|m_axi_feature_in_WLAST      | out |    1|    m_axi   |      feature_in      |    pointer   |
|m_axi_feature_in_WID        | out |    1|    m_axi   |      feature_in      |    pointer   |
|m_axi_feature_in_WUSER      | out |    1|    m_axi   |      feature_in      |    pointer   |
|m_axi_feature_in_ARVALID    | out |    1|    m_axi   |      feature_in      |    pointer   |
|m_axi_feature_in_ARREADY    |  in |    1|    m_axi   |      feature_in      |    pointer   |
|m_axi_feature_in_ARADDR     | out |   32|    m_axi   |      feature_in      |    pointer   |
|m_axi_feature_in_ARID       | out |    1|    m_axi   |      feature_in      |    pointer   |
|m_axi_feature_in_ARLEN      | out |   32|    m_axi   |      feature_in      |    pointer   |
|m_axi_feature_in_ARSIZE     | out |    3|    m_axi   |      feature_in      |    pointer   |
|m_axi_feature_in_ARBURST    | out |    2|    m_axi   |      feature_in      |    pointer   |
|m_axi_feature_in_ARLOCK     | out |    2|    m_axi   |      feature_in      |    pointer   |
|m_axi_feature_in_ARCACHE    | out |    4|    m_axi   |      feature_in      |    pointer   |
|m_axi_feature_in_ARPROT     | out |    3|    m_axi   |      feature_in      |    pointer   |
|m_axi_feature_in_ARQOS      | out |    4|    m_axi   |      feature_in      |    pointer   |
|m_axi_feature_in_ARREGION   | out |    4|    m_axi   |      feature_in      |    pointer   |
|m_axi_feature_in_ARUSER     | out |    1|    m_axi   |      feature_in      |    pointer   |
|m_axi_feature_in_RVALID     |  in |    1|    m_axi   |      feature_in      |    pointer   |
|m_axi_feature_in_RREADY     | out |    1|    m_axi   |      feature_in      |    pointer   |
|m_axi_feature_in_RDATA      |  in |   32|    m_axi   |      feature_in      |    pointer   |
|m_axi_feature_in_RLAST      |  in |    1|    m_axi   |      feature_in      |    pointer   |
|m_axi_feature_in_RID        |  in |    1|    m_axi   |      feature_in      |    pointer   |
|m_axi_feature_in_RUSER      |  in |    1|    m_axi   |      feature_in      |    pointer   |
|m_axi_feature_in_RRESP      |  in |    2|    m_axi   |      feature_in      |    pointer   |
|m_axi_feature_in_BVALID     |  in |    1|    m_axi   |      feature_in      |    pointer   |
|m_axi_feature_in_BREADY     | out |    1|    m_axi   |      feature_in      |    pointer   |
|m_axi_feature_in_BRESP      |  in |    2|    m_axi   |      feature_in      |    pointer   |
|m_axi_feature_in_BID        |  in |    1|    m_axi   |      feature_in      |    pointer   |
|m_axi_feature_in_BUSER      |  in |    1|    m_axi   |      feature_in      |    pointer   |
|feature_in_offset           |  in |   30|   ap_none  |   feature_in_offset  |    scalar    |
|m_axi_weight_AWVALID        | out |    1|    m_axi   |        weight        |    pointer   |
|m_axi_weight_AWREADY        |  in |    1|    m_axi   |        weight        |    pointer   |
|m_axi_weight_AWADDR         | out |   32|    m_axi   |        weight        |    pointer   |
|m_axi_weight_AWID           | out |    1|    m_axi   |        weight        |    pointer   |
|m_axi_weight_AWLEN          | out |   32|    m_axi   |        weight        |    pointer   |
|m_axi_weight_AWSIZE         | out |    3|    m_axi   |        weight        |    pointer   |
|m_axi_weight_AWBURST        | out |    2|    m_axi   |        weight        |    pointer   |
|m_axi_weight_AWLOCK         | out |    2|    m_axi   |        weight        |    pointer   |
|m_axi_weight_AWCACHE        | out |    4|    m_axi   |        weight        |    pointer   |
|m_axi_weight_AWPROT         | out |    3|    m_axi   |        weight        |    pointer   |
|m_axi_weight_AWQOS          | out |    4|    m_axi   |        weight        |    pointer   |
|m_axi_weight_AWREGION       | out |    4|    m_axi   |        weight        |    pointer   |
|m_axi_weight_AWUSER         | out |    1|    m_axi   |        weight        |    pointer   |
|m_axi_weight_WVALID         | out |    1|    m_axi   |        weight        |    pointer   |
|m_axi_weight_WREADY         |  in |    1|    m_axi   |        weight        |    pointer   |
|m_axi_weight_WDATA          | out |   32|    m_axi   |        weight        |    pointer   |
|m_axi_weight_WSTRB          | out |    4|    m_axi   |        weight        |    pointer   |
|m_axi_weight_WLAST          | out |    1|    m_axi   |        weight        |    pointer   |
|m_axi_weight_WID            | out |    1|    m_axi   |        weight        |    pointer   |
|m_axi_weight_WUSER          | out |    1|    m_axi   |        weight        |    pointer   |
|m_axi_weight_ARVALID        | out |    1|    m_axi   |        weight        |    pointer   |
|m_axi_weight_ARREADY        |  in |    1|    m_axi   |        weight        |    pointer   |
|m_axi_weight_ARADDR         | out |   32|    m_axi   |        weight        |    pointer   |
|m_axi_weight_ARID           | out |    1|    m_axi   |        weight        |    pointer   |
|m_axi_weight_ARLEN          | out |   32|    m_axi   |        weight        |    pointer   |
|m_axi_weight_ARSIZE         | out |    3|    m_axi   |        weight        |    pointer   |
|m_axi_weight_ARBURST        | out |    2|    m_axi   |        weight        |    pointer   |
|m_axi_weight_ARLOCK         | out |    2|    m_axi   |        weight        |    pointer   |
|m_axi_weight_ARCACHE        | out |    4|    m_axi   |        weight        |    pointer   |
|m_axi_weight_ARPROT         | out |    3|    m_axi   |        weight        |    pointer   |
|m_axi_weight_ARQOS          | out |    4|    m_axi   |        weight        |    pointer   |
|m_axi_weight_ARREGION       | out |    4|    m_axi   |        weight        |    pointer   |
|m_axi_weight_ARUSER         | out |    1|    m_axi   |        weight        |    pointer   |
|m_axi_weight_RVALID         |  in |    1|    m_axi   |        weight        |    pointer   |
|m_axi_weight_RREADY         | out |    1|    m_axi   |        weight        |    pointer   |
|m_axi_weight_RDATA          |  in |   32|    m_axi   |        weight        |    pointer   |
|m_axi_weight_RLAST          |  in |    1|    m_axi   |        weight        |    pointer   |
|m_axi_weight_RID            |  in |    1|    m_axi   |        weight        |    pointer   |
|m_axi_weight_RUSER          |  in |    1|    m_axi   |        weight        |    pointer   |
|m_axi_weight_RRESP          |  in |    2|    m_axi   |        weight        |    pointer   |
|m_axi_weight_BVALID         |  in |    1|    m_axi   |        weight        |    pointer   |
|m_axi_weight_BREADY         | out |    1|    m_axi   |        weight        |    pointer   |
|m_axi_weight_BRESP          |  in |    2|    m_axi   |        weight        |    pointer   |
|m_axi_weight_BID            |  in |    1|    m_axi   |        weight        |    pointer   |
|m_axi_weight_BUSER          |  in |    1|    m_axi   |        weight        |    pointer   |
|weight_offset               |  in |   30|   ap_none  |     weight_offset    |    scalar    |
|m_axi_bias_AWVALID          | out |    1|    m_axi   |         bias         |    pointer   |
|m_axi_bias_AWREADY          |  in |    1|    m_axi   |         bias         |    pointer   |
|m_axi_bias_AWADDR           | out |   32|    m_axi   |         bias         |    pointer   |
|m_axi_bias_AWID             | out |    1|    m_axi   |         bias         |    pointer   |
|m_axi_bias_AWLEN            | out |   32|    m_axi   |         bias         |    pointer   |
|m_axi_bias_AWSIZE           | out |    3|    m_axi   |         bias         |    pointer   |
|m_axi_bias_AWBURST          | out |    2|    m_axi   |         bias         |    pointer   |
|m_axi_bias_AWLOCK           | out |    2|    m_axi   |         bias         |    pointer   |
|m_axi_bias_AWCACHE          | out |    4|    m_axi   |         bias         |    pointer   |
|m_axi_bias_AWPROT           | out |    3|    m_axi   |         bias         |    pointer   |
|m_axi_bias_AWQOS            | out |    4|    m_axi   |         bias         |    pointer   |
|m_axi_bias_AWREGION         | out |    4|    m_axi   |         bias         |    pointer   |
|m_axi_bias_AWUSER           | out |    1|    m_axi   |         bias         |    pointer   |
|m_axi_bias_WVALID           | out |    1|    m_axi   |         bias         |    pointer   |
|m_axi_bias_WREADY           |  in |    1|    m_axi   |         bias         |    pointer   |
|m_axi_bias_WDATA            | out |   32|    m_axi   |         bias         |    pointer   |
|m_axi_bias_WSTRB            | out |    4|    m_axi   |         bias         |    pointer   |
|m_axi_bias_WLAST            | out |    1|    m_axi   |         bias         |    pointer   |
|m_axi_bias_WID              | out |    1|    m_axi   |         bias         |    pointer   |
|m_axi_bias_WUSER            | out |    1|    m_axi   |         bias         |    pointer   |
|m_axi_bias_ARVALID          | out |    1|    m_axi   |         bias         |    pointer   |
|m_axi_bias_ARREADY          |  in |    1|    m_axi   |         bias         |    pointer   |
|m_axi_bias_ARADDR           | out |   32|    m_axi   |         bias         |    pointer   |
|m_axi_bias_ARID             | out |    1|    m_axi   |         bias         |    pointer   |
|m_axi_bias_ARLEN            | out |   32|    m_axi   |         bias         |    pointer   |
|m_axi_bias_ARSIZE           | out |    3|    m_axi   |         bias         |    pointer   |
|m_axi_bias_ARBURST          | out |    2|    m_axi   |         bias         |    pointer   |
|m_axi_bias_ARLOCK           | out |    2|    m_axi   |         bias         |    pointer   |
|m_axi_bias_ARCACHE          | out |    4|    m_axi   |         bias         |    pointer   |
|m_axi_bias_ARPROT           | out |    3|    m_axi   |         bias         |    pointer   |
|m_axi_bias_ARQOS            | out |    4|    m_axi   |         bias         |    pointer   |
|m_axi_bias_ARREGION         | out |    4|    m_axi   |         bias         |    pointer   |
|m_axi_bias_ARUSER           | out |    1|    m_axi   |         bias         |    pointer   |
|m_axi_bias_RVALID           |  in |    1|    m_axi   |         bias         |    pointer   |
|m_axi_bias_RREADY           | out |    1|    m_axi   |         bias         |    pointer   |
|m_axi_bias_RDATA            |  in |   32|    m_axi   |         bias         |    pointer   |
|m_axi_bias_RLAST            |  in |    1|    m_axi   |         bias         |    pointer   |
|m_axi_bias_RID              |  in |    1|    m_axi   |         bias         |    pointer   |
|m_axi_bias_RUSER            |  in |    1|    m_axi   |         bias         |    pointer   |
|m_axi_bias_RRESP            |  in |    2|    m_axi   |         bias         |    pointer   |
|m_axi_bias_BVALID           |  in |    1|    m_axi   |         bias         |    pointer   |
|m_axi_bias_BREADY           | out |    1|    m_axi   |         bias         |    pointer   |
|m_axi_bias_BRESP            |  in |    2|    m_axi   |         bias         |    pointer   |
|m_axi_bias_BID              |  in |    1|    m_axi   |         bias         |    pointer   |
|m_axi_bias_BUSER            |  in |    1|    m_axi   |         bias         |    pointer   |
|bias_offset                 |  in |   30|   ap_none  |      bias_offset     |    scalar    |
|m_axi_feature_out_AWVALID   | out |    1|    m_axi   |      feature_out     |    pointer   |
|m_axi_feature_out_AWREADY   |  in |    1|    m_axi   |      feature_out     |    pointer   |
|m_axi_feature_out_AWADDR    | out |   32|    m_axi   |      feature_out     |    pointer   |
|m_axi_feature_out_AWID      | out |    1|    m_axi   |      feature_out     |    pointer   |
|m_axi_feature_out_AWLEN     | out |   32|    m_axi   |      feature_out     |    pointer   |
|m_axi_feature_out_AWSIZE    | out |    3|    m_axi   |      feature_out     |    pointer   |
|m_axi_feature_out_AWBURST   | out |    2|    m_axi   |      feature_out     |    pointer   |
|m_axi_feature_out_AWLOCK    | out |    2|    m_axi   |      feature_out     |    pointer   |
|m_axi_feature_out_AWCACHE   | out |    4|    m_axi   |      feature_out     |    pointer   |
|m_axi_feature_out_AWPROT    | out |    3|    m_axi   |      feature_out     |    pointer   |
|m_axi_feature_out_AWQOS     | out |    4|    m_axi   |      feature_out     |    pointer   |
|m_axi_feature_out_AWREGION  | out |    4|    m_axi   |      feature_out     |    pointer   |
|m_axi_feature_out_AWUSER    | out |    1|    m_axi   |      feature_out     |    pointer   |
|m_axi_feature_out_WVALID    | out |    1|    m_axi   |      feature_out     |    pointer   |
|m_axi_feature_out_WREADY    |  in |    1|    m_axi   |      feature_out     |    pointer   |
|m_axi_feature_out_WDATA     | out |   32|    m_axi   |      feature_out     |    pointer   |
|m_axi_feature_out_WSTRB     | out |    4|    m_axi   |      feature_out     |    pointer   |
|m_axi_feature_out_WLAST     | out |    1|    m_axi   |      feature_out     |    pointer   |
|m_axi_feature_out_WID       | out |    1|    m_axi   |      feature_out     |    pointer   |
|m_axi_feature_out_WUSER     | out |    1|    m_axi   |      feature_out     |    pointer   |
|m_axi_feature_out_ARVALID   | out |    1|    m_axi   |      feature_out     |    pointer   |
|m_axi_feature_out_ARREADY   |  in |    1|    m_axi   |      feature_out     |    pointer   |
|m_axi_feature_out_ARADDR    | out |   32|    m_axi   |      feature_out     |    pointer   |
|m_axi_feature_out_ARID      | out |    1|    m_axi   |      feature_out     |    pointer   |
|m_axi_feature_out_ARLEN     | out |   32|    m_axi   |      feature_out     |    pointer   |
|m_axi_feature_out_ARSIZE    | out |    3|    m_axi   |      feature_out     |    pointer   |
|m_axi_feature_out_ARBURST   | out |    2|    m_axi   |      feature_out     |    pointer   |
|m_axi_feature_out_ARLOCK    | out |    2|    m_axi   |      feature_out     |    pointer   |
|m_axi_feature_out_ARCACHE   | out |    4|    m_axi   |      feature_out     |    pointer   |
|m_axi_feature_out_ARPROT    | out |    3|    m_axi   |      feature_out     |    pointer   |
|m_axi_feature_out_ARQOS     | out |    4|    m_axi   |      feature_out     |    pointer   |
|m_axi_feature_out_ARREGION  | out |    4|    m_axi   |      feature_out     |    pointer   |
|m_axi_feature_out_ARUSER    | out |    1|    m_axi   |      feature_out     |    pointer   |
|m_axi_feature_out_RVALID    |  in |    1|    m_axi   |      feature_out     |    pointer   |
|m_axi_feature_out_RREADY    | out |    1|    m_axi   |      feature_out     |    pointer   |
|m_axi_feature_out_RDATA     |  in |   32|    m_axi   |      feature_out     |    pointer   |
|m_axi_feature_out_RLAST     |  in |    1|    m_axi   |      feature_out     |    pointer   |
|m_axi_feature_out_RID       |  in |    1|    m_axi   |      feature_out     |    pointer   |
|m_axi_feature_out_RUSER     |  in |    1|    m_axi   |      feature_out     |    pointer   |
|m_axi_feature_out_RRESP     |  in |    2|    m_axi   |      feature_out     |    pointer   |
|m_axi_feature_out_BVALID    |  in |    1|    m_axi   |      feature_out     |    pointer   |
|m_axi_feature_out_BREADY    | out |    1|    m_axi   |      feature_out     |    pointer   |
|m_axi_feature_out_BRESP     |  in |    2|    m_axi   |      feature_out     |    pointer   |
|m_axi_feature_out_BID       |  in |    1|    m_axi   |      feature_out     |    pointer   |
|m_axi_feature_out_BUSER     |  in |    1|    m_axi   |      feature_out     |    pointer   |
|feature_out_offset          |  in |   30|   ap_none  |  feature_out_offset  |    scalar    |
+----------------------------+-----+-----+------------+----------------------+--------------+

