

================================================================
== Vitis HLS Report for 'lenet_full_top_Pipeline_OUTPUT_ROW_OUTPUT_COL'
================================================================
* Date:           Sun Sep  6 21:23:34 2026

* Version:        2022.2 (Build 3670227 on Oct 13 2022)
* Project:        clk_9ns
* Solution:       solution1 (Vivado IP Flow Target)
* Product family: zynq
* Target device:  xc7z020-clg400-1


================================================================
== Performance Estimates
================================================================
+ Timing: 
    * Summary: 
    +--------+---------+----------+------------+
    |  Clock |  Target | Estimated| Uncertainty|
    +--------+---------+----------+------------+
    |ap_clk  |  9.00 ns|  7.466 ns|     2.43 ns|
    +--------+---------+----------+------------+

+ Latency: 
    * Summary: 
    +---------+---------+----------+----------+-------+-------+---------+
    |  Latency (cycles) |  Latency (absolute) |    Interval   | Pipeline|
    |   min   |   max   |    min   |    max   |  min  |  max  |   Type  |
    +---------+---------+----------+----------+-------+-------+---------+
    |    19765|    19765|  0.178 ms|  0.178 ms|  19765|  19765|       no|
    +---------+---------+----------+----------+-------+-------+---------+

    + Detail: 
        * Instance: 
        N/A

        * Loop: 
        +-------------------------+---------+---------+----------+-----------+-----------+------+----------+
        |                         |  Latency (cycles) | Iteration|  Initiation Interval  | Trip |          |
        |        Loop Name        |   min   |   max   |  Latency |  achieved |   target  | Count| Pipelined|
        +-------------------------+---------+---------+----------+-----------+-----------+------+----------+
        |- OUTPUT_ROW_OUTPUT_COL  |    19763|    19763|       189|         25|          1|   784|       yes|
        +-------------------------+---------+---------+----------+-----------+-----------+------+----------+



================================================================
== Utilization Estimates
================================================================
* Summary: 
+-----------------+---------+-----+--------+-------+-----+
|       Name      | BRAM_18K| DSP |   FF   |  LUT  | URAM|
+-----------------+---------+-----+--------+-------+-----+
|DSP              |        -|    -|       -|      -|    -|
|Expression       |        -|    -|       0|    598|    -|
|FIFO             |        -|    -|       -|      -|    -|
|Instance         |        -|    -|       -|      -|    -|
|Memory           |        -|    -|       -|      -|    -|
|Multiplexer      |        -|    -|       -|    732|    -|
|Register         |        -|    -|    3060|    608|    -|
+-----------------+---------+-----+--------+-------+-----+
|Total            |        0|    0|    3060|   1938|    0|
+-----------------+---------+-----+--------+-------+-----+
|Available        |      280|  220|  106400|  53200|    0|
+-----------------+---------+-----+--------+-------+-----+
|Utilization (%)  |        0|    0|       2|      3|    0|
+-----------------+---------+-----+--------+-------+-----+

+ Detail: 
    * Instance: 
    N/A

    * DSP: 
    N/A

    * Memory: 
    N/A

    * FIFO: 
    N/A

    * Expression: 
    +-----------------------------------+----------+----+---+----+------------+------------+
    |           Variable Name           | Operation| DSP| FF| LUT| Bitwidth P0| Bitwidth P1|
    +-----------------------------------+----------+----+---+----+------------+------------+
    |add_ln53_1_fu_579_p2               |         +|   0|  0|  13|           5|           5|
    |add_ln53_2_fu_679_p2               |         +|   0|  0|  13|           5|           5|
    |add_ln53_3_fu_762_p2               |         +|   0|  0|  13|          10|           1|
    |add_ln53_fu_479_p2                 |         +|   0|  0|  13|           5|           5|
    |add_ln55_fu_777_p2                 |         +|   0|  0|  13|           5|           1|
    |add_ln76_fu_968_p2                 |         +|   0|  0|  14|          13|          13|
    |empty_52_fu_875_p2                 |         +|   0|  0|  14|           9|           9|
    |empty_57_fu_376_p2                 |         +|   0|  0|  71|          64|          64|
    |empty_59_fu_437_p2                 |         +|   0|  0|  71|          64|          64|
    |empty_61_fu_502_p2                 |         +|   0|  0|  71|          64|          64|
    |empty_63_fu_602_p2                 |         +|   0|  0|  71|          64|          64|
    |empty_65_fu_702_p2                 |         +|   0|  0|  71|          64|          64|
    |p_mid1_fu_913_p2                   |         +|   0|  0|  14|           9|           9|
    |tmp5_178199_fu_348_p2              |         +|   0|  0|  13|           5|           1|
    |tmp5_178_mid1_fu_413_p2            |         +|   0|  0|  13|           5|           2|
    |empty_54_fu_904_p2                 |         -|   0|  0|  14|          13|          13|
    |p_mid13_fu_942_p2                  |         -|   0|  0|  14|          13|          13|
    |ap_block_pp0_stage0_00001          |       and|   0|  0|   2|           1|           1|
    |ap_block_pp0_stage10_00001         |       and|   0|  0|   2|           1|           1|
    |ap_block_pp0_stage11_11001         |       and|   0|  0|   2|           1|           1|
    |ap_block_pp0_stage16_11001         |       and|   0|  0|   2|           1|           1|
    |ap_block_pp0_stage1_00001          |       and|   0|  0|   2|           1|           1|
    |ap_block_pp0_stage21_11001         |       and|   0|  0|   2|           1|           1|
    |ap_block_state12_io                |       and|   0|  0|   2|           1|           1|
    |icmp_ln53_fu_325_p2                |      icmp|   0|  0|  11|          10|           9|
    |icmp_ln55_fu_334_p2                |      icmp|   0|  0|   9|           5|           4|
    |ap_block_pp0_stage1_11001          |        or|   0|  0|   2|           1|           1|
    |ap_block_pp0_stage6_11001          |        or|   0|  0|   2|           1|           1|
    |ap_block_state10_pp0_stage9_iter0  |        or|   0|  0|   2|           1|           1|
    |ap_block_state27_pp0_stage1_iter1  |        or|   0|  0|   2|           1|           1|
    |ap_block_state2_io                 |        or|   0|  0|   2|           1|           1|
    |select_ln53_1_fu_948_p3            |    select|   0|  0|  13|           1|          13|
    |select_ln53_2_fu_418_p3            |    select|   0|  0|   5|           1|           5|
    |select_ln53_3_fu_472_p3            |    select|   0|  0|   2|           1|           2|
    |select_ln53_4_fu_572_p3            |    select|   0|  0|   3|           1|           3|
    |select_ln53_5_fu_672_p3            |    select|   0|  0|   3|           1|           3|
    |select_ln53_6_fu_354_p3            |    select|   0|  0|   5|           1|           5|
    |select_ln53_fu_340_p3              |    select|   0|  0|   5|           1|           1|
    |ap_enable_pp0                      |       xor|   0|  0|   2|           1|           2|
    +-----------------------------------+----------+----+---+----+------------+------------+
    |Total                              |          |   0|  0| 598|         452|         456|
    +-----------------------------------+----------+----+---+----+------------+------------+

    * Multiplexer: 
    +--------------------------------------+-----+-----------+-----+-----------+
    |                 Name                 | LUT | Input Size| Bits| Total Bits|
    +--------------------------------------+-----+-----------+-----+-----------+
    |ap_NS_fsm                             |  117|         26|    1|         26|
    |ap_done_int                           |    9|          2|    1|          2|
    |ap_enable_reg_pp0_iter0               |    9|          2|    1|          2|
    |ap_enable_reg_pp0_iter1               |    9|          2|    1|          2|
    |ap_enable_reg_pp0_iter7               |    9|          2|    1|          2|
    |ap_loop_exit_ready_pp0_iter1_reg      |    9|          2|    1|          2|
    |ap_loop_exit_ready_pp0_iter2_reg      |    9|          2|    1|          2|
    |ap_loop_exit_ready_pp0_iter3_reg      |    9|          2|    1|          2|
    |ap_loop_exit_ready_pp0_iter4_reg      |    9|          2|    1|          2|
    |ap_loop_exit_ready_pp0_iter5_reg      |    9|          2|    1|          2|
    |ap_loop_exit_ready_pp0_iter6_reg      |    9|          2|    1|          2|
    |ap_sig_allocacmp_indvar_flatten_load  |    9|          2|   10|         20|
    |ap_sig_allocacmp_output_col_1_load    |    9|          2|    5|         10|
    |ap_sig_allocacmp_output_row_2         |    9|          2|    5|         10|
    |gmem0_blk_n_AR                        |    9|          2|    1|          2|
    |gmem0_blk_n_R                         |    9|          2|    1|          2|
    |gmem1_blk_n_AR                        |    9|          2|    1|          2|
    |gmem1_blk_n_R                         |    9|          2|    1|          2|
    |grp_fu_227_p0                         |   53|         10|   32|        320|
    |grp_fu_227_p1                         |  117|         26|   32|        832|
    |grp_fu_231_p0                         |  117|         26|   32|        832|
    |grp_fu_231_p1                         |  117|         26|   32|        832|
    |indvar_flatten_fu_114                 |    9|          2|   10|         20|
    |m_axi_gmem0_ARADDR                    |   31|          6|   64|        384|
    |output_col_1_fu_106                   |    9|          2|    5|         10|
    |output_row_fu_110                     |    9|          2|    5|         10|
    +--------------------------------------+-----+-----------+-----+-----------+
    |Total                                 |  732|        160|  247|       3334|
    +--------------------------------------+-----+-----------+-----+-----------+

    * Register: 
    +-------------------------------------+----+----+-----+-----------+
    |                 Name                | FF | LUT| Bits| Const Bits|
    +-------------------------------------+----+----+-----+-----------+
    |add_ln76_reg_1462                    |  13|   0|   13|          0|
    |ap_CS_fsm                            |  25|   0|   25|          0|
    |ap_done_reg                          |   1|   0|    1|          0|
    |ap_enable_reg_pp0_iter0_reg          |   1|   0|    1|          0|
    |ap_enable_reg_pp0_iter1              |   1|   0|    1|          0|
    |ap_enable_reg_pp0_iter2              |   1|   0|    1|          0|
    |ap_enable_reg_pp0_iter3              |   1|   0|    1|          0|
    |ap_enable_reg_pp0_iter4              |   1|   0|    1|          0|
    |ap_enable_reg_pp0_iter5              |   1|   0|    1|          0|
    |ap_enable_reg_pp0_iter6              |   1|   0|    1|          0|
    |ap_enable_reg_pp0_iter7              |   1|   0|    1|          0|
    |ap_loop_exit_ready_pp0_iter1_reg     |   1|   0|    1|          0|
    |ap_loop_exit_ready_pp0_iter2_reg     |   1|   0|    1|          0|
    |ap_loop_exit_ready_pp0_iter3_reg     |   1|   0|    1|          0|
    |ap_loop_exit_ready_pp0_iter4_reg     |   1|   0|    1|          0|
    |ap_loop_exit_ready_pp0_iter5_reg     |   1|   0|    1|          0|
    |ap_loop_exit_ready_pp0_iter6_reg     |   1|   0|    1|          0|
    |gmem0_addr_1_reg_1078                |  64|   0|   64|          0|
    |gmem0_addr_2_reg_1099                |  64|   0|   64|          0|
    |gmem0_addr_3_reg_1170                |  64|   0|   64|          0|
    |gmem0_addr_4_reg_1251                |  64|   0|   64|          0|
    |gmem0_addr_reg_1066                  |  64|   0|   64|          0|
    |icmp_ln53_reg_1037                   |   1|   0|    1|          0|
    |icmp_ln55_reg_1041                   |   1|   0|    1|          0|
    |icmp_ln55_reg_1041_pp0_iter1_reg     |   1|   0|    1|          0|
    |indvar_flatten_fu_114                |  10|   0|   10|          0|
    |indvar_flatten_load_reg_1032         |  10|   0|   10|          0|
    |mul_i5_i_10_reg_1302                 |  32|   0|   32|          0|
    |mul_i5_i_11_reg_1317                 |  32|   0|   32|          0|
    |mul_i5_i_12_reg_1332                 |  32|   0|   32|          0|
    |mul_i5_i_13_reg_1347                 |  32|   0|   32|          0|
    |mul_i5_i_14_reg_1362                 |  32|   0|   32|          0|
    |mul_i5_i_15_reg_1377                 |  32|   0|   32|          0|
    |mul_i5_i_16_reg_1392                 |  32|   0|   32|          0|
    |mul_i5_i_17_reg_1407                 |  32|   0|   32|          0|
    |mul_i5_i_18_reg_1422                 |  32|   0|   32|          0|
    |mul_i5_i_19_reg_1437                 |  32|   0|   32|          0|
    |mul_i5_i_1_reg_1140                  |  32|   0|   32|          0|
    |mul_i5_i_20_reg_1452                 |  32|   0|   32|          0|
    |mul_i5_i_21_reg_1467                 |  32|   0|   32|          0|
    |mul_i5_i_22_reg_1472                 |  32|   0|   32|          0|
    |mul_i5_i_23_reg_1477                 |  32|   0|   32|          0|
    |mul_i5_i_2_reg_1155                  |  32|   0|   32|          0|
    |mul_i5_i_3_reg_1176                  |  32|   0|   32|          0|
    |mul_i5_i_4_reg_1191                  |  32|   0|   32|          0|
    |mul_i5_i_5_reg_1206                  |  32|   0|   32|          0|
    |mul_i5_i_5_reg_1206_pp0_iter1_reg    |  32|   0|   32|          0|
    |mul_i5_i_6_reg_1221                  |  32|   0|   32|          0|
    |mul_i5_i_6_reg_1221_pp0_iter1_reg    |  32|   0|   32|          0|
    |mul_i5_i_7_reg_1236                  |  32|   0|   32|          0|
    |mul_i5_i_7_reg_1236_pp0_iter1_reg    |  32|   0|   32|          0|
    |mul_i5_i_8_reg_1257                  |  32|   0|   32|          0|
    |mul_i5_i_9_reg_1272                  |  32|   0|   32|          0|
    |mul_i5_i_reg_1125                    |  32|   0|   32|          0|
    |mul_i5_i_s_reg_1287                  |  32|   0|   32|          0|
    |output_col_1_fu_106                  |   5|   0|    5|          0|
    |output_row_2_reg_1023                |   5|   0|    5|          0|
    |output_row_2_reg_1023_pp0_iter1_reg  |   5|   0|    5|          0|
    |output_row_fu_110                    |   5|   0|    5|          0|
    |reg_235                              |  32|   0|   32|          0|
    |reg_239                              |  32|   0|   32|          0|
    |reg_243                              |  32|   0|   32|          0|
    |reg_247                              |  32|   0|   32|          0|
    |reg_251                              |  32|   0|   32|          0|
    |reg_256                              |  32|   0|   32|          0|
    |reg_260                              |  32|   0|   32|          0|
    |reg_264                              |  32|   0|   32|          0|
    |reg_270                              |  32|   0|   32|          0|
    |reg_275                              |  32|   0|   32|          0|
    |reg_280                              |  32|   0|   32|          0|
    |reg_285                              |  32|   0|   32|          0|
    |reg_290                              |  32|   0|   32|          0|
    |reg_295                              |  32|   0|   32|          0|
    |select_ln53_reg_1050                 |   5|   0|    5|          0|
    |select_ln53_reg_1050_pp0_iter1_reg   |   5|   0|    5|          0|
    |sext_ln35_cast_reg_1018              |  64|   0|   64|          0|
    |tmp5_178199_reg_1060                 |   5|   0|    5|          0|
    |tmp5_178199_reg_1060_pp0_iter1_reg   |   5|   0|    5|          0|
    |add_ln76_reg_1462                    |  64|  32|   13|          0|
    |icmp_ln53_reg_1037                   |  64|  32|    1|          0|
    |mul_i5_i_10_reg_1302                 |  64|  32|   32|          0|
    |mul_i5_i_11_reg_1317                 |  64|  32|   32|          0|
    |mul_i5_i_12_reg_1332                 |  64|  32|   32|          0|
    |mul_i5_i_13_reg_1347                 |  64|  32|   32|          0|
    |mul_i5_i_14_reg_1362                 |  64|  32|   32|          0|
    |mul_i5_i_15_reg_1377                 |  64|  32|   32|          0|
    |mul_i5_i_16_reg_1392                 |  64|  32|   32|          0|
    |mul_i5_i_17_reg_1407                 |  64|  32|   32|          0|
    |mul_i5_i_18_reg_1422                 |  64|  32|   32|          0|
    |mul_i5_i_19_reg_1437                 |  64|  32|   32|          0|
    |mul_i5_i_20_reg_1452                 |  64|  32|   32|          0|
    |mul_i5_i_21_reg_1467                 |  64|  32|   32|          0|
    |mul_i5_i_22_reg_1472                 |  64|  32|   32|          0|
    |mul_i5_i_23_reg_1477                 |  64|  32|   32|          0|
    |mul_i5_i_8_reg_1257                  |  64|  32|   32|          0|
    |mul_i5_i_9_reg_1272                  |  64|  32|   32|          0|
    |mul_i5_i_s_reg_1287                  |  64|  32|   32|          0|
    +-------------------------------------+----+----+-----+-----------+
    |Total                                |3060| 608| 2402|          0|
    +-------------------------------------+----+----+-----+-----------+



================================================================
== Interface
================================================================
* Summary: 
+-----------------------+-----+-----+------------+-----------------------------------------------+--------------+
|       RTL Ports       | Dir | Bits|  Protocol  |                 Source Object                 |    C Type    |
+-----------------------+-----+-----+------------+-----------------------------------------------+--------------+
|ap_clk                 |   in|    1|  ap_ctrl_hs|  lenet_full_top_Pipeline_OUTPUT_ROW_OUTPUT_COL|  return value|
|ap_rst                 |   in|    1|  ap_ctrl_hs|  lenet_full_top_Pipeline_OUTPUT_ROW_OUTPUT_COL|  return value|
|ap_start               |   in|    1|  ap_ctrl_hs|  lenet_full_top_Pipeline_OUTPUT_ROW_OUTPUT_COL|  return value|
|ap_done                |  out|    1|  ap_ctrl_hs|  lenet_full_top_Pipeline_OUTPUT_ROW_OUTPUT_COL|  return value|
|ap_idle                |  out|    1|  ap_ctrl_hs|  lenet_full_top_Pipeline_OUTPUT_ROW_OUTPUT_COL|  return value|
|ap_ready               |  out|    1|  ap_ctrl_hs|  lenet_full_top_Pipeline_OUTPUT_ROW_OUTPUT_COL|  return value|
|grp_fu_1401_p_din0     |  out|   32|  ap_ctrl_hs|  lenet_full_top_Pipeline_OUTPUT_ROW_OUTPUT_COL|  return value|
|grp_fu_1401_p_din1     |  out|   32|  ap_ctrl_hs|  lenet_full_top_Pipeline_OUTPUT_ROW_OUTPUT_COL|  return value|
|grp_fu_1401_p_opcode   |  out|    2|  ap_ctrl_hs|  lenet_full_top_Pipeline_OUTPUT_ROW_OUTPUT_COL|  return value|
|grp_fu_1401_p_dout0    |   in|   32|  ap_ctrl_hs|  lenet_full_top_Pipeline_OUTPUT_ROW_OUTPUT_COL|  return value|
|grp_fu_1401_p_ce       |  out|    1|  ap_ctrl_hs|  lenet_full_top_Pipeline_OUTPUT_ROW_OUTPUT_COL|  return value|
|grp_fu_1405_p_din0     |  out|   32|  ap_ctrl_hs|  lenet_full_top_Pipeline_OUTPUT_ROW_OUTPUT_COL|  return value|
|grp_fu_1405_p_din1     |  out|   32|  ap_ctrl_hs|  lenet_full_top_Pipeline_OUTPUT_ROW_OUTPUT_COL|  return value|
|grp_fu_1405_p_dout0    |   in|   32|  ap_ctrl_hs|  lenet_full_top_Pipeline_OUTPUT_ROW_OUTPUT_COL|  return value|
|grp_fu_1405_p_ce       |  out|    1|  ap_ctrl_hs|  lenet_full_top_Pipeline_OUTPUT_ROW_OUTPUT_COL|  return value|
|m_axi_gmem0_AWVALID    |  out|    1|       m_axi|                                          gmem0|       pointer|
|m_axi_gmem0_AWREADY    |   in|    1|       m_axi|                                          gmem0|       pointer|
|m_axi_gmem0_AWADDR     |  out|   64|       m_axi|                                          gmem0|       pointer|
|m_axi_gmem0_AWID       |  out|    1|       m_axi|                                          gmem0|       pointer|
|m_axi_gmem0_AWLEN      |  out|   32|       m_axi|                                          gmem0|       pointer|
|m_axi_gmem0_AWSIZE     |  out|    3|       m_axi|                                          gmem0|       pointer|
|m_axi_gmem0_AWBURST    |  out|    2|       m_axi|                                          gmem0|       pointer|
|m_axi_gmem0_AWLOCK     |  out|    2|       m_axi|                                          gmem0|       pointer|
|m_axi_gmem0_AWCACHE    |  out|    4|       m_axi|                                          gmem0|       pointer|
|m_axi_gmem0_AWPROT     |  out|    3|       m_axi|                                          gmem0|       pointer|
|m_axi_gmem0_AWQOS      |  out|    4|       m_axi|                                          gmem0|       pointer|
|m_axi_gmem0_AWREGION   |  out|    4|       m_axi|                                          gmem0|       pointer|
|m_axi_gmem0_AWUSER     |  out|    1|       m_axi|                                          gmem0|       pointer|
|m_axi_gmem0_WVALID     |  out|    1|       m_axi|                                          gmem0|       pointer|
|m_axi_gmem0_WREADY     |   in|    1|       m_axi|                                          gmem0|       pointer|
|m_axi_gmem0_WDATA      |  out|   32|       m_axi|                                          gmem0|       pointer|
|m_axi_gmem0_WSTRB      |  out|    4|       m_axi|                                          gmem0|       pointer|
|m_axi_gmem0_WLAST      |  out|    1|       m_axi|                                          gmem0|       pointer|
|m_axi_gmem0_WID        |  out|    1|       m_axi|                                          gmem0|       pointer|
|m_axi_gmem0_WUSER      |  out|    1|       m_axi|                                          gmem0|       pointer|
|m_axi_gmem0_ARVALID    |  out|    1|       m_axi|                                          gmem0|       pointer|
|m_axi_gmem0_ARREADY    |   in|    1|       m_axi|                                          gmem0|       pointer|
|m_axi_gmem0_ARADDR     |  out|   64|       m_axi|                                          gmem0|       pointer|
|m_axi_gmem0_ARID       |  out|    1|       m_axi|                                          gmem0|       pointer|
|m_axi_gmem0_ARLEN      |  out|   32|       m_axi|                                          gmem0|       pointer|
|m_axi_gmem0_ARSIZE     |  out|    3|       m_axi|                                          gmem0|       pointer|
|m_axi_gmem0_ARBURST    |  out|    2|       m_axi|                                          gmem0|       pointer|
|m_axi_gmem0_ARLOCK     |  out|    2|       m_axi|                                          gmem0|       pointer|
|m_axi_gmem0_ARCACHE    |  out|    4|       m_axi|                                          gmem0|       pointer|
|m_axi_gmem0_ARPROT     |  out|    3|       m_axi|                                          gmem0|       pointer|
|m_axi_gmem0_ARQOS      |  out|    4|       m_axi|                                          gmem0|       pointer|
|m_axi_gmem0_ARREGION   |  out|    4|       m_axi|                                          gmem0|       pointer|
|m_axi_gmem0_ARUSER     |  out|    1|       m_axi|                                          gmem0|       pointer|
|m_axi_gmem0_RVALID     |   in|    1|       m_axi|                                          gmem0|       pointer|
|m_axi_gmem0_RREADY     |  out|    1|       m_axi|                                          gmem0|       pointer|
|m_axi_gmem0_RDATA      |   in|   32|       m_axi|                                          gmem0|       pointer|
|m_axi_gmem0_RLAST      |   in|    1|       m_axi|                                          gmem0|       pointer|
|m_axi_gmem0_RID        |   in|    1|       m_axi|                                          gmem0|       pointer|
|m_axi_gmem0_RFIFONUM   |   in|    9|       m_axi|                                          gmem0|       pointer|
|m_axi_gmem0_RUSER      |   in|    1|       m_axi|                                          gmem0|       pointer|
|m_axi_gmem0_RRESP      |   in|    2|       m_axi|                                          gmem0|       pointer|
|m_axi_gmem0_BVALID     |   in|    1|       m_axi|                                          gmem0|       pointer|
|m_axi_gmem0_BREADY     |  out|    1|       m_axi|                                          gmem0|       pointer|
|m_axi_gmem0_BRESP      |   in|    2|       m_axi|                                          gmem0|       pointer|
|m_axi_gmem0_BID        |   in|    1|       m_axi|                                          gmem0|       pointer|
|m_axi_gmem0_BUSER      |   in|    1|       m_axi|                                          gmem0|       pointer|
|m_axi_gmem1_AWVALID    |  out|    1|       m_axi|                                          gmem1|       pointer|
|m_axi_gmem1_AWREADY    |   in|    1|       m_axi|                                          gmem1|       pointer|
|m_axi_gmem1_AWADDR     |  out|   64|       m_axi|                                          gmem1|       pointer|
|m_axi_gmem1_AWID       |  out|    1|       m_axi|                                          gmem1|       pointer|
|m_axi_gmem1_AWLEN      |  out|   32|       m_axi|                                          gmem1|       pointer|
|m_axi_gmem1_AWSIZE     |  out|    3|       m_axi|                                          gmem1|       pointer|
|m_axi_gmem1_AWBURST    |  out|    2|       m_axi|                                          gmem1|       pointer|
|m_axi_gmem1_AWLOCK     |  out|    2|       m_axi|                                          gmem1|       pointer|
|m_axi_gmem1_AWCACHE    |  out|    4|       m_axi|                                          gmem1|       pointer|
|m_axi_gmem1_AWPROT     |  out|    3|       m_axi|                                          gmem1|       pointer|
|m_axi_gmem1_AWQOS      |  out|    4|       m_axi|                                          gmem1|       pointer|
|m_axi_gmem1_AWREGION   |  out|    4|       m_axi|                                          gmem1|       pointer|
|m_axi_gmem1_AWUSER     |  out|    1|       m_axi|                                          gmem1|       pointer|
|m_axi_gmem1_WVALID     |  out|    1|       m_axi|                                          gmem1|       pointer|
|m_axi_gmem1_WREADY     |   in|    1|       m_axi|                                          gmem1|       pointer|
|m_axi_gmem1_WDATA      |  out|   32|       m_axi|                                          gmem1|       pointer|
|m_axi_gmem1_WSTRB      |  out|    4|       m_axi|                                          gmem1|       pointer|
|m_axi_gmem1_WLAST      |  out|    1|       m_axi|                                          gmem1|       pointer|
|m_axi_gmem1_WID        |  out|    1|       m_axi|                                          gmem1|       pointer|
|m_axi_gmem1_WUSER      |  out|    1|       m_axi|                                          gmem1|       pointer|
|m_axi_gmem1_ARVALID    |  out|    1|       m_axi|                                          gmem1|       pointer|
|m_axi_gmem1_ARREADY    |   in|    1|       m_axi|                                          gmem1|       pointer|
|m_axi_gmem1_ARADDR     |  out|   64|       m_axi|                                          gmem1|       pointer|
|m_axi_gmem1_ARID       |  out|    1|       m_axi|                                          gmem1|       pointer|
|m_axi_gmem1_ARLEN      |  out|   32|       m_axi|                                          gmem1|       pointer|
|m_axi_gmem1_ARSIZE     |  out|    3|       m_axi|                                          gmem1|       pointer|
|m_axi_gmem1_ARBURST    |  out|    2|       m_axi|                                          gmem1|       pointer|
|m_axi_gmem1_ARLOCK     |  out|    2|       m_axi|                                          gmem1|       pointer|
|m_axi_gmem1_ARCACHE    |  out|    4|       m_axi|                                          gmem1|       pointer|
|m_axi_gmem1_ARPROT     |  out|    3|       m_axi|                                          gmem1|       pointer|
|m_axi_gmem1_ARQOS      |  out|    4|       m_axi|                                          gmem1|       pointer|
|m_axi_gmem1_ARREGION   |  out|    4|       m_axi|                                          gmem1|       pointer|
|m_axi_gmem1_ARUSER     |  out|    1|       m_axi|                                          gmem1|       pointer|
|m_axi_gmem1_RVALID     |   in|    1|       m_axi|                                          gmem1|       pointer|
|m_axi_gmem1_RREADY     |  out|    1|       m_axi|                                          gmem1|       pointer|
|m_axi_gmem1_RDATA      |   in|   32|       m_axi|                                          gmem1|       pointer|
|m_axi_gmem1_RLAST      |   in|    1|       m_axi|                                          gmem1|       pointer|
|m_axi_gmem1_RID        |   in|    1|       m_axi|                                          gmem1|       pointer|
|m_axi_gmem1_RFIFONUM   |   in|    9|       m_axi|                                          gmem1|       pointer|
|m_axi_gmem1_RUSER      |   in|    1|       m_axi|                                          gmem1|       pointer|
|m_axi_gmem1_RRESP      |   in|    2|       m_axi|                                          gmem1|       pointer|
|m_axi_gmem1_BVALID     |   in|    1|       m_axi|                                          gmem1|       pointer|
|m_axi_gmem1_BREADY     |  out|    1|       m_axi|                                          gmem1|       pointer|
|m_axi_gmem1_BRESP      |   in|    2|       m_axi|                                          gmem1|       pointer|
|m_axi_gmem1_BID        |   in|    1|       m_axi|                                          gmem1|       pointer|
|m_axi_gmem1_BUSER      |   in|    1|       m_axi|                                          gmem1|       pointer|
|sext_ln35              |   in|   62|     ap_none|                                      sext_ln35|        scalar|
|empty                  |   in|    9|     ap_none|                                          empty|        scalar|
|feature_in             |   in|   64|     ap_none|                                     feature_in|        scalar|
|accumulator_2          |   in|   32|     ap_none|                                  accumulator_2|        scalar|
|conv1_output_address0  |  out|   13|   ap_memory|                                   conv1_output|         array|
|conv1_output_ce0       |  out|    1|   ap_memory|                                   conv1_output|         array|
|conv1_output_we0       |  out|    1|   ap_memory|                                   conv1_output|         array|
|conv1_output_d0        |  out|   32|   ap_memory|                                   conv1_output|         array|
+-----------------------+-----+-----+------------+-----------------------------------------------+--------------+

