

================================================================
== Vitis HLS Report for 'lenet_full_top_Pipeline_POOL_CHANNEL_POOL_ROW_POOL_COL1'
================================================================
* Date:           Sun Sep  6 21:23:37 2026

* Version:        2022.2 (Build 3670227 on Oct 13 2022)
* Project:        clk_9ns
* Solution:       solution1 (Vivado IP Flow Target)
* Product family: zynq
* Target device:  xc7z020-clg400-1


================================================================
== Performance Estimates
================================================================
+ Timing: 
    * Summary: 
    +--------+---------+----------+------------+
    |  Clock |  Target | Estimated| Uncertainty|
    +--------+---------+----------+------------+
    |ap_clk  |  9.00 ns|  6.511 ns|     2.43 ns|
    +--------+---------+----------+------------+

+ Latency: 
    * Summary: 
    +---------+---------+----------+----------+-----+-----+---------+
    |  Latency (cycles) |  Latency (absolute) |  Interval | Pipeline|
    |   min   |   max   |    min   |    max   | min | max |   Type  |
    +---------+---------+----------+----------+-----+-----+---------+
    |      414|      414|  3.726 us|  3.726 us|  414|  414|       no|
    +---------+---------+----------+----------+-----+-----+---------+

    + Detail: 
        * Instance: 
        N/A

        * Loop: 
        +----------------------------------+---------+---------+----------+-----------+-----------+------+----------+
        |                                  |  Latency (cycles) | Iteration|  Initiation Interval  | Trip |          |
        |             Loop Name            |   min   |   max   |  Latency |  achieved |   target  | Count| Pipelined|
        +----------------------------------+---------+---------+----------+-----------+-----------+------+----------+
        |- POOL_CHANNEL_POOL_ROW_POOL_COL  |      412|      412|        14|          1|          1|   400|       yes|
        +----------------------------------+---------+---------+----------+-----------+-----------+------+----------+



================================================================
== Utilization Estimates
================================================================
* Summary: 
+-----------------+---------+-----+--------+-------+-----+
|       Name      | BRAM_18K| DSP |   FF   |  LUT  | URAM|
+-----------------+---------+-----+--------+-------+-----+
|DSP              |        -|    -|       -|      -|    -|
|Expression       |        -|    -|       0|    756|    -|
|FIFO             |        -|    -|       -|      -|    -|
|Instance         |        -|    -|       -|      -|    -|
|Memory           |        -|    -|       -|      -|    -|
|Multiplexer      |        -|    -|       -|     81|    -|
|Register         |        -|    -|     840|    192|    -|
+-----------------+---------+-----+--------+-------+-----+
|Total            |        0|    0|     840|   1029|    0|
+-----------------+---------+-----+--------+-------+-----+
|Available        |      280|  220|  106400|  53200|    0|
+-----------------+---------+-----+--------+-------+-----+
|Utilization (%)  |        0|    0|      ~0|      1|    0|
+-----------------+---------+-----+--------+-------+-----+

+ Detail: 
    * Instance: 
    N/A

    * DSP: 
    N/A

    * Memory: 
    N/A

    * FIFO: 
    N/A

    * Expression: 
    +--------------------------+----------+----+---+----+------------+------------+
    |       Variable Name      | Operation| DSP| FF| LUT| Bitwidth P0| Bitwidth P1|
    +--------------------------+----------+----+---+----+------------+------------+
    |add_ln105_1_fu_669_p2     |         +|   0|  0|  12|          11|          11|
    |add_ln105_2_fu_675_p2     |         +|   0|  0|  13|          10|          10|
    |add_ln105_3_fu_685_p2     |         +|   0|  0|  12|          11|          11|
    |add_ln105_fu_659_p2       |         +|   0|  0|  14|           9|           9|
    |add_ln114_1_fu_701_p2     |         +|   0|  0|  14|           9|           9|
    |add_ln114_fu_691_p2       |         +|   0|  0|  14|           7|           7|
    |add_ln91_1_fu_217_p2      |         +|   0|  0|  14|           9|           1|
    |add_ln91_fu_326_p2        |         +|   0|  0|  13|           5|           1|
    |add_ln93_1_fu_232_p2      |         +|   0|  0|  14|           6|           1|
    |add_ln93_fu_420_p2        |         +|   0|  0|  11|           3|           1|
    |add_ln95_fu_485_p2        |         +|   0|  0|  11|           3|           1|
    |empty_30_fu_520_p2        |         +|   0|  0|  14|           7|           7|
    |empty_31_fu_320_p2        |         +|   0|  0|  15|           8|           8|
    |p_mid1121_fu_572_p2       |         +|   0|  0|  14|           7|           7|
    |p_mid1123_fu_471_p2       |         +|   0|  0|  15|           8|           8|
    |p_mid1149_fu_551_p2       |         +|   0|  0|  14|           7|           7|
    |p_mid1159_fu_390_p2       |         +|   0|  0|  15|           8|           8|
    |tmp3_fu_304_p2            |         +|   0|  0|  13|           5|           5|
    |tmp3_mid1_fu_455_p2       |         +|   0|  0|  13|           5|           5|
    |tmp4_fu_310_p2            |         +|   0|  0|  14|           6|           6|
    |tmp4_mid1_fu_461_p2       |         +|   0|  0|  14|           6|           6|
    |and_ln107_1_fu_853_p2     |       and|   0|  0|   2|           1|           1|
    |and_ln107_2_fu_859_p2     |       and|   0|  0|   2|           1|           1|
    |and_ln107_3_fu_941_p2     |       and|   0|  0|   2|           1|           1|
    |and_ln107_4_fu_947_p2     |       and|   0|  0|   2|           1|           1|
    |and_ln107_5_fu_1029_p2    |       and|   0|  0|   2|           1|           1|
    |and_ln107_6_fu_1035_p2    |       and|   0|  0|   2|           1|           1|
    |and_ln107_fu_770_p2       |       and|   0|  0|   2|           1|           1|
    |and_ln91_fu_407_p2        |       and|   0|  0|   2|           1|           1|
    |icmp_ln107_10_fu_993_p2   |      icmp|   0|  0|  11|           8|           2|
    |icmp_ln107_11_fu_999_p2   |      icmp|   0|  0|  15|          23|           1|
    |icmp_ln107_12_fu_1011_p2  |      icmp|   0|  0|  11|           8|           2|
    |icmp_ln107_13_fu_1017_p2  |      icmp|   0|  0|  15|          23|           1|
    |icmp_ln107_1_fu_758_p2    |      icmp|   0|  0|  15|          23|           1|
    |icmp_ln107_2_fu_817_p2    |      icmp|   0|  0|  11|           8|           2|
    |icmp_ln107_3_fu_823_p2    |      icmp|   0|  0|  15|          23|           1|
    |icmp_ln107_4_fu_835_p2    |      icmp|   0|  0|  11|           8|           2|
    |icmp_ln107_5_fu_841_p2    |      icmp|   0|  0|  15|          23|           1|
    |icmp_ln107_6_fu_905_p2    |      icmp|   0|  0|  11|           8|           2|
    |icmp_ln107_7_fu_911_p2    |      icmp|   0|  0|  15|          23|           1|
    |icmp_ln107_8_fu_923_p2    |      icmp|   0|  0|  11|           8|           2|
    |icmp_ln107_9_fu_929_p2    |      icmp|   0|  0|  15|          23|           1|
    |icmp_ln107_fu_752_p2      |      icmp|   0|  0|  11|           8|           2|
    |icmp_ln91_fu_211_p2       |      icmp|   0|  0|  11|           9|           8|
    |icmp_ln93_fu_226_p2       |      icmp|   0|  0|  10|           6|           5|
    |icmp_ln95_fu_401_p2       |      icmp|   0|  0|   8|           3|           3|
    |or_ln105_1_fu_725_p2      |        or|   0|  0|  11|           1|          11|
    |or_ln105_fu_711_p2        |        or|   0|  0|  11|           1|          11|
    |or_ln107_1_fu_829_p2      |        or|   0|  0|   2|           1|           1|
    |or_ln107_2_fu_847_p2      |        or|   0|  0|   2|           1|           1|
    |or_ln107_3_fu_917_p2      |        or|   0|  0|   2|           1|           1|
    |or_ln107_4_fu_935_p2      |        or|   0|  0|   2|           1|           1|
    |or_ln107_5_fu_1005_p2     |        or|   0|  0|   2|           1|           1|
    |or_ln107_6_fu_1023_p2     |        or|   0|  0|   2|           1|           1|
    |or_ln107_fu_764_p2        |        or|   0|  0|   2|           1|           1|
    |or_ln93_1_fu_615_p2       |        or|   0|  0|   8|           8|           1|
    |or_ln93_fu_426_p2         |        or|   0|  0|   2|           1|           1|
    |pool2_output_d0           |    select|   0|  0|  32|           1|          32|
    |select_ln107_1_fu_865_p3  |    select|   0|  0|  32|           1|          32|
    |select_ln107_2_fu_953_p3  |    select|   0|  0|  32|           1|          32|
    |select_ln107_fu_776_p3    |    select|   0|  0|  32|           1|          32|
    |select_ln91_1_fu_358_p3   |    select|   0|  0|   7|           1|           7|
    |select_ln91_2_fu_375_p3   |    select|   0|  0|   5|           1|           5|
    |select_ln91_3_fu_540_p3   |    select|   0|  0|   6|           1|           6|
    |select_ln91_4_fu_557_p3   |    select|   0|  0|   7|           1|           7|
    |select_ln91_5_fu_564_p3   |    select|   0|  0|   8|           1|           8|
    |select_ln91_6_fu_413_p3   |    select|   0|  0|   5|           1|           5|
    |select_ln91_fu_335_p3     |    select|   0|  0|   3|           1|           1|
    |select_ln93_1_fu_578_p3   |    select|   0|  0|   7|           1|           7|
    |select_ln93_2_fu_593_p3   |    select|   0|  0|   8|           1|           8|
    |select_ln93_3_fu_477_p3   |    select|   0|  0|   3|           1|           3|
    |select_ln93_4_fu_238_p3   |    select|   0|  0|   6|           1|           1|
    |select_ln93_fu_431_p3     |    select|   0|  0|   3|           1|           1|
    |ap_enable_pp0             |       xor|   0|  0|   2|           1|           2|
    |xor_ln91_fu_396_p2        |       xor|   0|  0|   2|           1|           2|
    +--------------------------+----------+----+---+----+------------+------------+
    |Total                     |          |   0|  0| 756|         429|         396|
    +--------------------------+----------+----+---+----+------------+------------+

    * Multiplexer: 
    +-----------------------------------------+----+-----------+-----+-----------+
    |                   Name                  | LUT| Input Size| Bits| Total Bits|
    +-----------------------------------------+----+-----------+-----+-----------+
    |ap_done_int                              |   9|          2|    1|          2|
    |ap_enable_reg_pp0_iter3                  |   9|          2|    1|          2|
    |ap_sig_allocacmp_indvar_flatten127_load  |   9|          2|    6|         12|
    |ap_sig_allocacmp_indvar_flatten183_load  |   9|          2|    9|         18|
    |channel_fu_96                            |   9|          2|    5|         10|
    |indvar_flatten127_fu_92                  |   9|          2|    6|         12|
    |indvar_flatten183_fu_100                 |   9|          2|    9|         18|
    |output_col_fu_84                         |   9|          2|    3|          6|
    |output_row_fu_88                         |   9|          2|    3|          6|
    +-----------------------------------------+----+-----------+-----+-----------+
    |Total                                    |  81|         18|   43|         86|
    +-----------------------------------------+----+-----------+-----+-----------+

    * Register: 
    +------------------------------------------+----+----+-----+-----------+
    |                   Name                   | FF | LUT| Bits| Const Bits|
    +------------------------------------------+----+----+-----+-----------+
    |add_ln105_1_reg_1155                      |  10|   0|   11|          1|
    |add_ln105_3_reg_1161                      |  10|   0|   11|          1|
    |add_ln114_1_reg_1167                      |   9|   0|    9|          0|
    |add_ln91_reg_1118                         |   5|   0|    5|          0|
    |and_ln107_2_reg_1227                      |   1|   0|    1|          0|
    |and_ln107_4_reg_1239                      |   1|   0|    1|          0|
    |and_ln107_6_reg_1251                      |   1|   0|    1|          0|
    |and_ln91_reg_1133                         |   1|   0|    1|          0|
    |ap_CS_fsm                                 |   1|   0|    1|          0|
    |ap_done_reg                               |   1|   0|    1|          0|
    |ap_enable_reg_pp0_iter1                   |   1|   0|    1|          0|
    |ap_enable_reg_pp0_iter10                  |   1|   0|    1|          0|
    |ap_enable_reg_pp0_iter11                  |   1|   0|    1|          0|
    |ap_enable_reg_pp0_iter12                  |   1|   0|    1|          0|
    |ap_enable_reg_pp0_iter13                  |   1|   0|    1|          0|
    |ap_enable_reg_pp0_iter2                   |   1|   0|    1|          0|
    |ap_enable_reg_pp0_iter3                   |   1|   0|    1|          0|
    |ap_enable_reg_pp0_iter4                   |   1|   0|    1|          0|
    |ap_enable_reg_pp0_iter5                   |   1|   0|    1|          0|
    |ap_enable_reg_pp0_iter6                   |   1|   0|    1|          0|
    |ap_enable_reg_pp0_iter7                   |   1|   0|    1|          0|
    |ap_enable_reg_pp0_iter8                   |   1|   0|    1|          0|
    |ap_enable_reg_pp0_iter9                   |   1|   0|    1|          0|
    |ap_loop_exit_ready_pp0_iter10_reg         |   1|   0|    1|          0|
    |ap_loop_exit_ready_pp0_iter11_reg         |   1|   0|    1|          0|
    |ap_loop_exit_ready_pp0_iter12_reg         |   1|   0|    1|          0|
    |ap_loop_exit_ready_pp0_iter1_reg          |   1|   0|    1|          0|
    |ap_loop_exit_ready_pp0_iter2_reg          |   1|   0|    1|          0|
    |ap_loop_exit_ready_pp0_iter3_reg          |   1|   0|    1|          0|
    |ap_loop_exit_ready_pp0_iter4_reg          |   1|   0|    1|          0|
    |ap_loop_exit_ready_pp0_iter5_reg          |   1|   0|    1|          0|
    |ap_loop_exit_ready_pp0_iter6_reg          |   1|   0|    1|          0|
    |ap_loop_exit_ready_pp0_iter7_reg          |   1|   0|    1|          0|
    |ap_loop_exit_ready_pp0_iter8_reg          |   1|   0|    1|          0|
    |ap_loop_exit_ready_pp0_iter9_reg          |   1|   0|    1|          0|
    |channel_fu_96                             |   5|   0|    5|          0|
    |conv2_output_load_1_reg_1199              |  32|   0|   32|          0|
    |conv2_output_load_2_reg_1206              |  32|   0|   32|          0|
    |conv2_output_load_3_reg_1213              |  32|   0|   32|          0|
    |conv2_output_load_reg_1192                |  32|   0|   32|          0|
    |conv2_output_load_reg_1192_pp0_iter5_reg  |  32|   0|   32|          0|
    |empty_31_reg_1113                         |   7|   0|    8|          1|
    |empty_33_reg_1123                         |   4|   0|    4|          0|
    |empty_reg_1103                            |   4|   0|    4|          0|
    |icmp_ln91_reg_1086                        |   1|   0|    1|          0|
    |icmp_ln93_reg_1090                        |   1|   0|    1|          0|
    |icmp_ln93_reg_1090_pp0_iter1_reg          |   1|   0|    1|          0|
    |indvar_flatten127_fu_92                   |   6|   0|    6|          0|
    |indvar_flatten183_fu_100                  |   9|   0|    9|          0|
    |output_col_fu_84                          |   3|   0|    3|          0|
    |output_row_fu_88                          |   3|   0|    3|          0|
    |p_mid1123_reg_1150                        |   7|   0|    8|          1|
    |p_mid1159_reg_1128                        |   7|   0|    8|          1|
    |select_ln107_1_reg_1232                   |  32|   0|   32|          0|
    |select_ln107_1_reg_1232_pp0_iter10_reg    |  32|   0|   32|          0|
    |select_ln107_2_reg_1244                   |  32|   0|   32|          0|
    |select_ln107_2_reg_1244_pp0_iter12_reg    |  32|   0|   32|          0|
    |select_ln107_reg_1220                     |  32|   0|   32|          0|
    |select_ln93_reg_1139                      |   3|   0|    3|          0|
    |tmp3_mid1_reg_1145                        |   5|   0|    5|          0|
    |tmp3_reg_1108                             |   5|   0|    5|          0|
    |add_ln114_1_reg_1167                      |  64|  32|    9|          0|
    |conv2_output_load_1_reg_1199              |  64|  32|   32|          0|
    |conv2_output_load_2_reg_1206              |  64|  32|   32|          0|
    |conv2_output_load_3_reg_1213              |  64|  32|   32|          0|
    |icmp_ln91_reg_1086                        |  64|  32|    1|          0|
    |select_ln107_reg_1220                     |  64|  32|   32|          0|
    +------------------------------------------+----+----+-----+-----------+
    |Total                                     | 840| 192|  599|          5|
    +------------------------------------------+----+----+-----+-----------+



================================================================
== Interface
================================================================
* Summary: 
+-----------------------+-----+-----+------------+---------------------------------------------------------+--------------+
|       RTL Ports       | Dir | Bits|  Protocol  |                      Source Object                      |    C Type    |
+-----------------------+-----+-----+------------+---------------------------------------------------------+--------------+
|ap_clk                 |   in|    1|  ap_ctrl_hs|  lenet_full_top_Pipeline_POOL_CHANNEL_POOL_ROW_POOL_COL1|  return value|
|ap_rst                 |   in|    1|  ap_ctrl_hs|  lenet_full_top_Pipeline_POOL_CHANNEL_POOL_ROW_POOL_COL1|  return value|
|ap_start               |   in|    1|  ap_ctrl_hs|  lenet_full_top_Pipeline_POOL_CHANNEL_POOL_ROW_POOL_COL1|  return value|
|ap_done                |  out|    1|  ap_ctrl_hs|  lenet_full_top_Pipeline_POOL_CHANNEL_POOL_ROW_POOL_COL1|  return value|
|ap_idle                |  out|    1|  ap_ctrl_hs|  lenet_full_top_Pipeline_POOL_CHANNEL_POOL_ROW_POOL_COL1|  return value|
|ap_ready               |  out|    1|  ap_ctrl_hs|  lenet_full_top_Pipeline_POOL_CHANNEL_POOL_ROW_POOL_COL1|  return value|
|grp_fu_1409_p_din0     |  out|   32|  ap_ctrl_hs|  lenet_full_top_Pipeline_POOL_CHANNEL_POOL_ROW_POOL_COL1|  return value|
|grp_fu_1409_p_din1     |  out|   32|  ap_ctrl_hs|  lenet_full_top_Pipeline_POOL_CHANNEL_POOL_ROW_POOL_COL1|  return value|
|grp_fu_1409_p_opcode   |  out|    5|  ap_ctrl_hs|  lenet_full_top_Pipeline_POOL_CHANNEL_POOL_ROW_POOL_COL1|  return value|
|grp_fu_1409_p_dout0    |   in|    1|  ap_ctrl_hs|  lenet_full_top_Pipeline_POOL_CHANNEL_POOL_ROW_POOL_COL1|  return value|
|grp_fu_1409_p_ce       |  out|    1|  ap_ctrl_hs|  lenet_full_top_Pipeline_POOL_CHANNEL_POOL_ROW_POOL_COL1|  return value|
|grp_fu_1413_p_din0     |  out|   32|  ap_ctrl_hs|  lenet_full_top_Pipeline_POOL_CHANNEL_POOL_ROW_POOL_COL1|  return value|
|grp_fu_1413_p_din1     |  out|   32|  ap_ctrl_hs|  lenet_full_top_Pipeline_POOL_CHANNEL_POOL_ROW_POOL_COL1|  return value|
|grp_fu_1413_p_opcode   |  out|    5|  ap_ctrl_hs|  lenet_full_top_Pipeline_POOL_CHANNEL_POOL_ROW_POOL_COL1|  return value|
|grp_fu_1413_p_dout0    |   in|    1|  ap_ctrl_hs|  lenet_full_top_Pipeline_POOL_CHANNEL_POOL_ROW_POOL_COL1|  return value|
|grp_fu_1413_p_ce       |  out|    1|  ap_ctrl_hs|  lenet_full_top_Pipeline_POOL_CHANNEL_POOL_ROW_POOL_COL1|  return value|
|grp_fu_1417_p_din0     |  out|   32|  ap_ctrl_hs|  lenet_full_top_Pipeline_POOL_CHANNEL_POOL_ROW_POOL_COL1|  return value|
|grp_fu_1417_p_din1     |  out|   32|  ap_ctrl_hs|  lenet_full_top_Pipeline_POOL_CHANNEL_POOL_ROW_POOL_COL1|  return value|
|grp_fu_1417_p_opcode   |  out|    5|  ap_ctrl_hs|  lenet_full_top_Pipeline_POOL_CHANNEL_POOL_ROW_POOL_COL1|  return value|
|grp_fu_1417_p_dout0    |   in|    1|  ap_ctrl_hs|  lenet_full_top_Pipeline_POOL_CHANNEL_POOL_ROW_POOL_COL1|  return value|
|grp_fu_1417_p_ce       |  out|    1|  ap_ctrl_hs|  lenet_full_top_Pipeline_POOL_CHANNEL_POOL_ROW_POOL_COL1|  return value|
|grp_fu_1421_p_din0     |  out|   32|  ap_ctrl_hs|  lenet_full_top_Pipeline_POOL_CHANNEL_POOL_ROW_POOL_COL1|  return value|
|grp_fu_1421_p_din1     |  out|   32|  ap_ctrl_hs|  lenet_full_top_Pipeline_POOL_CHANNEL_POOL_ROW_POOL_COL1|  return value|
|grp_fu_1421_p_opcode   |  out|    5|  ap_ctrl_hs|  lenet_full_top_Pipeline_POOL_CHANNEL_POOL_ROW_POOL_COL1|  return value|
|grp_fu_1421_p_dout0    |   in|    1|  ap_ctrl_hs|  lenet_full_top_Pipeline_POOL_CHANNEL_POOL_ROW_POOL_COL1|  return value|
|grp_fu_1421_p_ce       |  out|    1|  ap_ctrl_hs|  lenet_full_top_Pipeline_POOL_CHANNEL_POOL_ROW_POOL_COL1|  return value|
|conv2_output_address0  |  out|   11|   ap_memory|                                             conv2_output|         array|
|conv2_output_ce0       |  out|    1|   ap_memory|                                             conv2_output|         array|
|conv2_output_q0        |   in|   32|   ap_memory|                                             conv2_output|         array|
|conv2_output_address1  |  out|   11|   ap_memory|                                             conv2_output|         array|
|conv2_output_ce1       |  out|    1|   ap_memory|                                             conv2_output|         array|
|conv2_output_q1        |   in|   32|   ap_memory|                                             conv2_output|         array|
|conv2_output_address2  |  out|   11|   ap_memory|                                             conv2_output|         array|
|conv2_output_ce2       |  out|    1|   ap_memory|                                             conv2_output|         array|
|conv2_output_q2        |   in|   32|   ap_memory|                                             conv2_output|         array|
|conv2_output_address3  |  out|   11|   ap_memory|                                             conv2_output|         array|
|conv2_output_ce3       |  out|    1|   ap_memory|                                             conv2_output|         array|
|conv2_output_q3        |   in|   32|   ap_memory|                                             conv2_output|         array|
|pool2_output_address0  |  out|    9|   ap_memory|                                             pool2_output|         array|
|pool2_output_ce0       |  out|    1|   ap_memory|                                             pool2_output|         array|
|pool2_output_we0       |  out|    1|   ap_memory|                                             pool2_output|         array|
|pool2_output_d0        |  out|   32|   ap_memory|                                             pool2_output|         array|
+-----------------------+-----+-----+------------+---------------------------------------------------------+--------------+

