

================================================================
== Vitis HLS Report for 'lenet_full_top_Pipeline_INPUT_CHANNEL'
================================================================
* Date:           Sun Sep  6 21:23:36 2026

* Version:        2022.2 (Build 3670227 on Oct 13 2022)
* Project:        clk_9ns
* Solution:       solution1 (Vivado IP Flow Target)
* Product family: zynq
* Target device:  xc7z020-clg400-1


================================================================
== Performance Estimates
================================================================
+ Timing: 
    * Summary: 
    +--------+---------+----------+------------+
    |  Clock |  Target | Estimated| Uncertainty|
    +--------+---------+----------+------------+
    |ap_clk  |  9.00 ns|  7.466 ns|     2.43 ns|
    +--------+---------+----------+------------+

+ Latency: 
    * Summary: 
    +---------+---------+----------+----------+------+------+---------+
    |  Latency (cycles) |  Latency (absolute) |   Interval  | Pipeline|
    |   min   |   max   |    min   |    max   |  min |  max |   Type  |
    +---------+---------+----------+----------+------+------+---------+
    |     1060|     1060|  9.540 us|  9.540 us|  1060|  1060|       no|
    +---------+---------+----------+----------+------+------+---------+

    + Detail: 
        * Instance: 
        N/A

        * Loop: 
        +-----------------+---------+---------+----------+-----------+-----------+------+----------+
        |                 |  Latency (cycles) | Iteration|  Initiation Interval  | Trip |          |
        |    Loop Name    |   min   |   max   |  Latency |  achieved |   target  | Count| Pipelined|
        +-----------------+---------+---------+----------+-----------+-----------+------+----------+
        |- INPUT_CHANNEL  |     1058|     1058|       184|        175|          1|     6|       yes|
        +-----------------+---------+---------+----------+-----------+-----------+------+----------+



================================================================
== Utilization Estimates
================================================================
* Summary: 
+-----------------+---------+-----+--------+-------+-----+
|       Name      | BRAM_18K| DSP |   FF   |  LUT  | URAM|
+-----------------+---------+-----+--------+-------+-----+
|DSP              |        -|    -|       -|      -|    -|
|Expression       |        -|    -|       0|    459|    -|
|FIFO             |        -|    -|       -|      -|    -|
|Instance         |        -|    -|       -|      -|    -|
|Memory           |        -|    -|       -|      -|    -|
|Multiplexer      |        -|    -|       -|   1519|    -|
|Register         |        -|    -|    1659|      -|    -|
+-----------------+---------+-----+--------+-------+-----+
|Total            |        0|    0|    1659|   1978|    0|
+-----------------+---------+-----+--------+-------+-----+
|Available        |      280|  220|  106400|  53200|    0|
+-----------------+---------+-----+--------+-------+-----+
|Utilization (%)  |        0|    0|       1|      3|    0|
+-----------------+---------+-----+--------+-------+-----+

+ Detail: 
    * Instance: 
    N/A

    * DSP: 
    N/A

    * Memory: 
    N/A

    * FIFO: 
    N/A

    * Expression: 
    +-----------------------------------+----------+----+---+----+------------+------------+
    |           Variable Name           | Operation| DSP| FF| LUT| Bitwidth P0| Bitwidth P1|
    +-----------------------------------+----------+----+---+----+------------+------------+
    |add_ln21_20_fu_583_p2              |         +|   0|  0|  12|          11|           2|
    |add_ln21_21_fu_593_p2              |         +|   0|  0|  12|          11|           2|
    |add_ln21_22_fu_643_p2              |         +|   0|  0|  12|          11|           3|
    |add_ln21_23_fu_638_p2              |         +|   0|  0|  11|          11|          11|
    |add_ln21_24_fu_662_p2              |         +|   0|  0|  12|          11|           1|
    |add_ln21_25_fu_672_p2              |         +|   0|  0|  12|          11|           2|
    |add_ln21_26_fu_687_p2              |         +|   0|  0|  12|          11|           2|
    |add_ln21_27_fu_697_p2              |         +|   0|  0|  12|          11|           3|
    |add_ln21_28_fu_742_p2              |         +|   0|  0|  11|          11|          11|
    |add_ln21_29_fu_756_p2              |         +|   0|  0|  12|          11|           1|
    |add_ln21_30_fu_775_p2              |         +|   0|  0|  12|          11|           2|
    |add_ln21_31_fu_785_p2              |         +|   0|  0|  12|          11|           2|
    |add_ln21_32_fu_880_p2              |         +|   0|  0|  12|          11|           3|
    |add_ln21_33_fu_830_p2              |         +|   0|  0|  11|          11|          11|
    |add_ln21_34_fu_899_p2              |         +|   0|  0|  12|          11|           1|
    |add_ln21_35_fu_909_p2              |         +|   0|  0|  12|          11|           2|
    |add_ln21_36_fu_924_p2              |         +|   0|  0|  12|          11|           2|
    |add_ln21_37_fu_934_p2              |         +|   0|  0|  12|          11|           3|
    |add_ln21_38_fu_870_p2              |         +|   0|  0|  11|          11|          11|
    |add_ln21_39_fu_953_p2              |         +|   0|  0|  12|          11|           1|
    |add_ln21_40_fu_968_p2              |         +|   0|  0|  12|          11|           2|
    |add_ln21_41_fu_978_p2              |         +|   0|  0|  12|          11|           2|
    |add_ln21_42_fu_993_p2              |         +|   0|  0|  12|          11|           3|
    |add_ln21_fu_573_p2                 |         +|   0|  0|  12|          11|           1|
    |add_ln60_fu_488_p2                 |         +|   0|  0|  11|           3|           1|
    |empty_80_fu_603_p2                 |         +|   0|  0|  15|           8|           1|
    |empty_83_fu_707_p2                 |         +|   0|  0|  15|           8|           2|
    |empty_86_fu_795_p2                 |         +|   0|  0|  15|           8|           2|
    |empty_89_fu_835_p2                 |         +|   0|  0|  15|           8|           3|
    |newFirst18_fu_558_p2               |         +|   0|  0|  11|          11|          11|
    |newSecond_fu_524_p2                |         +|   0|  0|   8|           8|           8|
    |empty_82_fu_632_p2                 |         -|   0|  0|  11|          11|          11|
    |empty_85_fu_736_p2                 |         -|   0|  0|  11|          11|          11|
    |empty_88_fu_824_p2                 |         -|   0|  0|  11|          11|          11|
    |empty_91_fu_864_p2                 |         -|   0|  0|  11|          11|          11|
    |newFirst_fu_518_p2                 |         -|   0|  0|   8|           8|           8|
    |newSecond19_fu_563_p2              |         -|   0|  0|  11|          11|          11|
    |ap_block_pp0_stage10_11001         |       and|   0|  0|   2|           1|           1|
    |ap_block_state10_pp0_stage9_iter0  |       and|   0|  0|   2|           1|           1|
    |icmp_ln59_fu_482_p2                |      icmp|   0|  0|   8|           3|           3|
    |ifzero_fu_534_p2                   |      icmp|   0|  0|   8|           3|           3|
    |ap_enable_pp0                      |       xor|   0|  0|   2|           1|           2|
    +-----------------------------------+----------+----+---+----+------------+------------+
    |Total                              |          |   0|  0| 459|         390|         185|
    +-----------------------------------+----------+----+---+----+------------+------------+

    * Multiplexer: 
    +-----------------------------------+-----+-----------+-----+-----------+
    |                Name               | LUT | Input Size| Bits| Total Bits|
    +-----------------------------------+-----+-----------+-----+-----------+
    |accumulator_fu_96                  |    9|          2|   32|         64|
    |ap_NS_fsm                          |  938|        176|    1|        176|
    |ap_done_int                        |    9|          2|    1|          2|
    |ap_enable_reg_pp0_iter0            |    9|          2|    1|          2|
    |ap_enable_reg_pp0_iter0_reg        |    9|          2|    1|          2|
    |ap_enable_reg_pp0_iter1            |    9|          2|    1|          2|
    |ap_sig_allocacmp_accumulator_load  |    9|          2|   32|         64|
    |ap_sig_allocacmp_input_channel_2   |    9|          2|    3|          6|
    |gmem1_blk_n_R                      |    9|          2|    1|          2|
    |grp_fu_360_p0                      |   14|          3|   32|         96|
    |grp_fu_360_p1                      |  113|         23|   32|        736|
    |grp_fu_364_p0                      |   81|         17|   32|        544|
    |grp_fu_364_p1                      |  117|         26|   32|        832|
    |input_channel_fu_100               |    9|          2|    3|          6|
    |pool1_output_address0              |   65|         14|   11|        154|
    |pool1_output_address1              |   65|         13|   11|        143|
    |reg_376                            |    9|          2|   32|         64|
    |reg_382                            |    9|          2|   32|         64|
    |reg_397                            |    9|          2|   32|         64|
    |reg_408                            |    9|          2|   32|         64|
    |reg_419                            |    9|          2|   32|         64|
    +-----------------------------------+-----+-----------+-----+-----------+
    |Total                              | 1519|        300|  386|       3151|
    +-----------------------------------+-----+-----------+-----+-----------+

    * Register: 
    +------------------------------------------+-----+----+-----+-----------+
    |                   Name                   |  FF | LUT| Bits| Const Bits|
    +------------------------------------------+-----+----+-----+-----------+
    |accumulator_fu_96                         |   32|   0|   32|          0|
    |add_ln21_23_reg_1176                      |   11|   0|   11|          0|
    |add_ln21_28_reg_1225                      |   11|   0|   11|          0|
    |add_ln21_33_reg_1279                      |   11|   0|   11|          0|
    |add_ln21_38_reg_1288                      |   11|   0|   11|          0|
    |add_ln60_reg_1124                         |    3|   0|    3|          0|
    |ap_CS_fsm                                 |  175|   0|  175|          0|
    |ap_done_reg                               |    1|   0|    1|          0|
    |ap_enable_reg_pp0_iter0_reg               |    1|   0|    1|          0|
    |ap_enable_reg_pp0_iter1                   |    1|   0|    1|          0|
    |conv2_output_addr_reg_1110                |   11|   0|   11|          0|
    |conv2_output_addr_reg_1110_pp0_iter1_reg  |   11|   0|   11|          0|
    |empty_79_reg_1138                         |    7|   0|    7|          0|
    |icmp_ln59_reg_1120                        |    1|   0|    1|          0|
    |ifzero_reg_1143                           |    1|   0|    1|          0|
    |ifzero_reg_1143_pp0_iter1_reg             |    1|   0|    1|          0|
    |input_channel_fu_100                      |    3|   0|    3|          0|
    |mul_i5_i2_10_reg_1467                     |   32|   0|   32|          0|
    |mul_i5_i2_11_reg_1477                     |   32|   0|   32|          0|
    |mul_i5_i2_12_reg_1487                     |   32|   0|   32|          0|
    |mul_i5_i2_14_reg_1502                     |   32|   0|   32|          0|
    |mul_i5_i2_15_reg_1512                     |   32|   0|   32|          0|
    |mul_i5_i2_16_reg_1522                     |   32|   0|   32|          0|
    |mul_i5_i2_17_reg_1532                     |   32|   0|   32|          0|
    |mul_i5_i2_18_reg_1542                     |   32|   0|   32|          0|
    |mul_i5_i2_19_reg_1552                     |   32|   0|   32|          0|
    |mul_i5_i2_21_reg_1567                     |   32|   0|   32|          0|
    |mul_i5_i2_22_reg_1572                     |   32|   0|   32|          0|
    |mul_i5_i2_23_reg_1577                     |   32|   0|   32|          0|
    |mul_i5_i2_3_reg_1337                      |   32|   0|   32|          0|
    |mul_i5_i2_4_reg_1362                      |   32|   0|   32|          0|
    |mul_i5_i2_5_reg_1387                      |   32|   0|   32|          0|
    |mul_i5_i2_6_reg_1412                      |   32|   0|   32|          0|
    |mul_i5_i2_8_reg_1437                      |   32|   0|   32|          0|
    |mul_i5_i2_9_reg_1447                      |   32|   0|   32|          0|
    |mul_i5_i2_s_reg_1457                      |   32|   0|   32|          0|
    |newSecond19_reg_1147                      |   11|   0|   11|          0|
    |newSecond_reg_1129                        |    8|   0|    8|          0|
    |reg_368                                   |   32|   0|   32|          0|
    |reg_372                                   |   32|   0|   32|          0|
    |reg_376                                   |   32|   0|   32|          0|
    |reg_382                                   |   32|   0|   32|          0|
    |reg_388                                   |   32|   0|   32|          0|
    |reg_392                                   |   32|   0|   32|          0|
    |reg_397                                   |   32|   0|   32|          0|
    |reg_403                                   |   32|   0|   32|          0|
    |reg_408                                   |   32|   0|   32|          0|
    |reg_414                                   |   32|   0|   32|          0|
    |reg_419                                   |   32|   0|   32|          0|
    |reg_425                                   |   32|   0|   32|          0|
    |reg_430                                   |   32|   0|   32|          0|
    |reg_435                                   |   32|   0|   32|          0|
    |reg_440                                   |   32|   0|   32|          0|
    |window_11_reg_1264                        |   32|   0|   32|          0|
    |window_13_reg_1302                        |   32|   0|   32|          0|
    |window_15_reg_1322                        |   32|   0|   32|          0|
    |window_17_reg_1347                        |   32|   0|   32|          0|
    |window_19_reg_1372                        |   32|   0|   32|          0|
    |window_21_reg_1397                        |   32|   0|   32|          0|
    |window_23_reg_1422                        |   32|   0|   32|          0|
    |window_9_reg_1239                         |   32|   0|   32|          0|
    |zext_ln55_cast_reg_1101                   |    4|   0|   11|          7|
    +------------------------------------------+-----+----+-----+-----------+
    |Total                                     | 1659|   0| 1666|          7|
    +------------------------------------------+-----+----+-----+-----------+



================================================================
== Interface
================================================================
* Summary: 
+-----------------------+-----+-----+------------+---------------------------------------+--------------+
|       RTL Ports       | Dir | Bits|  Protocol  |             Source Object             |    C Type    |
+-----------------------+-----+-----+------------+---------------------------------------+--------------+
|ap_clk                 |   in|    1|  ap_ctrl_hs|  lenet_full_top_Pipeline_INPUT_CHANNEL|  return value|
|ap_rst                 |   in|    1|  ap_ctrl_hs|  lenet_full_top_Pipeline_INPUT_CHANNEL|  return value|
|ap_start               |   in|    1|  ap_ctrl_hs|  lenet_full_top_Pipeline_INPUT_CHANNEL|  return value|
|ap_done                |  out|    1|  ap_ctrl_hs|  lenet_full_top_Pipeline_INPUT_CHANNEL|  return value|
|ap_idle                |  out|    1|  ap_ctrl_hs|  lenet_full_top_Pipeline_INPUT_CHANNEL|  return value|
|ap_ready               |  out|    1|  ap_ctrl_hs|  lenet_full_top_Pipeline_INPUT_CHANNEL|  return value|
|grp_fu_1401_p_din0     |  out|   32|  ap_ctrl_hs|  lenet_full_top_Pipeline_INPUT_CHANNEL|  return value|
|grp_fu_1401_p_din1     |  out|   32|  ap_ctrl_hs|  lenet_full_top_Pipeline_INPUT_CHANNEL|  return value|
|grp_fu_1401_p_opcode   |  out|    2|  ap_ctrl_hs|  lenet_full_top_Pipeline_INPUT_CHANNEL|  return value|
|grp_fu_1401_p_dout0    |   in|   32|  ap_ctrl_hs|  lenet_full_top_Pipeline_INPUT_CHANNEL|  return value|
|grp_fu_1401_p_ce       |  out|    1|  ap_ctrl_hs|  lenet_full_top_Pipeline_INPUT_CHANNEL|  return value|
|grp_fu_1405_p_din0     |  out|   32|  ap_ctrl_hs|  lenet_full_top_Pipeline_INPUT_CHANNEL|  return value|
|grp_fu_1405_p_din1     |  out|   32|  ap_ctrl_hs|  lenet_full_top_Pipeline_INPUT_CHANNEL|  return value|
|grp_fu_1405_p_dout0    |   in|   32|  ap_ctrl_hs|  lenet_full_top_Pipeline_INPUT_CHANNEL|  return value|
|grp_fu_1405_p_ce       |  out|    1|  ap_ctrl_hs|  lenet_full_top_Pipeline_INPUT_CHANNEL|  return value|
|m_axi_gmem1_AWVALID    |  out|    1|       m_axi|                                  gmem1|       pointer|
|m_axi_gmem1_AWREADY    |   in|    1|       m_axi|                                  gmem1|       pointer|
|m_axi_gmem1_AWADDR     |  out|   64|       m_axi|                                  gmem1|       pointer|
|m_axi_gmem1_AWID       |  out|    1|       m_axi|                                  gmem1|       pointer|
|m_axi_gmem1_AWLEN      |  out|   32|       m_axi|                                  gmem1|       pointer|
|m_axi_gmem1_AWSIZE     |  out|    3|       m_axi|                                  gmem1|       pointer|
|m_axi_gmem1_AWBURST    |  out|    2|       m_axi|                                  gmem1|       pointer|
|m_axi_gmem1_AWLOCK     |  out|    2|       m_axi|                                  gmem1|       pointer|
|m_axi_gmem1_AWCACHE    |  out|    4|       m_axi|                                  gmem1|       pointer|
|m_axi_gmem1_AWPROT     |  out|    3|       m_axi|                                  gmem1|       pointer|
|m_axi_gmem1_AWQOS      |  out|    4|       m_axi|                                  gmem1|       pointer|
|m_axi_gmem1_AWREGION   |  out|    4|       m_axi|                                  gmem1|       pointer|
|m_axi_gmem1_AWUSER     |  out|    1|       m_axi|                                  gmem1|       pointer|
|m_axi_gmem1_WVALID     |  out|    1|       m_axi|                                  gmem1|       pointer|
|m_axi_gmem1_WREADY     |   in|    1|       m_axi|                                  gmem1|       pointer|
|m_axi_gmem1_WDATA      |  out|   32|       m_axi|                                  gmem1|       pointer|
|m_axi_gmem1_WSTRB      |  out|    4|       m_axi|                                  gmem1|       pointer|
|m_axi_gmem1_WLAST      |  out|    1|       m_axi|                                  gmem1|       pointer|
|m_axi_gmem1_WID        |  out|    1|       m_axi|                                  gmem1|       pointer|
|m_axi_gmem1_WUSER      |  out|    1|       m_axi|                                  gmem1|       pointer|
|m_axi_gmem1_ARVALID    |  out|    1|       m_axi|                                  gmem1|       pointer|
|m_axi_gmem1_ARREADY    |   in|    1|       m_axi|                                  gmem1|       pointer|
|m_axi_gmem1_ARADDR     |  out|   64|       m_axi|                                  gmem1|       pointer|
|m_axi_gmem1_ARID       |  out|    1|       m_axi|                                  gmem1|       pointer|
|m_axi_gmem1_ARLEN      |  out|   32|       m_axi|                                  gmem1|       pointer|
|m_axi_gmem1_ARSIZE     |  out|    3|       m_axi|                                  gmem1|       pointer|
|m_axi_gmem1_ARBURST    |  out|    2|       m_axi|                                  gmem1|       pointer|
|m_axi_gmem1_ARLOCK     |  out|    2|       m_axi|                                  gmem1|       pointer|
|m_axi_gmem1_ARCACHE    |  out|    4|       m_axi|                                  gmem1|       pointer|
|m_axi_gmem1_ARPROT     |  out|    3|       m_axi|                                  gmem1|       pointer|
|m_axi_gmem1_ARQOS      |  out|    4|       m_axi|                                  gmem1|       pointer|
|m_axi_gmem1_ARREGION   |  out|    4|       m_axi|                                  gmem1|       pointer|
|m_axi_gmem1_ARUSER     |  out|    1|       m_axi|                                  gmem1|       pointer|
|m_axi_gmem1_RVALID     |   in|    1|       m_axi|                                  gmem1|       pointer|
|m_axi_gmem1_RREADY     |  out|    1|       m_axi|                                  gmem1|       pointer|
|m_axi_gmem1_RDATA      |   in|   32|       m_axi|                                  gmem1|       pointer|
|m_axi_gmem1_RLAST      |   in|    1|       m_axi|                                  gmem1|       pointer|
|m_axi_gmem1_RID        |   in|    1|       m_axi|                                  gmem1|       pointer|
|m_axi_gmem1_RFIFONUM   |   in|    9|       m_axi|                                  gmem1|       pointer|
|m_axi_gmem1_RUSER      |   in|    1|       m_axi|                                  gmem1|       pointer|
|m_axi_gmem1_RRESP      |   in|    2|       m_axi|                                  gmem1|       pointer|
|m_axi_gmem1_BVALID     |   in|    1|       m_axi|                                  gmem1|       pointer|
|m_axi_gmem1_BREADY     |  out|    1|       m_axi|                                  gmem1|       pointer|
|m_axi_gmem1_BRESP      |   in|    2|       m_axi|                                  gmem1|       pointer|
|m_axi_gmem1_BID        |   in|    1|       m_axi|                                  gmem1|       pointer|
|m_axi_gmem1_BUSER      |   in|    1|       m_axi|                                  gmem1|       pointer|
|accumulator_1          |   in|   32|     ap_none|                          accumulator_1|        scalar|
|conv2_output_address0  |  out|   11|   ap_memory|                           conv2_output|         array|
|conv2_output_ce0       |  out|    1|   ap_memory|                           conv2_output|         array|
|conv2_output_we0       |  out|    1|   ap_memory|                           conv2_output|         array|
|conv2_output_d0        |  out|   32|   ap_memory|                           conv2_output|         array|
|zext_ln77_1            |   in|   11|     ap_none|                            zext_ln77_1|        scalar|
|sext_ln59              |   in|   62|     ap_none|                              sext_ln59|        scalar|
|zext_ln53_2            |   in|    4|     ap_none|                            zext_ln53_2|        scalar|
|zext_ln55              |   in|    4|     ap_none|                              zext_ln55|        scalar|
|pool1_output_address0  |  out|   11|   ap_memory|                           pool1_output|         array|
|pool1_output_ce0       |  out|    1|   ap_memory|                           pool1_output|         array|
|pool1_output_q0        |   in|   32|   ap_memory|                           pool1_output|         array|
|pool1_output_address1  |  out|   11|   ap_memory|                           pool1_output|         array|
|pool1_output_ce1       |  out|    1|   ap_memory|                           pool1_output|         array|
|pool1_output_q1        |   in|   32|   ap_memory|                           pool1_output|         array|
+-----------------------+-----+-----+------------+---------------------------------------+--------------+

