

================================================================
== Vitis HLS Report for 'lenet_full_top'
================================================================
* Date:           Sun Sep  6 21:23:40 2026

* Version:        2022.2 (Build 3670227 on Oct 13 2022)
* Project:        clk_9ns
* Solution:       solution1 (Vivado IP Flow Target)
* Product family: zynq
* Target device:  xc7z020-clg400-1


================================================================
== Performance Estimates
================================================================
+ Timing: 
    * Summary: 
    +--------+---------+----------+------------+
    |  Clock |  Target | Estimated| Uncertainty|
    +--------+---------+----------+------------+
    |ap_clk  |  9.00 ns|  7.466 ns|     2.43 ns|
    +--------+---------+----------+------------+

+ Latency: 
    * Summary: 
    +---------+---------+-----------+-----------+---------+---------+---------+
    |  Latency (cycles) |   Latency (absolute)  |      Interval     | Pipeline|
    |   min   |   max   |    min    |    max    |   min   |   max   |   Type  |
    +---------+---------+-----------+-----------+---------+---------+---------+
    |  2247712|  2247712|  20.229 ms|  20.229 ms|  2247713|  2247713|       no|
    +---------+---------+-----------+-----------+---------+---------+---------+

    + Detail: 
        * Instance: 
        +--------------------------------------------------------------------+---------------------------------------------------------+---------+---------+-----------+-----------+-------+-------+---------+
        |                                                                    |                                                         |  Latency (cycles) |   Latency (absolute)  |    Interval   | Pipeline|
        |                              Instance                              |                          Module                         |   min   |   max   |    min    |    max    |  min  |  max  |   Type  |
        +--------------------------------------------------------------------+---------------------------------------------------------+---------+---------+-----------+-----------+-------+-------+---------+
        |grp_lenet_full_top_Pipeline_POOL_CHANNEL_POOL_ROW_POOL_COL_fu_419   |lenet_full_top_Pipeline_POOL_CHANNEL_POOL_ROW_POOL_COL   |     1189|     1189|  10.701 us|  10.701 us|   1189|   1189|       no|
        |grp_lenet_full_top_Pipeline_OUTPUT_ROW_OUTPUT_COL_fu_425            |lenet_full_top_Pipeline_OUTPUT_ROW_OUTPUT_COL            |    19765|    19765|   0.178 ms|   0.178 ms|  19765|  19765|       no|
        |grp_lenet_full_top_Pipeline_POOL_CHANNEL_POOL_ROW_POOL_COL1_fu_438  |lenet_full_top_Pipeline_POOL_CHANNEL_POOL_ROW_POOL_COL1  |      414|      414|   3.726 us|   3.726 us|    414|    414|       no|
        |grp_lenet_full_top_Pipeline_INPUT_CHANNEL_fu_444                    |lenet_full_top_Pipeline_INPUT_CHANNEL                    |     1060|     1060|   9.540 us|   9.540 us|   1060|   1060|       no|
        |grp_lenet_full_top_Pipeline_RELU_LOOP_fu_457                        |lenet_full_top_Pipeline_RELU_LOOP                        |      125|      125|   1.125 us|   1.125 us|    125|    125|       no|
        |grp_lenet_full_top_Pipeline_INPUT_CHANNEL2_fu_463                   |lenet_full_top_Pipeline_INPUT_CHANNEL2                   |     2809|     2809|  25.281 us|  25.281 us|   2809|   2809|       no|
        |grp_lenet_full_top_Pipeline_RELU_LOOP3_fu_474                       |lenet_full_top_Pipeline_RELU_LOOP3                       |       89|       89|   0.801 us|   0.801 us|     89|     89|       no|
        |grp_lenet_full_top_Pipeline_DENSE_INPUT_fu_480                      |lenet_full_top_Pipeline_DENSE_INPUT                      |      848|      848|   7.632 us|   7.632 us|    848|    848|       no|
        |grp_lenet_full_top_Pipeline_DENSE_INPUT4_fu_491                     |lenet_full_top_Pipeline_DENSE_INPUT4                     |      602|      602|   5.418 us|   5.418 us|    602|    602|       no|
        +--------------------------------------------------------------------+---------------------------------------------------------+---------+---------+-----------+-----------+-------+-------+---------+

        * Loop: 
        +--------------------------+---------+---------+----------+-----------+-----------+------+----------+
        |                          |  Latency (cycles) | Iteration|  Initiation Interval  | Trip |          |
        |         Loop Name        |   min   |   max   |  Latency |  achieved |   target  | Count| Pipelined|
        +--------------------------+---------+---------+----------+-----------+-----------+------+----------+
        |- OUTPUT_CHANNEL          |   118614|   118614|     19769|          -|          -|     6|        no|
        |- OUTPUT_CHANNEL          |  1712048|  1712048|    107003|          -|          -|    16|        no|
        | + OUTPUT_ROW_OUTPUT_COL  |   107000|   107000|      1070|          -|          -|   100|        no|
        |- OUTPUT_CHANNEL          |   337560|   337560|      2813|          -|          -|   120|        no|
        |- DENSE_OUTPUT            |    71568|    71568|       852|          -|          -|    84|        no|
        |- DENSE_OUTPUT            |     6060|     6060|       606|          -|          -|    10|        no|
        +--------------------------+---------+---------+----------+-----------+-----------+------+----------+



================================================================
== Utilization Estimates
================================================================
* Summary: 
+-----------------+---------+-----+--------+-------+-----+
|       Name      | BRAM_18K| DSP |   FF   |  LUT  | URAM|
+-----------------+---------+-----+--------+-------+-----+
|DSP              |        -|    -|       -|      -|    -|
|Expression       |        -|    -|       0|    919|    -|
|FIFO             |        -|    -|       -|      -|    -|
|Instance         |        0|    5|   12388|  15273|    -|
|Memory           |       70|    -|       0|      0|    0|
|Multiplexer      |        -|    -|       -|   1597|    -|
|Register         |        -|    -|    1528|      -|    -|
+-----------------+---------+-----+--------+-------+-----+
|Total            |       70|    5|   13916|  17789|    0|
+-----------------+---------+-----+--------+-------+-----+
|Available        |      280|  220|  106400|  53200|    0|
+-----------------+---------+-----+--------+-------+-----+
|Utilization (%)  |       25|    2|      13|     33|    0|
+-----------------+---------+-----+--------+-------+-----+

+ Detail: 
    * Instance: 
    +--------------------------------------------------------------------+---------------------------------------------------------+---------+----+------+------+-----+
    |                              Instance                              |                          Module                         | BRAM_18K| DSP|  FF  |  LUT | URAM|
    +--------------------------------------------------------------------+---------------------------------------------------------+---------+----+------+------+-----+
    |control_s_axi_U                                                     |control_s_axi                                            |        0|   0|   316|   552|    0|
    |fadd_32ns_32ns_32_7_full_dsp_1_U62                                  |fadd_32ns_32ns_32_7_full_dsp_1                           |        0|   2|   306|   418|    0|
    |fcmp_32ns_32ns_1_2_no_dsp_1_U64                                     |fcmp_32ns_32ns_1_2_no_dsp_1                              |        0|   0|     0|     0|    0|
    |fcmp_32ns_32ns_1_2_no_dsp_1_U65                                     |fcmp_32ns_32ns_1_2_no_dsp_1                              |        0|   0|     0|     0|    0|
    |fcmp_32ns_32ns_1_2_no_dsp_1_U66                                     |fcmp_32ns_32ns_1_2_no_dsp_1                              |        0|   0|     0|     0|    0|
    |fcmp_32ns_32ns_1_2_no_dsp_1_U67                                     |fcmp_32ns_32ns_1_2_no_dsp_1                              |        0|   0|     0|     0|    0|
    |fmul_32ns_32ns_32_4_max_dsp_1_U63                                   |fmul_32ns_32ns_32_4_max_dsp_1                            |        0|   3|   143|   321|    0|
    |gmem0_m_axi_U                                                       |gmem0_m_axi                                              |        0|   0|   718|  1318|    0|
    |gmem1_m_axi_U                                                       |gmem1_m_axi                                              |        0|   0|   718|  1318|    0|
    |gmem2_m_axi_U                                                       |gmem2_m_axi                                              |        0|   0|   718|  1318|    0|
    |gmem3_m_axi_U                                                       |gmem3_m_axi                                              |        0|   0|   718|  1318|    0|
    |grp_lenet_full_top_Pipeline_DENSE_INPUT_fu_480                      |lenet_full_top_Pipeline_DENSE_INPUT                      |        0|   0|   208|   154|    0|
    |grp_lenet_full_top_Pipeline_DENSE_INPUT4_fu_491                     |lenet_full_top_Pipeline_DENSE_INPUT4                     |        0|   0|   189|   178|    0|
    |grp_lenet_full_top_Pipeline_INPUT_CHANNEL_fu_444                    |lenet_full_top_Pipeline_INPUT_CHANNEL                    |        0|   0|  1659|  1978|    0|
    |grp_lenet_full_top_Pipeline_INPUT_CHANNEL2_fu_463                   |lenet_full_top_Pipeline_INPUT_CHANNEL2                   |        0|   0|  1615|  1978|    0|
    |grp_lenet_full_top_Pipeline_OUTPUT_ROW_OUTPUT_COL_fu_425            |lenet_full_top_Pipeline_OUTPUT_ROW_OUTPUT_COL            |        0|   0|  3060|  1938|    0|
    |grp_lenet_full_top_Pipeline_POOL_CHANNEL_POOL_ROW_POOL_COL_fu_419   |lenet_full_top_Pipeline_POOL_CHANNEL_POOL_ROW_POOL_COL   |        0|   0|   814|  1143|    0|
    |grp_lenet_full_top_Pipeline_POOL_CHANNEL_POOL_ROW_POOL_COL1_fu_438  |lenet_full_top_Pipeline_POOL_CHANNEL_POOL_ROW_POOL_COL1  |        0|   0|   840|  1029|    0|
    |grp_lenet_full_top_Pipeline_RELU_LOOP_fu_457                        |lenet_full_top_Pipeline_RELU_LOOP                        |        0|   0|   183|   156|    0|
    |grp_lenet_full_top_Pipeline_RELU_LOOP3_fu_474                       |lenet_full_top_Pipeline_RELU_LOOP3                       |        0|   0|   183|   156|    0|
    +--------------------------------------------------------------------+---------------------------------------------------------+---------+----+------+------+-----+
    |Total                                                               |                                                         |        0|   5| 12388| 15273|    0|
    +--------------------------------------------------------------------+---------------------------------------------------------+---------+----+------+------+-----+

    * DSP: 
    N/A

    * Memory: 
    +----------------+---------------------------------+---------+---+----+-----+------+-----+------+-------------+
    |     Memory     |              Module             | BRAM_18K| FF| LUT| URAM| Words| Bits| Banks| W*Bits*Banks|
    +----------------+---------------------------------+---------+---+----+-----+------+-----+------+-------------+
    |conv1_output_U  |conv1_output_RAM_1WNR_AUTO_1R1W  |       48|  0|   0|    0|  4704|   32|     1|       150528|
    |conv2_output_U  |conv2_output_RAM_1WNR_AUTO_1R1W  |       12|  0|   0|    0|  1600|   32|     1|        51200|
    |conv3_output_U  |conv3_output_RAM_AUTO_1R1W       |        1|  0|   0|    0|   120|   32|     1|         3840|
    |conv3_relu_U    |conv3_output_RAM_AUTO_1R1W       |        1|  0|   0|    0|   120|   32|     1|         3840|
    |fc1_output_U    |fc1_output_RAM_AUTO_1R1W         |        1|  0|   0|    0|    84|   32|     1|         2688|
    |fc1_relu_U      |fc1_output_RAM_AUTO_1R1W         |        1|  0|   0|    0|    84|   32|     1|         2688|
    |pool1_output_U  |pool1_output_RAM_1WNR_AUTO_1R1W  |        4|  0|   0|    0|  1176|   32|     1|        37632|
    |pool2_output_U  |pool2_output_RAM_1WNR_AUTO_1R1W  |        2|  0|   0|    0|   400|   32|     1|        12800|
    +----------------+---------------------------------+---------+---+----+-----+------+-----+------+-------------+
    |Total           |                                 |       70|  0|   0|    0|  8288|  256|     8|       265216|
    +----------------+---------------------------------+---------+---+----+-----+------+-----+------+-------------+

    * FIFO: 
    N/A

    * Expression: 
    +-------------------------+----------+----+---+----+------------+------------+
    |      Variable Name      | Operation| DSP| FF| LUT| Bitwidth P0| Bitwidth P1|
    +-------------------------+----------+----+---+----+------------+------------+
    |add_ln139_1_fu_930_p2    |         +|   0|  0|  71|          64|          10|
    |add_ln139_2_fu_994_p2    |         +|   0|  0|  71|          64|          18|
    |add_ln139_3_fu_1009_p2   |         +|   0|  0|  71|          64|          10|
    |add_ln139_4_fu_983_p2    |         +|   0|  0|  14|           7|           1|
    |add_ln139_5_fu_1081_p2   |         +|   0|  0|  13|           4|           1|
    |add_ln139_fu_915_p2      |         +|   0|  0|  71|          64|          18|
    |add_ln51_1_fu_554_p2     |         +|   0|  0|  11|           3|           1|
    |add_ln51_2_fu_671_p2     |         +|   0|  0|  71|          64|          14|
    |add_ln51_3_fu_686_p2     |         +|   0|  0|  71|          64|           7|
    |add_ln51_4_fu_665_p2     |         +|   0|  0|  13|           5|           1|
    |add_ln51_5_fu_904_p2     |         +|   0|  0|  14|           7|           1|
    |add_ln51_6_fu_542_p2     |         +|   0|  0|  13|          10|           7|
    |add_ln51_7_fu_837_p2     |         +|   0|  0|  17|          14|          10|
    |add_ln51_fu_570_p2       |         +|   0|  0|  71|          64|           5|
    |add_ln53_4_fu_799_p2     |         +|   0|  0|  13|           4|           1|
    |add_ln53_5_fu_817_p2     |         +|   0|  0|  14|           6|           6|
    |add_ln53_6_fu_826_p2     |         +|   0|  0|  15|           8|           8|
    |add_ln53_fu_779_p2       |         +|   0|  0|  14|           7|           1|
    |add_ln55_fu_831_p2       |         +|   0|  0|  13|           4|           1|
    |add_ln76_1_fu_879_p2     |         +|   0|  0|  12|          11|          11|
    |add_ln76_fu_869_p2       |         +|   0|  0|  14|           9|           9|
    |empty_94_fu_608_p2       |         +|   0|  0|  71|          64|          64|
    |empty_99_fu_720_p2       |         +|   0|  0|  71|          64|          64|
    |empty_95_fu_645_p2       |         -|   0|  0|  14|           9|           9|
    |icmp_ln139_1_fu_1075_p2  |      icmp|   0|  0|   9|           4|           4|
    |icmp_ln139_fu_977_p2     |      icmp|   0|  0|  10|           7|           7|
    |icmp_ln51_1_fu_659_p2    |      icmp|   0|  0|  10|           5|           6|
    |icmp_ln51_2_fu_898_p2    |      icmp|   0|  0|  10|           7|           5|
    |icmp_ln51_fu_548_p2      |      icmp|   0|  0|   8|           3|           3|
    |icmp_ln53_fu_773_p2      |      icmp|   0|  0|  10|           7|           6|
    |icmp_ln55_fu_785_p2      |      icmp|   0|  0|   9|           4|           4|
    |ap_block_state32_io      |        or|   0|  0|   2|           1|           1|
    |select_ln53_7_fu_805_p3  |    select|   0|  0|   4|           1|           4|
    |select_ln53_fu_791_p3    |    select|   0|  0|   4|           1|           1|
    +-------------------------+----------+----+---+----+------------+------------+
    |Total                    |          |   0|  0| 919|         724|         319|
    +-------------------------+----------+----+---+----+------------+------------+

    * Multiplexer: 
    +---------------------------+-----+-----------+-----+-----------+
    |            Name           | LUT | Input Size| Bits| Total Bits|
    +---------------------------+-----+-----------+-----+-----------+
    |ap_NS_fsm                  |  321|         70|    1|         70|
    |conv1_output_address0      |   14|          3|   13|         39|
    |conv1_output_ce0           |   14|          3|    1|          3|
    |conv1_output_ce1           |    9|          2|    1|          2|
    |conv1_output_ce2           |    9|          2|    1|          2|
    |conv1_output_ce3           |    9|          2|    1|          2|
    |conv1_output_we0           |    9|          2|    1|          2|
    |conv2_output_address0      |   14|          3|   11|         33|
    |conv2_output_ce0           |   14|          3|    1|          3|
    |conv2_output_ce1           |    9|          2|    1|          2|
    |conv2_output_ce2           |    9|          2|    1|          2|
    |conv2_output_ce3           |    9|          2|    1|          2|
    |conv2_output_we0           |    9|          2|    1|          2|
    |conv3_output_address0      |   14|          3|    7|         21|
    |conv3_output_ce0           |   14|          3|    1|          3|
    |conv3_output_we0           |    9|          2|    1|          2|
    |conv3_relu_address0        |   14|          3|    7|         21|
    |conv3_relu_ce0             |   14|          3|    1|          3|
    |conv3_relu_we0             |    9|          2|    1|          2|
    |fc1_output_address0        |   14|          3|    7|         21|
    |fc1_output_ce0             |   14|          3|    1|          3|
    |fc1_output_we0             |    9|          2|    1|          2|
    |fc1_relu_address0          |   14|          3|    7|         21|
    |fc1_relu_ce0               |   14|          3|    1|          3|
    |fc1_relu_we0               |    9|          2|    1|          2|
    |gmem0_ARVALID              |    9|          2|    1|          2|
    |gmem0_RREADY               |    9|          2|    1|          2|
    |gmem1_ARADDR               |   53|         10|   64|        640|
    |gmem1_ARLEN                |   53|         10|   32|        320|
    |gmem1_ARVALID              |   37|          7|    1|          7|
    |gmem1_RREADY               |   31|          6|    1|          6|
    |gmem1_blk_n_AR             |    9|          2|    1|          2|
    |gmem2_ARADDR               |   31|          6|   64|        384|
    |gmem2_ARLEN                |   31|          6|   32|        192|
    |gmem2_blk_n_AR             |    9|          2|    1|          2|
    |gmem2_blk_n_R              |    9|          2|    1|          2|
    |gmem3_AWADDR               |   14|          3|   64|        192|
    |gmem3_AWLEN                |   14|          3|   32|         96|
    |gmem3_AWVALID              |   14|          3|    1|          3|
    |gmem3_BREADY               |   14|          3|    1|          3|
    |gmem3_WVALID               |    9|          2|    1|          2|
    |gmem3_blk_n_AW             |    9|          2|    1|          2|
    |gmem3_blk_n_B              |    9|          2|    1|          2|
    |grp_fu_1401_ce             |   31|          6|    1|          6|
    |grp_fu_1401_p0             |   31|          6|   32|        192|
    |grp_fu_1401_p1             |   31|          6|   32|        192|
    |grp_fu_1405_ce             |   31|          6|    1|          6|
    |grp_fu_1405_p0             |   31|          6|   32|        192|
    |grp_fu_1405_p1             |   31|          6|   32|        192|
    |grp_fu_1409_ce             |   25|          5|    1|          5|
    |grp_fu_1409_opcode         |   25|          5|    5|         25|
    |grp_fu_1409_p0             |   25|          5|   32|        160|
    |grp_fu_1409_p1             |   25|          5|   32|        160|
    |grp_fu_1413_ce             |   14|          3|    1|          3|
    |grp_fu_1413_opcode         |   14|          3|    5|         15|
    |grp_fu_1413_p0             |   14|          3|   32|         96|
    |grp_fu_1413_p1             |   14|          3|   32|         96|
    |grp_fu_1417_ce             |   14|          3|    1|          3|
    |grp_fu_1417_opcode         |   14|          3|    5|         15|
    |grp_fu_1417_p0             |   14|          3|   32|         96|
    |grp_fu_1417_p1             |   14|          3|   32|         96|
    |grp_fu_1421_ce             |   14|          3|    1|          3|
    |grp_fu_1421_opcode         |   14|          3|    5|         15|
    |grp_fu_1421_p0             |   14|          3|   32|         96|
    |grp_fu_1421_p1             |   14|          3|   32|         96|
    |indvar_flatten108_reg_386  |    9|          2|    7|         14|
    |output_channel_1_fu_250    |    9|          2|    5|         10|
    |output_channel_3_fu_254    |    9|          2|    7|         14|
    |output_channel_fu_210      |    9|          2|    3|          6|
    |output_col_reg_408         |    9|          2|    4|          8|
    |output_index_1_fu_262      |    9|          2|    4|          8|
    |output_index_fu_258        |    9|          2|    7|         14|
    |output_row_reg_397         |    9|          2|    4|          8|
    |phi_mul227_fu_246          |    9|          2|   14|         28|
    |phi_mul_fu_206             |    9|          2|   10|         20|
    |pool1_output_address0      |   14|          3|   11|         33|
    |pool1_output_ce0           |   14|          3|    1|          3|
    |pool1_output_ce1           |    9|          2|    1|          2|
    |pool1_output_we0           |    9|          2|    1|          2|
    |pool2_output_address0      |   14|          3|    9|         27|
    |pool2_output_ce0           |   14|          3|    1|          3|
    |pool2_output_ce1           |    9|          2|    1|          2|
    |pool2_output_we0           |    9|          2|    1|          2|
    +---------------------------+-----+-----------+-----+-----------+
    |Total                      | 1597|        335|  872|       4091|
    +---------------------------+-----+-----------+-----+-----------+

    * Register: 
    +---------------------------------------------------------------------------------+----+----+-----+-----------+
    |                                       Name                                      | FF | LUT| Bits| Const Bits|
    +---------------------------------------------------------------------------------+----+----+-----+-----------+
    |accumulator_1_reg_1237                                                           |  32|   0|   32|          0|
    |accumulator_2_reg_1192                                                           |  32|   0|   32|          0|
    |accumulator_4_reg_1373                                                           |  32|   0|   32|          0|
    |accumulator_5_reg_1396                                                           |  32|   0|   32|          0|
    |accumulator_reg_1325                                                             |  32|   0|   32|          0|
    |add_ln51_4_reg_1203                                                              |   5|   0|    5|          0|
    |add_ln53_6_reg_1272                                                              |   8|   0|    8|          0|
    |add_ln53_reg_1255                                                                |   7|   0|    7|          0|
    |add_ln55_reg_1278                                                                |   4|   0|    4|          0|
    |add_ln76_1_reg_1283                                                              |  11|   0|   11|          0|
    |ap_CS_fsm                                                                        |  69|   0|   69|          0|
    |bias_read_reg_1115                                                               |  64|   0|   64|          0|
    |empty_95_reg_1187                                                                |   7|   0|    9|          2|
    |feature_in_read_reg_1132                                                         |  64|   0|   64|          0|
    |feature_out_read_reg_1110                                                        |  64|   0|   64|          0|
    |gmem1_addr_1_reg_1247                                                            |  64|   0|   64|          0|
    |gmem2_addr_1_reg_1171                                                            |  64|   0|   64|          0|
    |gmem2_addr_2_read_reg_1320                                                       |  32|   0|   32|          0|
    |gmem2_addr_2_reg_1221                                                            |  64|   0|   64|          0|
    |gmem2_addr_3_read_reg_1368                                                       |  32|   0|   32|          0|
    |gmem2_addr_3_reg_1314                                                            |  64|   0|   64|          0|
    |gmem2_addr_4_read_reg_1391                                                       |  32|   0|   32|          0|
    |gmem2_addr_4_reg_1356                                                            |  64|   0|   64|          0|
    |gmem2_addr_read_reg_1177                                                         |  32|   0|   32|          0|
    |gmem2_addr_reg_1137                                                              |  64|   0|   64|          0|
    |grp_lenet_full_top_Pipeline_DENSE_INPUT4_fu_491_ap_start_reg                     |   1|   0|    1|          0|
    |grp_lenet_full_top_Pipeline_DENSE_INPUT_fu_480_ap_start_reg                      |   1|   0|    1|          0|
    |grp_lenet_full_top_Pipeline_INPUT_CHANNEL2_fu_463_ap_start_reg                   |   1|   0|    1|          0|
    |grp_lenet_full_top_Pipeline_INPUT_CHANNEL_fu_444_ap_start_reg                    |   1|   0|    1|          0|
    |grp_lenet_full_top_Pipeline_OUTPUT_ROW_OUTPUT_COL_fu_425_ap_start_reg            |   1|   0|    1|          0|
    |grp_lenet_full_top_Pipeline_POOL_CHANNEL_POOL_ROW_POOL_COL1_fu_438_ap_start_reg  |   1|   0|    1|          0|
    |grp_lenet_full_top_Pipeline_POOL_CHANNEL_POOL_ROW_POOL_COL_fu_419_ap_start_reg   |   1|   0|    1|          0|
    |grp_lenet_full_top_Pipeline_RELU_LOOP3_fu_474_ap_start_reg                       |   1|   0|    1|          0|
    |grp_lenet_full_top_Pipeline_RELU_LOOP_fu_457_ap_start_reg                        |   1|   0|    1|          0|
    |indvar_flatten108_reg_386                                                        |   7|   0|    7|          0|
    |output_channel_1_fu_250                                                          |   5|   0|    5|          0|
    |output_channel_2_reg_1148                                                        |   3|   0|    3|          0|
    |output_channel_3_fu_254                                                          |   7|   0|    7|          0|
    |output_channel_5_reg_1293                                                        |   7|   0|    7|          0|
    |output_channel_fu_210                                                            |   3|   0|    3|          0|
    |output_col_reg_408                                                               |   4|   0|    4|          0|
    |output_index_1_fu_262                                                            |   4|   0|    4|          0|
    |output_index_2_reg_1335                                                          |   7|   0|    7|          0|
    |output_index_fu_258                                                              |   7|   0|    7|          0|
    |output_row_reg_397                                                               |   4|   0|    4|          0|
    |p_shl15_cast_reg_1227                                                            |   4|   0|    8|          4|
    |p_shl16_cast_reg_1232                                                            |   4|   0|    6|          2|
    |phi_mul227_fu_246                                                                |  14|   0|   14|          0|
    |phi_mul_fu_206                                                                   |  10|   0|   10|          0|
    |phi_mul_load_reg_1143                                                            |  10|   0|   10|          0|
    |select_ln53_7_reg_1266                                                           |   4|   0|    4|          0|
    |select_ln53_reg_1260                                                             |   4|   0|    4|          0|
    |trunc_ln139_2_reg_1350                                                           |  62|   0|   62|          0|
    |trunc_ln139_4_reg_1362                                                           |  62|   0|   62|          0|
    |trunc_ln1_reg_1182                                                               |  62|   0|   62|          0|
    |trunc_ln4_reg_1242                                                               |  62|   0|   62|          0|
    |trunc_ln51_2_reg_1215                                                            |  62|   0|   62|          0|
    |trunc_ln5_reg_1308                                                               |  62|   0|   62|          0|
    |weight_read_reg_1123                                                             |  64|   0|   64|          0|
    +---------------------------------------------------------------------------------+----+----+-----+-----------+
    |Total                                                                            |1528|   0| 1536|          8|
    +---------------------------------------------------------------------------------+----+----+-----+-----------+



================================================================
== Interface
================================================================
* Summary: 
+-----------------------+-----+-----+------------+----------------+--------------+
|       RTL Ports       | Dir | Bits|  Protocol  |  Source Object |    C Type    |
+-----------------------+-----+-----+------------+----------------+--------------+
|s_axi_control_AWVALID  |   in|    1|       s_axi|         control|        scalar|
|s_axi_control_AWREADY  |  out|    1|       s_axi|         control|        scalar|
|s_axi_control_AWADDR   |   in|    6|       s_axi|         control|        scalar|
|s_axi_control_WVALID   |   in|    1|       s_axi|         control|        scalar|
|s_axi_control_WREADY   |  out|    1|       s_axi|         control|        scalar|
|s_axi_control_WDATA    |   in|   32|       s_axi|         control|        scalar|
|s_axi_control_WSTRB    |   in|    4|       s_axi|         control|        scalar|
|s_axi_control_ARVALID  |   in|    1|       s_axi|         control|        scalar|
|s_axi_control_ARREADY  |  out|    1|       s_axi|         control|        scalar|
|s_axi_control_ARADDR   |   in|    6|       s_axi|         control|        scalar|
|s_axi_control_RVALID   |  out|    1|       s_axi|         control|        scalar|
|s_axi_control_RREADY   |   in|    1|       s_axi|         control|        scalar|
|s_axi_control_RDATA    |  out|   32|       s_axi|         control|        scalar|
|s_axi_control_RRESP    |  out|    2|       s_axi|         control|        scalar|
|s_axi_control_BVALID   |  out|    1|       s_axi|         control|        scalar|
|s_axi_control_BREADY   |   in|    1|       s_axi|         control|        scalar|
|s_axi_control_BRESP    |  out|    2|       s_axi|         control|        scalar|
|ap_clk                 |   in|    1|  ap_ctrl_hs|  lenet_full_top|  return value|
|ap_rst_n               |   in|    1|  ap_ctrl_hs|  lenet_full_top|  return value|
|interrupt              |  out|    1|  ap_ctrl_hs|  lenet_full_top|  return value|
|m_axi_gmem0_AWVALID    |  out|    1|       m_axi|           gmem0|       pointer|
|m_axi_gmem0_AWREADY    |   in|    1|       m_axi|           gmem0|       pointer|
|m_axi_gmem0_AWADDR     |  out|   64|       m_axi|           gmem0|       pointer|
|m_axi_gmem0_AWID       |  out|    1|       m_axi|           gmem0|       pointer|
|m_axi_gmem0_AWLEN      |  out|    8|       m_axi|           gmem0|       pointer|
|m_axi_gmem0_AWSIZE     |  out|    3|       m_axi|           gmem0|       pointer|
|m_axi_gmem0_AWBURST    |  out|    2|       m_axi|           gmem0|       pointer|
|m_axi_gmem0_AWLOCK     |  out|    2|       m_axi|           gmem0|       pointer|
|m_axi_gmem0_AWCACHE    |  out|    4|       m_axi|           gmem0|       pointer|
|m_axi_gmem0_AWPROT     |  out|    3|       m_axi|           gmem0|       pointer|
|m_axi_gmem0_AWQOS      |  out|    4|       m_axi|           gmem0|       pointer|
|m_axi_gmem0_AWREGION   |  out|    4|       m_axi|           gmem0|       pointer|
|m_axi_gmem0_AWUSER     |  out|    1|       m_axi|           gmem0|       pointer|
|m_axi_gmem0_WVALID     |  out|    1|       m_axi|           gmem0|       pointer|
|m_axi_gmem0_WREADY     |   in|    1|       m_axi|           gmem0|       pointer|
|m_axi_gmem0_WDATA      |  out|   32|       m_axi|           gmem0|       pointer|
|m_axi_gmem0_WSTRB      |  out|    4|       m_axi|           gmem0|       pointer|
|m_axi_gmem0_WLAST      |  out|    1|       m_axi|           gmem0|       pointer|
|m_axi_gmem0_WID        |  out|    1|       m_axi|           gmem0|       pointer|
|m_axi_gmem0_WUSER      |  out|    1|       m_axi|           gmem0|       pointer|
|m_axi_gmem0_ARVALID    |  out|    1|       m_axi|           gmem0|       pointer|
|m_axi_gmem0_ARREADY    |   in|    1|       m_axi|           gmem0|       pointer|
|m_axi_gmem0_ARADDR     |  out|   64|       m_axi|           gmem0|       pointer|
|m_axi_gmem0_ARID       |  out|    1|       m_axi|           gmem0|       pointer|
|m_axi_gmem0_ARLEN      |  out|    8|       m_axi|           gmem0|       pointer|
|m_axi_gmem0_ARSIZE     |  out|    3|       m_axi|           gmem0|       pointer|
|m_axi_gmem0_ARBURST    |  out|    2|       m_axi|           gmem0|       pointer|
|m_axi_gmem0_ARLOCK     |  out|    2|       m_axi|           gmem0|       pointer|
|m_axi_gmem0_ARCACHE    |  out|    4|       m_axi|           gmem0|       pointer|
|m_axi_gmem0_ARPROT     |  out|    3|       m_axi|           gmem0|       pointer|
|m_axi_gmem0_ARQOS      |  out|    4|       m_axi|           gmem0|       pointer|
|m_axi_gmem0_ARREGION   |  out|    4|       m_axi|           gmem0|       pointer|
|m_axi_gmem0_ARUSER     |  out|    1|       m_axi|           gmem0|       pointer|
|m_axi_gmem0_RVALID     |   in|    1|       m_axi|           gmem0|       pointer|
|m_axi_gmem0_RREADY     |  out|    1|       m_axi|           gmem0|       pointer|
|m_axi_gmem0_RDATA      |   in|   32|       m_axi|           gmem0|       pointer|
|m_axi_gmem0_RLAST      |   in|    1|       m_axi|           gmem0|       pointer|
|m_axi_gmem0_RID        |   in|    1|       m_axi|           gmem0|       pointer|
|m_axi_gmem0_RUSER      |   in|    1|       m_axi|           gmem0|       pointer|
|m_axi_gmem0_RRESP      |   in|    2|       m_axi|           gmem0|       pointer|
|m_axi_gmem0_BVALID     |   in|    1|       m_axi|           gmem0|       pointer|
|m_axi_gmem0_BREADY     |  out|    1|       m_axi|           gmem0|       pointer|
|m_axi_gmem0_BRESP      |   in|    2|       m_axi|           gmem0|       pointer|
|m_axi_gmem0_BID        |   in|    1|       m_axi|           gmem0|       pointer|
|m_axi_gmem0_BUSER      |   in|    1|       m_axi|           gmem0|       pointer|
|m_axi_gmem1_AWVALID    |  out|    1|       m_axi|           gmem1|       pointer|
|m_axi_gmem1_AWREADY    |   in|    1|       m_axi|           gmem1|       pointer|
|m_axi_gmem1_AWADDR     |  out|   64|       m_axi|           gmem1|       pointer|
|m_axi_gmem1_AWID       |  out|    1|       m_axi|           gmem1|       pointer|
|m_axi_gmem1_AWLEN      |  out|    8|       m_axi|           gmem1|       pointer|
|m_axi_gmem1_AWSIZE     |  out|    3|       m_axi|           gmem1|       pointer|
|m_axi_gmem1_AWBURST    |  out|    2|       m_axi|           gmem1|       pointer|
|m_axi_gmem1_AWLOCK     |  out|    2|       m_axi|           gmem1|       pointer|
|m_axi_gmem1_AWCACHE    |  out|    4|       m_axi|           gmem1|       pointer|
|m_axi_gmem1_AWPROT     |  out|    3|       m_axi|           gmem1|       pointer|
|m_axi_gmem1_AWQOS      |  out|    4|       m_axi|           gmem1|       pointer|
|m_axi_gmem1_AWREGION   |  out|    4|       m_axi|           gmem1|       pointer|
|m_axi_gmem1_AWUSER     |  out|    1|       m_axi|           gmem1|       pointer|
|m_axi_gmem1_WVALID     |  out|    1|       m_axi|           gmem1|       pointer|
|m_axi_gmem1_WREADY     |   in|    1|       m_axi|           gmem1|       pointer|
|m_axi_gmem1_WDATA      |  out|   32|       m_axi|           gmem1|       pointer|
|m_axi_gmem1_WSTRB      |  out|    4|       m_axi|           gmem1|       pointer|
|m_axi_gmem1_WLAST      |  out|    1|       m_axi|           gmem1|       pointer|
|m_axi_gmem1_WID        |  out|    1|       m_axi|           gmem1|       pointer|
|m_axi_gmem1_WUSER      |  out|    1|       m_axi|           gmem1|       pointer|
|m_axi_gmem1_ARVALID    |  out|    1|       m_axi|           gmem1|       pointer|
|m_axi_gmem1_ARREADY    |   in|    1|       m_axi|           gmem1|       pointer|
|m_axi_gmem1_ARADDR     |  out|   64|       m_axi|           gmem1|       pointer|
|m_axi_gmem1_ARID       |  out|    1|       m_axi|           gmem1|       pointer|
|m_axi_gmem1_ARLEN      |  out|    8|       m_axi|           gmem1|       pointer|
|m_axi_gmem1_ARSIZE     |  out|    3|       m_axi|           gmem1|       pointer|
|m_axi_gmem1_ARBURST    |  out|    2|       m_axi|           gmem1|       pointer|
|m_axi_gmem1_ARLOCK     |  out|    2|       m_axi|           gmem1|       pointer|
|m_axi_gmem1_ARCACHE    |  out|    4|       m_axi|           gmem1|       pointer|
|m_axi_gmem1_ARPROT     |  out|    3|       m_axi|           gmem1|       pointer|
|m_axi_gmem1_ARQOS      |  out|    4|       m_axi|           gmem1|       pointer|
|m_axi_gmem1_ARREGION   |  out|    4|       m_axi|           gmem1|       pointer|
|m_axi_gmem1_ARUSER     |  out|    1|       m_axi|           gmem1|       pointer|
|m_axi_gmem1_RVALID     |   in|    1|       m_axi|           gmem1|       pointer|
|m_axi_gmem1_RREADY     |  out|    1|       m_axi|           gmem1|       pointer|
|m_axi_gmem1_RDATA      |   in|   32|       m_axi|           gmem1|       pointer|
|m_axi_gmem1_RLAST      |   in|    1|       m_axi|           gmem1|       pointer|
|m_axi_gmem1_RID        |   in|    1|       m_axi|           gmem1|       pointer|
|m_axi_gmem1_RUSER      |   in|    1|       m_axi|           gmem1|       pointer|
|m_axi_gmem1_RRESP      |   in|    2|       m_axi|           gmem1|       pointer|
|m_axi_gmem1_BVALID     |   in|    1|       m_axi|           gmem1|       pointer|
|m_axi_gmem1_BREADY     |  out|    1|       m_axi|           gmem1|       pointer|
|m_axi_gmem1_BRESP      |   in|    2|       m_axi|           gmem1|       pointer|
|m_axi_gmem1_BID        |   in|    1|       m_axi|           gmem1|       pointer|
|m_axi_gmem1_BUSER      |   in|    1|       m_axi|           gmem1|       pointer|
|m_axi_gmem2_AWVALID    |  out|    1|       m_axi|           gmem2|       pointer|
|m_axi_gmem2_AWREADY    |   in|    1|       m_axi|           gmem2|       pointer|
|m_axi_gmem2_AWADDR     |  out|   64|       m_axi|           gmem2|       pointer|
|m_axi_gmem2_AWID       |  out|    1|       m_axi|           gmem2|       pointer|
|m_axi_gmem2_AWLEN      |  out|    8|       m_axi|           gmem2|       pointer|
|m_axi_gmem2_AWSIZE     |  out|    3|       m_axi|           gmem2|       pointer|
|m_axi_gmem2_AWBURST    |  out|    2|       m_axi|           gmem2|       pointer|
|m_axi_gmem2_AWLOCK     |  out|    2|       m_axi|           gmem2|       pointer|
|m_axi_gmem2_AWCACHE    |  out|    4|       m_axi|           gmem2|       pointer|
|m_axi_gmem2_AWPROT     |  out|    3|       m_axi|           gmem2|       pointer|
|m_axi_gmem2_AWQOS      |  out|    4|       m_axi|           gmem2|       pointer|
|m_axi_gmem2_AWREGION   |  out|    4|       m_axi|           gmem2|       pointer|
|m_axi_gmem2_AWUSER     |  out|    1|       m_axi|           gmem2|       pointer|
|m_axi_gmem2_WVALID     |  out|    1|       m_axi|           gmem2|       pointer|
|m_axi_gmem2_WREADY     |   in|    1|       m_axi|           gmem2|       pointer|
|m_axi_gmem2_WDATA      |  out|   32|       m_axi|           gmem2|       pointer|
|m_axi_gmem2_WSTRB      |  out|    4|       m_axi|           gmem2|       pointer|
|m_axi_gmem2_WLAST      |  out|    1|       m_axi|           gmem2|       pointer|
|m_axi_gmem2_WID        |  out|    1|       m_axi|           gmem2|       pointer|
|m_axi_gmem2_WUSER      |  out|    1|       m_axi|           gmem2|       pointer|
|m_axi_gmem2_ARVALID    |  out|    1|       m_axi|           gmem2|       pointer|
|m_axi_gmem2_ARREADY    |   in|    1|       m_axi|           gmem2|       pointer|
|m_axi_gmem2_ARADDR     |  out|   64|       m_axi|           gmem2|       pointer|
|m_axi_gmem2_ARID       |  out|    1|       m_axi|           gmem2|       pointer|
|m_axi_gmem2_ARLEN      |  out|    8|       m_axi|           gmem2|       pointer|
|m_axi_gmem2_ARSIZE     |  out|    3|       m_axi|           gmem2|       pointer|
|m_axi_gmem2_ARBURST    |  out|    2|       m_axi|           gmem2|       pointer|
|m_axi_gmem2_ARLOCK     |  out|    2|       m_axi|           gmem2|       pointer|
|m_axi_gmem2_ARCACHE    |  out|    4|       m_axi|           gmem2|       pointer|
|m_axi_gmem2_ARPROT     |  out|    3|       m_axi|           gmem2|       pointer|
|m_axi_gmem2_ARQOS      |  out|    4|       m_axi|           gmem2|       pointer|
|m_axi_gmem2_ARREGION   |  out|    4|       m_axi|           gmem2|       pointer|
|m_axi_gmem2_ARUSER     |  out|    1|       m_axi|           gmem2|       pointer|
|m_axi_gmem2_RVALID     |   in|    1|       m_axi|           gmem2|       pointer|
|m_axi_gmem2_RREADY     |  out|    1|       m_axi|           gmem2|       pointer|
|m_axi_gmem2_RDATA      |   in|   32|       m_axi|           gmem2|       pointer|
|m_axi_gmem2_RLAST      |   in|    1|       m_axi|           gmem2|       pointer|
|m_axi_gmem2_RID        |   in|    1|       m_axi|           gmem2|       pointer|
|m_axi_gmem2_RUSER      |   in|    1|       m_axi|           gmem2|       pointer|
|m_axi_gmem2_RRESP      |   in|    2|       m_axi|           gmem2|       pointer|
|m_axi_gmem2_BVALID     |   in|    1|       m_axi|           gmem2|       pointer|
|m_axi_gmem2_BREADY     |  out|    1|       m_axi|           gmem2|       pointer|
|m_axi_gmem2_BRESP      |   in|    2|       m_axi|           gmem2|       pointer|
|m_axi_gmem2_BID        |   in|    1|       m_axi|           gmem2|       pointer|
|m_axi_gmem2_BUSER      |   in|    1|       m_axi|           gmem2|       pointer|
|m_axi_gmem3_AWVALID    |  out|    1|       m_axi|           gmem3|       pointer|
|m_axi_gmem3_AWREADY    |   in|    1|       m_axi|           gmem3|       pointer|
|m_axi_gmem3_AWADDR     |  out|   64|       m_axi|           gmem3|       pointer|
|m_axi_gmem3_AWID       |  out|    1|       m_axi|           gmem3|       pointer|
|m_axi_gmem3_AWLEN      |  out|    8|       m_axi|           gmem3|       pointer|
|m_axi_gmem3_AWSIZE     |  out|    3|       m_axi|           gmem3|       pointer|
|m_axi_gmem3_AWBURST    |  out|    2|       m_axi|           gmem3|       pointer|
|m_axi_gmem3_AWLOCK     |  out|    2|       m_axi|           gmem3|       pointer|
|m_axi_gmem3_AWCACHE    |  out|    4|       m_axi|           gmem3|       pointer|
|m_axi_gmem3_AWPROT     |  out|    3|       m_axi|           gmem3|       pointer|
|m_axi_gmem3_AWQOS      |  out|    4|       m_axi|           gmem3|       pointer|
|m_axi_gmem3_AWREGION   |  out|    4|       m_axi|           gmem3|       pointer|
|m_axi_gmem3_AWUSER     |  out|    1|       m_axi|           gmem3|       pointer|
|m_axi_gmem3_WVALID     |  out|    1|       m_axi|           gmem3|       pointer|
|m_axi_gmem3_WREADY     |   in|    1|       m_axi|           gmem3|       pointer|
|m_axi_gmem3_WDATA      |  out|   32|       m_axi|           gmem3|       pointer|
|m_axi_gmem3_WSTRB      |  out|    4|       m_axi|           gmem3|       pointer|
|m_axi_gmem3_WLAST      |  out|    1|       m_axi|           gmem3|       pointer|
|m_axi_gmem3_WID        |  out|    1|       m_axi|           gmem3|       pointer|
|m_axi_gmem3_WUSER      |  out|    1|       m_axi|           gmem3|       pointer|
|m_axi_gmem3_ARVALID    |  out|    1|       m_axi|           gmem3|       pointer|
|m_axi_gmem3_ARREADY    |   in|    1|       m_axi|           gmem3|       pointer|
|m_axi_gmem3_ARADDR     |  out|   64|       m_axi|           gmem3|       pointer|
|m_axi_gmem3_ARID       |  out|    1|       m_axi|           gmem3|       pointer|
|m_axi_gmem3_ARLEN      |  out|    8|       m_axi|           gmem3|       pointer|
|m_axi_gmem3_ARSIZE     |  out|    3|       m_axi|           gmem3|       pointer|
|m_axi_gmem3_ARBURST    |  out|    2|       m_axi|           gmem3|       pointer|
|m_axi_gmem3_ARLOCK     |  out|    2|       m_axi|           gmem3|       pointer|
|m_axi_gmem3_ARCACHE    |  out|    4|       m_axi|           gmem3|       pointer|
|m_axi_gmem3_ARPROT     |  out|    3|       m_axi|           gmem3|       pointer|
|m_axi_gmem3_ARQOS      |  out|    4|       m_axi|           gmem3|       pointer|
|m_axi_gmem3_ARREGION   |  out|    4|       m_axi|           gmem3|       pointer|
|m_axi_gmem3_ARUSER     |  out|    1|       m_axi|           gmem3|       pointer|
|m_axi_gmem3_RVALID     |   in|    1|       m_axi|           gmem3|       pointer|
|m_axi_gmem3_RREADY     |  out|    1|       m_axi|           gmem3|       pointer|
|m_axi_gmem3_RDATA      |   in|   32|       m_axi|           gmem3|       pointer|
|m_axi_gmem3_RLAST      |   in|    1|       m_axi|           gmem3|       pointer|
|m_axi_gmem3_RID        |   in|    1|       m_axi|           gmem3|       pointer|
|m_axi_gmem3_RUSER      |   in|    1|       m_axi|           gmem3|       pointer|
|m_axi_gmem3_RRESP      |   in|    2|       m_axi|           gmem3|       pointer|
|m_axi_gmem3_BVALID     |   in|    1|       m_axi|           gmem3|       pointer|
|m_axi_gmem3_BREADY     |  out|    1|       m_axi|           gmem3|       pointer|
|m_axi_gmem3_BRESP      |   in|    2|       m_axi|           gmem3|       pointer|
|m_axi_gmem3_BID        |   in|    1|       m_axi|           gmem3|       pointer|
|m_axi_gmem3_BUSER      |   in|    1|       m_axi|           gmem3|       pointer|
+-----------------------+-----+-----+------------+----------------+--------------+

