

================================================================
== Vitis HLS Report for 'lenet_full_top_Pipeline_POOL_CHANNEL_POOL_ROW_POOL_COL'
================================================================
* Date:           Sun Sep  6 21:23:35 2026

* Version:        2022.2 (Build 3670227 on Oct 13 2022)
* Project:        clk_9ns
* Solution:       solution1 (Vivado IP Flow Target)
* Product family: zynq
* Target device:  xc7z020-clg400-1


================================================================
== Performance Estimates
================================================================
+ Timing: 
    * Summary: 
    +--------+---------+----------+------------+
    |  Clock |  Target | Estimated| Uncertainty|
    +--------+---------+----------+------------+
    |ap_clk  |  9.00 ns|  6.409 ns|     2.43 ns|
    +--------+---------+----------+------------+

+ Latency: 
    * Summary: 
    +---------+---------+-----------+-----------+------+------+---------+
    |  Latency (cycles) |   Latency (absolute)  |   Interval  | Pipeline|
    |   min   |   max   |    min    |    max    |  min |  max |   Type  |
    +---------+---------+-----------+-----------+------+------+---------+
    |     1189|     1189|  10.701 us|  10.701 us|  1189|  1189|       no|
    +---------+---------+-----------+-----------+------+------+---------+

    + Detail: 
        * Instance: 
        N/A

        * Loop: 
        +----------------------------------+---------+---------+----------+-----------+-----------+------+----------+
        |                                  |  Latency (cycles) | Iteration|  Initiation Interval  | Trip |          |
        |             Loop Name            |   min   |   max   |  Latency |  achieved |   target  | Count| Pipelined|
        +----------------------------------+---------+---------+----------+-----------+-----------+------+----------+
        |- POOL_CHANNEL_POOL_ROW_POOL_COL  |     1187|     1187|        13|          1|          1|  1176|       yes|
        +----------------------------------+---------+---------+----------+-----------+-----------+------+----------+



================================================================
== Utilization Estimates
================================================================
* Summary: 
+-----------------+---------+-----+--------+-------+-----+
|       Name      | BRAM_18K| DSP |   FF   |  LUT  | URAM|
+-----------------+---------+-----+--------+-------+-----+
|DSP              |        -|    -|       -|      -|    -|
|Expression       |        -|    -|       0|    884|    -|
|FIFO             |        -|    -|       -|      -|    -|
|Instance         |        -|    -|       -|      -|    -|
|Memory           |        -|    -|       -|      -|    -|
|Multiplexer      |        -|    -|       -|     99|    -|
|Register         |        -|    -|     814|    160|    -|
+-----------------+---------+-----+--------+-------+-----+
|Total            |        0|    0|     814|   1143|    0|
+-----------------+---------+-----+--------+-------+-----+
|Available        |      280|  220|  106400|  53200|    0|
+-----------------+---------+-----+--------+-------+-----+
|Utilization (%)  |        0|    0|      ~0|      2|    0|
+-----------------+---------+-----+--------+-------+-----+

+ Detail: 
    * Instance: 
    N/A

    * DSP: 
    N/A

    * Memory: 
    N/A

    * FIFO: 
    N/A

    * Expression: 
    +---------------------------+----------+----+---+----+------------+------------+
    |       Variable Name       | Operation| DSP| FF| LUT| Bitwidth P0| Bitwidth P1|
    +---------------------------+----------+----+---+----+------------+------------+
    |add_ln105_1_fu_893_p2      |         +|   0|  0|  14|          13|          13|
    |add_ln105_fu_871_p2        |         +|   0|  0|  14|          13|          13|
    |add_ln114_fu_915_p2        |         +|   0|  0|  12|          11|          11|
    |add_ln91_1_fu_228_p2       |         +|   0|  0|  12|          11|           1|
    |add_ln91_fu_243_p2         |         +|   0|  0|  11|           3|           1|
    |add_ln93_2_fu_257_p2       |         +|   0|  0|  15|           8|           1|
    |add_ln93_fu_662_p2         |         +|   0|  0|  13|           4|           1|
    |add_ln95_fu_813_p2         |         +|   0|  0|  13|           4|           1|
    |empty_36_fu_361_p2         |         +|   0|  0|  15|           8|           8|
    |empty_39_fu_397_p2         |         +|   0|  0|  14|           9|           9|
    |p_mid118_fu_697_p2         |         +|   0|  0|  15|           8|           8|
    |p_mid122_fu_733_p2         |         +|   0|  0|  14|           9|           9|
    |empty_35_fu_339_p2         |         -|   0|  0|  15|           8|           8|
    |empty_38_fu_391_p2         |         -|   0|  0|  12|          11|          11|
    |empty_41_fu_427_p2         |         -|   0|  0|  14|          13|          13|
    |empty_44_fu_463_p2         |         -|   0|  0|  14|          13|          13|
    |empty_fu_311_p2            |         -|   0|  0|  14|           9|           9|
    |p_mid120_fu_727_p2         |         -|   0|  0|  12|          11|          11|
    |p_mid124_fu_763_p2         |         -|   0|  0|  14|          13|          13|
    |p_mid128_fu_799_p2         |         -|   0|  0|  14|          13|          13|
    |p_mid142_fu_501_p2         |         -|   0|  0|  14|           9|           9|
    |p_mid144_fu_536_p2         |         -|   0|  0|  15|           8|           8|
    |p_mid166_fu_573_p2         |         -|   0|  0|  12|          11|          11|
    |p_mid180_fu_603_p2         |         -|   0|  0|  14|          13|          13|
    |p_mid194_fu_639_p2         |         -|   0|  0|  14|          13|          13|
    |and_ln107_1_fu_1043_p2     |       and|   0|  0|   2|           1|           1|
    |and_ln107_2_fu_1049_p2     |       and|   0|  0|   2|           1|           1|
    |and_ln107_3_fu_1131_p2     |       and|   0|  0|   2|           1|           1|
    |and_ln107_4_fu_1137_p2     |       and|   0|  0|   2|           1|           1|
    |and_ln107_5_fu_1219_p2     |       and|   0|  0|   2|           1|           1|
    |and_ln107_6_fu_1225_p2     |       and|   0|  0|   2|           1|           1|
    |and_ln107_fu_960_p2        |       and|   0|  0|   2|           1|           1|
    |and_ln91_fu_656_p2         |       and|   0|  0|   2|           1|           1|
    |icmp_ln107_10_fu_1183_p2   |      icmp|   0|  0|  11|           8|           2|
    |icmp_ln107_11_fu_1189_p2   |      icmp|   0|  0|  15|          23|           1|
    |icmp_ln107_12_fu_1201_p2   |      icmp|   0|  0|  11|           8|           2|
    |icmp_ln107_13_fu_1207_p2   |      icmp|   0|  0|  15|          23|           1|
    |icmp_ln107_1_fu_948_p2     |      icmp|   0|  0|  15|          23|           1|
    |icmp_ln107_2_fu_1007_p2    |      icmp|   0|  0|  11|           8|           2|
    |icmp_ln107_3_fu_1013_p2    |      icmp|   0|  0|  15|          23|           1|
    |icmp_ln107_4_fu_1025_p2    |      icmp|   0|  0|  11|           8|           2|
    |icmp_ln107_5_fu_1031_p2    |      icmp|   0|  0|  15|          23|           1|
    |icmp_ln107_6_fu_1095_p2    |      icmp|   0|  0|  11|           8|           2|
    |icmp_ln107_7_fu_1101_p2    |      icmp|   0|  0|  15|          23|           1|
    |icmp_ln107_8_fu_1113_p2    |      icmp|   0|  0|  11|           8|           2|
    |icmp_ln107_9_fu_1119_p2    |      icmp|   0|  0|  15|          23|           1|
    |icmp_ln107_fu_942_p2       |      icmp|   0|  0|  11|           8|           2|
    |icmp_ln91_fu_222_p2        |      icmp|   0|  0|  11|          11|          11|
    |icmp_ln93_fu_237_p2        |      icmp|   0|  0|  11|           8|           7|
    |icmp_ln95_fu_650_p2        |      icmp|   0|  0|   9|           4|           3|
    |empty_42_fu_433_p2         |        or|   0|  0|   9|           9|           1|
    |or_ln105_1_fu_904_p2       |        or|   0|  0|  13|           1|          13|
    |or_ln105_fu_882_p2         |        or|   0|  0|  13|           1|          13|
    |or_ln107_1_fu_1019_p2      |        or|   0|  0|   2|           1|           1|
    |or_ln107_2_fu_1037_p2      |        or|   0|  0|   2|           1|           1|
    |or_ln107_3_fu_1107_p2      |        or|   0|  0|   2|           1|           1|
    |or_ln107_4_fu_1125_p2      |        or|   0|  0|   2|           1|           1|
    |or_ln107_5_fu_1195_p2      |        or|   0|  0|   2|           1|           1|
    |or_ln107_6_fu_1213_p2      |        or|   0|  0|   2|           1|           1|
    |or_ln107_fu_954_p2         |        or|   0|  0|   2|           1|           1|
    |or_ln93_fu_668_p2          |        or|   0|  0|   2|           1|           1|
    |p_mid126_fu_769_p2         |        or|   0|  0|   9|           9|           1|
    |p_mid182_fu_609_p2         |        or|   0|  0|   9|           9|           1|
    |pool1_output_d0            |    select|   0|  0|  32|           1|          32|
    |select_ln107_1_fu_1055_p3  |    select|   0|  0|  32|           1|          32|
    |select_ln107_2_fu_1143_p3  |    select|   0|  0|  32|           1|          32|
    |select_ln107_fu_966_p3     |    select|   0|  0|  32|           1|          32|
    |select_ln91_1_fu_507_p3    |    select|   0|  0|   9|           1|           9|
    |select_ln91_2_fu_542_p3    |    select|   0|  0|   8|           1|           8|
    |select_ln91_3_fu_824_p3    |    select|   0|  0|  11|           1|          11|
    |select_ln91_4_fu_829_p3    |    select|   0|  0|  13|           1|          13|
    |select_ln91_5_fu_834_p3    |    select|   0|  0|  13|           1|          13|
    |select_ln91_6_fu_249_p3    |    select|   0|  0|   3|           1|           3|
    |select_ln91_fu_472_p3      |    select|   0|  0|   4|           1|           1|
    |select_ln93_1_fu_839_p3    |    select|   0|  0|  11|           1|          11|
    |select_ln93_2_fu_845_p3    |    select|   0|  0|  13|           1|          13|
    |select_ln93_3_fu_851_p3    |    select|   0|  0|  13|           1|          13|
    |select_ln93_4_fu_805_p3    |    select|   0|  0|   4|           1|           4|
    |select_ln93_5_fu_263_p3    |    select|   0|  0|   8|           1|           1|
    |select_ln93_fu_673_p3      |    select|   0|  0|   4|           1|           1|
    |ap_enable_pp0              |       xor|   0|  0|   2|           1|           2|
    |xor_ln91_fu_645_p2         |       xor|   0|  0|   2|           1|           2|
    +---------------------------+----------+----+---+----+------------+------------+
    |Total                      |          |   0|  0| 884|         550|         541|
    +---------------------------+----------+----+---+----+------------+------------+

    * Multiplexer: 
    +----------------------------------------+----+-----------+-----+-----------+
    |                  Name                  | LUT| Input Size| Bits| Total Bits|
    +----------------------------------------+----+-----------+-----+-----------+
    |ap_done_int                             |   9|          2|    1|          2|
    |ap_enable_reg_pp0_iter2                 |   9|          2|    1|          2|
    |ap_sig_allocacmp_channel_2              |   9|          2|    3|          6|
    |ap_sig_allocacmp_indvar_flatten30_load  |   9|          2|    8|         16|
    |ap_sig_allocacmp_indvar_flatten98_load  |   9|          2|   11|         22|
    |ap_sig_allocacmp_output_col_load        |   9|          2|    4|          8|
    |channel_fu_104                          |   9|          2|    3|          6|
    |indvar_flatten30_fu_100                 |   9|          2|    8|         16|
    |indvar_flatten98_fu_108                 |   9|          2|   11|         22|
    |output_col_fu_92                        |   9|          2|    4|          8|
    |output_row_1_fu_96                      |   9|          2|    4|          8|
    +----------------------------------------+----+-----------+-----+-----------+
    |Total                                   |  99|         22|   58|        116|
    +----------------------------------------+----+-----------+-----+-----------+

    * Register: 
    +------------------------------------------+----+----+-----+-----------+
    |                   Name                   | FF | LUT| Bits| Const Bits|
    +------------------------------------------+----+----+-----+-----------+
    |add_ln114_reg_1391                        |  11|   0|   11|          0|
    |add_ln91_reg_1300                         |   3|   0|    3|          0|
    |add_ln95_reg_1366                         |   4|   0|    4|          0|
    |and_ln107_2_reg_1431                      |   1|   0|    1|          0|
    |and_ln107_4_reg_1443                      |   1|   0|    1|          0|
    |and_ln107_6_reg_1455                      |   1|   0|    1|          0|
    |and_ln91_reg_1338                         |   1|   0|    1|          0|
    |ap_CS_fsm                                 |   1|   0|    1|          0|
    |ap_done_reg                               |   1|   0|    1|          0|
    |ap_enable_reg_pp0_iter1                   |   1|   0|    1|          0|
    |ap_enable_reg_pp0_iter10                  |   1|   0|    1|          0|
    |ap_enable_reg_pp0_iter11                  |   1|   0|    1|          0|
    |ap_enable_reg_pp0_iter12                  |   1|   0|    1|          0|
    |ap_enable_reg_pp0_iter2                   |   1|   0|    1|          0|
    |ap_enable_reg_pp0_iter3                   |   1|   0|    1|          0|
    |ap_enable_reg_pp0_iter4                   |   1|   0|    1|          0|
    |ap_enable_reg_pp0_iter5                   |   1|   0|    1|          0|
    |ap_enable_reg_pp0_iter6                   |   1|   0|    1|          0|
    |ap_enable_reg_pp0_iter7                   |   1|   0|    1|          0|
    |ap_enable_reg_pp0_iter8                   |   1|   0|    1|          0|
    |ap_enable_reg_pp0_iter9                   |   1|   0|    1|          0|
    |ap_loop_exit_ready_pp0_iter10_reg         |   1|   0|    1|          0|
    |ap_loop_exit_ready_pp0_iter11_reg         |   1|   0|    1|          0|
    |ap_loop_exit_ready_pp0_iter1_reg          |   1|   0|    1|          0|
    |ap_loop_exit_ready_pp0_iter2_reg          |   1|   0|    1|          0|
    |ap_loop_exit_ready_pp0_iter3_reg          |   1|   0|    1|          0|
    |ap_loop_exit_ready_pp0_iter4_reg          |   1|   0|    1|          0|
    |ap_loop_exit_ready_pp0_iter5_reg          |   1|   0|    1|          0|
    |ap_loop_exit_ready_pp0_iter6_reg          |   1|   0|    1|          0|
    |ap_loop_exit_ready_pp0_iter7_reg          |   1|   0|    1|          0|
    |ap_loop_exit_ready_pp0_iter8_reg          |   1|   0|    1|          0|
    |ap_loop_exit_ready_pp0_iter9_reg          |   1|   0|    1|          0|
    |channel_2_reg_1276                        |   3|   0|    3|          0|
    |channel_fu_104                            |   3|   0|    3|          0|
    |conv1_output_load_1_reg_1403              |  32|   0|   32|          0|
    |conv1_output_load_2_reg_1410              |  32|   0|   32|          0|
    |conv1_output_load_3_reg_1417              |  32|   0|   32|          0|
    |conv1_output_load_reg_1396                |  32|   0|   32|          0|
    |conv1_output_load_reg_1396_pp0_iter4_reg  |  32|   0|   32|          0|
    |empty_38_reg_1308                         |  10|   0|   11|          1|
    |empty_41_reg_1313                         |  10|   0|   13|          3|
    |empty_44_reg_1318                         |  10|   0|   13|          3|
    |icmp_ln91_reg_1284                        |   1|   0|    1|          0|
    |icmp_ln93_reg_1288                        |   1|   0|    1|          0|
    |icmp_ln93_reg_1288_pp0_iter1_reg          |   1|   0|    1|          0|
    |indvar_flatten30_fu_100                   |   8|   0|    8|          0|
    |indvar_flatten98_fu_108                   |  11|   0|   11|          0|
    |output_col_fu_92                          |   4|   0|    4|          0|
    |output_row_1_fu_96                        |   4|   0|    4|          0|
    |p_mid120_reg_1351                         |  10|   0|   11|          1|
    |p_mid124_reg_1356                         |  10|   0|   13|          3|
    |p_mid128_reg_1361                         |  10|   0|   13|          3|
    |p_mid166_reg_1323                         |   9|   0|   11|          2|
    |p_mid180_reg_1328                         |   9|   0|   13|          4|
    |p_mid194_reg_1333                         |   9|   0|   13|          4|
    |select_ln107_1_reg_1436                   |  32|   0|   32|          0|
    |select_ln107_1_reg_1436_pp0_iter9_reg     |  32|   0|   32|          0|
    |select_ln107_2_reg_1448                   |  32|   0|   32|          0|
    |select_ln107_2_reg_1448_pp0_iter11_reg    |  32|   0|   32|          0|
    |select_ln107_reg_1424                     |  32|   0|   32|          0|
    |select_ln93_reg_1345                      |   4|   0|    4|          0|
    |add_ln114_reg_1391                        |  64|  32|   11|          0|
    |conv1_output_load_1_reg_1403              |  64|  32|   32|          0|
    |conv1_output_load_2_reg_1410              |  64|  32|   32|          0|
    |conv1_output_load_3_reg_1417              |  64|  32|   32|          0|
    |select_ln107_reg_1424                     |  64|  32|   32|          0|
    +------------------------------------------+----+----+-----+-----------+
    |Total                                     | 814| 160|  657|         24|
    +------------------------------------------+----+----+-----+-----------+



================================================================
== Interface
================================================================
* Summary: 
+-----------------------+-----+-----+------------+--------------------------------------------------------+--------------+
|       RTL Ports       | Dir | Bits|  Protocol  |                      Source Object                     |    C Type    |
+-----------------------+-----+-----+------------+--------------------------------------------------------+--------------+
|ap_clk                 |   in|    1|  ap_ctrl_hs|  lenet_full_top_Pipeline_POOL_CHANNEL_POOL_ROW_POOL_COL|  return value|
|ap_rst                 |   in|    1|  ap_ctrl_hs|  lenet_full_top_Pipeline_POOL_CHANNEL_POOL_ROW_POOL_COL|  return value|
|ap_start               |   in|    1|  ap_ctrl_hs|  lenet_full_top_Pipeline_POOL_CHANNEL_POOL_ROW_POOL_COL|  return value|
|ap_done                |  out|    1|  ap_ctrl_hs|  lenet_full_top_Pipeline_POOL_CHANNEL_POOL_ROW_POOL_COL|  return value|
|ap_idle                |  out|    1|  ap_ctrl_hs|  lenet_full_top_Pipeline_POOL_CHANNEL_POOL_ROW_POOL_COL|  return value|
|ap_ready               |  out|    1|  ap_ctrl_hs|  lenet_full_top_Pipeline_POOL_CHANNEL_POOL_ROW_POOL_COL|  return value|
|grp_fu_1409_p_din0     |  out|   32|  ap_ctrl_hs|  lenet_full_top_Pipeline_POOL_CHANNEL_POOL_ROW_POOL_COL|  return value|
|grp_fu_1409_p_din1     |  out|   32|  ap_ctrl_hs|  lenet_full_top_Pipeline_POOL_CHANNEL_POOL_ROW_POOL_COL|  return value|
|grp_fu_1409_p_opcode   |  out|    5|  ap_ctrl_hs|  lenet_full_top_Pipeline_POOL_CHANNEL_POOL_ROW_POOL_COL|  return value|
|grp_fu_1409_p_dout0    |   in|    1|  ap_ctrl_hs|  lenet_full_top_Pipeline_POOL_CHANNEL_POOL_ROW_POOL_COL|  return value|
|grp_fu_1409_p_ce       |  out|    1|  ap_ctrl_hs|  lenet_full_top_Pipeline_POOL_CHANNEL_POOL_ROW_POOL_COL|  return value|
|grp_fu_1413_p_din0     |  out|   32|  ap_ctrl_hs|  lenet_full_top_Pipeline_POOL_CHANNEL_POOL_ROW_POOL_COL|  return value|
|grp_fu_1413_p_din1     |  out|   32|  ap_ctrl_hs|  lenet_full_top_Pipeline_POOL_CHANNEL_POOL_ROW_POOL_COL|  return value|
|grp_fu_1413_p_opcode   |  out|    5|  ap_ctrl_hs|  lenet_full_top_Pipeline_POOL_CHANNEL_POOL_ROW_POOL_COL|  return value|
|grp_fu_1413_p_dout0    |   in|    1|  ap_ctrl_hs|  lenet_full_top_Pipeline_POOL_CHANNEL_POOL_ROW_POOL_COL|  return value|
|grp_fu_1413_p_ce       |  out|    1|  ap_ctrl_hs|  lenet_full_top_Pipeline_POOL_CHANNEL_POOL_ROW_POOL_COL|  return value|
|grp_fu_1417_p_din0     |  out|   32|  ap_ctrl_hs|  lenet_full_top_Pipeline_POOL_CHANNEL_POOL_ROW_POOL_COL|  return value|
|grp_fu_1417_p_din1     |  out|   32|  ap_ctrl_hs|  lenet_full_top_Pipeline_POOL_CHANNEL_POOL_ROW_POOL_COL|  return value|
|grp_fu_1417_p_opcode   |  out|    5|  ap_ctrl_hs|  lenet_full_top_Pipeline_POOL_CHANNEL_POOL_ROW_POOL_COL|  return value|
|grp_fu_1417_p_dout0    |   in|    1|  ap_ctrl_hs|  lenet_full_top_Pipeline_POOL_CHANNEL_POOL_ROW_POOL_COL|  return value|
|grp_fu_1417_p_ce       |  out|    1|  ap_ctrl_hs|  lenet_full_top_Pipeline_POOL_CHANNEL_POOL_ROW_POOL_COL|  return value|
|grp_fu_1421_p_din0     |  out|   32|  ap_ctrl_hs|  lenet_full_top_Pipeline_POOL_CHANNEL_POOL_ROW_POOL_COL|  return value|
|grp_fu_1421_p_din1     |  out|   32|  ap_ctrl_hs|  lenet_full_top_Pipeline_POOL_CHANNEL_POOL_ROW_POOL_COL|  return value|
|grp_fu_1421_p_opcode   |  out|    5|  ap_ctrl_hs|  lenet_full_top_Pipeline_POOL_CHANNEL_POOL_ROW_POOL_COL|  return value|
|grp_fu_1421_p_dout0    |   in|    1|  ap_ctrl_hs|  lenet_full_top_Pipeline_POOL_CHANNEL_POOL_ROW_POOL_COL|  return value|
|grp_fu_1421_p_ce       |  out|    1|  ap_ctrl_hs|  lenet_full_top_Pipeline_POOL_CHANNEL_POOL_ROW_POOL_COL|  return value|
|conv1_output_address0  |  out|   13|   ap_memory|                                            conv1_output|         array|
|conv1_output_ce0       |  out|    1|   ap_memory|                                            conv1_output|         array|
|conv1_output_q0        |   in|   32|   ap_memory|                                            conv1_output|         array|
|conv1_output_address1  |  out|   13|   ap_memory|                                            conv1_output|         array|
|conv1_output_ce1       |  out|    1|   ap_memory|                                            conv1_output|         array|
|conv1_output_q1        |   in|   32|   ap_memory|                                            conv1_output|         array|
|conv1_output_address2  |  out|   13|   ap_memory|                                            conv1_output|         array|
|conv1_output_ce2       |  out|    1|   ap_memory|                                            conv1_output|         array|
|conv1_output_q2        |   in|   32|   ap_memory|                                            conv1_output|         array|
|conv1_output_address3  |  out|   13|   ap_memory|                                            conv1_output|         array|
|conv1_output_ce3       |  out|    1|   ap_memory|                                            conv1_output|         array|
|conv1_output_q3        |   in|   32|   ap_memory|                                            conv1_output|         array|
|pool1_output_address0  |  out|   11|   ap_memory|                                            pool1_output|         array|
|pool1_output_ce0       |  out|    1|   ap_memory|                                            pool1_output|         array|
|pool1_output_we0       |  out|    1|   ap_memory|                                            pool1_output|         array|
|pool1_output_d0        |  out|   32|   ap_memory|                                            pool1_output|         array|
+-----------------------+-----+-----+------------+--------------------------------------------------------+--------------+

