

================================================================
== Vitis HLS Report for 'lenet_full_top_Pipeline_DENSE_INPUT'
================================================================
* Date:           Sun Sep  6 21:24:56 2026

* Version:        2022.2 (Build 3670227 on Oct 13 2022)
* Project:        clk_7_5ns
* Solution:       solution1 (Vivado IP Flow Target)
* Product family: zynq
* Target device:  xc7z020-clg400-1


================================================================
== Performance Estimates
================================================================
+ Timing: 
    * Summary: 
    +--------+---------+----------+------------+
    |  Clock |  Target | Estimated| Uncertainty|
    +--------+---------+----------+------------+
    |ap_clk  |  7.50 ns|  5.475 ns|     2.03 ns|
    +--------+---------+----------+------------+

+ Latency: 
    * Summary: 
    +---------+---------+----------+----------+-----+-----+---------+
    |  Latency (cycles) |  Latency (absolute) |  Interval | Pipeline|
    |   min   |   max   |    min   |    max   | min | max |   Type  |
    +---------+---------+----------+----------+-----+-----+---------+
    |      969|      969|  7.268 us|  7.268 us|  969|  969|       no|
    +---------+---------+----------+----------+-----+-----+---------+

    + Detail: 
        * Instance: 
        N/A

        * Loop: 
        +---------------+---------+---------+----------+-----------+-----------+------+----------+
        |               |  Latency (cycles) | Iteration|  Initiation Interval  | Trip |          |
        |   Loop Name   |   min   |   max   |  Latency |  achieved |   target  | Count| Pipelined|
        +---------------+---------+---------+----------+-----------+-----------+------+----------+
        |- DENSE_INPUT  |      967|      967|        16|          8|          1|   120|       yes|
        +---------------+---------+---------+----------+-----------+-----------+------+----------+

============================================================
+ Verbose Summary: Synthesis Manager
============================================================
InlineROM: 1
ExposeGlobal: 0
============================================================
+ Verbose Summary: CDFG Model
============================================================
IsTopModel: 0
ResetActiveHigh: 1
IsCombinational: 0
IsDatapathOnly: 0
HasWiredReturn: 1
HasMFsm: 2
HasVarLatency: 1
IsPipeline: 0
IsRtlPipelined: 0
IsInstanceOverlapped: 0
IsDontTouch: 0
HasImplIP: 0
IsGatedGlobalClock: 0

+ Individual pipeline summary: 
  * Pipeline-0: initiation interval (II) = 8, depth = 16


============================================================
+ Verbose Summary: Schedule
============================================================
* Number of FSM states : 16
* Pipeline : 1
  Pipeline-0 : II = 8, D = 16, States = { 1 2 3 4 5 6 7 8 9 10 11 12 13 14 15 16 }
* Dataflow Pipeline: 0

* FSM state transitions: 
1 --> 2 
2 --> 3 
3 --> 4 
4 --> 5 
5 --> 6 
6 --> 7 
7 --> 8 
8 --> 9 
9 --> 10 
10 --> 11 
11 --> 12 
12 --> 13 
13 --> 14 
14 --> 15 
15 --> 16 
16 --> 

* FSM state operations: 

State 1 <SV = 0> <Delay = 3.25>
ST_1 : Operation 19 [1/1] (0.00ns)   --->   "%accumulator = alloca i32 1"   --->   Operation 19 'alloca' 'accumulator' <Predicate = true> <Delay = 0.00>
ST_1 : Operation 20 [1/1] (0.00ns)   --->   "%input_index = alloca i32 1"   --->   Operation 20 'alloca' 'input_index' <Predicate = true> <Delay = 0.00>
ST_1 : Operation 21 [1/1] (0.00ns)   --->   "%sext_ln139_read = read i62 @_ssdm_op_Read.ap_auto.i62, i62 %sext_ln139"   --->   Operation 21 'read' 'sext_ln139_read' <Predicate = true> <Delay = 0.00>
ST_1 : Operation 22 [1/1] (0.00ns)   --->   "%zext_ln139_read = read i7 @_ssdm_op_Read.ap_auto.i7, i7 %zext_ln139"   --->   Operation 22 'read' 'zext_ln139_read' <Predicate = true> <Delay = 0.00>
ST_1 : Operation 23 [1/1] (0.00ns)   --->   "%accumulator_5_read = read i32 @_ssdm_op_Read.ap_auto.float, i32 %accumulator_5"   --->   Operation 23 'read' 'accumulator_5_read' <Predicate = true> <Delay = 0.00>
ST_1 : Operation 24 [1/1] (0.00ns)   --->   "%sext_ln139_cast = sext i62 %sext_ln139_read"   --->   Operation 24 'sext' 'sext_ln139_cast' <Predicate = true> <Delay = 0.00>
ST_1 : Operation 25 [1/1] (0.00ns)   --->   "%zext_ln139_cast = zext i7 %zext_ln139_read"   --->   Operation 25 'zext' 'zext_ln139_cast' <Predicate = true> <Delay = 0.00>
ST_1 : Operation 26 [1/1] (0.00ns)   --->   "%specinterface_ln0 = specinterface void @_ssdm_op_SpecInterface, i32 %gmem1, void @empty, i32 0, i32 0, void @empty_0, i32 0, i32 61470, void @empty_3, void @empty_2, void @empty_0, i32 16, i32 16, i32 16, i32 16, void @empty_0, void @empty_0, i32 4294967295, i32 0"   --->   Operation 26 'specinterface' 'specinterface_ln0' <Predicate = true> <Delay = 0.00>
ST_1 : Operation 27 [1/1] (1.58ns)   --->   "%store_ln0 = store i7 0, i7 %input_index"   --->   Operation 27 'store' 'store_ln0' <Predicate = true> <Delay = 1.58>
ST_1 : Operation 28 [1/1] (1.58ns)   --->   "%store_ln0 = store i32 %accumulator_5_read, i32 %accumulator"   --->   Operation 28 'store' 'store_ln0' <Predicate = true> <Delay = 1.58>
ST_1 : Operation 29 [1/1] (0.00ns)   --->   "%br_ln0 = br void %for.inc.i173"   --->   Operation 29 'br' 'br_ln0' <Predicate = true> <Delay = 0.00>
ST_1 : Operation 30 [1/1] (0.00ns)   --->   "%input_index_2 = load i7 %input_index" [D:/lenet_project/handoff/LeNet_DSE_Framework_2022_2/LeNet_DSE_Framework_2022_2/src/lenet_conv.cpp:143]   --->   Operation 30 'load' 'input_index_2' <Predicate = true> <Delay = 0.00>
ST_1 : Operation 31 [1/1] (0.00ns)   --->   "%fc1_output_addr = getelementptr i32 %fc1_output, i64 0, i64 %zext_ln139_cast" [D:/lenet_project/handoff/LeNet_DSE_Framework_2022_2/LeNet_DSE_Framework_2022_2/src/lenet_conv.cpp:148]   --->   Operation 31 'getelementptr' 'fc1_output_addr' <Predicate = true> <Delay = 0.00>
ST_1 : Operation 32 [1/1] (1.48ns)   --->   "%icmp_ln143 = icmp_eq  i7 %input_index_2, i7 120" [D:/lenet_project/handoff/LeNet_DSE_Framework_2022_2/LeNet_DSE_Framework_2022_2/src/lenet_conv.cpp:143]   --->   Operation 32 'icmp' 'icmp_ln143' <Predicate = true> <Delay = 1.48> <CoreInst = "Cmp">   --->   Core 9 'Cmp' <Latency = 0> <II = 1> <Delay = 1.48> <FuncUnit> <Opcode : 'icmp'> <InPorts = 2> <OutPorts = 1>
ST_1 : Operation 33 [1/1] (0.00ns)   --->   "%br_ln143 = br i1 %icmp_ln143, void %for.inc.i173.split, void %for.inc13.i.exitStub" [D:/lenet_project/handoff/LeNet_DSE_Framework_2022_2/LeNet_DSE_Framework_2022_2/src/lenet_conv.cpp:143]   --->   Operation 33 'br' 'br_ln143' <Predicate = true> <Delay = 0.00>
ST_1 : Operation 34 [1/1] (0.00ns)   --->   "%input_index_cast = zext i7 %input_index_2" [D:/lenet_project/handoff/LeNet_DSE_Framework_2022_2/LeNet_DSE_Framework_2022_2/src/lenet_conv.cpp:143]   --->   Operation 34 'zext' 'input_index_cast' <Predicate = (!icmp_ln143)> <Delay = 0.00>
ST_1 : Operation 35 [1/1] (0.00ns)   --->   "%conv3_relu_addr = getelementptr i32 %conv3_relu, i64 0, i64 %input_index_cast" [D:/lenet_project/handoff/LeNet_DSE_Framework_2022_2/LeNet_DSE_Framework_2022_2/src/lenet_conv.cpp:145]   --->   Operation 35 'getelementptr' 'conv3_relu_addr' <Predicate = (!icmp_ln143)> <Delay = 0.00>
ST_1 : Operation 36 [2/2] (3.25ns)   --->   "%conv3_relu_load = load i7 %conv3_relu_addr" [D:/lenet_project/handoff/LeNet_DSE_Framework_2022_2/LeNet_DSE_Framework_2022_2/src/lenet_conv.cpp:145]   --->   Operation 36 'load' 'conv3_relu_load' <Predicate = (!icmp_ln143)> <Delay = 3.25> <CoreInst = "RAM">   --->   Core 82 'RAM' <Latency = 1> <II = 1> <Delay = 3.25> <Storage> <Opcode : 'load' 'store'> <Ports = 2> <Width = 32> <Depth = 120> <RAM>

State 2 <SV = 1> <Delay = 5.47>
ST_2 : Operation 37 [1/1] (0.00ns)   --->   "%specbitsmap_ln0 = specbitsmap void @_ssdm_op_SpecBitsMap, i32 %gmem1"   --->   Operation 37 'specbitsmap' 'specbitsmap_ln0' <Predicate = true> <Delay = 0.00>
ST_2 : Operation 38 [1/1] (0.00ns)   --->   "%gmem1_addr = getelementptr i32 %gmem1, i64 %sext_ln139_cast" [D:/lenet_project/handoff/LeNet_DSE_Framework_2022_2/LeNet_DSE_Framework_2022_2/src/lenet_conv.cpp:139]   --->   Operation 38 'getelementptr' 'gmem1_addr' <Predicate = true> <Delay = 0.00>
ST_2 : Operation 39 [1/1] (0.00ns)   --->   "%specpipeline_ln0 = specpipeline void @_ssdm_op_SpecPipeline, i32 4294967295, i32 0, i32 1, i32 0, void @p_str"   --->   Operation 39 'specpipeline' 'specpipeline_ln0' <Predicate = true> <Delay = 0.00>
ST_2 : Operation 40 [1/1] (0.00ns)   --->   "%empty = speclooptripcount i32 @_ssdm_op_SpecLoopTripCount, i64 120, i64 120, i64 120"   --->   Operation 40 'speclooptripcount' 'empty' <Predicate = true> <Delay = 0.00>
ST_2 : Operation 41 [1/1] (1.87ns)   --->   "%add_ln143 = add i7 %input_index_2, i7 1" [D:/lenet_project/handoff/LeNet_DSE_Framework_2022_2/LeNet_DSE_Framework_2022_2/src/lenet_conv.cpp:143]   --->   Operation 41 'add' 'add_ln143' <Predicate = true> <Delay = 1.87> <CoreInst = "Adder">   --->   Core 1 'Adder' <Latency = 0> <II = 1> <Delay = 1.87> <FuncUnit> <Opcode : 'add' 'sub'> <InPorts = 2> <OutPorts = 1>
ST_2 : Operation 42 [1/2] (3.25ns)   --->   "%conv3_relu_load = load i7 %conv3_relu_addr" [D:/lenet_project/handoff/LeNet_DSE_Framework_2022_2/LeNet_DSE_Framework_2022_2/src/lenet_conv.cpp:145]   --->   Operation 42 'load' 'conv3_relu_load' <Predicate = (!icmp_ln143)> <Delay = 3.25> <CoreInst = "RAM">   --->   Core 82 'RAM' <Latency = 1> <II = 1> <Delay = 3.25> <Storage> <Opcode : 'load' 'store'> <Ports = 2> <Width = 32> <Depth = 120> <RAM>
ST_2 : Operation 43 [1/1] (5.47ns)   --->   "%gmem1_addr_read = read i32 @_ssdm_op_Read.m_axi.p1i32, i32 %gmem1_addr" [D:/lenet_project/handoff/LeNet_DSE_Framework_2022_2/LeNet_DSE_Framework_2022_2/src/lenet_conv.cpp:146]   --->   Operation 43 'read' 'gmem1_addr_read' <Predicate = (!icmp_ln143)> <Delay = 5.47> <CoreInst = "m_axi">   --->   Core 113 'm_axi' <Latency = 0> <II = 1> <Delay = 1.00> <Adapter> <Opcode : 'read' 'write' 'readreq' 'writereq' 'writeresp'>
ST_2 : Operation 44 [1/1] (1.48ns)   --->   "%ifzero193 = icmp_eq  i7 %add_ln143, i7 120" [D:/lenet_project/handoff/LeNet_DSE_Framework_2022_2/LeNet_DSE_Framework_2022_2/src/lenet_conv.cpp:143]   --->   Operation 44 'icmp' 'ifzero193' <Predicate = (!icmp_ln143)> <Delay = 1.48> <CoreInst = "Cmp">   --->   Core 9 'Cmp' <Latency = 0> <II = 1> <Delay = 1.48> <FuncUnit> <Opcode : 'icmp'> <InPorts = 2> <OutPorts = 1>
ST_2 : Operation 45 [1/1] (0.00ns)   --->   "%br_ln143 = br i1 %ifzero193, void %ifFalse192, void %ifTrue191" [D:/lenet_project/handoff/LeNet_DSE_Framework_2022_2/LeNet_DSE_Framework_2022_2/src/lenet_conv.cpp:143]   --->   Operation 45 'br' 'br_ln143' <Predicate = (!icmp_ln143)> <Delay = 0.00>

State 3 <SV = 2> <Delay = 4.35>
ST_3 : Operation 46 [1/1] (0.00ns)   --->   "%bitcast_ln146 = bitcast i32 %gmem1_addr_read" [D:/lenet_project/handoff/LeNet_DSE_Framework_2022_2/LeNet_DSE_Framework_2022_2/src/lenet_conv.cpp:146]   --->   Operation 46 'bitcast' 'bitcast_ln146' <Predicate = (!icmp_ln143)> <Delay = 0.00>
ST_3 : Operation 47 [5/5] (4.35ns)   --->   "%mul9_i = fmul i32 %conv3_relu_load, i32 %bitcast_ln146" [D:/lenet_project/handoff/LeNet_DSE_Framework_2022_2/LeNet_DSE_Framework_2022_2/src/lenet_conv.cpp:145]   --->   Operation 47 'fmul' 'mul9_i' <Predicate = (!icmp_ln143)> <Delay = 4.35> <CoreInst = "FMul_maxdsp">   --->   Core 30 'FMul_maxdsp' <Latency = 4> <II = 1> <Delay = 4.35> <FuncUnit> <Opcode : 'fmul'> <InPorts = 2> <OutPorts = 1>

State 4 <SV = 3> <Delay = 4.35>
ST_4 : Operation 48 [4/5] (4.35ns)   --->   "%mul9_i = fmul i32 %conv3_relu_load, i32 %bitcast_ln146" [D:/lenet_project/handoff/LeNet_DSE_Framework_2022_2/LeNet_DSE_Framework_2022_2/src/lenet_conv.cpp:145]   --->   Operation 48 'fmul' 'mul9_i' <Predicate = (!icmp_ln143)> <Delay = 4.35> <CoreInst = "FMul_maxdsp">   --->   Core 30 'FMul_maxdsp' <Latency = 4> <II = 1> <Delay = 4.35> <FuncUnit> <Opcode : 'fmul'> <InPorts = 2> <OutPorts = 1>

State 5 <SV = 4> <Delay = 4.35>
ST_5 : Operation 49 [3/5] (4.35ns)   --->   "%mul9_i = fmul i32 %conv3_relu_load, i32 %bitcast_ln146" [D:/lenet_project/handoff/LeNet_DSE_Framework_2022_2/LeNet_DSE_Framework_2022_2/src/lenet_conv.cpp:145]   --->   Operation 49 'fmul' 'mul9_i' <Predicate = (!icmp_ln143)> <Delay = 4.35> <CoreInst = "FMul_maxdsp">   --->   Core 30 'FMul_maxdsp' <Latency = 4> <II = 1> <Delay = 4.35> <FuncUnit> <Opcode : 'fmul'> <InPorts = 2> <OutPorts = 1>

State 6 <SV = 5> <Delay = 4.35>
ST_6 : Operation 50 [2/5] (4.35ns)   --->   "%mul9_i = fmul i32 %conv3_relu_load, i32 %bitcast_ln146" [D:/lenet_project/handoff/LeNet_DSE_Framework_2022_2/LeNet_DSE_Framework_2022_2/src/lenet_conv.cpp:145]   --->   Operation 50 'fmul' 'mul9_i' <Predicate = (!icmp_ln143)> <Delay = 4.35> <CoreInst = "FMul_maxdsp">   --->   Core 30 'FMul_maxdsp' <Latency = 4> <II = 1> <Delay = 4.35> <FuncUnit> <Opcode : 'fmul'> <InPorts = 2> <OutPorts = 1>

State 7 <SV = 6> <Delay = 4.35>
ST_7 : Operation 51 [1/5] (4.35ns)   --->   "%mul9_i = fmul i32 %conv3_relu_load, i32 %bitcast_ln146" [D:/lenet_project/handoff/LeNet_DSE_Framework_2022_2/LeNet_DSE_Framework_2022_2/src/lenet_conv.cpp:145]   --->   Operation 51 'fmul' 'mul9_i' <Predicate = (!icmp_ln143)> <Delay = 4.35> <CoreInst = "FMul_maxdsp">   --->   Core 30 'FMul_maxdsp' <Latency = 4> <II = 1> <Delay = 4.35> <FuncUnit> <Opcode : 'fmul'> <InPorts = 2> <OutPorts = 1>

State 8 <SV = 7> <Delay = 5.39>
ST_8 : Operation 52 [1/1] (0.00ns)   --->   "%accumulator_load = load i32 %accumulator" [D:/lenet_project/handoff/LeNet_DSE_Framework_2022_2/LeNet_DSE_Framework_2022_2/src/lenet_conv.cpp:144]   --->   Operation 52 'load' 'accumulator_load' <Predicate = (!icmp_ln143)> <Delay = 0.00>
ST_8 : Operation 53 [8/8] (5.39ns)   --->   "%accumulator_3 = fadd i32 %accumulator_load, i32 %mul9_i" [D:/lenet_project/handoff/LeNet_DSE_Framework_2022_2/LeNet_DSE_Framework_2022_2/src/lenet_conv.cpp:144]   --->   Operation 53 'fadd' 'accumulator_3' <Predicate = (!icmp_ln143)> <Delay = 5.39> <CoreInst = "FAddSub_fulldsp">   --->   Core 18 'FAddSub_fulldsp' <Latency = 7> <II = 1> <Delay = 5.39> <FuncUnit> <Opcode : 'fadd' 'fsub'> <InPorts = 2> <OutPorts = 1>
ST_8 : Operation 54 [1/1] (1.58ns)   --->   "%store_ln143 = store i7 %add_ln143, i7 %input_index" [D:/lenet_project/handoff/LeNet_DSE_Framework_2022_2/LeNet_DSE_Framework_2022_2/src/lenet_conv.cpp:143]   --->   Operation 54 'store' 'store_ln143' <Predicate = (!icmp_ln143)> <Delay = 1.58>
ST_8 : Operation 67 [1/1] (0.00ns)   --->   "%ret_ln0 = ret"   --->   Operation 67 'ret' 'ret_ln0' <Predicate = (icmp_ln143)> <Delay = 0.00>

State 9 <SV = 8> <Delay = 5.39>
ST_9 : Operation 55 [7/8] (5.39ns)   --->   "%accumulator_3 = fadd i32 %accumulator_load, i32 %mul9_i" [D:/lenet_project/handoff/LeNet_DSE_Framework_2022_2/LeNet_DSE_Framework_2022_2/src/lenet_conv.cpp:144]   --->   Operation 55 'fadd' 'accumulator_3' <Predicate = true> <Delay = 5.39> <CoreInst = "FAddSub_fulldsp">   --->   Core 18 'FAddSub_fulldsp' <Latency = 7> <II = 1> <Delay = 5.39> <FuncUnit> <Opcode : 'fadd' 'fsub'> <InPorts = 2> <OutPorts = 1>

State 10 <SV = 9> <Delay = 5.39>
ST_10 : Operation 56 [6/8] (5.39ns)   --->   "%accumulator_3 = fadd i32 %accumulator_load, i32 %mul9_i" [D:/lenet_project/handoff/LeNet_DSE_Framework_2022_2/LeNet_DSE_Framework_2022_2/src/lenet_conv.cpp:144]   --->   Operation 56 'fadd' 'accumulator_3' <Predicate = true> <Delay = 5.39> <CoreInst = "FAddSub_fulldsp">   --->   Core 18 'FAddSub_fulldsp' <Latency = 7> <II = 1> <Delay = 5.39> <FuncUnit> <Opcode : 'fadd' 'fsub'> <InPorts = 2> <OutPorts = 1>

State 11 <SV = 10> <Delay = 5.39>
ST_11 : Operation 57 [5/8] (5.39ns)   --->   "%accumulator_3 = fadd i32 %accumulator_load, i32 %mul9_i" [D:/lenet_project/handoff/LeNet_DSE_Framework_2022_2/LeNet_DSE_Framework_2022_2/src/lenet_conv.cpp:144]   --->   Operation 57 'fadd' 'accumulator_3' <Predicate = true> <Delay = 5.39> <CoreInst = "FAddSub_fulldsp">   --->   Core 18 'FAddSub_fulldsp' <Latency = 7> <II = 1> <Delay = 5.39> <FuncUnit> <Opcode : 'fadd' 'fsub'> <InPorts = 2> <OutPorts = 1>

State 12 <SV = 11> <Delay = 5.39>
ST_12 : Operation 58 [4/8] (5.39ns)   --->   "%accumulator_3 = fadd i32 %accumulator_load, i32 %mul9_i" [D:/lenet_project/handoff/LeNet_DSE_Framework_2022_2/LeNet_DSE_Framework_2022_2/src/lenet_conv.cpp:144]   --->   Operation 58 'fadd' 'accumulator_3' <Predicate = true> <Delay = 5.39> <CoreInst = "FAddSub_fulldsp">   --->   Core 18 'FAddSub_fulldsp' <Latency = 7> <II = 1> <Delay = 5.39> <FuncUnit> <Opcode : 'fadd' 'fsub'> <InPorts = 2> <OutPorts = 1>

State 13 <SV = 12> <Delay = 5.39>
ST_13 : Operation 59 [3/8] (5.39ns)   --->   "%accumulator_3 = fadd i32 %accumulator_load, i32 %mul9_i" [D:/lenet_project/handoff/LeNet_DSE_Framework_2022_2/LeNet_DSE_Framework_2022_2/src/lenet_conv.cpp:144]   --->   Operation 59 'fadd' 'accumulator_3' <Predicate = true> <Delay = 5.39> <CoreInst = "FAddSub_fulldsp">   --->   Core 18 'FAddSub_fulldsp' <Latency = 7> <II = 1> <Delay = 5.39> <FuncUnit> <Opcode : 'fadd' 'fsub'> <InPorts = 2> <OutPorts = 1>

State 14 <SV = 13> <Delay = 5.39>
ST_14 : Operation 60 [2/8] (5.39ns)   --->   "%accumulator_3 = fadd i32 %accumulator_load, i32 %mul9_i" [D:/lenet_project/handoff/LeNet_DSE_Framework_2022_2/LeNet_DSE_Framework_2022_2/src/lenet_conv.cpp:144]   --->   Operation 60 'fadd' 'accumulator_3' <Predicate = true> <Delay = 5.39> <CoreInst = "FAddSub_fulldsp">   --->   Core 18 'FAddSub_fulldsp' <Latency = 7> <II = 1> <Delay = 5.39> <FuncUnit> <Opcode : 'fadd' 'fsub'> <InPorts = 2> <OutPorts = 1>

State 15 <SV = 14> <Delay = 5.39>
ST_15 : Operation 61 [1/1] (0.00ns)   --->   "%specloopname_ln140 = specloopname void @_ssdm_op_SpecLoopName, void @empty_15" [D:/lenet_project/handoff/LeNet_DSE_Framework_2022_2/LeNet_DSE_Framework_2022_2/src/lenet_conv.cpp:140]   --->   Operation 61 'specloopname' 'specloopname_ln140' <Predicate = true> <Delay = 0.00>
ST_15 : Operation 62 [1/8] (5.39ns)   --->   "%accumulator_3 = fadd i32 %accumulator_load, i32 %mul9_i" [D:/lenet_project/handoff/LeNet_DSE_Framework_2022_2/LeNet_DSE_Framework_2022_2/src/lenet_conv.cpp:144]   --->   Operation 62 'fadd' 'accumulator_3' <Predicate = true> <Delay = 5.39> <CoreInst = "FAddSub_fulldsp">   --->   Core 18 'FAddSub_fulldsp' <Latency = 7> <II = 1> <Delay = 5.39> <FuncUnit> <Opcode : 'fadd' 'fsub'> <InPorts = 2> <OutPorts = 1>

State 16 <SV = 15> <Delay = 3.25>
ST_16 : Operation 63 [1/1] (3.25ns)   --->   "%store_ln148 = store i32 %accumulator_3, i7 %fc1_output_addr" [D:/lenet_project/handoff/LeNet_DSE_Framework_2022_2/LeNet_DSE_Framework_2022_2/src/lenet_conv.cpp:148]   --->   Operation 63 'store' 'store_ln148' <Predicate = (ifzero193)> <Delay = 3.25> <CoreInst = "RAM">   --->   Core 82 'RAM' <Latency = 1> <II = 1> <Delay = 3.25> <Storage> <Opcode : 'load' 'store'> <Ports = 2> <Width = 32> <Depth = 84> <RAM>
ST_16 : Operation 64 [1/1] (0.00ns)   --->   "%br_ln0 = br void %ifFalse192"   --->   Operation 64 'br' 'br_ln0' <Predicate = (ifzero193)> <Delay = 0.00>
ST_16 : Operation 65 [1/1] (1.58ns)   --->   "%store_ln144 = store i32 %accumulator_3, i32 %accumulator" [D:/lenet_project/handoff/LeNet_DSE_Framework_2022_2/LeNet_DSE_Framework_2022_2/src/lenet_conv.cpp:144]   --->   Operation 65 'store' 'store_ln144' <Predicate = true> <Delay = 1.58>
ST_16 : Operation 66 [1/1] (0.00ns)   --->   "%br_ln0 = br void %for.inc.i173"   --->   Operation 66 'br' 'br_ln0' <Predicate = true> <Delay = 0.00>


============================================================
+ Verbose Summary: Timing violations
============================================================
Target clock period: 7.5ns, clock uncertainty: 2.03ns.

 <State 1>: 3.25ns
The critical path consists of the following:
	'alloca' operation ('input_index') [8]  (0 ns)
	'load' operation ('input_index', D:/lenet_project/handoff/LeNet_DSE_Framework_2022_2/LeNet_DSE_Framework_2022_2/src/lenet_conv.cpp:143) on local variable 'input_index' [19]  (0 ns)
	'getelementptr' operation ('conv3_relu_addr', D:/lenet_project/handoff/LeNet_DSE_Framework_2022_2/LeNet_DSE_Framework_2022_2/src/lenet_conv.cpp:145) [32]  (0 ns)
	'load' operation ('conv3_relu_load', D:/lenet_project/handoff/LeNet_DSE_Framework_2022_2/LeNet_DSE_Framework_2022_2/src/lenet_conv.cpp:145) on array 'conv3_relu' [33]  (3.25 ns)

 <State 2>: 5.47ns
The critical path consists of the following:
	'getelementptr' operation ('gmem1_addr', D:/lenet_project/handoff/LeNet_DSE_Framework_2022_2/LeNet_DSE_Framework_2022_2/src/lenet_conv.cpp:139) [22]  (0 ns)
	bus read operation ('gmem1_addr_read', D:/lenet_project/handoff/LeNet_DSE_Framework_2022_2/LeNet_DSE_Framework_2022_2/src/lenet_conv.cpp:146) on port 'gmem1' (D:/lenet_project/handoff/LeNet_DSE_Framework_2022_2/LeNet_DSE_Framework_2022_2/src/lenet_conv.cpp:146) [34]  (5.47 ns)

 <State 3>: 4.35ns
The critical path consists of the following:
	'fmul' operation ('mul9_i', D:/lenet_project/handoff/LeNet_DSE_Framework_2022_2/LeNet_DSE_Framework_2022_2/src/lenet_conv.cpp:145) [36]  (4.35 ns)

 <State 4>: 4.35ns
The critical path consists of the following:
	'fmul' operation ('mul9_i', D:/lenet_project/handoff/LeNet_DSE_Framework_2022_2/LeNet_DSE_Framework_2022_2/src/lenet_conv.cpp:145) [36]  (4.35 ns)

 <State 5>: 4.35ns
The critical path consists of the following:
	'fmul' operation ('mul9_i', D:/lenet_project/handoff/LeNet_DSE_Framework_2022_2/LeNet_DSE_Framework_2022_2/src/lenet_conv.cpp:145) [36]  (4.35 ns)

 <State 6>: 4.35ns
The critical path consists of the following:
	'fmul' operation ('mul9_i', D:/lenet_project/handoff/LeNet_DSE_Framework_2022_2/LeNet_DSE_Framework_2022_2/src/lenet_conv.cpp:145) [36]  (4.35 ns)

 <State 7>: 4.35ns
The critical path consists of the following:
	'fmul' operation ('mul9_i', D:/lenet_project/handoff/LeNet_DSE_Framework_2022_2/LeNet_DSE_Framework_2022_2/src/lenet_conv.cpp:145) [36]  (4.35 ns)

 <State 8>: 5.39ns
The critical path consists of the following:
	'load' operation ('accumulator_load', D:/lenet_project/handoff/LeNet_DSE_Framework_2022_2/LeNet_DSE_Framework_2022_2/src/lenet_conv.cpp:144) on local variable 'accumulator' [29]  (0 ns)
	'fadd' operation ('accumulator', D:/lenet_project/handoff/LeNet_DSE_Framework_2022_2/LeNet_DSE_Framework_2022_2/src/lenet_conv.cpp:144) [37]  (5.39 ns)

 <State 9>: 5.39ns
The critical path consists of the following:
	'fadd' operation ('accumulator', D:/lenet_project/handoff/LeNet_DSE_Framework_2022_2/LeNet_DSE_Framework_2022_2/src/lenet_conv.cpp:144) [37]  (5.39 ns)

 <State 10>: 5.39ns
The critical path consists of the following:
	'fadd' operation ('accumulator', D:/lenet_project/handoff/LeNet_DSE_Framework_2022_2/LeNet_DSE_Framework_2022_2/src/lenet_conv.cpp:144) [37]  (5.39 ns)

 <State 11>: 5.39ns
The critical path consists of the following:
	'fadd' operation ('accumulator', D:/lenet_project/handoff/LeNet_DSE_Framework_2022_2/LeNet_DSE_Framework_2022_2/src/lenet_conv.cpp:144) [37]  (5.39 ns)

 <State 12>: 5.39ns
The critical path consists of the following:
	'fadd' operation ('accumulator', D:/lenet_project/handoff/LeNet_DSE_Framework_2022_2/LeNet_DSE_Framework_2022_2/src/lenet_conv.cpp:144) [37]  (5.39 ns)

 <State 13>: 5.39ns
The critical path consists of the following:
	'fadd' operation ('accumulator', D:/lenet_project/handoff/LeNet_DSE_Framework_2022_2/LeNet_DSE_Framework_2022_2/src/lenet_conv.cpp:144) [37]  (5.39 ns)

 <State 14>: 5.39ns
The critical path consists of the following:
	'fadd' operation ('accumulator', D:/lenet_project/handoff/LeNet_DSE_Framework_2022_2/LeNet_DSE_Framework_2022_2/src/lenet_conv.cpp:144) [37]  (5.39 ns)

 <State 15>: 5.39ns
The critical path consists of the following:
	'fadd' operation ('accumulator', D:/lenet_project/handoff/LeNet_DSE_Framework_2022_2/LeNet_DSE_Framework_2022_2/src/lenet_conv.cpp:144) [37]  (5.39 ns)

 <State 16>: 3.25ns
The critical path consists of the following:
	'store' operation ('store_ln148', D:/lenet_project/handoff/LeNet_DSE_Framework_2022_2/LeNet_DSE_Framework_2022_2/src/lenet_conv.cpp:148) of variable 'accumulator', D:/lenet_project/handoff/LeNet_DSE_Framework_2022_2/LeNet_DSE_Framework_2022_2/src/lenet_conv.cpp:144 on array 'fc1_output' [41]  (3.25 ns)


============================================================
+ Verbose Summary: Binding
============================================================
N/A
* FSMD analyzer results:
  - Output states:
 - Input state : 
  - Chain level:
	State 1
	State 2
	State 3
	State 4
	State 5
	State 6
	State 7
	State 8
	State 9
	State 10
	State 11
	State 12
	State 13
	State 14
	State 15
	State 16


============================================================
+ Verbose Summary: Datapath Resource usage 
============================================================
N/A
